******************************************************************************
                  TI ARM Linker PC v20.2.7                     
******************************************************************************
>> Linked Tue Jun  2 17:34:25 2026

OUTPUT FILE NAME:   <TMDSCNCD28388D_T_CM.out>
ENTRY POINT SYMBOL: "_c_int00_noargs"  address: 002024ad


MEMORY CONFIGURATION

         name            origin    length      used     unused   attr    fill
----------------------  --------  ---------  --------  --------  ----  --------
  CMBANK0_RESETISR      00200000   00000008  00000006  00000002  RWIX
  CMBANK0_SECTOR0       00200008   00003ff8  00002912  000016e6  RWIX
  CMBANK0_SECTOR1       00204000   00004000  00000000  00004000  RWIX
  CMBANK0_SECTOR2       00208000   00004000  00000000  00004000  RWIX
  CMBANK0_SECTOR3       0020c000   00004000  00000000  00004000  RWIX
  CMBANK0_SECTOR4       00210000   00010000  00000000  00010000  RWIX
  CMBANK0_SECTOR5       00220000   00010000  00000000  00010000  RWIX
  CMBANK0_SECTOR6       00230000   00010000  00000000  00010000  RWIX
  CMBANK0_SECTOR7       00240000   00010000  00000000  00010000  RWIX
  CMBANK0_SECTOR8       00250000   00010000  00000000  00010000  RWIX
  CMBANK0_SECTOR9       00260000   00010000  00000000  00010000  RWIX
  CMBANK0_SECTOR10      00270000   00004000  00000000  00004000  RWIX
  CMBANK0_SECTOR11      00274000   00004000  00000000  00004000  RWIX
  CMBANK0_SECTOR12      00278000   00004000  00000000  00004000  RWIX
  CMBANK0_SECTOR13      0027c000   00004000  00000000  00004000  RWIX
  C1RAM                 1fffc000   00002000  00000200  00001e00  RWIX
  C0RAM                 1fffe000   00002000  00000194  00001e6c  RWIX
  BOOT_RSVD             20000000   00000800  00000000  00000800  RWIX
  S0RAM                 20000800   00003800  00000140  000036c0  RWIX
  S1RAM                 20004000   00004000  00000000  00004000  RWIX
  S2RAM                 20008000   00004000  00000000  00004000  RWIX
  S3RAM                 2000c000   00004000  00001aa0  00002560  RWIX
  E0RAM                 20010000   00004000  00000000  00004000  RWIX
  CPU1TOCMMSGRAM0       20080000   00000800  00000110  000006f0  RWIX
  CPU1TOCMMSGRAM1       20080800   00000800  00000000  00000800  RWIX
  CMTOCPU1MSGRAM0       20082000   00000800  00000110  000006f0  RWIX
  CMTOCPU1MSGRAM1       20082800   00000800  00000000  00000800  RWIX
  CPU2TOCMMSGRAM0       20084000   00000800  00000110  000006f0  RWIX
  CPU2TOCMMSGRAM1       20084800   00000800  00000000  00000800  RWIX
  CMTOCPU2MSGRAM0       20086000   00000800  00000110  000006f0  RWIX
  CMTOCPU2MSGRAM1       20086800   00000800  00000000  00000800  RWIX


SEGMENT ALLOCATION MAP

run origin  load origin   length   init length attrs members
----------  ----------- ---------- ----------- ----- -------
00200000    00200000    00000006   00000006    r-x
  00200000    00200000    00000006   00000006    r-x .resetisr
002001b0    002001b0    00000250   00000250    r-x
  002001b0    002001b0    00000250   00000250    r-x .text.1
00200400    00200400    00000140   00000000    rw-
  00200400    00200400    00000140   00000000    rw- .vftable
00200540    00200540    00002388   00002388    r-x
  00200540    00200540    000022fe   000022fe    r-x .text.2
  00202840    00202840    00000088   00000088    r-- .const
002028d0    002028d0    00000068   00000068    r--
  002028d0    002028d0    00000068   00000068    r-- .cinit
1fffc000    1fffc000    00000200   00000000    rw-
  1fffc000    1fffc000    00000200   00000000    rw- .stack
1fffe000    00200010    00000194   00000194    r-x
  1fffe000    00200010    00000194   00000194    r-x .TI.ramfunc
20000800    20000800    00000140   00000000    rw-
  20000800    20000800    00000140   00000000    rw- .vtable
2000c000    2000c000    00001aa2   00000000    rw-
  2000c000    2000c000    00001a32   00000000    rw- .bss
  2000da34    2000da34    0000006e   00000000    rw- .data
20080000    20080000    00000110   00000000    rw-
  20080000    20080000    00000110   00000000    rw- MSGRAM_CPU1_TO_CM
20082000    20082000    00000110   00000000    rw-
  20082000    20082000    00000110   00000000    rw- MSGRAM_CM_TO_CPU1
20084000    20084000    00000110   00000000    rw-
  20084000    20084000    00000110   00000000    rw- MSGRAM_CPU2_TO_CM
20086000    20086000    00000110   00000000    rw-
  20086000    20086000    00000110   00000000    rw- MSGRAM_CM_TO_CPU2


SECTION ALLOCATION MAP

 output                                  attributes/
section   page    origin      length       input sections
--------  ----  ----------  ----------   ----------------
.resetisr 
*          0    00200000    00000006     
                  00200000    00000006     startup_cm.obj (.resetisr:resetISR)

.TI.ramfunc 
*          0    00200010    00000194     RUN ADDR = 1fffe000
                  00200010    0000018c     flash.obj (.TI.ramfunc:Flash_initModule)
                  0020019c    00000008     cm.obj (.tramp.__error__.1)

.vftable   0    00200400    00000140     UNINITIALIZED
                  00200400    00000140     startup_cm.obj (.vftable:retain)

.cinit     0    002028d0    00000068     
                  002028d0    00000024     (.cinit..vftable.load) [load image, compression = lzss]
                  002028f4    0000000c     (__TI_handler_table)
                  00202900    00000008     (.cinit..bss.load) [load image, compression = zero_init]
                  00202908    00000008     (.cinit..data.load) [load image, compression = lzss]
                  00202910    00000008     (.cinit..vtable.load) [load image, compression = zero_init]
                  00202918    00000020     (__TI_cinit_table)

.vtable    0    20000800    00000140     UNINITIALIZED
                  20000800    00000140     interrupt.obj (.vtable)

.stack     0    1fffc000    00000200     UNINITIALIZED
                  1fffc000    00000004     rtsv7M4_T_le_eabi.lib : boot_cortex_m.c.obj (.stack)
                  1fffc004    000001fc     --HOLE--

.bss       0    2000c000    00001a32     UNINITIALIZED
                  2000c000    00001200     DevEthernet.obj (.bss:s_ucRxBuf)
                  2000d200    00000264     (.common:Ethernet_device_struct)
                  2000d464    00000200     (.common:Ethernet_descArray)
                  2000d664    00000108     DevEthernet.obj (.bss:xInitCfg$1)
                  2000d76c    00000100     (.common:g_ucTxBuf)
                  2000d86c    000000e4     DevEthernet.obj (.bss:s_xRxPktDesc)
                  2000d950    0000004c     CSU_Ethernet.obj (.bss:s_xTxPktDesc)
                  2000d99c    0000004c     DevEthernet.obj (.bss:s_xTxPktDesc)
                  2000d9e8    0000003c     CSU_Ethernet.obj (.bss:s_ucAckBuf$1)
                  2000da24    0000000e     (.common:xTimer)

.data      0    2000da34    0000006e     UNINITIALIZED
                  2000da34    0000005c     ethernet.obj (.data)
                  2000da90    00000009     DevEthernet.obj (.data)
                  2000da99    00000001     --HOLE--
                  2000da9a    00000004     CSU_Ethernet.obj (.data:g_xEthRxData)
                  2000da9e    00000004     CSU_Ethernet.obj (.data:g_xEthTxData)

MSGRAM_CPU1_TO_CM 
*          0    20080000    00000110     UNINITIALIZED
                  20080000    00000110     ipc.obj (MSGRAM_CPU1_TO_CM)

MSGRAM_CM_TO_CPU1 
*          0    20082000    00000110     UNINITIALIZED
                  20082000    00000110     ipc.obj (MSGRAM_CM_TO_CPU1)

MSGRAM_CPU2_TO_CM 
*          0    20084000    00000110     UNINITIALIZED
                  20084000    00000110     ipc.obj (MSGRAM_CPU2_TO_CM)

MSGRAM_CM_TO_CPU2 
*          0    20086000    00000110     UNINITIALIZED
                  20086000    00000110     ipc.obj (MSGRAM_CM_TO_CPU2)

__llvm_prf_cnts 
*          0    2000c000    00000000     UNINITIALIZED

.text.1    0    002001b0    00000250     
                  002001b0    00000224     ethernet.obj (.text:Ethernet_addPacketsIntoTxQueue)
                  002003d4    0000002c     sysctl.obj (.text:SysCtl_enablePeripheral)

.text.2    0    00200540    000022fe     
                  00200540    000003e8     ethernet.obj (.text:Ethernet_genericISR)
                  00200928    000002bc     DevTimer.obj (.text:Initial_TIMER)
                  00200be4    0000016c     ethernet.obj (.text:Ethernet_retrieveRxPacket)
                  00200d50    00000148     ethernet.obj (.text:Ethernet_getHandle)
                  00200e98    00000144     DevEthernet.obj (.text:Initial_Ethernet)
                  00200fdc    000000f8     ethernet.obj (.text:Ethernet_removePacketsFromTxQueue)
                  002010d4    000000dc     ethernet.obj (.text:Ethernet_sendPacket)
                  002011b0    000000d8     ethernet.obj (.text:Ethernet_initRxChannel)
                  00201288    000000cc     DevTimer.obj (.text:CPUTimer_startTimer)
                  00201354    000000bc     ethernet.obj (.text:Ethernet_getInitConfig)
                  00201410    000000b8     ethernet.obj (.text:Ethernet_initTxChannel)
                  002014c8    000000b4     ethernet.obj (.text:Ethernet_initInterface)
                  0020157c    000000ac     ethernet.obj (.text:Ethernet_removePacketsFromRxQueue)
                  00201628    000000a8     CSU_Ethernet.obj (.text:processReceivedEthernetPacket)
                  002016d0    0000009c     rtsv7M4_T_le_eabi.lib : memcpy_t2.asm.obj (.text)
                  0020176c    00000094     interrupt.obj (.text:Interrupt_disable)
                  00201800    00000094     interrupt.obj (.text:Interrupt_enable)
                  00201894    00000094     main.obj (.text:main)
                  00201928    00000090     CSU_Ethernet.obj (.text:buildAndSendUdpPacket)
                  002019b8    00000090     CSU_Ethernet.obj (.text:sendAckResponse)
                  00201a48    00000088     ethernet.obj (.text:Ethernet_writeTxDMAControl)
                  00201ad0    00000084     ethernet.obj (.text:Ethernet_addPacketsIntoRxQueue)
                  00201b54    0000007a     rtsv7M4_T_le_eabi.lib : memset_t2.asm.obj (.text)
                  00201bce    00000002     DevEthernet.obj (.text:App_ethTxCallback)
                  00201bd0    00000078     interrupt.obj (.text:Interrupt_registerHandler)
                  00201c48    00000076     cm.obj (.text:CM_enableAllPeripherals)
                  00201cbe    00000002     startup_cm.obj (.text:defaultISR)
                  00201cc0    00000070     ethernet.obj (.text:Ethernet_getOneStepTransmitTimestampPTP)
                  00201d30    0000006e     ethernet.obj (.text:Ethernet_writePHYRegister)
                  00201d9e    00000002     startup_cm.obj (.text:faultISR)
                  00201da0    00000068     interrupt.obj (.text:Interrupt_initRAMVectorTable)
                  00201e08    00000068     rtsv7M4_T_le_eabi.lib : copy_decompress_lzss.c.obj (.text:decompress:lzss:__TI_decompress_lzss)
                  00201e70    00000064     startup_cm.obj (.text:nmiISR)
                  00201ed4    00000060     ethernet.obj (.text:Ethernet_receiveISR)
                  00201f34    0000005c     ethernet.obj (.text:Ethernet_writeRxDMAControl)
                  00201f90    00000058     ethernet.obj (.text:Ethernet_transmitISR)
                  00201fe8    00000058     ipc.obj (.text:IPC_sendCommand)
                  00202040    00000054     ethernet.obj (.text:Ethernet_submitRxPacket)
                  00202094    00000054     ipc.obj (.text:IPC_readCommand)
                  002020e8    00000054     ipc.obj (.text:IPC_registerInterrupt)
                  0020213c    00000054     CSU_Ethernet.obj (.text:buildIPHeader)
                  00202190    00000052     ethernet.obj (.text:Ethernet_readPHYRegister)
                  002021e2    00000002     --HOLE-- [fill = 0]
                  002021e4    0000004c     cm.obj (.text:CM_init)
                  00202230    00000008     flash.obj (.tramp.Flash_initModule.1)
                  00202238    00000048     DevEthernet.obj (.text:App_ethGetPacketBuffer)
                  00202280    00000044     rtsv7M4_T_le_eabi.lib : autoinit.c.obj (.text:__TI_auto_init_nobinit_nopinit:__TI_auto_init_nobinit_nopinit)
                  002022c4    0000003c     DevIPC.obj (.text:Initial_IPC)
                  00202300    0000003c     DevEthernet.obj (.text:initRxDescriptors)
                  0020233c    00000038     CSU_Ethernet.obj (.text:buildEthernetHeader)
                  00202374    00000038     DevIPC.obj (.text:isrIpcFromCPU1)
                  002023ac    00000038     DevTimer.obj (.text:isr_CpuTimer1)
                  002023e4    00000036     CSU_Ethernet.obj (.text:calcIPChecksum)
                  0020241a    00000002     --HOLE-- [fill = 0]
                  0020241c    00000034     sysctl.obj (.text:SysCtl_resetPeripheral)
                  00202450    00000030     CSU_Ethernet.obj (.text:buildUDPHeader)
                  00202480    0000002c     CSU_Ethernet.obj (.text:sendEthernetFrame)
                  002024ac    00000024     rtsv7M4_T_le_eabi.lib : boot_cortex_m.c.obj (.text:_c_int00_noargs:_c_int00_noargs)
                  002024d0    00000024     DevIPC.obj (.text:sendIpcMessageToCPU1)
                  002024f4    00000022     ethernet.obj (.text:Ethernet_enableMACRxQ)
                  00202516    00000002     --HOLE-- [fill = 0]
                  00202518    00000020     DevTimer.obj (.text:CPUTimer_isBaseValid)
                  00202538    00000020     ethernet.obj (.text:Ethernet_configureEEEClockGatingControl)
                  00202558    00000020     DevTimer.obj (.text:isr_CpuTimer0)
                  00202578    00000020     DevTimer.obj (.text:isr_CpuTimer2)
                  00202598    0000001e     ethernet.obj (.text:Ethernet_performPushPacketQueueChain)
                  002025b6    0000001e     CSU_Ethernet.obj (.text:calcUdpMsgChecksum)
                  002025d4    0000001c     ethernet.obj (.text:Ethernet_isTimestampIntActive)
                  002025f0    0000001c     ethernet.obj (.text:Ethernet_isTransmitTimestampStatusSet)
                  0020260c    0000001c     ethernet.obj (.text:Ethernet_performPushOnPacketQueue)
                  00202628    0000001c     ethernet.obj (.text:Ethernet_setMACAddr)
                  00202644    0000001c     ethernet.obj (.text:Ethernet_setMTLTxQueueOpMode)
                  00202660    00000018     CSU_IPC.obj (.text:recvIpcCpu1Message)
                  00202678    00000016     ethernet.obj (.text:Ethernet_setMTLRxQueueOpMode)
                  0020268e    00000016     ethernet.obj (.text:Ethernet_setRxDescRingLength)
                  002026a4    00000016     ethernet.obj (.text:Ethernet_setTxDescRingLength)
                  002026ba    00000014     DevEthernet.obj (.text:App_ethRxCallback)
                  002026ce    00000014     ethernet.obj (.text:Ethernet_enableDmaInterrupt)
                  002026e2    00000014     ethernet.obj (.text:Ethernet_nextDescAvailable)
                  002026f6    00000002     --HOLE-- [fill = 0]
                  002026f8    00000014     DevEthernet.obj (.text:updateEthernetTask)
                  0020270c    00000012     ethernet.obj (.text:Ethernet_enableRxDMAReception)
                  0020271e    00000012     ethernet.obj (.text:Ethernet_getRxERICount)
                  00202730    00000012     ethernet.obj (.text:Ethernet_performPopOnPacketQueue)
                  00202742    00000002     --HOLE-- [fill = 0]
                  00202744    00000010     main.obj (.text:Cycle_1ms)
                  00202754    00000010     ethernet.obj (.text:Ethernet_configureMDIO)
                  00202764    00000010     ethernet.obj (.text:Ethernet_resetModule)
                  00202774    0000000e     ethernet.obj (.text:Ethernet_disableTxEEEMode)
                  00202782    0000000e     rtsv7M4_T_le_eabi.lib : copy_decompress_none.c.obj (.text:decompress:none:__TI_decompress_none)
                  00202790    0000000c     ethernet.obj (.text:Ethernet_clearDMAChannelInterrupt)
                  0020279c    0000000c     ethernet.obj (.text:Ethernet_configureRevMIIAddress)
                  002027a8    0000000c     ethernet.obj (.text:Ethernet_setMTLOpmode)
                  002027b4    0000000c     ethernet.obj (.text:Ethernet_writeRxDescListAddress)
                  002027c0    0000000c     ethernet.obj (.text:Ethernet_writeRxDescTailPointer)
                  002027cc    0000000c     ethernet.obj (.text:Ethernet_writeTxDescListAddress)
                  002027d8    0000000c     ethernet.obj (.text:Ethernet_writeTxDescTailPointer)
                  002027e4    0000000c     rtsv7M4_T_le_eabi.lib : copy_zero_init.c.obj (.text:decompress:ZI:__TI_zero_init)
                  002027f0    0000000a     ethernet.obj (.text:Ethernet_getPHYMode)
                  002027fa    00000008     ethernet.obj (.text:Ethernet_configurePHYAddress)
                  00202802    00000008     ethernet.obj (.text:Ethernet_setDMAMode)
                  0020280a    00000008     ethernet.obj (.text:Ethernet_setMACConfiguration)
                  00202812    00000008     ethernet.obj (.text:Ethernet_setMACPacketFilter)
                  0020281a    00000006     platform_port.obj (.text:Platform_enablePeripheral)
                  00202820    00000006     platform_port.obj (.text:Platform_resetPeripheral)
                  00202826    00000004     main.obj (.text:Cycle_2ms)
                  0020282a    00000004     ethernet.obj (.text:Ethernet_HW_descQueueGetCount)
                  0020282e    00000004     ethernet.obj (.text:Ethernet_returnTopOfPacketQueue)
                  00202832    00000004     cm.obj (.text:__error__)
                  00202836    00000004     rtsv7M4_T_le_eabi.lib : pre_init.c.obj (.text:_system_pre_init)
                  0020283a    00000004                           : exit.c.obj (.text:abort:abort)

.const     0    00202840    00000088     
                  00202840    00000088     ipc.obj (.const:IPC_Instance)

MODULE SUMMARY

       Module                       code    ro data   rw data
       ------                       ----    -------   -------
    .\
       main.obj                     168     0         0      
    +--+----------------------------+-------+---------+---------+
       Total:                       168     0         0      
                                                             
    .\CSU\
       CSU_Ethernet.obj             772     0         144    
       CSU_IPC.obj                  24      0         0      
    +--+----------------------------+-------+---------+---------+
       Total:                       796     0         144    
                                                             
    .\Dev\
       DevEthernet.obj              498     0         5441   
       DevTimer.obj                 1056    0         14     
       DevIPC.obj                   152     0         0      
    +--+----------------------------+-------+---------+---------+
       Total:                       1706    0         5455   
                                                             
    .\SDK\common\source\
       startup_cm.obj               110     0         320    
       cm.obj                       214     0         0      
    +--+----------------------------+-------+---------+---------+
       Total:                       324     0         320    
                                                             
    .\SDK\driverlib_cm\
       ethernet.obj                 5156    0         1216   
       ipc.obj                      256     136       1088   
       interrupt.obj                520     0         320    
       flash.obj                    800     0         0      
       sysctl.obj                   96      0         0      
       platform_port.obj            12      0         0      
    +--+----------------------------+-------+---------+---------+
       Total:                       6840    136       2624   
                                                             
    C:\ti\ti-cgt-arm_20.2.7.LTS\lib\rtsv7M4_T_le_eabi.lib
       memcpy_t2.asm.obj            156     0         0      
       memset_t2.asm.obj            122     0         0      
       copy_decompress_lzss.c.obj   104     0         0      
       autoinit.c.obj               68      0         0      
       boot_cortex_m.c.obj          36      0         0      
       copy_decompress_none.c.obj   14      0         0      
       copy_zero_init.c.obj         12      0         0      
       exit.c.obj                   4       0         0      
       pre_init.c.obj               4       0         0      
    +--+----------------------------+-------+---------+---------+
       Total:                       520     0         0      
                                                             
       Stack:                       0       0         512    
       Linker Generated:            0       104       0      
    +--+----------------------------+-------+---------+---------+
       Grand Total:                 10354   240       9055   


LINKER GENERATED COPY TABLES

__TI_cinit_table @ 00202918 records: 4, size/record: 8, table size: 32
	.vftable: load addr=002028d0, load size=00000024 bytes, run addr=00200400, run size=00000140 bytes, compression=lzss
	.bss: load addr=00202900, load size=00000008 bytes, run addr=2000c000, run size=00001a32 bytes, compression=zero_init
	.data: load addr=00202908, load size=00000008 bytes, run addr=2000da34, run size=0000006e bytes, compression=lzss
	.vtable: load addr=00202910, load size=00000008 bytes, run addr=20000800, run size=00000140 bytes, compression=zero_init


LINKER GENERATED HANDLER TABLE

__TI_handler_table @ 002028f4 records: 3, size/record: 4, table size: 12
	index: 0, handler: __TI_decompress_lzss
	index: 1, handler: __TI_decompress_none
	index: 2, handler: __TI_zero_init


FAR CALL TRAMPOLINES

callee name               trampoline name
   callee addr  tramp addr   call addr  call info
--------------  -----------  ---------  ----------------
Flash_initModule          $Tramp$TT$L$PI$$Flash_initModule
   1fffe001     00202230     00202200   cm.obj (.text:CM_init)
__error__                 $Tramp$TT$L$PI$$__error__
   00202833     1fffe18c     1fffe016   flash.obj (.TI.ramfunc:Flash_initModule)
                             1fffe024   flash.obj (.TI.ramfunc:Flash_initModule)
                             1fffe032   flash.obj (.TI.ramfunc:Flash_initModule)
                             1fffe044   flash.obj (.TI.ramfunc:Flash_initModule)
                             1fffe05c   flash.obj (.TI.ramfunc:Flash_initModule)
                             1fffe06e   flash.obj (.TI.ramfunc:Flash_initModule)
                             1fffe086   flash.obj (.TI.ramfunc:Flash_initModule)
                             1fffe09c   flash.obj (.TI.ramfunc:Flash_initModule)
                             1fffe0b6   flash.obj (.TI.ramfunc:Flash_initModule)
                             1fffe0d0   flash.obj (.TI.ramfunc:Flash_initModule)
                             1fffe0e0   flash.obj (.TI.ramfunc:Flash_initModule)
                             1fffe0ee   flash.obj (.TI.ramfunc:Flash_initModule)
                             1fffe108   flash.obj (.TI.ramfunc:Flash_initModule)
                             1fffe124   flash.obj (.TI.ramfunc:Flash_initModule)

[2 trampolines]
[15 trampoline calls]


GLOBAL SYMBOLS: SORTED ALPHABETICALLY BY Name 

address   name                                      
-------   ----                                      
00202239  App_ethGetPacketBuffer                    
002026bb  App_ethRxCallback                         
00201bcf  App_ethTxCallback                         
0020283b  C$$EXIT                                   
00201c49  CM_enableAllPeripherals                   
002021e5  CM_init                                   
0020282b  Ethernet_HW_descQueueGetCount             
00201ad1  Ethernet_addPacketsIntoRxQueue            
002001b1  Ethernet_addPacketsIntoTxQueue            
00202791  Ethernet_clearDMAChannelInterrupt         
00202539  Ethernet_configureEEEClockGatingControl   
00202755  Ethernet_configureMDIO                    
002027fb  Ethernet_configurePHYAddress              
0020279d  Ethernet_configureRevMIIAddress           
2000d464  Ethernet_descArray                        
2000d200  Ethernet_device_struct                    
00202775  Ethernet_disableTxEEEMode                 
2000da50  Ethernet_earlyRxInterruptCount            
2000da54  Ethernet_earlyTxInterruptCount            
2000da6c  Ethernet_eeeRxLPIEntryCount               
2000da70  Ethernet_eeeRxLPIExitCount                
2000da64  Ethernet_eeeTxLPIEntryCount               
2000da68  Ethernet_eeeTxLPIExitCount                
002026cf  Ethernet_enableDmaInterrupt               
002024f5  Ethernet_enableMACRxQ                     
0020270d  Ethernet_enableRxDMAReception             
00200541  Ethernet_genericISR                       
2000da4c  Ethernet_genericInterruptCount            
2000da58  Ethernet_genericRxCompletionInterruptCount
00200d51  Ethernet_getHandle                        
00201355  Ethernet_getInitConfig                    
00201cc1  Ethernet_getOneStepTransmitTimestampPTP   
002027f1  Ethernet_getPHYMode                       
0020271f  Ethernet_getRxERICount                    
002014c9  Ethernet_initInterface                    
002011b1  Ethernet_initRxChannel                    
002025d5  Ethernet_isTimestampIntActive             
002025f1  Ethernet_isTransmitTimestampStatusSet     
2000da78  Ethernet_magicPktReceivedCount            
002026e3  Ethernet_nextDescAvailable                
2000da3c  Ethernet_numGetPacketBufferCallback       
2000da38  Ethernet_numRxCallback                    
2000da34  Ethernet_numTxPktFreeCallback             
00202731  Ethernet_performPopOnPacketQueue          
0020260d  Ethernet_performPushOnPacketQueue         
2000da5c  Ethernet_phyLinkStatusChangeInterruptCount
2000da74  Ethernet_pmtInterruptCount                
00202191  Ethernet_readPHYRegister                  
00201ed5  Ethernet_receiveISR                       
0020157d  Ethernet_removePacketsFromRxQueue         
00200fdd  Ethernet_removePacketsFromTxQueue         
00202765  Ethernet_resetModule                      
00200be5  Ethernet_retrieveRxPacket                 
2000da7c  Ethernet_rwakeupPktReceivedCount          
2000da84  Ethernet_rxChan0BufUnavail                
2000da8c  Ethernet_rxChan1BufUnavail                
2000da48  Ethernet_rxContextTimeStamp               
2000da44  Ethernet_rxInterruptCount                 
2000da60  Ethernet_rxReplacementFailedCount         
002010d5  Ethernet_sendPacket                       
00202803  Ethernet_setDMAMode                       
00202629  Ethernet_setMACAddr                       
0020280b  Ethernet_setMACConfiguration              
00202813  Ethernet_setMACPacketFilter               
002027a9  Ethernet_setMTLOpmode                     
00202679  Ethernet_setMTLRxQueueOpMode              
00202645  Ethernet_setMTLTxQueueOpMode              
0020268f  Ethernet_setRxDescRingLength              
002026a5  Ethernet_setTxDescRingLength              
00202041  Ethernet_submitRxPacket                   
00201f91  Ethernet_transmitISR                      
2000da80  Ethernet_txChan0BufUnavail                
2000da88  Ethernet_txChan1BufUnavail                
2000da40  Ethernet_txInterruptCount                 
00201d31  Ethernet_writePHYRegister                 
00201f35  Ethernet_writeRxDMAControl                
002027b5  Ethernet_writeRxDescListAddress           
002027c1  Ethernet_writeRxDescTailPointer           
00201a49  Ethernet_writeTxDMAControl                
002027cd  Ethernet_writeTxDescListAddress           
002027d9  Ethernet_writeTxDescTailPointer           
1fffe001  Flash_initModule                          
20080000  IPC_CM_To_CPU1_GetBuffer                  
20082000  IPC_CM_To_CPU1_PutBuffer                  
20084000  IPC_CM_To_CPU2_GetBuffer                  
20086000  IPC_CM_To_CPU2_PutBuffer                  
00202840  IPC_Instance                              
00202095  IPC_readCommand                           
002020e9  IPC_registerInterrupt                     
00201fe9  IPC_sendCommand                           
00200e99  Initial_Ethernet                          
002022c5  Initial_IPC                               
00200929  Initial_TIMER                             
0020176d  Interrupt_disable                         
00201801  Interrupt_enable                          
00201da1  Interrupt_initRAMVectorTable              
00201bd1  Interrupt_registerHandler                 
0020176d  Platform_disableInterrupt                 
00201801  Platform_enableInterrupt                  
0020281b  Platform_enablePeripheral                 
00202821  Platform_resetPeripheral                  
002001a4  RamfuncsLoadEnd                           
00000194  RamfuncsLoadSize                          
00200010  RamfuncsLoadStart                         
1fffe194  RamfuncsRunEnd                            
00000194  RamfuncsRunSize                           
1fffe000  RamfuncsRunStart                          
002003d5  SysCtl_enablePeripheral                   
0020241d  SysCtl_resetPeripheral                    
1fffc200  __STACK_END                               
00000200  __STACK_SIZE                              
00202918  __TI_CINIT_Base                           
00202938  __TI_CINIT_Limit                          
002028f4  __TI_Handler_Table_Base                   
00202900  __TI_Handler_Table_Limit                  
00202281  __TI_auto_init_nobinit_nopinit            
00201e09  __TI_decompress_lzss                      
00202783  __TI_decompress_none                      
ffffffff  __TI_pprof_out_hndl                       
ffffffff  __TI_prof_data_size                       
ffffffff  __TI_prof_data_start                      
002028d0  __TI_static_base__                        
002027e5  __TI_zero_init                            
00201b55  __aeabi_memclr                            
00201b55  __aeabi_memclr4                           
00201b55  __aeabi_memclr8                           
002016d1  __aeabi_memcpy                            
002016d1  __aeabi_memcpy4                           
002016d1  __aeabi_memcpy8                           
00201b57  __aeabi_memset                            
00201b57  __aeabi_memset4                           
00201b57  __aeabi_memset8                           
ffffffff  __binit__                                 
ffffffff  __c_args__                                
00202833  __error__                                 
UNDEFED   __mpu_init                                
1fffc000  __stack                                   
2000c000  __start___llvm_prf_cnts                   
2000c000  __stop___llvm_prf_cnts                    
002024ad  _c_int00_noargs                           
UNDEFED   _system_post_cinit                        
00202837  _system_pre_init                          
0020283b  abort                                     
ffffffff  binit                                     
00201929  buildAndSendUdpPacket                     
2000da90  g_hEMAC                                   
2000d76c  g_ucTxBuf                                 
2000da94  g_uiEthInitRet                            
2000da9a  g_xEthRxData                              
2000da9e  g_xEthTxData                              
00202559  isr_CpuTimer0                             
002023ad  isr_CpuTimer1                             
00202579  isr_CpuTimer2                             
00201895  main                                      
002016d1  memcpy                                    
00201b5d  memset                                    
00201629  processReceivedEthernetPacket             
00202661  recvIpcCpu1Message                        
002019b9  sendAckResponse                           
002024d1  sendIpcMessageToCPU1                      
002026f9  updateEthernetTask                        
00200400  vectorTableFlash                          
20000800  vectorTableRAM                            
2000da24  xTimer                                    


GLOBAL SYMBOLS: SORTED BY Symbol Address 

address   name                                      
-------   ----                                      
00000194  RamfuncsLoadSize                          
00000194  RamfuncsRunSize                           
00000200  __STACK_SIZE                              
00200010  RamfuncsLoadStart                         
002001a4  RamfuncsLoadEnd                           
002001b1  Ethernet_addPacketsIntoTxQueue            
002003d5  SysCtl_enablePeripheral                   
00200400  vectorTableFlash                          
00200541  Ethernet_genericISR                       
00200929  Initial_TIMER                             
00200be5  Ethernet_retrieveRxPacket                 
00200d51  Ethernet_getHandle                        
00200e99  Initial_Ethernet                          
00200fdd  Ethernet_removePacketsFromTxQueue         
002010d5  Ethernet_sendPacket                       
002011b1  Ethernet_initRxChannel                    
00201355  Ethernet_getInitConfig                    
002014c9  Ethernet_initInterface                    
0020157d  Ethernet_removePacketsFromRxQueue         
00201629  processReceivedEthernetPacket             
002016d1  __aeabi_memcpy                            
002016d1  __aeabi_memcpy4                           
002016d1  __aeabi_memcpy8                           
002016d1  memcpy                                    
0020176d  Interrupt_disable                         
0020176d  Platform_disableInterrupt                 
00201801  Interrupt_enable                          
00201801  Platform_enableInterrupt                  
00201895  main                                      
00201929  buildAndSendUdpPacket                     
002019b9  sendAckResponse                           
00201a49  Ethernet_writeTxDMAControl                
00201ad1  Ethernet_addPacketsIntoRxQueue            
00201b55  __aeabi_memclr                            
00201b55  __aeabi_memclr4                           
00201b55  __aeabi_memclr8                           
00201b57  __aeabi_memset                            
00201b57  __aeabi_memset4                           
00201b57  __aeabi_memset8                           
00201b5d  memset                                    
00201bcf  App_ethTxCallback                         
00201bd1  Interrupt_registerHandler                 
00201c49  CM_enableAllPeripherals                   
00201cc1  Ethernet_getOneStepTransmitTimestampPTP   
00201d31  Ethernet_writePHYRegister                 
00201da1  Interrupt_initRAMVectorTable              
00201e09  __TI_decompress_lzss                      
00201ed5  Ethernet_receiveISR                       
00201f35  Ethernet_writeRxDMAControl                
00201f91  Ethernet_transmitISR                      
00201fe9  IPC_sendCommand                           
00202041  Ethernet_submitRxPacket                   
00202095  IPC_readCommand                           
002020e9  IPC_registerInterrupt                     
00202191  Ethernet_readPHYRegister                  
002021e5  CM_init                                   
00202239  App_ethGetPacketBuffer                    
00202281  __TI_auto_init_nobinit_nopinit            
002022c5  Initial_IPC                               
002023ad  isr_CpuTimer1                             
0020241d  SysCtl_resetPeripheral                    
002024ad  _c_int00_noargs                           
002024d1  sendIpcMessageToCPU1                      
002024f5  Ethernet_enableMACRxQ                     
00202539  Ethernet_configureEEEClockGatingControl   
00202559  isr_CpuTimer0                             
00202579  isr_CpuTimer2                             
002025d5  Ethernet_isTimestampIntActive             
002025f1  Ethernet_isTransmitTimestampStatusSet     
0020260d  Ethernet_performPushOnPacketQueue         
00202629  Ethernet_setMACAddr                       
00202645  Ethernet_setMTLTxQueueOpMode              
00202661  recvIpcCpu1Message                        
00202679  Ethernet_setMTLRxQueueOpMode              
0020268f  Ethernet_setRxDescRingLength              
002026a5  Ethernet_setTxDescRingLength              
002026bb  App_ethRxCallback                         
002026cf  Ethernet_enableDmaInterrupt               
002026e3  Ethernet_nextDescAvailable                
002026f9  updateEthernetTask                        
0020270d  Ethernet_enableRxDMAReception             
0020271f  Ethernet_getRxERICount                    
00202731  Ethernet_performPopOnPacketQueue          
00202755  Ethernet_configureMDIO                    
00202765  Ethernet_resetModule                      
00202775  Ethernet_disableTxEEEMode                 
00202783  __TI_decompress_none                      
00202791  Ethernet_clearDMAChannelInterrupt         
0020279d  Ethernet_configureRevMIIAddress           
002027a9  Ethernet_setMTLOpmode                     
002027b5  Ethernet_writeRxDescListAddress           
002027c1  Ethernet_writeRxDescTailPointer           
002027cd  Ethernet_writeTxDescListAddress           
002027d9  Ethernet_writeTxDescTailPointer           
002027e5  __TI_zero_init                            
002027f1  Ethernet_getPHYMode                       
002027fb  Ethernet_configurePHYAddress              
00202803  Ethernet_setDMAMode                       
0020280b  Ethernet_setMACConfiguration              
00202813  Ethernet_setMACPacketFilter               
0020281b  Platform_enablePeripheral                 
00202821  Platform_resetPeripheral                  
0020282b  Ethernet_HW_descQueueGetCount             
00202833  __error__                                 
00202837  _system_pre_init                          
0020283b  C$$EXIT                                   
0020283b  abort                                     
00202840  IPC_Instance                              
002028d0  __TI_static_base__                        
002028f4  __TI_Handler_Table_Base                   
00202900  __TI_Handler_Table_Limit                  
00202918  __TI_CINIT_Base                           
00202938  __TI_CINIT_Limit                          
1fffc000  __stack                                   
1fffc200  __STACK_END                               
1fffe000  RamfuncsRunStart                          
1fffe001  Flash_initModule                          
1fffe194  RamfuncsRunEnd                            
20000800  vectorTableRAM                            
2000c000  __start___llvm_prf_cnts                   
2000c000  __stop___llvm_prf_cnts                    
2000d200  Ethernet_device_struct                    
2000d464  Ethernet_descArray                        
2000d76c  g_ucTxBuf                                 
2000da24  xTimer                                    
2000da34  Ethernet_numTxPktFreeCallback             
2000da38  Ethernet_numRxCallback                    
2000da3c  Ethernet_numGetPacketBufferCallback       
2000da40  Ethernet_txInterruptCount                 
2000da44  Ethernet_rxInterruptCount                 
2000da48  Ethernet_rxContextTimeStamp               
2000da4c  Ethernet_genericInterruptCount            
2000da50  Ethernet_earlyRxInterruptCount            
2000da54  Ethernet_earlyTxInterruptCount            
2000da58  Ethernet_genericRxCompletionInterruptCount
2000da5c  Ethernet_phyLinkStatusChangeInterruptCount
2000da60  Ethernet_rxReplacementFailedCount         
2000da64  Ethernet_eeeTxLPIEntryCount               
2000da68  Ethernet_eeeTxLPIExitCount                
2000da6c  Ethernet_eeeRxLPIEntryCount               
2000da70  Ethernet_eeeRxLPIExitCount                
2000da74  Ethernet_pmtInterruptCount                
2000da78  Ethernet_magicPktReceivedCount            
2000da7c  Ethernet_rwakeupPktReceivedCount          
2000da80  Ethernet_txChan0BufUnavail                
2000da84  Ethernet_rxChan0BufUnavail                
2000da88  Ethernet_txChan1BufUnavail                
2000da8c  Ethernet_rxChan1BufUnavail                
2000da90  g_hEMAC                                   
2000da94  g_uiEthInitRet                            
2000da9a  g_xEthRxData                              
2000da9e  g_xEthTxData                              
20080000  IPC_CM_To_CPU1_GetBuffer                  
20082000  IPC_CM_To_CPU1_PutBuffer                  
20084000  IPC_CM_To_CPU2_GetBuffer                  
20086000  IPC_CM_To_CPU2_PutBuffer                  
ffffffff  __TI_pprof_out_hndl                       
ffffffff  __TI_prof_data_size                       
ffffffff  __TI_prof_data_start                      
ffffffff  __binit__                                 
ffffffff  __c_args__                                
ffffffff  binit                                     
UNDEFED   __mpu_init                                
UNDEFED   _system_post_cinit                        

[164 symbols]
