<?xml version="1.0" encoding="ISO-8859-1" ?>
<link_info>
   <banner>TI ARM Linker PC v20.2.7.LTS</banner>
   <copyright>Copyright (c) 1996-2018 Texas Instruments Incorporated</copyright>
   <link_time>0x6a20c98f</link_time>
   <link_errors>0x0</link_errors>
   <output_file>TMDSCNCD28388D_T_CM.out</output_file>
   <entry_point>
      <name>_c_int00_noargs</name>
      <address>0x2024b1</address>
   </entry_point>
   <input_file_list>
      <input_file id="fl-2">
         <path>.\</path>
         <kind>object</kind>
         <file>main.obj</file>
         <name>main.obj</name>
      </input_file>
      <input_file id="fl-3">
         <path>.\CSU\</path>
         <kind>object</kind>
         <file>CSU_Ethernet.obj</file>
         <name>CSU_Ethernet.obj</name>
      </input_file>
      <input_file id="fl-4">
         <path>.\CSU\</path>
         <kind>object</kind>
         <file>CSU_IPC.obj</file>
         <name>CSU_IPC.obj</name>
      </input_file>
      <input_file id="fl-5">
         <path>.\Dev\</path>
         <kind>object</kind>
         <file>DevEthernet.obj</file>
         <name>DevEthernet.obj</name>
      </input_file>
      <input_file id="fl-6">
         <path>.\Dev\</path>
         <kind>object</kind>
         <file>DevIPC.obj</file>
         <name>DevIPC.obj</name>
      </input_file>
      <input_file id="fl-7">
         <path>.\Dev\</path>
         <kind>object</kind>
         <file>DevTimer.obj</file>
         <name>DevTimer.obj</name>
      </input_file>
      <input_file id="fl-8">
         <path>.\SDK\common\source\</path>
         <kind>object</kind>
         <file>cm.obj</file>
         <name>cm.obj</name>
      </input_file>
      <input_file id="fl-9">
         <path>.\SDK\common\source\</path>
         <kind>object</kind>
         <file>startup_cm.obj</file>
         <name>startup_cm.obj</name>
      </input_file>
      <input_file id="fl-a">
         <path>.\SDK\driverlib_cm\</path>
         <kind>object</kind>
         <file>aes.obj</file>
         <name>aes.obj</name>
      </input_file>
      <input_file id="fl-b">
         <path>.\SDK\driverlib_cm\</path>
         <kind>object</kind>
         <file>can.obj</file>
         <name>can.obj</name>
      </input_file>
      <input_file id="fl-c">
         <path>.\SDK\driverlib_cm\</path>
         <kind>object</kind>
         <file>cmmpu.obj</file>
         <name>cmmpu.obj</name>
      </input_file>
      <input_file id="fl-d">
         <path>.\SDK\driverlib_cm\</path>
         <kind>object</kind>
         <file>cputimer.obj</file>
         <name>cputimer.obj</name>
      </input_file>
      <input_file id="fl-e">
         <path>.\SDK\driverlib_cm\</path>
         <kind>object</kind>
         <file>dcsm.obj</file>
         <name>dcsm.obj</name>
      </input_file>
      <input_file id="fl-f">
         <path>.\SDK\driverlib_cm\</path>
         <kind>object</kind>
         <file>escss.obj</file>
         <name>escss.obj</name>
      </input_file>
      <input_file id="fl-10">
         <path>.\SDK\driverlib_cm\</path>
         <kind>object</kind>
         <file>ethernet.obj</file>
         <name>ethernet.obj</name>
      </input_file>
      <input_file id="fl-11">
         <path>.\SDK\driverlib_cm\</path>
         <kind>object</kind>
         <file>flash.obj</file>
         <name>flash.obj</name>
      </input_file>
      <input_file id="fl-12">
         <path>.\SDK\driverlib_cm\</path>
         <kind>object</kind>
         <file>gcrc.obj</file>
         <name>gcrc.obj</name>
      </input_file>
      <input_file id="fl-13">
         <path>.\SDK\driverlib_cm\</path>
         <kind>object</kind>
         <file>gpio.obj</file>
         <name>gpio.obj</name>
      </input_file>
      <input_file id="fl-14">
         <path>.\SDK\driverlib_cm\</path>
         <kind>object</kind>
         <file>i2c.obj</file>
         <name>i2c.obj</name>
      </input_file>
      <input_file id="fl-15">
         <path>.\SDK\driverlib_cm\</path>
         <kind>object</kind>
         <file>interrupt.obj</file>
         <name>interrupt.obj</name>
      </input_file>
      <input_file id="fl-16">
         <path>.\SDK\driverlib_cm\</path>
         <kind>object</kind>
         <file>ipc.obj</file>
         <name>ipc.obj</name>
      </input_file>
      <input_file id="fl-17">
         <path>.\SDK\driverlib_cm\</path>
         <kind>object</kind>
         <file>mcan.obj</file>
         <name>mcan.obj</name>
      </input_file>
      <input_file id="fl-18">
         <path>.\SDK\driverlib_cm\</path>
         <kind>object</kind>
         <file>memcfg.obj</file>
         <name>memcfg.obj</name>
      </input_file>
      <input_file id="fl-19">
         <path>.\SDK\driverlib_cm\</path>
         <kind>object</kind>
         <file>mpu.obj</file>
         <name>mpu.obj</name>
      </input_file>
      <input_file id="fl-1a">
         <path>.\SDK\driverlib_cm\</path>
         <kind>object</kind>
         <file>platform_port.obj</file>
         <name>platform_port.obj</name>
      </input_file>
      <input_file id="fl-1b">
         <path>.\SDK\driverlib_cm\</path>
         <kind>object</kind>
         <file>ssi.obj</file>
         <name>ssi.obj</name>
      </input_file>
      <input_file id="fl-1c">
         <path>.\SDK\driverlib_cm\</path>
         <kind>object</kind>
         <file>sysctl.obj</file>
         <name>sysctl.obj</name>
      </input_file>
      <input_file id="fl-1d">
         <path>.\SDK\driverlib_cm\</path>
         <kind>object</kind>
         <file>systick.obj</file>
         <name>systick.obj</name>
      </input_file>
      <input_file id="fl-1e">
         <path>.\SDK\driverlib_cm\</path>
         <kind>object</kind>
         <file>uart.obj</file>
         <name>uart.obj</name>
      </input_file>
      <input_file id="fl-1f">
         <path>.\SDK\driverlib_cm\</path>
         <kind>object</kind>
         <file>udma.obj</file>
         <name>udma.obj</name>
      </input_file>
      <input_file id="fl-20">
         <path>.\SDK\driverlib_cm\</path>
         <kind>object</kind>
         <file>usb.obj</file>
         <name>usb.obj</name>
      </input_file>
      <input_file id="fl-27">
         <kind>object</kind>
         <file>&lt;internal&gt;</file>
         <name>&lt;internal&gt;</name>
      </input_file>
      <input_file id="fl-dd">
         <path>C:\ti\ti-cgt-arm_20.2.7.LTS\lib\</path>
         <kind>archive</kind>
         <file>rtsv7M4_T_le_eabi.lib</file>
         <name>fs_add_t2.asm.obj</name>
      </input_file>
      <input_file id="fl-de">
         <path>C:\ti\ti-cgt-arm_20.2.7.LTS\lib\</path>
         <kind>archive</kind>
         <file>rtsv7M4_T_le_eabi.lib</file>
         <name>fs_cmp_t2.asm.obj</name>
      </input_file>
      <input_file id="fl-df">
         <path>C:\ti\ti-cgt-arm_20.2.7.LTS\lib\</path>
         <kind>archive</kind>
         <file>rtsv7M4_T_le_eabi.lib</file>
         <name>fs_div_t2.asm.obj</name>
      </input_file>
      <input_file id="fl-e0">
         <path>C:\ti\ti-cgt-arm_20.2.7.LTS\lib\</path>
         <kind>archive</kind>
         <file>rtsv7M4_T_le_eabi.lib</file>
         <name>fs_mul_t2.asm.obj</name>
      </input_file>
      <input_file id="fl-e1">
         <path>C:\ti\ti-cgt-arm_20.2.7.LTS\lib\</path>
         <kind>archive</kind>
         <file>rtsv7M4_T_le_eabi.lib</file>
         <name>fs_toi_t2.asm.obj</name>
      </input_file>
      <input_file id="fl-e2">
         <path>C:\ti\ti-cgt-arm_20.2.7.LTS\lib\</path>
         <kind>archive</kind>
         <file>rtsv7M4_T_le_eabi.lib</file>
         <name>fs_tou_t2.asm.obj</name>
      </input_file>
      <input_file id="fl-e3">
         <path>C:\ti\ti-cgt-arm_20.2.7.LTS\lib\</path>
         <kind>archive</kind>
         <file>rtsv7M4_T_le_eabi.lib</file>
         <name>i_tofs_t2.asm.obj</name>
      </input_file>
      <input_file id="fl-e4">
         <path>C:\ti\ti-cgt-arm_20.2.7.LTS\lib\</path>
         <kind>archive</kind>
         <file>rtsv7M4_T_le_eabi.lib</file>
         <name>memcpy_t2.asm.obj</name>
      </input_file>
      <input_file id="fl-e5">
         <path>C:\ti\ti-cgt-arm_20.2.7.LTS\lib\</path>
         <kind>archive</kind>
         <file>rtsv7M4_T_le_eabi.lib</file>
         <name>u_tofs_t2.asm.obj</name>
      </input_file>
      <input_file id="fl-e6">
         <path>C:\ti\ti-cgt-arm_20.2.7.LTS\lib\</path>
         <kind>archive</kind>
         <file>rtsv7M4_T_le_eabi.lib</file>
         <name>memset_t2.asm.obj</name>
      </input_file>
      <input_file id="fl-e7">
         <path>C:\ti\ti-cgt-arm_20.2.7.LTS\lib\</path>
         <kind>archive</kind>
         <file>rtsv7M4_T_le_eabi.lib</file>
         <name>copy_zero_init.c.obj</name>
      </input_file>
      <input_file id="fl-e8">
         <path>C:\ti\ti-cgt-arm_20.2.7.LTS\lib\</path>
         <kind>archive</kind>
         <file>rtsv7M4_T_le_eabi.lib</file>
         <name>copy_decompress_none.c.obj</name>
      </input_file>
      <input_file id="fl-e9">
         <path>C:\ti\ti-cgt-arm_20.2.7.LTS\lib\</path>
         <kind>archive</kind>
         <file>rtsv7M4_T_le_eabi.lib</file>
         <name>copy_decompress_lzss.c.obj</name>
      </input_file>
      <input_file id="fl-ea">
         <path>C:\ti\ti-cgt-arm_20.2.7.LTS\lib\</path>
         <kind>archive</kind>
         <file>rtsv7M4_T_le_eabi.lib</file>
         <name>boot_cortex_m.c.obj</name>
      </input_file>
      <input_file id="fl-eb">
         <path>C:\ti\ti-cgt-arm_20.2.7.LTS\lib\</path>
         <kind>archive</kind>
         <file>rtsv7M4_T_le_eabi.lib</file>
         <name>autoinit.c.obj</name>
      </input_file>
      <input_file id="fl-ec">
         <path>C:\ti\ti-cgt-arm_20.2.7.LTS\lib\</path>
         <kind>archive</kind>
         <file>rtsv7M4_T_le_eabi.lib</file>
         <name>pre_init.c.obj</name>
      </input_file>
      <input_file id="fl-ed">
         <path>C:\ti\ti-cgt-arm_20.2.7.LTS\lib\</path>
         <kind>archive</kind>
         <file>rtsv7M4_T_le_eabi.lib</file>
         <name>cpy_tbl.c.obj</name>
      </input_file>
      <input_file id="fl-ee">
         <path>C:\ti\ti-cgt-arm_20.2.7.LTS\lib\</path>
         <kind>archive</kind>
         <file>rtsv7M4_T_le_eabi.lib</file>
         <name>exit.c.obj</name>
      </input_file>
      <input_file id="fl-ef">
         <path>C:\ti\ti-cgt-arm_20.2.7.LTS\lib\</path>
         <kind>archive</kind>
         <file>rtsv7M4_T_le_eabi.lib</file>
         <name>_lock.c.obj</name>
      </input_file>
      <input_file id="fl-f0">
         <path>C:\ti\ti-cgt-arm_20.2.7.LTS\lib\</path>
         <kind>archive</kind>
         <file>rtsv7M4_T_le_eabi.lib</file>
         <name>args_main.c.obj</name>
      </input_file>
   </input_file_list>
   <object_component_list>
      <object_component id="oc-3d">
         <name>.resetisr:resetISR</name>
         <load_address>0x200000</load_address>
         <run_address>0x200000</run_address>
         <size>0x6</size>
         <input_file_ref idref="fl-9"/>
      </object_component>
      <object_component id="oc-3a">
         <name>.vftable:retain</name>
         <load_address>0x200400</load_address>
         <run_address>0x200400</run_address>
         <size>0x140</size>
         <input_file_ref idref="fl-9"/>
      </object_component>
      <object_component id="oc-21c">
         <name>.vtable</name>
         <uninitialized>true</uninitialized>
         <run_address>0x20000800</run_address>
         <size>0x140</size>
         <input_file_ref idref="fl-15"/>
      </object_component>
      <object_component id="oc-19d">
         <name>.text:Ethernet_addPacketsIntoTxQueue</name>
         <load_address>0x2001b0</load_address>
         <run_address>0x2001b0</run_address>
         <size>0x224</size>
         <input_file_ref idref="fl-10"/>
      </object_component>
      <object_component id="oc-367">
         <name>.text:SysCtl_enablePeripheral</name>
         <load_address>0x2003d4</load_address>
         <run_address>0x2003d4</run_address>
         <size>0x2c</size>
         <input_file_ref idref="fl-1c"/>
      </object_component>
      <object_component id="oc-4f">
         <name>.text:Ethernet_genericISR</name>
         <load_address>0x200540</load_address>
         <run_address>0x200540</run_address>
         <size>0x3e8</size>
         <input_file_ref idref="fl-10"/>
      </object_component>
      <object_component id="oc-1fe">
         <name>.text:Initial_TIMER</name>
         <load_address>0x200928</load_address>
         <run_address>0x200928</run_address>
         <size>0x2bc</size>
         <input_file_ref idref="fl-7"/>
      </object_component>
      <object_component id="oc-1c5">
         <name>.text:Ethernet_retrieveRxPacket</name>
         <load_address>0x200be4</load_address>
         <run_address>0x200be4</run_address>
         <size>0x16c</size>
         <input_file_ref idref="fl-10"/>
      </object_component>
      <object_component id="oc-2ba">
         <name>.text:Ethernet_getHandle</name>
         <load_address>0x200d50</load_address>
         <run_address>0x200d50</run_address>
         <size>0x148</size>
         <input_file_ref idref="fl-10"/>
      </object_component>
      <object_component id="oc-1f8">
         <name>.text:Initial_Ethernet</name>
         <load_address>0x200e98</load_address>
         <run_address>0x200e98</run_address>
         <size>0x144</size>
         <input_file_ref idref="fl-5"/>
      </object_component>
      <object_component id="oc-c5">
         <name>.text:Ethernet_removePacketsFromTxQueue</name>
         <load_address>0x200fdc</load_address>
         <run_address>0x200fdc</run_address>
         <size>0xf8</size>
         <input_file_ref idref="fl-10"/>
      </object_component>
      <object_component id="oc-474">
         <name>.text:Ethernet_sendPacket</name>
         <load_address>0x2010d4</load_address>
         <run_address>0x2010d4</run_address>
         <size>0xdc</size>
         <input_file_ref idref="fl-10"/>
      </object_component>
      <object_component id="oc-386">
         <name>.text:Ethernet_initRxChannel</name>
         <load_address>0x2011b0</load_address>
         <run_address>0x2011b0</run_address>
         <size>0xd8</size>
         <input_file_ref idref="fl-10"/>
      </object_component>
      <object_component id="oc-304">
         <name>.text:CPUTimer_startTimer</name>
         <load_address>0x201288</load_address>
         <run_address>0x201288</run_address>
         <size>0xcc</size>
         <input_file_ref idref="fl-7"/>
      </object_component>
      <object_component id="oc-2b4">
         <name>.text:Ethernet_getInitConfig</name>
         <load_address>0x201354</load_address>
         <run_address>0x201354</run_address>
         <size>0xbc</size>
         <input_file_ref idref="fl-10"/>
      </object_component>
      <object_component id="oc-380">
         <name>.text:Ethernet_initTxChannel</name>
         <load_address>0x201410</load_address>
         <run_address>0x201410</run_address>
         <size>0xb8</size>
         <input_file_ref idref="fl-10"/>
      </object_component>
      <object_component id="oc-2ae">
         <name>.text:Ethernet_initInterface</name>
         <load_address>0x2014c8</load_address>
         <run_address>0x2014c8</run_address>
         <size>0xb4</size>
         <input_file_ref idref="fl-10"/>
      </object_component>
      <object_component id="oc-d8">
         <name>.text:Ethernet_removePacketsFromRxQueue</name>
         <load_address>0x20157c</load_address>
         <run_address>0x20157c</run_address>
         <size>0xac</size>
         <input_file_ref idref="fl-10"/>
      </object_component>
      <object_component id="oc-3bd">
         <name>.text:processReceivedEthernetPacket</name>
         <load_address>0x201628</load_address>
         <run_address>0x201628</run_address>
         <size>0xa8</size>
         <input_file_ref idref="fl-3"/>
      </object_component>
      <object_component id="oc-139">
         <name>.text:main</name>
         <load_address>0x2016d0</load_address>
         <run_address>0x2016d0</run_address>
         <size>0xa0</size>
         <input_file_ref idref="fl-2"/>
      </object_component>
      <object_component id="oc-63">
         <name>.text</name>
         <load_address>0x201770</load_address>
         <run_address>0x201770</run_address>
         <size>0x9c</size>
         <input_file_ref idref="fl-e4"/>
      </object_component>
      <object_component id="oc-2de">
         <name>.text:Interrupt_disable</name>
         <load_address>0x20180c</load_address>
         <run_address>0x20180c</run_address>
         <size>0x94</size>
         <input_file_ref idref="fl-15"/>
      </object_component>
      <object_component id="oc-176">
         <name>.text:Interrupt_enable</name>
         <load_address>0x2018a0</load_address>
         <run_address>0x2018a0</run_address>
         <size>0x94</size>
         <input_file_ref idref="fl-15"/>
      </object_component>
      <object_component id="oc-325">
         <name>.text:buildAndSendUdpPacket</name>
         <load_address>0x201934</load_address>
         <run_address>0x201934</run_address>
         <size>0x90</size>
         <input_file_ref idref="fl-3"/>
      </object_component>
      <object_component id="oc-45f">
         <name>.text:sendAckResponse</name>
         <load_address>0x2019c4</load_address>
         <run_address>0x2019c4</run_address>
         <size>0x90</size>
         <input_file_ref idref="fl-3"/>
      </object_component>
      <object_component id="oc-41f">
         <name>.text:Ethernet_writeTxDMAControl</name>
         <load_address>0x201a54</load_address>
         <run_address>0x201a54</run_address>
         <size>0x88</size>
         <input_file_ref idref="fl-10"/>
      </object_component>
      <object_component id="oc-109">
         <name>.text:Ethernet_addPacketsIntoRxQueue</name>
         <load_address>0x201adc</load_address>
         <run_address>0x201adc</run_address>
         <size>0x84</size>
         <input_file_ref idref="fl-10"/>
      </object_component>
      <object_component id="oc-12d">
         <name>.text</name>
         <load_address>0x201b60</load_address>
         <run_address>0x201b60</run_address>
         <size>0x7a</size>
         <input_file_ref idref="fl-e6"/>
      </object_component>
      <object_component id="oc-2f1">
         <name>.text:App_ethTxCallback</name>
         <load_address>0x201bda</load_address>
         <run_address>0x201bda</run_address>
         <size>0x2</size>
         <input_file_ref idref="fl-5"/>
      </object_component>
      <object_component id="oc-170">
         <name>.text:Interrupt_registerHandler</name>
         <load_address>0x201bdc</load_address>
         <run_address>0x201bdc</run_address>
         <size>0x78</size>
         <input_file_ref idref="fl-15"/>
      </object_component>
      <object_component id="oc-2a0">
         <name>.text:CM_enableAllPeripherals</name>
         <load_address>0x201c54</load_address>
         <run_address>0x201c54</run_address>
         <size>0x76</size>
         <input_file_ref idref="fl-8"/>
      </object_component>
      <object_component id="oc-bb">
         <name>.text:defaultISR</name>
         <load_address>0x201cca</load_address>
         <run_address>0x201cca</run_address>
         <size>0x2</size>
         <input_file_ref idref="fl-9"/>
      </object_component>
      <object_component id="oc-f7">
         <name>.text:Ethernet_getOneStepTransmitTimestampPTP</name>
         <load_address>0x201ccc</load_address>
         <run_address>0x201ccc</run_address>
         <size>0x70</size>
         <input_file_ref idref="fl-10"/>
      </object_component>
      <object_component id="oc-eb">
         <name>.text:Ethernet_writePHYRegister</name>
         <load_address>0x201d3c</load_address>
         <run_address>0x201d3c</run_address>
         <size>0x6e</size>
         <input_file_ref idref="fl-10"/>
      </object_component>
      <object_component id="oc-b5">
         <name>.text:faultISR</name>
         <load_address>0x201daa</load_address>
         <run_address>0x201daa</run_address>
         <size>0x2</size>
         <input_file_ref idref="fl-9"/>
      </object_component>
      <object_component id="oc-1f2">
         <name>.text:Interrupt_initRAMVectorTable</name>
         <load_address>0x201dac</load_address>
         <run_address>0x201dac</run_address>
         <size>0x68</size>
         <input_file_ref idref="fl-15"/>
      </object_component>
      <object_component id="oc-1a">
         <name>.text:decompress:lzss:__TI_decompress_lzss</name>
         <load_address>0x201e14</load_address>
         <run_address>0x201e14</run_address>
         <size>0x68</size>
         <input_file_ref idref="fl-e9"/>
      </object_component>
      <object_component id="oc-af">
         <name>.text:nmiISR</name>
         <load_address>0x201e7c</load_address>
         <run_address>0x201e7c</run_address>
         <size>0x64</size>
         <input_file_ref idref="fl-9"/>
      </object_component>
      <object_component id="oc-49">
         <name>.text:Ethernet_receiveISR</name>
         <load_address>0x201ee0</load_address>
         <run_address>0x201ee0</run_address>
         <size>0x60</size>
         <input_file_ref idref="fl-10"/>
      </object_component>
      <object_component id="oc-438">
         <name>.text:Ethernet_writeRxDMAControl</name>
         <load_address>0x201f40</load_address>
         <run_address>0x201f40</run_address>
         <size>0x5c</size>
         <input_file_ref idref="fl-10"/>
      </object_component>
      <object_component id="oc-43">
         <name>.text:Ethernet_transmitISR</name>
         <load_address>0x201f9c</load_address>
         <run_address>0x201f9c</run_address>
         <size>0x58</size>
         <input_file_ref idref="fl-10"/>
      </object_component>
      <object_component id="oc-31d">
         <name>.text:IPC_sendCommand</name>
         <load_address>0x201ff4</load_address>
         <run_address>0x201ff4</run_address>
         <size>0x58</size>
         <input_file_ref idref="fl-16"/>
      </object_component>
      <object_component id="oc-1b3">
         <name>.text:Ethernet_submitRxPacket</name>
         <load_address>0x20204c</load_address>
         <run_address>0x20204c</run_address>
         <size>0x54</size>
         <input_file_ref idref="fl-10"/>
      </object_component>
      <object_component id="oc-93">
         <name>.text:IPC_readCommand</name>
         <load_address>0x2020a0</load_address>
         <run_address>0x2020a0</run_address>
         <size>0x54</size>
         <input_file_ref idref="fl-16"/>
      </object_component>
      <object_component id="oc-a8">
         <name>.text:IPC_registerInterrupt</name>
         <load_address>0x2020f4</load_address>
         <run_address>0x2020f4</run_address>
         <size>0x54</size>
         <input_file_ref idref="fl-16"/>
      </object_component>
      <object_component id="oc-3dd">
         <name>.text:buildIPHeader</name>
         <load_address>0x202148</load_address>
         <run_address>0x202148</run_address>
         <size>0x54</size>
         <input_file_ref idref="fl-3"/>
      </object_component>
      <object_component id="oc-e5">
         <name>.text:Ethernet_readPHYRegister</name>
         <load_address>0x20219c</load_address>
         <run_address>0x20219c</run_address>
         <size>0x52</size>
         <input_file_ref idref="fl-10"/>
      </object_component>
      <object_component id="oc-1ec">
         <name>.text:CM_init</name>
         <load_address>0x2021f0</load_address>
         <run_address>0x2021f0</run_address>
         <size>0x4c</size>
         <input_file_ref idref="fl-8"/>
      </object_component>
      <object_component id="oc-4e5">
         <name>.tramp.Flash_initModule.1</name>
         <load_address>0x20223c</load_address>
         <run_address>0x20223c</run_address>
         <size>0x8</size>
         <input_file_ref idref="fl-11"/>
      </object_component>
      <object_component id="oc-2e5">
         <name>.text:App_ethGetPacketBuffer</name>
         <load_address>0x202244</load_address>
         <run_address>0x202244</run_address>
         <size>0x48</size>
         <input_file_ref idref="fl-5"/>
      </object_component>
      <object_component id="oc-230">
         <name>.text:__TI_auto_init_nobinit_nopinit:__TI_auto_init_nobinit_nopinit</name>
         <load_address>0x20228c</load_address>
         <run_address>0x20228c</run_address>
         <size>0x44</size>
         <input_file_ref idref="fl-eb"/>
      </object_component>
      <object_component id="oc-2a8">
         <name>.text:initRxDescriptors</name>
         <load_address>0x2022d0</load_address>
         <run_address>0x2022d0</run_address>
         <size>0x3c</size>
         <input_file_ref idref="fl-5"/>
      </object_component>
      <object_component id="oc-3d7">
         <name>.text:buildEthernetHeader</name>
         <load_address>0x20230c</load_address>
         <run_address>0x20230c</run_address>
         <size>0x38</size>
         <input_file_ref idref="fl-3"/>
      </object_component>
      <object_component id="oc-2e">
         <name>.text:isrIpcFromCPU1</name>
         <load_address>0x202344</load_address>
         <run_address>0x202344</run_address>
         <size>0x38</size>
         <input_file_ref idref="fl-6"/>
      </object_component>
      <object_component id="oc-310">
         <name>.text:isr_CpuTimer1</name>
         <load_address>0x20237c</load_address>
         <run_address>0x20237c</run_address>
         <size>0x38</size>
         <input_file_ref idref="fl-7"/>
      </object_component>
      <object_component id="oc-46c">
         <name>.text:calcIPChecksum</name>
         <load_address>0x2023b4</load_address>
         <run_address>0x2023b4</run_address>
         <size>0x36</size>
         <input_file_ref idref="fl-3"/>
      </object_component>
      <object_component id="oc-33">
         <name>.text:Initial_IPC</name>
         <load_address>0x2023ec</load_address>
         <run_address>0x2023ec</run_address>
         <size>0x34</size>
         <input_file_ref idref="fl-6"/>
      </object_component>
      <object_component id="oc-3b4">
         <name>.text:SysCtl_resetPeripheral</name>
         <load_address>0x202420</load_address>
         <run_address>0x202420</run_address>
         <size>0x34</size>
         <input_file_ref idref="fl-1c"/>
      </object_component>
      <object_component id="oc-3e3">
         <name>.text:buildUDPHeader</name>
         <load_address>0x202454</load_address>
         <run_address>0x202454</run_address>
         <size>0x30</size>
         <input_file_ref idref="fl-3"/>
      </object_component>
      <object_component id="oc-3e9">
         <name>.text:sendEthernetFrame</name>
         <load_address>0x202484</load_address>
         <run_address>0x202484</run_address>
         <size>0x2c</size>
         <input_file_ref idref="fl-3"/>
      </object_component>
      <object_component id="oc-81">
         <name>.text:_c_int00_noargs:_c_int00_noargs</name>
         <load_address>0x2024b0</load_address>
         <run_address>0x2024b0</run_address>
         <size>0x24</size>
         <input_file_ref idref="fl-ea"/>
      </object_component>
      <object_component id="oc-204">
         <name>.text:sendIpcMessageToCPU1</name>
         <load_address>0x2024d4</load_address>
         <run_address>0x2024d4</run_address>
         <size>0x24</size>
         <input_file_ref idref="fl-6"/>
      </object_component>
      <object_component id="oc-44a">
         <name>.text:Ethernet_enableMACRxQ</name>
         <load_address>0x2024f8</load_address>
         <run_address>0x2024f8</run_address>
         <size>0x22</size>
         <input_file_ref idref="fl-10"/>
      </object_component>
      <object_component id="oc-2fe">
         <name>.text:CPUTimer_isBaseValid</name>
         <load_address>0x20251c</load_address>
         <run_address>0x20251c</run_address>
         <size>0x20</size>
         <input_file_ref idref="fl-7"/>
      </object_component>
      <object_component id="oc-fd">
         <name>.text:Ethernet_configureEEEClockGatingControl</name>
         <load_address>0x20253c</load_address>
         <run_address>0x20253c</run_address>
         <size>0x20</size>
         <input_file_ref idref="fl-10"/>
      </object_component>
      <object_component id="oc-30a">
         <name>.text:isr_CpuTimer0</name>
         <load_address>0x20255c</load_address>
         <run_address>0x20255c</run_address>
         <size>0x20</size>
         <input_file_ref idref="fl-7"/>
      </object_component>
      <object_component id="oc-316">
         <name>.text:isr_CpuTimer2</name>
         <load_address>0x20257c</load_address>
         <run_address>0x20257c</run_address>
         <size>0x20</size>
         <input_file_ref idref="fl-7"/>
      </object_component>
      <object_component id="oc-4a0">
         <name>.text:Ethernet_performPushPacketQueueChain</name>
         <load_address>0x20259c</load_address>
         <run_address>0x20259c</run_address>
         <size>0x1e</size>
         <input_file_ref idref="fl-10"/>
      </object_component>
      <object_component id="oc-3d1">
         <name>.text:calcUdpMsgChecksum</name>
         <load_address>0x2025ba</load_address>
         <run_address>0x2025ba</run_address>
         <size>0x1e</size>
         <input_file_ref idref="fl-3"/>
      </object_component>
      <object_component id="oc-df">
         <name>.text:Ethernet_isTimestampIntActive</name>
         <load_address>0x2025d8</load_address>
         <run_address>0x2025d8</run_address>
         <size>0x1c</size>
         <input_file_ref idref="fl-10"/>
      </object_component>
      <object_component id="oc-f1">
         <name>.text:Ethernet_isTransmitTimestampStatusSet</name>
         <load_address>0x2025f4</load_address>
         <run_address>0x2025f4</run_address>
         <size>0x1c</size>
         <input_file_ref idref="fl-10"/>
      </object_component>
      <object_component id="oc-1d9">
         <name>.text:Ethernet_performPushOnPacketQueue</name>
         <load_address>0x202610</load_address>
         <run_address>0x202610</run_address>
         <size>0x1c</size>
         <input_file_ref idref="fl-10"/>
      </object_component>
      <object_component id="oc-2c0">
         <name>.text:Ethernet_setMACAddr</name>
         <load_address>0x20262c</load_address>
         <run_address>0x20262c</run_address>
         <size>0x1c</size>
         <input_file_ref idref="fl-10"/>
      </object_component>
      <object_component id="oc-42b">
         <name>.text:Ethernet_setMTLTxQueueOpMode</name>
         <load_address>0x202648</load_address>
         <run_address>0x202648</run_address>
         <size>0x1c</size>
         <input_file_ref idref="fl-10"/>
      </object_component>
      <object_component id="oc-99">
         <name>.text:recvIpcCpu1Message</name>
         <load_address>0x202664</load_address>
         <run_address>0x202664</run_address>
         <size>0x18</size>
         <input_file_ref idref="fl-4"/>
      </object_component>
      <object_component id="oc-444">
         <name>.text:Ethernet_setMTLRxQueueOpMode</name>
         <load_address>0x20267c</load_address>
         <run_address>0x20267c</run_address>
         <size>0x16</size>
         <input_file_ref idref="fl-10"/>
      </object_component>
      <object_component id="oc-43e">
         <name>.text:Ethernet_setRxDescRingLength</name>
         <load_address>0x202692</load_address>
         <run_address>0x202692</run_address>
         <size>0x16</size>
         <input_file_ref idref="fl-10"/>
      </object_component>
      <object_component id="oc-425">
         <name>.text:Ethernet_setTxDescRingLength</name>
         <load_address>0x2026a8</load_address>
         <run_address>0x2026a8</run_address>
         <size>0x16</size>
         <input_file_ref idref="fl-10"/>
      </object_component>
      <object_component id="oc-2eb">
         <name>.text:App_ethRxCallback</name>
         <load_address>0x2026be</load_address>
         <run_address>0x2026be</run_address>
         <size>0x14</size>
         <input_file_ref idref="fl-5"/>
      </object_component>
      <object_component id="oc-1bf">
         <name>.text:Ethernet_enableDmaInterrupt</name>
         <load_address>0x2026d2</load_address>
         <run_address>0x2026d2</run_address>
         <size>0x14</size>
         <input_file_ref idref="fl-10"/>
      </object_component>
      <object_component id="oc-1b9">
         <name>.text:Ethernet_nextDescAvailable</name>
         <load_address>0x2026e6</load_address>
         <run_address>0x2026e6</run_address>
         <size>0x14</size>
         <input_file_ref idref="fl-10"/>
      </object_component>
      <object_component id="oc-216">
         <name>.text:updateEthernetTask</name>
         <load_address>0x2026fc</load_address>
         <run_address>0x2026fc</run_address>
         <size>0x14</size>
         <input_file_ref idref="fl-5"/>
      </object_component>
      <object_component id="oc-450">
         <name>.text:Ethernet_enableRxDMAReception</name>
         <load_address>0x202710</load_address>
         <run_address>0x202710</run_address>
         <size>0x12</size>
         <input_file_ref idref="fl-10"/>
      </object_component>
      <object_component id="oc-291">
         <name>.text:Ethernet_getRxERICount</name>
         <load_address>0x202722</load_address>
         <run_address>0x202722</run_address>
         <size>0x12</size>
         <input_file_ref idref="fl-10"/>
      </object_component>
      <object_component id="oc-197">
         <name>.text:Ethernet_performPopOnPacketQueue</name>
         <load_address>0x202734</load_address>
         <run_address>0x202734</run_address>
         <size>0x12</size>
         <input_file_ref idref="fl-10"/>
      </object_component>
      <object_component id="oc-210">
         <name>.text:Cycle_1ms</name>
         <load_address>0x202748</load_address>
         <run_address>0x202748</run_address>
         <size>0x10</size>
         <input_file_ref idref="fl-2"/>
      </object_component>
      <object_component id="oc-39e">
         <name>.text:Ethernet_configureMDIO</name>
         <load_address>0x202758</load_address>
         <run_address>0x202758</run_address>
         <size>0x10</size>
         <input_file_ref idref="fl-10"/>
      </object_component>
      <object_component id="oc-378">
         <name>.text:Ethernet_resetModule</name>
         <load_address>0x202768</load_address>
         <run_address>0x202768</run_address>
         <size>0x10</size>
         <input_file_ref idref="fl-10"/>
      </object_component>
      <object_component id="oc-103">
         <name>.text:Ethernet_disableTxEEEMode</name>
         <load_address>0x202778</load_address>
         <run_address>0x202778</run_address>
         <size>0xe</size>
         <input_file_ref idref="fl-10"/>
      </object_component>
      <object_component id="oc-20">
         <name>.text:decompress:none:__TI_decompress_none</name>
         <load_address>0x202786</load_address>
         <run_address>0x202786</run_address>
         <size>0xe</size>
         <input_file_ref idref="fl-e8"/>
      </object_component>
      <object_component id="oc-cb">
         <name>.text:Ethernet_clearDMAChannelInterrupt</name>
         <load_address>0x202794</load_address>
         <run_address>0x202794</run_address>
         <size>0xc</size>
         <input_file_ref idref="fl-10"/>
      </object_component>
      <object_component id="oc-372">
         <name>.text:Ethernet_configureRevMIIAddress</name>
         <load_address>0x2027a0</load_address>
         <run_address>0x2027a0</run_address>
         <size>0xc</size>
         <input_file_ref idref="fl-10"/>
      </object_component>
      <object_component id="oc-38c">
         <name>.text:Ethernet_setMTLOpmode</name>
         <load_address>0x2027ac</load_address>
         <run_address>0x2027ac</run_address>
         <size>0xc</size>
         <input_file_ref idref="fl-10"/>
      </object_component>
      <object_component id="oc-432">
         <name>.text:Ethernet_writeRxDescListAddress</name>
         <load_address>0x2027b8</load_address>
         <run_address>0x2027b8</run_address>
         <size>0xc</size>
         <input_file_ref idref="fl-10"/>
      </object_component>
      <object_component id="oc-10f">
         <name>.text:Ethernet_writeRxDescTailPointer</name>
         <load_address>0x2027c4</load_address>
         <run_address>0x2027c4</run_address>
         <size>0xc</size>
         <input_file_ref idref="fl-10"/>
      </object_component>
      <object_component id="oc-419">
         <name>.text:Ethernet_writeTxDescListAddress</name>
         <load_address>0x2027d0</load_address>
         <run_address>0x2027d0</run_address>
         <size>0xc</size>
         <input_file_ref idref="fl-10"/>
      </object_component>
      <object_component id="oc-281">
         <name>.text:Ethernet_writeTxDescTailPointer</name>
         <load_address>0x2027dc</load_address>
         <run_address>0x2027dc</run_address>
         <size>0xc</size>
         <input_file_ref idref="fl-10"/>
      </object_component>
      <object_component id="oc-75">
         <name>.text:decompress:ZI:__TI_zero_init</name>
         <load_address>0x2027e8</load_address>
         <run_address>0x2027e8</run_address>
         <size>0xc</size>
         <input_file_ref idref="fl-e7"/>
      </object_component>
      <object_component id="oc-1cd">
         <name>.text:Ethernet_getPHYMode</name>
         <load_address>0x2027f4</load_address>
         <run_address>0x2027f4</run_address>
         <size>0xa</size>
         <input_file_ref idref="fl-10"/>
      </object_component>
      <object_component id="oc-3a4">
         <name>.text:Ethernet_configurePHYAddress</name>
         <load_address>0x2027fe</load_address>
         <run_address>0x2027fe</run_address>
         <size>0x8</size>
         <input_file_ref idref="fl-10"/>
      </object_component>
      <object_component id="oc-392">
         <name>.text:Ethernet_setDMAMode</name>
         <load_address>0x202806</load_address>
         <run_address>0x202806</run_address>
         <size>0x8</size>
         <input_file_ref idref="fl-10"/>
      </object_component>
      <object_component id="oc-2c6">
         <name>.text:Ethernet_setMACConfiguration</name>
         <load_address>0x20280e</load_address>
         <run_address>0x20280e</run_address>
         <size>0x8</size>
         <input_file_ref idref="fl-10"/>
      </object_component>
      <object_component id="oc-398">
         <name>.text:Ethernet_setMACPacketFilter</name>
         <load_address>0x202816</load_address>
         <run_address>0x202816</run_address>
         <size>0x8</size>
         <input_file_ref idref="fl-10"/>
      </object_component>
      <object_component id="oc-2d2">
         <name>.text:Platform_enablePeripheral</name>
         <load_address>0x20281e</load_address>
         <run_address>0x20281e</run_address>
         <size>0x6</size>
         <input_file_ref idref="fl-1a"/>
      </object_component>
      <object_component id="oc-2d8">
         <name>.text:Platform_resetPeripheral</name>
         <load_address>0x202824</load_address>
         <run_address>0x202824</run_address>
         <size>0x6</size>
         <input_file_ref idref="fl-1a"/>
      </object_component>
      <object_component id="oc-20a">
         <name>.text:Cycle_2ms</name>
         <load_address>0x20282a</load_address>
         <run_address>0x20282a</run_address>
         <size>0x4</size>
         <input_file_ref idref="fl-2"/>
      </object_component>
      <object_component id="oc-191">
         <name>.text:Ethernet_HW_descQueueGetCount</name>
         <load_address>0x20282e</load_address>
         <run_address>0x20282e</run_address>
         <size>0x4</size>
         <input_file_ref idref="fl-10"/>
      </object_component>
      <object_component id="oc-28b">
         <name>.text:Ethernet_returnTopOfPacketQueue</name>
         <load_address>0x202832</load_address>
         <run_address>0x202832</run_address>
         <size>0x4</size>
         <input_file_ref idref="fl-10"/>
      </object_component>
      <object_component id="oc-16a">
         <name>.text:__error__</name>
         <load_address>0x202836</load_address>
         <run_address>0x202836</run_address>
         <size>0x4</size>
         <input_file_ref idref="fl-8"/>
      </object_component>
      <object_component id="oc-133">
         <name>.text:_system_pre_init</name>
         <load_address>0x20283a</load_address>
         <run_address>0x20283a</run_address>
         <size>0x4</size>
         <input_file_ref idref="fl-ec"/>
      </object_component>
      <object_component id="oc-224">
         <name>.text:abort:abort</name>
         <load_address>0x20283e</load_address>
         <run_address>0x20283e</run_address>
         <size>0x4</size>
         <input_file_ref idref="fl-ee"/>
      </object_component>
      <object_component id="oc-4de">
         <name>.cinit..vftable.load</name>
         <load_address>0x2028e0</load_address>
         <run_address>0x2028e0</run_address>
         <size>0x24</size>
      </object_component>
      <object_component id="oc-4dc">
         <name>__TI_handler_table</name>
         <load_address>0x202904</load_address>
         <run_address>0x202904</run_address>
         <size>0xc</size>
      </object_component>
      <object_component id="oc-4e1">
         <name>.cinit..bss.load</name>
         <load_address>0x202910</load_address>
         <run_address>0x202910</run_address>
         <size>0x8</size>
      </object_component>
      <object_component id="oc-4e0">
         <name>.cinit..data.load</name>
         <load_address>0x202918</load_address>
         <run_address>0x202918</run_address>
         <size>0x8</size>
      </object_component>
      <object_component id="oc-4df">
         <name>.cinit..vtable.load</name>
         <load_address>0x202920</load_address>
         <run_address>0x202920</run_address>
         <size>0x8</size>
      </object_component>
      <object_component id="oc-4dd">
         <name>__TI_cinit_table</name>
         <load_address>0x202928</load_address>
         <run_address>0x202928</run_address>
         <size>0x20</size>
      </object_component>
      <object_component id="oc-55">
         <name>.stack</name>
         <uninitialized>true</uninitialized>
         <run_address>0x1fffc000</run_address>
         <size>0x4</size>
         <input_file_ref idref="fl-ea"/>
      </object_component>
      <object_component id="oc-4e3">
         <name>.stack</name>
         <uninitialized>true</uninitialized>
         <run_address>0x1fffc000</run_address>
         <size>0x0</size>
      </object_component>
      <object_component id="oc-152">
         <name>.data:g_xEthTxData</name>
         <load_address>0x2000da9e</load_address>
         <run_address>0x2000da9e</run_address>
         <size>0x4</size>
         <input_file_ref idref="fl-3"/>
      </object_component>
      <object_component id="oc-465">
         <name>.data:g_xEthRxData</name>
         <load_address>0x2000da9a</load_address>
         <run_address>0x2000da9a</run_address>
         <size>0x4</size>
         <input_file_ref idref="fl-3"/>
      </object_component>
      <object_component id="oc-2f7">
         <name>.data</name>
         <load_address>0x2000da90</load_address>
         <run_address>0x2000da90</run_address>
         <size>0x9</size>
         <input_file_ref idref="fl-5"/>
      </object_component>
      <object_component id="oc-d4">
         <name>.data</name>
         <load_address>0x2000da34</load_address>
         <run_address>0x2000da34</run_address>
         <size>0x5c</size>
         <input_file_ref idref="fl-10"/>
      </object_component>
      <object_component id="oc-47a">
         <name>.bss:s_xTxPktDesc</name>
         <uninitialized>true</uninitialized>
         <run_address>0x2000d950</run_address>
         <size>0x4c</size>
         <input_file_ref idref="fl-3"/>
      </object_component>
      <object_component id="oc-499">
         <name>.bss:s_ucAckBuf$1</name>
         <uninitialized>true</uninitialized>
         <run_address>0x2000d9e8</run_address>
         <size>0x3c</size>
         <input_file_ref idref="fl-3"/>
      </object_component>
      <object_component id="oc-2fa">
         <name>.bss:s_ucRxBuf</name>
         <uninitialized>true</uninitialized>
         <run_address>0x2000c000</run_address>
         <size>0x1200</size>
         <input_file_ref idref="fl-5"/>
      </object_component>
      <object_component id="oc-36e">
         <name>.bss:s_xRxPktDesc</name>
         <uninitialized>true</uninitialized>
         <run_address>0x2000d86c</run_address>
         <size>0xe4</size>
         <input_file_ref idref="fl-5"/>
      </object_component>
      <object_component id="oc-2cf">
         <name>.bss:s_xTxPktDesc</name>
         <uninitialized>true</uninitialized>
         <run_address>0x2000d99c</run_address>
         <size>0x4c</size>
         <input_file_ref idref="fl-5"/>
      </object_component>
      <object_component id="oc-2e4">
         <name>.bss:xInitCfg$1</name>
         <uninitialized>true</uninitialized>
         <run_address>0x2000d664</run_address>
         <size>0x108</size>
         <input_file_ref idref="fl-5"/>
      </object_component>
      <object_component id="oc-2cc">
         <name>.common:g_ucTxBuf</name>
         <uninitialized>true</uninitialized>
         <run_address>0x2000d76c</run_address>
         <size>0x100</size>
      </object_component>
      <object_component id="oc-21f">
         <name>.common:xTimer</name>
         <uninitialized>true</uninitialized>
         <run_address>0x2000da24</run_address>
         <size>0xe</size>
      </object_component>
      <object_component id="oc-d1">
         <name>.common:Ethernet_device_struct</name>
         <uninitialized>true</uninitialized>
         <run_address>0x2000d200</run_address>
         <size>0x264</size>
      </object_component>
      <object_component id="oc-3aa">
         <name>.common:Ethernet_descArray</name>
         <uninitialized>true</uninitialized>
         <run_address>0x2000d464</run_address>
         <size>0x200</size>
      </object_component>
      <object_component id="oc-9f">
         <name>.const:IPC_Instance</name>
         <load_address>0x202850</load_address>
         <run_address>0x202850</run_address>
         <size>0x88</size>
         <input_file_ref idref="fl-16"/>
      </object_component>
      <object_component id="oc-157">
         <name>MSGRAM_CM_TO_CPU1</name>
         <uninitialized>true</uninitialized>
         <run_address>0x20082000</run_address>
         <size>0x110</size>
         <input_file_ref idref="fl-16"/>
      </object_component>
      <object_component id="oc-15d">
         <name>MSGRAM_CM_TO_CPU2</name>
         <uninitialized>true</uninitialized>
         <run_address>0x20086000</run_address>
         <size>0x110</size>
         <input_file_ref idref="fl-16"/>
      </object_component>
      <object_component id="oc-15a">
         <name>MSGRAM_CPU1_TO_CM</name>
         <uninitialized>true</uninitialized>
         <run_address>0x20080000</run_address>
         <size>0x110</size>
         <input_file_ref idref="fl-16"/>
      </object_component>
      <object_component id="oc-160">
         <name>MSGRAM_CPU2_TO_CM</name>
         <uninitialized>true</uninitialized>
         <run_address>0x20084000</run_address>
         <size>0x110</size>
         <input_file_ref idref="fl-16"/>
      </object_component>
      <object_component id="oc-29a">
         <name>.TI.ramfunc:Flash_initModule</name>
         <load_address>0x200010</load_address>
         <run_address>0x1fffe000</run_address>
         <size>0x18c</size>
         <input_file_ref idref="fl-11"/>
      </object_component>
      <object_component id="oc-4e4">
         <name>.tramp.__error__.1</name>
         <load_address>0x20019c</load_address>
         <run_address>0x1fffe18c</run_address>
         <size>0x8</size>
         <input_file_ref idref="fl-8"/>
      </object_component>
      <object_component id="oc-223">
         <name>.debug_info</name>
         <load_address>0x0</load_address>
         <run_address>0x0</run_address>
         <size>0x557</size>
         <input_file_ref idref="fl-2"/>
      </object_component>
      <object_component id="oc-20b">
         <name>.debug_info</name>
         <load_address>0x557</load_address>
         <run_address>0x557</run_address>
         <size>0x148</size>
         <input_file_ref idref="fl-2"/>
      </object_component>
      <object_component id="oc-211">
         <name>.debug_info</name>
         <load_address>0x69f</load_address>
         <run_address>0x69f</run_address>
         <size>0x131</size>
         <input_file_ref idref="fl-2"/>
      </object_component>
      <object_component id="oc-13b">
         <name>.debug_info</name>
         <load_address>0x7d0</load_address>
         <run_address>0x7d0</run_address>
         <size>0x200</size>
         <input_file_ref idref="fl-2"/>
      </object_component>
      <object_component id="oc-182">
         <name>.debug_info</name>
         <load_address>0x9d0</load_address>
         <run_address>0x9d0</run_address>
         <size>0x224f</size>
         <input_file_ref idref="fl-2"/>
      </object_component>
      <object_component id="oc-35b">
         <name>.debug_info</name>
         <load_address>0x2c1f</load_address>
         <run_address>0x2c1f</run_address>
         <size>0x297</size>
         <input_file_ref idref="fl-2"/>
      </object_component>
      <object_component id="oc-187">
         <name>.debug_info</name>
         <load_address>0x2eb6</load_address>
         <run_address>0x2eb6</run_address>
         <size>0x4e1</size>
         <input_file_ref idref="fl-2"/>
      </object_component>
      <object_component id="oc-332">
         <name>.debug_info</name>
         <load_address>0x3397</load_address>
         <run_address>0x3397</run_address>
         <size>0xc2</size>
         <input_file_ref idref="fl-2"/>
      </object_component>
      <object_component id="oc-18c">
         <name>.debug_info</name>
         <load_address>0x3459</load_address>
         <run_address>0x3459</run_address>
         <size>0x26b</size>
         <input_file_ref idref="fl-2"/>
      </object_component>
      <object_component id="oc-26d">
         <name>.debug_info</name>
         <load_address>0x36c4</load_address>
         <run_address>0x36c4</run_address>
         <size>0xda</size>
         <input_file_ref idref="fl-2"/>
      </object_component>
      <object_component id="oc-266">
         <name>.debug_info</name>
         <load_address>0x379e</load_address>
         <run_address>0x379e</run_address>
         <size>0x72</size>
         <input_file_ref idref="fl-2"/>
      </object_component>
      <object_component id="oc-14c">
         <name>.debug_info</name>
         <load_address>0x3810</load_address>
         <run_address>0x3810</run_address>
         <size>0x8b</size>
         <input_file_ref idref="fl-2"/>
      </object_component>
      <object_component id="oc-165">
         <name>.debug_info</name>
         <load_address>0x389b</load_address>
         <run_address>0x389b</run_address>
         <size>0x2a4</size>
         <input_file_ref idref="fl-2"/>
      </object_component>
      <object_component id="oc-a3">
         <name>.debug_info</name>
         <load_address>0x3b3f</load_address>
         <run_address>0x3b3f</run_address>
         <size>0xbb</size>
         <input_file_ref idref="fl-2"/>
      </object_component>
      <object_component id="oc-1ac">
         <name>.debug_info</name>
         <load_address>0x3bfa</load_address>
         <run_address>0x3bfa</run_address>
         <size>0x2c</size>
         <input_file_ref idref="fl-2"/>
      </object_component>
      <object_component id="oc-1a7">
         <name>.debug_info</name>
         <load_address>0x3c26</load_address>
         <run_address>0x3c26</run_address>
         <size>0x35</size>
         <input_file_ref idref="fl-2"/>
      </object_component>
      <object_component id="oc-469">
         <name>.debug_info</name>
         <load_address>0x3c5b</load_address>
         <run_address>0x3c5b</run_address>
         <size>0x44d</size>
         <input_file_ref idref="fl-3"/>
      </object_component>
      <object_component id="oc-47b">
         <name>.debug_info</name>
         <load_address>0x40a8</load_address>
         <run_address>0x40a8</run_address>
         <size>0x119</size>
         <input_file_ref idref="fl-3"/>
      </object_component>
      <object_component id="oc-153">
         <name>.debug_info</name>
         <load_address>0x41c1</load_address>
         <run_address>0x41c1</run_address>
         <size>0x11a</size>
         <input_file_ref idref="fl-3"/>
      </object_component>
      <object_component id="oc-466">
         <name>.debug_info</name>
         <load_address>0x42db</load_address>
         <run_address>0x42db</run_address>
         <size>0x11a</size>
         <input_file_ref idref="fl-3"/>
      </object_component>
      <object_component id="oc-3d3">
         <name>.debug_info</name>
         <load_address>0x43f5</load_address>
         <run_address>0x43f5</run_address>
         <size>0x1e8</size>
         <input_file_ref idref="fl-3"/>
      </object_component>
      <object_component id="oc-3d8">
         <name>.debug_info</name>
         <load_address>0x45dd</load_address>
         <run_address>0x45dd</run_address>
         <size>0x193</size>
         <input_file_ref idref="fl-3"/>
      </object_component>
      <object_component id="oc-46d">
         <name>.debug_info</name>
         <load_address>0x4770</load_address>
         <run_address>0x4770</run_address>
         <size>0x1be</size>
         <input_file_ref idref="fl-3"/>
      </object_component>
      <object_component id="oc-3de">
         <name>.debug_info</name>
         <load_address>0x492e</load_address>
         <run_address>0x492e</run_address>
         <size>0x1fb</size>
         <input_file_ref idref="fl-3"/>
      </object_component>
      <object_component id="oc-3e5">
         <name>.debug_info</name>
         <load_address>0x4b29</load_address>
         <run_address>0x4b29</run_address>
         <size>0x1c3</size>
         <input_file_ref idref="fl-3"/>
      </object_component>
      <object_component id="oc-3eb">
         <name>.debug_info</name>
         <load_address>0x4cec</load_address>
         <run_address>0x4cec</run_address>
         <size>0x1e6</size>
         <input_file_ref idref="fl-3"/>
      </object_component>
      <object_component id="oc-460">
         <name>.debug_info</name>
         <load_address>0x4ed2</load_address>
         <run_address>0x4ed2</run_address>
         <size>0x2e9</size>
         <input_file_ref idref="fl-3"/>
      </object_component>
      <object_component id="oc-3bf">
         <name>.debug_info</name>
         <load_address>0x51bb</load_address>
         <run_address>0x51bb</run_address>
         <size>0x26d</size>
         <input_file_ref idref="fl-3"/>
      </object_component>
      <object_component id="oc-327">
         <name>.debug_info</name>
         <load_address>0x5428</load_address>
         <run_address>0x5428</run_address>
         <size>0x1fe</size>
         <input_file_ref idref="fl-3"/>
      </object_component>
      <object_component id="oc-156">
         <name>.debug_info</name>
         <load_address>0x5626</load_address>
         <run_address>0x5626</run_address>
         <size>0x382</size>
         <input_file_ref idref="fl-4"/>
      </object_component>
      <object_component id="oc-9c">
         <name>.debug_info</name>
         <load_address>0x59a8</load_address>
         <run_address>0x59a8</run_address>
         <size>0x1cb</size>
         <input_file_ref idref="fl-4"/>
      </object_component>
      <object_component id="oc-2cd">
         <name>.debug_info</name>
         <load_address>0x5b73</load_address>
         <run_address>0x5b73</run_address>
         <size>0x712</size>
         <input_file_ref idref="fl-5"/>
      </object_component>
      <object_component id="oc-2f8">
         <name>.debug_info</name>
         <load_address>0x6285</load_address>
         <run_address>0x6285</run_address>
         <size>0x164</size>
         <input_file_ref idref="fl-5"/>
      </object_component>
      <object_component id="oc-2fb">
         <name>.debug_info</name>
         <load_address>0x63e9</load_address>
         <run_address>0x63e9</run_address>
         <size>0x112</size>
         <input_file_ref idref="fl-5"/>
      </object_component>
      <object_component id="oc-36f">
         <name>.debug_info</name>
         <load_address>0x64fb</load_address>
         <run_address>0x64fb</run_address>
         <size>0x118</size>
         <input_file_ref idref="fl-5"/>
      </object_component>
      <object_component id="oc-2d0">
         <name>.debug_info</name>
         <load_address>0x6613</load_address>
         <run_address>0x6613</run_address>
         <size>0x118</size>
         <input_file_ref idref="fl-5"/>
      </object_component>
      <object_component id="oc-217">
         <name>.debug_info</name>
         <load_address>0x672b</load_address>
         <run_address>0x672b</run_address>
         <size>0x18e</size>
         <input_file_ref idref="fl-5"/>
      </object_component>
      <object_component id="oc-2aa">
         <name>.debug_info</name>
         <load_address>0x68b9</load_address>
         <run_address>0x68b9</run_address>
         <size>0x16d</size>
         <input_file_ref idref="fl-5"/>
      </object_component>
      <object_component id="oc-1f9">
         <name>.debug_info</name>
         <load_address>0x6a26</load_address>
         <run_address>0x6a26</run_address>
         <size>0x285</size>
         <input_file_ref idref="fl-5"/>
      </object_component>
      <object_component id="oc-2f2">
         <name>.debug_info</name>
         <load_address>0x6cab</load_address>
         <run_address>0x6cab</run_address>
         <size>0x188</size>
         <input_file_ref idref="fl-5"/>
      </object_component>
      <object_component id="oc-2e7">
         <name>.debug_info</name>
         <load_address>0x6e33</load_address>
         <run_address>0x6e33</run_address>
         <size>0x184</size>
         <input_file_ref idref="fl-5"/>
      </object_component>
      <object_component id="oc-2ec">
         <name>.debug_info</name>
         <load_address>0x6fb7</load_address>
         <run_address>0x6fb7</run_address>
         <size>0x1dc</size>
         <input_file_ref idref="fl-5"/>
      </object_component>
      <object_component id="oc-324">
         <name>.debug_info</name>
         <load_address>0x7193</load_address>
         <run_address>0x7193</run_address>
         <size>0x4b3</size>
         <input_file_ref idref="fl-6"/>
      </object_component>
      <object_component id="oc-206">
         <name>.debug_info</name>
         <load_address>0x7646</load_address>
         <run_address>0x7646</run_address>
         <size>0x1cb</size>
         <input_file_ref idref="fl-6"/>
      </object_component>
      <object_component id="oc-30">
         <name>.debug_info</name>
         <load_address>0x7811</load_address>
         <run_address>0x7811</run_address>
         <size>0x1b9</size>
         <input_file_ref idref="fl-6"/>
      </object_component>
      <object_component id="oc-35">
         <name>.debug_info</name>
         <load_address>0x79ca</load_address>
         <run_address>0x79ca</run_address>
         <size>0x164</size>
         <input_file_ref idref="fl-6"/>
      </object_component>
      <object_component id="oc-220">
         <name>.debug_info</name>
         <load_address>0x7b2e</load_address>
         <run_address>0x7b2e</run_address>
         <size>0x44e</size>
         <input_file_ref idref="fl-7"/>
      </object_component>
      <object_component id="oc-300">
         <name>.debug_info</name>
         <load_address>0x7f7c</load_address>
         <run_address>0x7f7c</run_address>
         <size>0x255</size>
         <input_file_ref idref="fl-7"/>
      </object_component>
      <object_component id="oc-318">
         <name>.debug_info</name>
         <load_address>0x81d1</load_address>
         <run_address>0x81d1</run_address>
         <size>0x152</size>
         <input_file_ref idref="fl-7"/>
      </object_component>
      <object_component id="oc-312">
         <name>.debug_info</name>
         <load_address>0x8323</load_address>
         <run_address>0x8323</run_address>
         <size>0x152</size>
         <input_file_ref idref="fl-7"/>
      </object_component>
      <object_component id="oc-30c">
         <name>.debug_info</name>
         <load_address>0x8475</load_address>
         <run_address>0x8475</run_address>
         <size>0x152</size>
         <input_file_ref idref="fl-7"/>
      </object_component>
      <object_component id="oc-306">
         <name>.debug_info</name>
         <load_address>0x85c7</load_address>
         <run_address>0x85c7</run_address>
         <size>0x27b</size>
         <input_file_ref idref="fl-7"/>
      </object_component>
      <object_component id="oc-200">
         <name>.debug_info</name>
         <load_address>0x8842</load_address>
         <run_address>0x8842</run_address>
         <size>0x5b8</size>
         <input_file_ref idref="fl-7"/>
      </object_component>
      <object_component id="oc-27b">
         <name>.debug_info</name>
         <load_address>0x8dfa</load_address>
         <run_address>0x8dfa</run_address>
         <size>0x47d</size>
         <input_file_ref idref="fl-8"/>
      </object_component>
      <object_component id="oc-16d">
         <name>.debug_info</name>
         <load_address>0x9277</load_address>
         <run_address>0x9277</run_address>
         <size>0x18c</size>
         <input_file_ref idref="fl-8"/>
      </object_component>
      <object_component id="oc-2a3">
         <name>.debug_info</name>
         <load_address>0x9403</load_address>
         <run_address>0x9403</run_address>
         <size>0x340</size>
         <input_file_ref idref="fl-8"/>
      </object_component>
      <object_component id="oc-1f0">
         <name>.debug_info</name>
         <load_address>0x9743</load_address>
         <run_address>0x9743</run_address>
         <size>0x1a0</size>
         <input_file_ref idref="fl-8"/>
      </object_component>
      <object_component id="oc-c3">
         <name>.debug_info</name>
         <load_address>0x98e3</load_address>
         <run_address>0x98e3</run_address>
         <size>0x36c</size>
         <input_file_ref idref="fl-9"/>
      </object_component>
      <object_component id="oc-3b">
         <name>.debug_info</name>
         <load_address>0x9c4f</load_address>
         <run_address>0x9c4f</run_address>
         <size>0x12e</size>
         <input_file_ref idref="fl-9"/>
      </object_component>
      <object_component id="oc-3e">
         <name>.debug_info</name>
         <load_address>0x9d7d</load_address>
         <run_address>0x9d7d</run_address>
         <size>0x177</size>
         <input_file_ref idref="fl-9"/>
      </object_component>
      <object_component id="oc-b2">
         <name>.debug_info</name>
         <load_address>0x9ef4</load_address>
         <run_address>0x9ef4</run_address>
         <size>0x173</size>
         <input_file_ref idref="fl-9"/>
      </object_component>
      <object_component id="oc-b7">
         <name>.debug_info</name>
         <load_address>0xa067</load_address>
         <run_address>0xa067</run_address>
         <size>0x16c</size>
         <input_file_ref idref="fl-9"/>
      </object_component>
      <object_component id="oc-bd">
         <name>.debug_info</name>
         <load_address>0xa1d3</load_address>
         <run_address>0xa1d3</run_address>
         <size>0x170</size>
         <input_file_ref idref="fl-9"/>
      </object_component>
      <object_component id="oc-5e">
         <name>.debug_info</name>
         <load_address>0xa343</load_address>
         <run_address>0xa343</run_address>
         <size>0x84</size>
         <input_file_ref idref="fl-c"/>
      </object_component>
      <object_component id="oc-d2">
         <name>.debug_info</name>
         <load_address>0xa3c7</load_address>
         <run_address>0xa3c7</run_address>
         <size>0x4ab</size>
         <input_file_ref idref="fl-10"/>
      </object_component>
      <object_component id="oc-d5">
         <name>.debug_info</name>
         <load_address>0xa872</load_address>
         <run_address>0xa872</run_address>
         <size>0x7b9</size>
         <input_file_ref idref="fl-10"/>
      </object_component>
      <object_component id="oc-282">
         <name>.debug_info</name>
         <load_address>0xb02b</load_address>
         <run_address>0xb02b</run_address>
         <size>0x236</size>
         <input_file_ref idref="fl-10"/>
      </object_component>
      <object_component id="oc-41a">
         <name>.debug_info</name>
         <load_address>0xb261</load_address>
         <run_address>0xb261</run_address>
         <size>0x236</size>
         <input_file_ref idref="fl-10"/>
      </object_component>
      <object_component id="oc-421">
         <name>.debug_info</name>
         <load_address>0xb497</load_address>
         <run_address>0xb497</run_address>
         <size>0x2da</size>
         <input_file_ref idref="fl-10"/>
      </object_component>
      <object_component id="oc-111">
         <name>.debug_info</name>
         <load_address>0xb771</load_address>
         <run_address>0xb771</run_address>
         <size>0x236</size>
         <input_file_ref idref="fl-10"/>
      </object_component>
      <object_component id="oc-434">
         <name>.debug_info</name>
         <load_address>0xb9a7</load_address>
         <run_address>0xb9a7</run_address>
         <size>0x236</size>
         <input_file_ref idref="fl-10"/>
      </object_component>
      <object_component id="oc-43a">
         <name>.debug_info</name>
         <load_address>0xbbdd</load_address>
         <run_address>0xbbdd</run_address>
         <size>0x2ba</size>
         <input_file_ref idref="fl-10"/>
      </object_component>
      <object_component id="oc-1cf">
         <name>.debug_info</name>
         <load_address>0xbe97</load_address>
         <run_address>0xbe97</run_address>
         <size>0x1ae</size>
         <input_file_ref idref="fl-10"/>
      </object_component>
      <object_component id="oc-ed">
         <name>.debug_info</name>
         <load_address>0xc045</load_address>
         <run_address>0xc045</run_address>
         <size>0x240</size>
         <input_file_ref idref="fl-10"/>
      </object_component>
      <object_component id="oc-193">
         <name>.debug_info</name>
         <load_address>0xc285</load_address>
         <run_address>0xc285</run_address>
         <size>0x1ea</size>
         <input_file_ref idref="fl-10"/>
      </object_component>
      <object_component id="oc-199">
         <name>.debug_info</name>
         <load_address>0xc46f</load_address>
         <run_address>0xc46f</run_address>
         <size>0x207</size>
         <input_file_ref idref="fl-10"/>
      </object_component>
      <object_component id="oc-1db">
         <name>.debug_info</name>
         <load_address>0xc676</load_address>
         <run_address>0xc676</run_address>
         <size>0x228</size>
         <input_file_ref idref="fl-10"/>
      </object_component>
      <object_component id="oc-19f">
         <name>.debug_info</name>
         <load_address>0xc89e</load_address>
         <run_address>0xc89e</run_address>
         <size>0x2b6</size>
         <input_file_ref idref="fl-10"/>
      </object_component>
      <object_component id="oc-c7">
         <name>.debug_info</name>
         <load_address>0xcb54</load_address>
         <run_address>0xcb54</run_address>
         <size>0x35c</size>
         <input_file_ref idref="fl-10"/>
      </object_component>
      <object_component id="oc-cd">
         <name>.debug_info</name>
         <load_address>0xceb0</load_address>
         <run_address>0xceb0</run_address>
         <size>0x226</size>
         <input_file_ref idref="fl-10"/>
      </object_component>
      <object_component id="oc-45">
         <name>.debug_info</name>
         <load_address>0xd0d6</load_address>
         <run_address>0xd0d6</run_address>
         <size>0x22b</size>
         <input_file_ref idref="fl-10"/>
      </object_component>
      <object_component id="oc-1b5">
         <name>.debug_info</name>
         <load_address>0xd301</load_address>
         <run_address>0xd301</run_address>
         <size>0x26f</size>
         <input_file_ref idref="fl-10"/>
      </object_component>
      <object_component id="oc-427">
         <name>.debug_info</name>
         <load_address>0xd570</load_address>
         <run_address>0xd570</run_address>
         <size>0x230</size>
         <input_file_ref idref="fl-10"/>
      </object_component>
      <object_component id="oc-440">
         <name>.debug_info</name>
         <load_address>0xd7a0</load_address>
         <run_address>0xd7a0</run_address>
         <size>0x230</size>
         <input_file_ref idref="fl-10"/>
      </object_component>
      <object_component id="oc-42d">
         <name>.debug_info</name>
         <load_address>0xd9d0</load_address>
         <run_address>0xd9d0</run_address>
         <size>0x290</size>
         <input_file_ref idref="fl-10"/>
      </object_component>
      <object_component id="oc-446">
         <name>.debug_info</name>
         <load_address>0xdc60</load_address>
         <run_address>0xdc60</run_address>
         <size>0x290</size>
         <input_file_ref idref="fl-10"/>
      </object_component>
      <object_component id="oc-38e">
         <name>.debug_info</name>
         <load_address>0xdef0</load_address>
         <run_address>0xdef0</run_address>
         <size>0x27a</size>
         <input_file_ref idref="fl-10"/>
      </object_component>
      <object_component id="oc-39a">
         <name>.debug_info</name>
         <load_address>0xe16a</load_address>
         <run_address>0xe16a</run_address>
         <size>0x1e0</size>
         <input_file_ref idref="fl-10"/>
      </object_component>
      <object_component id="oc-2c8">
         <name>.debug_info</name>
         <load_address>0xe34a</load_address>
         <run_address>0xe34a</run_address>
         <size>0x1e2</size>
         <input_file_ref idref="fl-10"/>
      </object_component>
      <object_component id="oc-2c2">
         <name>.debug_info</name>
         <load_address>0xe52c</load_address>
         <run_address>0xe52c</run_address>
         <size>0x284</size>
         <input_file_ref idref="fl-10"/>
      </object_component>
      <object_component id="oc-394">
         <name>.debug_info</name>
         <load_address>0xe7b0</load_address>
         <run_address>0xe7b0</run_address>
         <size>0x1d8</size>
         <input_file_ref idref="fl-10"/>
      </object_component>
      <object_component id="oc-ff">
         <name>.debug_info</name>
         <load_address>0xe988</load_address>
         <run_address>0xe988</run_address>
         <size>0x218</size>
         <input_file_ref idref="fl-10"/>
      </object_component>
      <object_component id="oc-105">
         <name>.debug_info</name>
         <load_address>0xeba0</load_address>
         <run_address>0xeba0</run_address>
         <size>0x1b6</size>
         <input_file_ref idref="fl-10"/>
      </object_component>
      <object_component id="oc-4a2">
         <name>.debug_info</name>
         <load_address>0xed56</load_address>
         <run_address>0xed56</run_address>
         <size>0x29d</size>
         <input_file_ref idref="fl-10"/>
      </object_component>
      <object_component id="oc-476">
         <name>.debug_info</name>
         <load_address>0xeff3</load_address>
         <run_address>0xeff3</run_address>
         <size>0x2d7</size>
         <input_file_ref idref="fl-10"/>
      </object_component>
      <object_component id="oc-28d">
         <name>.debug_info</name>
         <load_address>0xf2ca</load_address>
         <run_address>0xf2ca</run_address>
         <size>0x1e1</size>
         <input_file_ref idref="fl-10"/>
      </object_component>
      <object_component id="oc-293">
         <name>.debug_info</name>
         <load_address>0xf4ab</load_address>
         <run_address>0xf4ab</run_address>
         <size>0x21d</size>
         <input_file_ref idref="fl-10"/>
      </object_component>
      <object_component id="oc-1c7">
         <name>.debug_info</name>
         <load_address>0xf6c8</load_address>
         <run_address>0xf6c8</run_address>
         <size>0x32c</size>
         <input_file_ref idref="fl-10"/>
      </object_component>
      <object_component id="oc-37a">
         <name>.debug_info</name>
         <load_address>0xf9f4</load_address>
         <run_address>0xf9f4</run_address>
         <size>0x1ac</size>
         <input_file_ref idref="fl-10"/>
      </object_component>
      <object_component id="oc-1bb">
         <name>.debug_info</name>
         <load_address>0xfba0</load_address>
         <run_address>0xfba0</run_address>
         <size>0x1f9</size>
         <input_file_ref idref="fl-10"/>
      </object_component>
      <object_component id="oc-1c1">
         <name>.debug_info</name>
         <load_address>0xfd99</load_address>
         <run_address>0xfd99</run_address>
         <size>0x21a</size>
         <input_file_ref idref="fl-10"/>
      </object_component>
      <object_component id="oc-da">
         <name>.debug_info</name>
         <load_address>0xffb3</load_address>
         <run_address>0xffb3</run_address>
         <size>0x3aa</size>
         <input_file_ref idref="fl-10"/>
      </object_component>
      <object_component id="oc-4b">
         <name>.debug_info</name>
         <load_address>0x1035d</load_address>
         <run_address>0x1035d</run_address>
         <size>0x229</size>
         <input_file_ref idref="fl-10"/>
      </object_component>
      <object_component id="oc-e7">
         <name>.debug_info</name>
         <load_address>0x10586</load_address>
         <run_address>0x10586</run_address>
         <size>0x20c</size>
         <input_file_ref idref="fl-10"/>
      </object_component>
      <object_component id="oc-f3">
         <name>.debug_info</name>
         <load_address>0x10792</load_address>
         <run_address>0x10792</run_address>
         <size>0x1c5</size>
         <input_file_ref idref="fl-10"/>
      </object_component>
      <object_component id="oc-e1">
         <name>.debug_info</name>
         <load_address>0x10957</load_address>
         <run_address>0x10957</run_address>
         <size>0x1b5</size>
         <input_file_ref idref="fl-10"/>
      </object_component>
      <object_component id="oc-10b">
         <name>.debug_info</name>
         <load_address>0x10b0c</load_address>
         <run_address>0x10b0c</run_address>
         <size>0x25f</size>
         <input_file_ref idref="fl-10"/>
      </object_component>
      <object_component id="oc-44c">
         <name>.debug_info</name>
         <load_address>0x10d6b</load_address>
         <run_address>0x10d6b</run_address>
         <size>0x1ec</size>
         <input_file_ref idref="fl-10"/>
      </object_component>
      <object_component id="oc-452">
         <name>.debug_info</name>
         <load_address>0x10f57</load_address>
         <run_address>0x10f57</run_address>
         <size>0x1f8</size>
         <input_file_ref idref="fl-10"/>
      </object_component>
      <object_component id="oc-388">
         <name>.debug_info</name>
         <load_address>0x1114f</load_address>
         <run_address>0x1114f</run_address>
         <size>0x32b</size>
         <input_file_ref idref="fl-10"/>
      </object_component>
      <object_component id="oc-374">
         <name>.debug_info</name>
         <load_address>0x1147a</load_address>
         <run_address>0x1147a</run_address>
         <size>0x286</size>
         <input_file_ref idref="fl-10"/>
      </object_component>
      <object_component id="oc-2b0">
         <name>.debug_info</name>
         <load_address>0x11700</load_address>
         <run_address>0x11700</run_address>
         <size>0x221</size>
         <input_file_ref idref="fl-10"/>
      </object_component>
      <object_component id="oc-f9">
         <name>.debug_info</name>
         <load_address>0x11921</load_address>
         <run_address>0x11921</run_address>
         <size>0x272</size>
         <input_file_ref idref="fl-10"/>
      </object_component>
      <object_component id="oc-2b6">
         <name>.debug_info</name>
         <load_address>0x11b93</load_address>
         <run_address>0x11b93</run_address>
         <size>0x1cf</size>
         <input_file_ref idref="fl-10"/>
      </object_component>
      <object_component id="oc-3a0">
         <name>.debug_info</name>
         <load_address>0x11d62</load_address>
         <run_address>0x11d62</run_address>
         <size>0x26a</size>
         <input_file_ref idref="fl-10"/>
      </object_component>
      <object_component id="oc-3a6">
         <name>.debug_info</name>
         <load_address>0x11fcc</load_address>
         <run_address>0x11fcc</run_address>
         <size>0x1ea</size>
         <input_file_ref idref="fl-10"/>
      </object_component>
      <object_component id="oc-382">
         <name>.debug_info</name>
         <load_address>0x121b6</load_address>
         <run_address>0x121b6</run_address>
         <size>0x2a2</size>
         <input_file_ref idref="fl-10"/>
      </object_component>
      <object_component id="oc-2bc">
         <name>.debug_info</name>
         <load_address>0x12458</load_address>
         <run_address>0x12458</run_address>
         <size>0x44c</size>
         <input_file_ref idref="fl-10"/>
      </object_component>
      <object_component id="oc-50">
         <name>.debug_info</name>
         <load_address>0x128a4</load_address>
         <run_address>0x128a4</run_address>
         <size>0x724</size>
         <input_file_ref idref="fl-10"/>
      </object_component>
      <object_component id="oc-366">
         <name>.debug_info</name>
         <load_address>0x12fc8</load_address>
         <run_address>0x12fc8</run_address>
         <size>0x237</size>
         <input_file_ref idref="fl-11"/>
      </object_component>
      <object_component id="oc-29c">
         <name>.debug_info</name>
         <load_address>0x131ff</load_address>
         <run_address>0x131ff</run_address>
         <size>0x3fe</size>
         <input_file_ref idref="fl-11"/>
      </object_component>
      <object_component id="oc-27d">
         <name>.debug_info</name>
         <load_address>0x135fd</load_address>
         <run_address>0x135fd</run_address>
         <size>0x1d9</size>
         <input_file_ref idref="fl-15"/>
      </object_component>
      <object_component id="oc-21d">
         <name>.debug_info</name>
         <load_address>0x137d6</load_address>
         <run_address>0x137d6</run_address>
         <size>0x128</size>
         <input_file_ref idref="fl-15"/>
      </object_component>
      <object_component id="oc-173">
         <name>.debug_info</name>
         <load_address>0x138fe</load_address>
         <run_address>0x138fe</run_address>
         <size>0x259</size>
         <input_file_ref idref="fl-15"/>
      </object_component>
      <object_component id="oc-1f3">
         <name>.debug_info</name>
         <load_address>0x13b57</load_address>
         <run_address>0x13b57</run_address>
         <size>0x264</size>
         <input_file_ref idref="fl-15"/>
      </object_component>
      <object_component id="oc-177">
         <name>.debug_info</name>
         <load_address>0x13dbb</load_address>
[...]
         <name>vectorTableFlash</name>
         <value>0x200400</value>
         <object_component_ref idref="oc-3a"/>
      </symbol>
      <symbol id="sm-55f">
         <name>Ethernet_device_struct</name>
         <value>0x2000d200</value>
      </symbol>
      <symbol id="sm-560">
         <name>Ethernet_descArray</name>
         <value>0x2000d464</value>
      </symbol>
      <symbol id="sm-561">
         <name>Ethernet_retrieveRxPacket</name>
         <value>0x200be5</value>
         <object_component_ref idref="oc-1c5"/>
      </symbol>
      <symbol id="sm-562">
         <name>Ethernet_rxChan0BufUnavail</name>
         <value>0x2000da84</value>
         <object_component_ref idref="oc-d4"/>
      </symbol>
      <symbol id="sm-563">
         <name>Ethernet_rxChan1BufUnavail</name>
         <value>0x2000da8c</value>
         <object_component_ref idref="oc-d4"/>
      </symbol>
      <symbol id="sm-564">
         <name>Ethernet_numTxPktFreeCallback</name>
         <value>0x2000da34</value>
         <object_component_ref idref="oc-d4"/>
      </symbol>
      <symbol id="sm-565">
         <name>Ethernet_writeTxDMAControl</name>
         <value>0x201a55</value>
         <object_component_ref idref="oc-41f"/>
      </symbol>
      <symbol id="sm-566">
         <name>Ethernet_getPHYMode</name>
         <value>0x2027f5</value>
         <object_component_ref idref="oc-1cd"/>
      </symbol>
      <symbol id="sm-567">
         <name>Ethernet_writeTxDescTailPointer</name>
         <value>0x2027dd</value>
         <object_component_ref idref="oc-281"/>
      </symbol>
      <symbol id="sm-568">
         <name>Ethernet_setMTLRxQueueOpMode</name>
         <value>0x20267d</value>
         <object_component_ref idref="oc-444"/>
      </symbol>
      <symbol id="sm-569">
         <name>Ethernet_transmitISR</name>
         <value>0x201f9d</value>
         <object_component_ref idref="oc-43"/>
      </symbol>
      <symbol id="sm-56a">
         <name>Ethernet_setMTLOpmode</name>
         <value>0x2027ad</value>
         <object_component_ref idref="oc-38c"/>
      </symbol>
      <symbol id="sm-56b">
         <name>Ethernet_writeTxDescListAddress</name>
         <value>0x2027d1</value>
         <object_component_ref idref="oc-419"/>
      </symbol>
      <symbol id="sm-56c">
         <name>Ethernet_performPushOnPacketQueue</name>
         <value>0x202611</value>
         <object_component_ref idref="oc-1d9"/>
      </symbol>
      <symbol id="sm-56d">
         <name>Ethernet_writePHYRegister</name>
         <value>0x201d3d</value>
         <object_component_ref idref="oc-eb"/>
      </symbol>
      <symbol id="sm-56e">
         <name>Ethernet_removePacketsFromTxQueue</name>
         <value>0x200fdd</value>
         <object_component_ref idref="oc-c5"/>
      </symbol>
      <symbol id="sm-56f">
         <name>Ethernet_performPopOnPacketQueue</name>
         <value>0x202735</value>
         <object_component_ref idref="oc-197"/>
      </symbol>
      <symbol id="sm-570">
         <name>Ethernet_rwakeupPktReceivedCount</name>
         <value>0x2000da7c</value>
         <object_component_ref idref="oc-d4"/>
      </symbol>
      <symbol id="sm-571">
         <name>Ethernet_isTimestampIntActive</name>
         <value>0x2025d9</value>
         <object_component_ref idref="oc-df"/>
      </symbol>
      <symbol id="sm-572">
         <name>Ethernet_setMACConfiguration</name>
         <value>0x20280f</value>
         <object_component_ref idref="oc-2c6"/>
      </symbol>
      <symbol id="sm-573">
         <name>Ethernet_genericRxCompletionInterruptCount</name>
         <value>0x2000da58</value>
         <object_component_ref idref="oc-d4"/>
      </symbol>
      <symbol id="sm-574">
         <name>Ethernet_numGetPacketBufferCallback</name>
         <value>0x2000da3c</value>
         <object_component_ref idref="oc-d4"/>
      </symbol>
      <symbol id="sm-575">
         <name>Ethernet_initInterface</name>
         <value>0x2014c9</value>
         <object_component_ref idref="oc-2ae"/>
      </symbol>
      <symbol id="sm-576">
         <name>Ethernet_receiveISR</name>
         <value>0x201ee1</value>
         <object_component_ref idref="oc-49"/>
      </symbol>
      <symbol id="sm-577">
         <name>Ethernet_sendPacket</name>
         <value>0x2010d5</value>
         <object_component_ref idref="oc-474"/>
      </symbol>
      <symbol id="sm-578">
         <name>Ethernet_isTransmitTimestampStatusSet</name>
         <value>0x2025f5</value>
         <object_component_ref idref="oc-f1"/>
      </symbol>
      <symbol id="sm-579">
         <name>Ethernet_rxReplacementFailedCount</name>
         <value>0x2000da60</value>
         <object_component_ref idref="oc-d4"/>
      </symbol>
      <symbol id="sm-57a">
         <name>Ethernet_setTxDescRingLength</name>
         <value>0x2026a9</value>
         <object_component_ref idref="oc-425"/>
      </symbol>
      <symbol id="sm-57b">
         <name>Ethernet_readPHYRegister</name>
         <value>0x20219d</value>
         <object_component_ref idref="oc-e5"/>
      </symbol>
      <symbol id="sm-57c">
         <name>Ethernet_initRxChannel</name>
         <value>0x2011b1</value>
         <object_component_ref idref="oc-386"/>
      </symbol>
      <symbol id="sm-57d">
         <name>Ethernet_setDMAMode</name>
         <value>0x202807</value>
         <object_component_ref idref="oc-392"/>
      </symbol>
      <symbol id="sm-57e">
         <name>Ethernet_addPacketsIntoRxQueue</name>
         <value>0x201add</value>
         <object_component_ref idref="oc-109"/>
      </symbol>
      <symbol id="sm-57f">
         <name>Ethernet_HW_descQueueGetCount</name>
         <value>0x20282f</value>
         <object_component_ref idref="oc-191"/>
      </symbol>
      <symbol id="sm-580">
         <name>Ethernet_genericISR</name>
         <value>0x200541</value>
         <object_component_ref idref="oc-4f"/>
      </symbol>
      <symbol id="sm-581">
         <name>Ethernet_configureRevMIIAddress</name>
         <value>0x2027a1</value>
         <object_component_ref idref="oc-372"/>
      </symbol>
      <symbol id="sm-582">
         <name>Ethernet_clearDMAChannelInterrupt</name>
         <value>0x202795</value>
         <object_component_ref idref="oc-cb"/>
      </symbol>
      <symbol id="sm-583">
         <name>Ethernet_genericInterruptCount</name>
         <value>0x2000da4c</value>
         <object_component_ref idref="oc-d4"/>
      </symbol>
      <symbol id="sm-584">
         <name>Ethernet_eeeTxLPIEntryCount</name>
         <value>0x2000da64</value>
         <object_component_ref idref="oc-d4"/>
      </symbol>
      <symbol id="sm-585">
         <name>Ethernet_eeeRxLPIEntryCount</name>
         <value>0x2000da6c</value>
         <object_component_ref idref="oc-d4"/>
      </symbol>
      <symbol id="sm-586">
         <name>Ethernet_getInitConfig</name>
         <value>0x201355</value>
         <object_component_ref idref="oc-2b4"/>
      </symbol>
      <symbol id="sm-587">
         <name>Ethernet_setRxDescRingLength</name>
         <value>0x202693</value>
         <object_component_ref idref="oc-43e"/>
      </symbol>
      <symbol id="sm-588">
         <name>Ethernet_phyLinkStatusChangeInterruptCount</name>
         <value>0x2000da5c</value>
         <object_component_ref idref="oc-d4"/>
      </symbol>
      <symbol id="sm-589">
         <name>Ethernet_rxInterruptCount</name>
         <value>0x2000da44</value>
         <object_component_ref idref="oc-d4"/>
      </symbol>
      <symbol id="sm-58a">
         <name>Ethernet_resetModule</name>
         <value>0x202769</value>
         <object_component_ref idref="oc-378"/>
      </symbol>
      <symbol id="sm-58b">
         <name>Ethernet_removePacketsFromRxQueue</name>
         <value>0x20157d</value>
         <object_component_ref idref="oc-d8"/>
      </symbol>
      <symbol id="sm-58c">
         <name>Ethernet_setMTLTxQueueOpMode</name>
         <value>0x202649</value>
         <object_component_ref idref="oc-42b"/>
      </symbol>
      <symbol id="sm-58d">
         <name>Ethernet_configureEEEClockGatingControl</name>
         <value>0x20253d</value>
         <object_component_ref idref="oc-fd"/>
      </symbol>
      <symbol id="sm-58e">
         <name>Ethernet_addPacketsIntoTxQueue</name>
         <value>0x2001b1</value>
         <object_component_ref idref="oc-19d"/>
      </symbol>
      <symbol id="sm-58f">
         <name>Ethernet_enableDmaInterrupt</name>
         <value>0x2026d3</value>
         <object_component_ref idref="oc-1bf"/>
      </symbol>
      <symbol id="sm-590">
         <name>Ethernet_txChan0BufUnavail</name>
         <value>0x2000da80</value>
         <object_component_ref idref="oc-d4"/>
      </symbol>
      <symbol id="sm-591">
         <name>Ethernet_earlyTxInterruptCount</name>
         <value>0x2000da54</value>
         <object_component_ref idref="oc-d4"/>
      </symbol>
      <symbol id="sm-592">
         <name>Ethernet_txChan1BufUnavail</name>
         <value>0x2000da88</value>
         <object_component_ref idref="oc-d4"/>
      </symbol>
      <symbol id="sm-593">
         <name>Ethernet_magicPktReceivedCount</name>
         <value>0x2000da78</value>
         <object_component_ref idref="oc-d4"/>
      </symbol>
      <symbol id="sm-594">
         <name>Ethernet_configurePHYAddress</name>
         <value>0x2027ff</value>
         <object_component_ref idref="oc-3a4"/>
      </symbol>
      <symbol id="sm-595">
         <name>Ethernet_rxContextTimeStamp</name>
         <value>0x2000da48</value>
         <object_component_ref idref="oc-d4"/>
      </symbol>
      <symbol id="sm-596">
         <name>Ethernet_writeRxDescListAddress</name>
         <value>0x2027b9</value>
         <object_component_ref idref="oc-432"/>
      </symbol>
      <symbol id="sm-597">
         <name>Ethernet_getOneStepTransmitTimestampPTP</name>
         <value>0x201ccd</value>
         <object_component_ref idref="oc-f7"/>
      </symbol>
      <symbol id="sm-598">
         <name>Ethernet_numRxCallback</name>
         <value>0x2000da38</value>
         <object_component_ref idref="oc-d4"/>
      </symbol>
      <symbol id="sm-599">
         <name>Ethernet_setMACPacketFilter</name>
         <value>0x202817</value>
         <object_component_ref idref="oc-398"/>
      </symbol>
      <symbol id="sm-59a">
         <name>Ethernet_pmtInterruptCount</name>
         <value>0x2000da74</value>
         <object_component_ref idref="oc-d4"/>
      </symbol>
      <symbol id="sm-59b">
         <name>Ethernet_getHandle</name>
         <value>0x200d51</value>
         <object_component_ref idref="oc-2ba"/>
      </symbol>
      <symbol id="sm-59c">
         <name>Ethernet_getRxERICount</name>
         <value>0x202723</value>
         <object_component_ref idref="oc-291"/>
      </symbol>
      <symbol id="sm-59d">
         <name>Ethernet_enableRxDMAReception</name>
         <value>0x202711</value>
         <object_component_ref idref="oc-450"/>
      </symbol>
      <symbol id="sm-59e">
         <name>Ethernet_earlyRxInterruptCount</name>
         <value>0x2000da50</value>
         <object_component_ref idref="oc-d4"/>
      </symbol>
      <symbol id="sm-59f">
         <name>Ethernet_enableMACRxQ</name>
         <value>0x2024f9</value>
         <object_component_ref idref="oc-44a"/>
      </symbol>
      <symbol id="sm-5a0">
         <name>Ethernet_nextDescAvailable</name>
         <value>0x2026e7</value>
         <object_component_ref idref="oc-1b9"/>
      </symbol>
      <symbol id="sm-5a1">
         <name>Ethernet_configureMDIO</name>
         <value>0x202759</value>
         <object_component_ref idref="oc-39e"/>
      </symbol>
      <symbol id="sm-5a2">
         <name>Ethernet_writeRxDescTailPointer</name>
         <value>0x2027c5</value>
         <object_component_ref idref="oc-10f"/>
      </symbol>
      <symbol id="sm-5a3">
         <name>Ethernet_writeRxDMAControl</name>
         <value>0x201f41</value>
         <object_component_ref idref="oc-438"/>
      </symbol>
      <symbol id="sm-5a4">
         <name>Ethernet_eeeRxLPIExitCount</name>
         <value>0x2000da70</value>
         <object_component_ref idref="oc-d4"/>
      </symbol>
      <symbol id="sm-5a5">
         <name>Ethernet_setMACAddr</name>
         <value>0x20262d</value>
         <object_component_ref idref="oc-2c0"/>
      </symbol>
      <symbol id="sm-5a6">
         <name>Ethernet_txInterruptCount</name>
         <value>0x2000da40</value>
         <object_component_ref idref="oc-d4"/>
      </symbol>
      <symbol id="sm-5a7">
         <name>Ethernet_disableTxEEEMode</name>
         <value>0x202779</value>
         <object_component_ref idref="oc-103"/>
      </symbol>
      <symbol id="sm-5a8">
         <name>Ethernet_submitRxPacket</name>
         <value>0x20204d</value>
         <object_component_ref idref="oc-1b3"/>
      </symbol>
      <symbol id="sm-5a9">
         <name>Ethernet_eeeTxLPIExitCount</name>
         <value>0x2000da68</value>
         <object_component_ref idref="oc-d4"/>
      </symbol>
      <symbol id="sm-5cc">
         <name>Flash_initModule</name>
         <value>0x1fffe001</value>
         <object_component_ref idref="oc-29a"/>
      </symbol>
      <symbol id="sm-625">
         <name>Interrupt_disable</name>
         <value>0x20180d</value>
         <object_component_ref idref="oc-2de"/>
      </symbol>
      <symbol id="sm-626">
         <name>vectorTableRAM</name>
         <value>0x20000800</value>
         <object_component_ref idref="oc-21c"/>
      </symbol>
      <symbol id="sm-627">
         <name>Interrupt_enable</name>
         <value>0x2018a1</value>
         <object_component_ref idref="oc-176"/>
      </symbol>
      <symbol id="sm-628">
         <name>Interrupt_initRAMVectorTable</name>
         <value>0x201dad</value>
         <object_component_ref idref="oc-1f2"/>
      </symbol>
      <symbol id="sm-629">
         <name>Interrupt_registerHandler</name>
         <value>0x201bdd</value>
         <object_component_ref idref="oc-170"/>
      </symbol>
      <symbol id="sm-670">
         <name>IPC_sendCommand</name>
         <value>0x201ff5</value>
         <object_component_ref idref="oc-31d"/>
      </symbol>
      <symbol id="sm-671">
         <name>IPC_CM_To_CPU2_PutBuffer</name>
         <value>0x20086000</value>
         <object_component_ref idref="oc-15d"/>
      </symbol>
      <symbol id="sm-672">
         <name>IPC_registerInterrupt</name>
         <value>0x2020f5</value>
         <object_component_ref idref="oc-a8"/>
      </symbol>
      <symbol id="sm-673">
         <name>IPC_CM_To_CPU1_PutBuffer</name>
         <value>0x20082000</value>
         <object_component_ref idref="oc-157"/>
      </symbol>
      <symbol id="sm-674">
         <name>IPC_Instance</name>
         <value>0x202850</value>
         <object_component_ref idref="oc-9f"/>
      </symbol>
      <symbol id="sm-675">
         <name>IPC_CM_To_CPU2_GetBuffer</name>
         <value>0x20084000</value>
         <object_component_ref idref="oc-160"/>
      </symbol>
      <symbol id="sm-676">
         <name>IPC_CM_To_CPU1_GetBuffer</name>
         <value>0x20080000</value>
         <object_component_ref idref="oc-15a"/>
      </symbol>
      <symbol id="sm-677">
         <name>IPC_readCommand</name>
         <value>0x2020a1</value>
         <object_component_ref idref="oc-93"/>
      </symbol>
      <symbol id="sm-68f">
         <name>Platform_enablePeripheral</name>
         <value>0x20281f</value>
         <object_component_ref idref="oc-2d2"/>
      </symbol>
      <symbol id="sm-690">
         <name>Platform_resetPeripheral</name>
         <value>0x202825</value>
         <object_component_ref idref="oc-2d8"/>
      </symbol>
      <symbol id="sm-6ac">
         <name>SysCtl_enablePeripheral</name>
         <value>0x2003d5</value>
         <object_component_ref idref="oc-367"/>
      </symbol>
      <symbol id="sm-6ad">
         <name>SysCtl_resetPeripheral</name>
         <value>0x202421</value>
         <object_component_ref idref="oc-3b4"/>
      </symbol>
      <symbol id="sm-6d3">
         <name>memcpy</name>
         <value>0x201771</value>
         <object_component_ref idref="oc-63"/>
      </symbol>
      <symbol id="sm-6d4">
         <name>__aeabi_memcpy</name>
         <value>0x201771</value>
         <object_component_ref idref="oc-63"/>
      </symbol>
      <symbol id="sm-6d5">
         <name>__aeabi_memcpy8</name>
         <value>0x201771</value>
         <object_component_ref idref="oc-63"/>
      </symbol>
      <symbol id="sm-6d6">
         <name>__aeabi_memcpy4</name>
         <value>0x201771</value>
         <object_component_ref idref="oc-63"/>
      </symbol>
      <symbol id="sm-6e6">
         <name>__aeabi_memset</name>
         <value>0x201b63</value>
         <object_component_ref idref="oc-12d"/>
      </symbol>
      <symbol id="sm-6e7">
         <name>memset</name>
         <value>0x201b69</value>
         <object_component_ref idref="oc-12d"/>
      </symbol>
      <symbol id="sm-6e8">
         <name>__aeabi_memset8</name>
         <value>0x201b63</value>
         <object_component_ref idref="oc-12d"/>
      </symbol>
      <symbol id="sm-6e9">
         <name>__aeabi_memset4</name>
         <value>0x201b63</value>
         <object_component_ref idref="oc-12d"/>
      </symbol>
      <symbol id="sm-6ea">
         <name>__aeabi_memclr8</name>
         <value>0x201b61</value>
         <object_component_ref idref="oc-12d"/>
      </symbol>
      <symbol id="sm-6eb">
         <name>__aeabi_memclr4</name>
         <value>0x201b61</value>
         <object_component_ref idref="oc-12d"/>
      </symbol>
      <symbol id="sm-6ec">
         <name>__aeabi_memclr</name>
         <value>0x201b61</value>
         <object_component_ref idref="oc-12d"/>
      </symbol>
      <symbol id="sm-6fe">
         <name>__TI_zero_init</name>
         <value>0x2027e9</value>
         <object_component_ref idref="oc-75"/>
      </symbol>
      <symbol id="sm-715">
         <name>__TI_decompress_none</name>
         <value>0x202787</value>
         <object_component_ref idref="oc-20"/>
      </symbol>
      <symbol id="sm-738">
         <name>__TI_decompress_lzss</name>
         <value>0x201e15</value>
         <object_component_ref idref="oc-1a"/>
      </symbol>
      <symbol id="sm-74a">
         <name>__stack</name>
         <value>0x1fffc000</value>
         <object_component_ref idref="oc-55"/>
      </symbol>
      <symbol id="sm-74b">
         <name>_c_int00_noargs</name>
         <value>0x2024b1</value>
         <object_component_ref idref="oc-81"/>
      </symbol>
      <symbol id="sm-773">
         <name>__TI_auto_init_nobinit_nopinit</name>
         <value>0x20228d</value>
         <object_component_ref idref="oc-230"/>
      </symbol>
      <symbol id="sm-77d">
         <name>_system_pre_init</name>
         <value>0x20283b</value>
         <object_component_ref idref="oc-133"/>
      </symbol>
      <symbol id="sm-789">
         <name>C$$EXIT</name>
         <value>0x20283f</value>
         <object_component_ref idref="oc-224"/>
      </symbol>
      <symbol id="sm-78a">
         <name>abort</name>
         <value>0x20283f</value>
         <object_component_ref idref="oc-224"/>
      </symbol>
      <symbol id="sm-78d">
         <name>__TI_static_base__</name>
         <value>0x2028e0</value>
      </symbol>
      <symbol id="sm-793">
         <name>__mpu_init</name>
         <value>0x0</value>
      </symbol>
      <symbol id="sm-794">
         <name>_system_post_cinit</name>
         <value>0x0</value>
      </symbol>
      <symbol id="sm-795">
         <name>Platform_enableInterrupt</name>
         <value>0x2018a1</value>
      </symbol>
      <symbol id="sm-796">
         <name>Platform_disableInterrupt</name>
         <value>0x20180d</value>
      </symbol>
   </symbol_table>
   <title>Link successful</title>
</link_info>
