******************************************************************************
             TMS320C2000 Linker PC v22.6.1                     
******************************************************************************
>> Linked Thu Jun  4 09:46:07 2026

OUTPUT FILE NAME:   <TMDSCNCD28388D_T_CPU1.out>
ENTRY POINT SYMBOL: "code_start"  address: 00080000


MEMORY CONFIGURATION

         name            origin    length      used     unused   attr    fill
----------------------  --------  ---------  --------  --------  ----  --------
PAGE 0:
  BOOT_RSVD             00000002   000001af  00000000  000001af  RWIX
  RAMM0                 000001b1   0000024f  00000000  0000024f  RWIX
  RAMM1                 00000400   000003f8  00000100  000002f8  RWIX
  RAMLS0                00008000   00000800  00000128  000006d8  RWIX
  RAMLS1                00008800   00000800  00000000  00000800  RWIX
  RAMLS2                00009000   00000800  00000000  00000800  RWIX
  RAMLS3                00009800   00000800  00000000  00000800  RWIX
  RAMLS4                0000a000   00000800  00000000  00000800  RWIX
  RAMLS5                0000a800   00000800  00000144  000006bc  RWIX
  RAMLS6                0000b000   00000800  00000000  00000800  RWIX
  RAMLS7                0000b800   00000800  00000000  00000800  RWIX
  RAMD0                 0000c000   00000800  00000000  00000800  RWIX
  RAMD1                 0000c800   00000800  00000000  00000800  RWIX
  RAMGS0                0000d000   00001000  00000000  00001000  RWIX
  RAMGS1                0000e000   00001000  00000000  00001000  RWIX
  RAMGS2                0000f000   00001000  00000000  00001000  RWIX
  RAMGS3                00010000   00001000  00000000  00001000  RWIX
  RAMGS4                00011000   00001000  00000000  00001000  RWIX
  RAMGS5                00012000   00001000  00000000  00001000  RWIX
  RAMGS6                00013000   00001000  00000000  00001000  RWIX
  RAMGS7                00014000   00001000  00000000  00001000  RWIX
  RAMGS8                00015000   00001000  00000000  00001000  RWIX
  RAMGS9                00016000   00001000  00000000  00001000  RWIX
  RAMGS10               00017000   00001000  00000000  00001000  RWIX
  RAMGS11               00018000   00001000  00000000  00001000  RWIX
  RAMGS12               00019000   00001000  00000000  00001000  RWIX
  RAMGS13               0001a000   00001000  00000000  00001000  RWIX
  RAMGS14               0001b000   00001000  00000000  00001000  RWIX
  RAMGS15               0001c000   00000ff8  00000000  00000ff8  RWIX
  CMTOCPURAM            00038000   00000800  00000088  00000778  RWIX
  CPUTOCMRAM            00039000   00000800  00000088  00000778  RWIX
  CPU1TOCPU2RAM         0003a000   00000800  00000088  00000778  RWIX
  CPU2TOCPU1RAM         0003b000   00000800  00000088  00000778  RWIX
  CANA_MSG_RAM          00049000   00000800  00000000  00000800  RWIX
  CANB_MSG_RAM          0004b000   00000800  00000000  00000800  RWIX
  BEGIN                 00080000   00000002  00000002  00000000  RWIX
  FLASH0                00080002   00001ffe  00000000  00001ffe  RWIX
  FLASH1                00082000   00002000  00002000  00000000  RWIX
  FLASH2                00084000   00002000  00001471  00000b8f  RWIX
  FLASH3                00086000   00002000  00000128  00001ed8  RWIX
  FLASH4                00088000   00008000  00000022  00007fde  RWIX
  FLASH5                00090000   00008000  00000857  000077a9  RWIX
  FLASH6                00098000   00008000  00000000  00008000  RWIX
  FLASH7                000a0000   00008000  00000000  00008000  RWIX
  FLASH8                000a8000   00008000  00000000  00008000  RWIX
  FLASH9                000b0000   00008000  00000000  00008000  RWIX
  FLASH10               000b8000   00002000  00000000  00002000  RWIX
  FLASH11               000ba000   00002000  00000000  00002000  RWIX
  FLASH12               000bc000   00002000  00000000  00002000  RWIX
  FLASH13               000be000   00001ff0  00000000  00001ff0  RWIX
  RESET                 003fffc0   00000002  00000000  00000002  RWIX

PAGE 1:
  ADCARESULT            00000b00   00000018  00000000  00000018  RWIX
  ADCBRESULT            00000b20   00000018  00000000  00000018  RWIX
  ADCCRESULT            00000b40   00000018  00000000  00000018  RWIX
  ADCDRESULT            00000b60   00000018  00000000  00000018  RWIX
  CPUTIMER0             00000c00   00000008  00000000  00000008  RWIX
  CPUTIMER1             00000c08   00000008  00000000  00000008  RWIX
  CPUTIMER2             00000c10   00000008  00000000  00000008  RWIX
  PIECTRL               00000ce0   0000001a  00000000  0000001a  RWIX
  PIEVECTTABLE          00000d00   00000200  00000000  00000200  RWIX
  DMA                   00001000   00000200  00000000  00000200  RWIX
  CLA1                  00001400   00000080  00000000  00000080  RWIX
  CLB1LOGICCFG          00003000   00000052  00000000  00000052  RWIX
  CLB1LOGICCTRL         00003100   00000040  00000000  00000040  RWIX
  CLB1DATAEXCH          00003180   00000080  00000000  00000080  RWIX
  CLB2LOGICCFG          00003200   00000052  00000000  00000052  RWIX
  CLB2LOGICCTRL         00003300   00000040  00000000  00000040  RWIX
  CLB2DATAEXCH          00003380   00000080  00000000  00000080  RWIX
  CLB3LOGICCFG          00003400   00000052  00000000  00000052  RWIX
  CLB3LOGICCTRL         00003500   00000040  00000000  00000040  RWIX
  CLB3DATAEXCH          00003580   00000080  00000000  00000080  RWIX
  CLB4LOGICCFG          00003600   00000052  00000000  00000052  RWIX
  CLB4LOGICCTRL         00003700   00000040  00000000  00000040  RWIX
  CLB4DATAEXCH          00003780   00000080  00000000  00000080  RWIX
  CLB5LOGICCFG          00003800   00000052  00000000  00000052  RWIX
  CLB5LOGICCTRL         00003900   00000040  00000000  00000040  RWIX
  CLB5DATAEXCH          00003980   00000080  00000000  00000080  RWIX
  CLB6LOGICCFG          00003a00   00000052  00000000  00000052  RWIX
  CLB6LOGICCTRL         00003b00   00000040  00000000  00000040  RWIX
  CLB6DATAEXCH          00003b80   00000080  00000000  00000080  RWIX
  CLB7LOGICCFG          00003c00   00000052  00000000  00000052  RWIX
  CLB7LOGICCTRL         00003d00   00000040  00000000  00000040  RWIX
  CLB7DATAEXCH          00003d80   00000080  00000000  00000080  RWIX
  CLB8LOGICCFG          00003e00   00000052  00000000  00000052  RWIX
  CLB8LOGICCTRL         00003f00   00000040  00000000  00000040  RWIX
  CLB8DATAEXCH          00003f80   00000080  00000000  00000080  RWIX
  EPWM1                 00004000   00000100  00000000  00000100  RWIX
  EPWM2                 00004100   00000100  00000000  00000100  RWIX
  EPWM3                 00004200   00000100  00000000  00000100  RWIX
  EPWM4                 00004300   00000100  00000000  00000100  RWIX
  EPWM5                 00004400   00000100  00000000  00000100  RWIX
  EPWM6                 00004500   00000100  00000000  00000100  RWIX
  EPWM7                 00004600   00000100  00000000  00000100  RWIX
  EPWM8                 00004700   00000100  00000000  00000100  RWIX
  EPWM9                 00004800   00000100  00000000  00000100  RWIX
  EPWM10                00004900   00000100  00000000  00000100  RWIX
  EPWM11                00004a00   00000100  00000000  00000100  RWIX
  EPWM12                00004b00   00000100  00000000  00000100  RWIX
  EPWM13                00004c00   00000100  00000000  00000100  RWIX
  EPWM14                00004d00   00000100  00000000  00000100  RWIX
  EPWM15                00004e00   00000100  00000000  00000100  RWIX
  EPWM16                00004f00   00000100  00000000  00000100  RWIX
  EQEP1                 00005100   00000040  00000000  00000040  RWIX
  EQEP2                 00005140   00000040  00000000  00000040  RWIX
  EQEP3                 00005180   00000040  00000000  00000040  RWIX
  ECAP1                 00005200   00000020  00000000  00000020  RWIX
  ECAP2                 00005240   00000020  00000000  00000020  RWIX
  ECAP3                 00005280   00000020  00000000  00000020  RWIX
  ECAP4                 000052c0   00000020  00000000  00000020  RWIX
  ECAP5                 00005300   00000020  00000000  00000020  RWIX
  ECAP6                 00005340   00000020  00000000  00000020  RWIX
  HRCAP6                00005360   00000020  00000000  00000020  RWIX
  ECAP7                 00005380   00000020  00000000  00000020  RWIX
  HRCAP7                000053a0   00000020  00000000  00000020  RWIX
  DACA                  00005c00   00000008  00000000  00000008  RWIX
  DACB                  00005c10   00000008  00000000  00000008  RWIX
  DACC                  00005c20   00000008  00000000  00000008  RWIX
  CMPSS1                00005c80   00000020  00000000  00000020  RWIX
  CMPSS2                00005ca0   00000020  00000000  00000020  RWIX
  CMPSS3                00005cc0   00000020  00000000  00000020  RWIX
  CMPSS4                00005ce0   00000020  00000000  00000020  RWIX
  CMPSS5                00005d00   00000020  00000000  00000020  RWIX
  CMPSS6                00005d20   00000020  00000000  00000020  RWIX
  CMPSS7                00005d40   00000020  00000000  00000020  RWIX
  CMPSS8                00005d60   00000020  00000000  00000020  RWIX
  SDFM1                 00005e00   00000080  00000000  00000080  RWIX
  SDFM2                 00005e80   00000080  00000000  00000080  RWIX
  MCBSPA                00006000   00000024  00000000  00000024  RWIX
  MCBSPB                00006040   00000024  00000000  00000024  RWIX
  SPIA                  00006100   00000010  00000000  00000010  RWIX
  SPIB                  00006110   00000010  00000000  00000010  RWIX
  SPIC                  00006120   00000010  00000000  00000010  RWIX
  SPID                  00006130   00000010  00000000  00000010  RWIX
  BGCRCCPU              00006340   00000040  00000000  00000040  RWIX
  BGCRCCLA1             00006380   00000040  00000000  00000040  RWIX
  PMBUSA                00006400   00000020  00000000  00000020  RWIX
  FSITXA                00006600   00000050  00000000  00000050  RWIX
  FSIRXA                00006680   00000050  00000000  00000050  RWIX
  FSITXB                00006700   00000050  00000000  00000050  RWIX
  FSIRXB                00006780   00000050  00000000  00000050  RWIX
  FSIRXC                00006880   00000050  00000000  00000050  RWIX
  FSIRXD                00006980   00000050  00000000  00000050  RWIX
  FSIRXE                00006a80   00000050  00000000  00000050  RWIX
  FSIRXF                00006b80   00000050  00000000  00000050  RWIX
  FSIRXG                00006c80   00000050  00000000  00000050  RWIX
  FSIRXH                00006d80   00000050  00000000  00000050  RWIX
  WD                    00007000   0000002c  00000000  0000002c  RWIX
  NMIINTRUPT            00007060   00000010  00000000  00000010  RWIX
  XINT                  00007070   0000000c  00000000  0000000c  RWIX
  SCIA                  00007200   00000010  00000000  00000010  RWIX
  SCIB                  00007210   00000010  00000000  00000010  RWIX
  SCIC                  00007220   00000010  00000000  00000010  RWIX
  SCID                  00007230   00000010  00000000  00000010  RWIX
  I2CA                  00007300   00000022  00000000  00000022  RWIX
  I2CB                  00007340   00000022  00000000  00000022  RWIX
  ADCA                  00007400   00000080  0000007c  00000004  RWIX
  ADCB                  00007480   00000080  0000007c  00000004  RWIX
  ADCC                  00007500   00000080  0000007c  00000004  RWIX
  ADCD                  00007580   00000080  0000007c  00000004  RWIX
  INPUTXBAR             00007900   00000020  00000000  00000020  RWIX
  XBAR                  00007920   00000020  00000000  00000020  RWIX
  SYNCSOC               00007940   00000006  00000000  00000006  RWIX
  CLBINPUTXBAR          00007960   00000020  00000000  00000020  RWIX
  DMACLASRCSEL          00007980   0000001a  00000000  0000001a  RWIX
  EPWMXBAR              00007a00   00000040  00000000  00000040  RWIX
  CLBXBAR               00007a40   00000040  00000000  00000040  RWIX
  OUTPUTXBAR            00007a80   00000040  00000000  00000040  RWIX
  CLBOUTPUTXBAR         00007bc0   00000040  00000000  00000040  RWIX
  GPIOCTRL              00007c00   00000200  00000000  00000200  RWIX
  GPIODATA              00007f00   00000040  00000000  00000040  RWIX
  GPIODATAREAD          00007f80   00000010  00000000  00000010  RWIX
  EMIF1                 00047000   00000070  00000000  00000070  RWIX
  EMIF2                 00047800   00000070  00000000  00000070  RWIX
  CANA                  00048000   00000200  00000000  00000200  RWIX
  CANB                  0004a000   00000200  00000000  00000200  RWIX
  ESCSS                 00057e00   00000024  00000000  00000024  RWIX
  ESCSSCONFIG           00057f00   00000016  00000000  00000016  RWIX
  MCANASS               0005c400   0000002c  00000000  0000002c  RWIX
  MCANA                 0005c600   00000100  00000000  00000100  RWIX
  MCANAERR              0005c800   00000210  00000000  00000210  RWIX
  CPU1TOCPU2IPC         0005ce00   00000026  00000000  00000026  RWIX
  CPU1TOCMIPC           0005ce40   00000026  00000000  00000026  RWIX
  DEVCFG                0005d000   000001a0  00000000  000001a0  RWIX
  CLKCFG                0005d200   00000100  00000000  00000100  RWIX
  CPUSYS                0005d300   000000a0  00000000  000000a0  RWIX
  SYSSTATUS             0005d400   00000100  00000000  00000100  RWIX
  SYSPERIPHAC           0005d500   00000200  00000000  00000200  RWIX
  ANALOGSUBSYS          0005d700   00000100  0000003e  000000c2  RWIX
  CMCONF                0005dc00   00000400  00000000  00000400  RWIX
  DCC0                  0005e700   00000038  00000000  00000038  RWIX
  DCC1                  0005e740   00000038  00000000  00000038  RWIX
  DCC2                  0005e780   00000038  00000000  00000038  RWIX
  ERADGLOBAL            0005e800   00000014  00000000  00000014  RWIX
  ERADHWBP1             0005e900   00000008  00000000  00000008  RWIX
  ERADHWBP2             0005e908   00000008  00000000  00000008  RWIX
  ERADHWBP3             0005e910   00000008  00000000  00000008  RWIX
  ERADHWBP4             0005e918   00000008  00000000  00000008  RWIX
  ERADHWBP5             0005e920   00000008  00000000  00000008  RWIX
  ERADHWBP6             0005e928   00000008  00000000  00000008  RWIX
  ERADHWBP7             0005e930   00000008  00000000  00000008  RWIX
  ERADHWBP8             0005e938   00000008  00000000  00000008  RWIX
  ERADCOUNTER1          0005e980   00000010  00000000  00000010  RWIX
  ERADCOUNTER2          0005e990   00000010  00000000  00000010  RWIX
  ERADCOUNTER3          0005e9a0   00000010  00000000  00000010  RWIX
  ERADCOUNTER4          0005e9b0   00000010  00000000  00000010  RWIX
  ERADCRCGLOBAL         0005ea00   00000010  00000000  00000010  RWIX
  ERADCRC1              0005ea10   00000010  00000000  00000010  RWIX
  ERADCRC2              0005ea20   00000010  00000000  00000010  RWIX
  ERADCRC3              0005ea30   00000010  00000000  00000010  RWIX
  ERADCRC4              0005ea40   00000010  00000000  00000010  RWIX
  ERADCRC5              0005ea50   00000010  00000000  00000010  RWIX
  ERADCRC6              0005ea60   00000010  00000000  00000010  RWIX
  ERADCRC7              0005ea70   00000010  00000000  00000010  RWIX
  ERADCRC8              0005ea80   00000010  00000000  00000010  RWIX
  DCSMZ1                0005f000   0000003e  00000000  0000003e  RWIX
  DCSMZ2                0005f080   0000003e  00000000  0000003e  RWIX
  DCSMCOMMON            0005f0c0   00000020  00000000  00000020  RWIX
  MEMCFG                0005f400   000000c0  00000000  000000c0  RWIX
  EMIF1CONFIG           0005f4c0   00000020  00000000  00000020  RWIX
  EMIF2CONFIG           0005f4e0   00000020  00000000  00000020  RWIX
  ACCESSPROTECTION      0005f500   00000040  00000000  00000040  RWIX
  MEMORYERROR           0005f540   00000040  00000000  00000040  RWIX
  ROMWAITSTATE          0005f580   00000008  00000000  00000008  RWIX
  ROMPREFETCH           0005f588   00000008  00000000  00000008  RWIX
  TESTERROR             0005f590   00000010  00000000  00000010  RWIX
  FLASH0CTRL            0005f800   00000182  00000000  00000182  RWIX
  FLASH0ECC             0005fb00   00000028  00000000  00000028  RWIX
  UID                   00070200   00000010  00000000  00000010  RWIX
  DCSMZ1OTP             00078000   00000020  00000000  00000020  RWIX
  DCSMZ2OTP             00078200   00000020  00000000  00000020  RWIX


SECTION ALLOCATION MAP

 output                                  attributes/
section   page    origin      length       input sections
--------  ----  ----------  ----------   ----------------
codestart 
*          0    00080000    00000002     
                  00080000    00000002     f2838x_codestartbranch.obj (codestart)

.cinit     0    00088000    00000022     
                  00088000    00000010     (.cinit..data.load) [load image, compression = lzss]
                  00088010    00000006     (__TI_handler_table)
                  00088016    00000004     (.cinit..bss.load) [load image, compression = zero_init]
                  0008801a    00000008     (__TI_cinit_table)

.reset     0    003fffc0    00000000     DSECT

.stack     0    00000400    00000100     UNINITIALIZED
                  00000400    00000100     --HOLE--

.init_array 
*          0    00082000    00000000     UNINITIALIZED

.bss       0    0000a816    0000012e     UNINITIALIZED
                  0000a816    0000001e     CSU_LED.obj (.bss)
                  0000a834    00000006     DevTimer.obj (.bss)
                  0000a83a    00000006     f2838x_tempsensorconv.obj (.bss)
                  0000a840    00000101     DevSci.obj (.bss)
                  0000a941    00000003     CSU_SCI_PC.obj (.bss)

.data      0    0000a800    00000016     UNINITIALIZED
                  0000a800    00000006     CSU_IPC.obj (.data)
                  0000a806    00000006     rts2800_fpu64_eabi.lib : exit.c.obj (.data)
                  0000a80c    00000004     CSU_Adc.obj (.data)
                  0000a810    00000002     rts2800_fpu64_eabi.lib : _lock.c.obj (.data:_lock)
                  0000a812    00000002                            : _lock.c.obj (.data:_unlock)
                  0000a814    00000001     DevAdc.obj (.data)
                  0000a815    00000001     DevIPC.obj (.data)

MSGRAM_CM_TO_CPU 
*          0    00038000    00000088     UNINITIALIZED
                  00038000    00000088     ipc.obj (MSGRAM_CM_TO_CPU)

MSGRAM_CPU_TO_CM 
*          0    00039000    00000088     UNINITIALIZED
                  00039000    00000088     ipc.obj (MSGRAM_CPU_TO_CM)

.const     0    00090000    00000857     
                  00090000    000001c0     f2838x_pievect.obj (.const)
                  000901c0    000000e9     DevAdc.obj (.const:.string)
                  000902a9    00000001     --HOLE-- [fill = 0]
                  000902aa    00000092     device.obj (.const:.string)
                  0009033c    00000088     ipc.obj (.const:IPC_Instance)
                  000903c4    00000079     DevTimer.obj (.const:.string)
                  0009043d    00000001     --HOLE-- [fill = 0]
                  0009043e    00000075     CSU_EPWM.obj (.const:.string)
                  000904b3    00000001     --HOLE-- [fill = 0]
                  000904b4    00000075     CSU_LED.obj (.const:.string)
                  00090529    00000001     --HOLE-- [fill = 0]
                  0009052a    00000075     DevDspInit.obj (.const:.string)
                  0009059f    00000001     --HOLE-- [fill = 0]
                  000905a0    00000075     DevEpwmTimer.obj (.const:.string)
                  00090615    00000001     --HOLE-- [fill = 0]
                  00090616    00000074     DevSci.obj (.const:.string)
                  0009068a    00000074     DevSpi.obj (.const:.string)
                  000906fe    00000033     flash.obj (.const:.string)
                  00090731    00000001     --HOLE-- [fill = 0]
                  00090732    00000032     sysctl.obj (.const:.string)
                  00090764    00000030     gpio.obj (.const:.string)
                  00090794    0000002f     dcc.obj (.const:.string)
                  000907c3    00000001     --HOLE-- [fill = 0]
                  000907c4    0000002f     sci.obj (.const:.string)
                  000907f3    00000001     --HOLE-- [fill = 0]
                  000907f4    0000002f     spi.obj (.const:.string)
                  00090823    00000001     --HOLE-- [fill = 0]
                  00090824    0000001c     cputimer.obj (.const:.string)
                  00090840    00000017     ipc.obj (.const:.string)

MSGRAM_CPU1_TO_CPU2 
*          0    0003a000    00000088     UNINITIALIZED
                  0003a000    00000088     ipc.obj (MSGRAM_CPU1_TO_CPU2)

MSGRAM_CPU2_TO_CPU1 
*          0    0003b000    00000088     UNINITIALIZED
                  0003b000    00000088     ipc.obj (MSGRAM_CPU2_TO_CPU1)

.TI.ramfunc 
*          0    00086000    00000128     RUN ADDR = 00008000
                  00086000    0000003f     flash.obj (.TI.ramfunc:Flash_initModule)
                  0008603f    0000002c     flash.obj (.TI.ramfunc:Flash_setBankPowerMode)
                  0008606b    00000024     flash.obj (.TI.ramfunc:Flash_setWaitstates)
                  0008608f    0000001d     flash.obj (.TI.ramfunc:Flash_setPumpPowerMode)
                  000860ac    00000018     flash.obj (.TI.ramfunc:Flash_disableCache)
                  000860c4    00000018     flash.obj (.TI.ramfunc:Flash_disablePrefetch)
                  000860dc    00000017     flash.obj (.TI.ramfunc:Flash_enableCache)
                  000860f3    00000017     flash.obj (.TI.ramfunc:Flash_enablePrefetch)
                  0008610a    00000016     flash.obj (.TI.ramfunc:Flash_enableECC)
                  00086120    00000004     f2838x_usdelay.obj (.TI.ramfunc)
                  00086124    00000004     sysctl.obj (.TI.ramfunc)

AdcaRegsFile 
*          1    00007400    0000007c     UNINITIALIZED
                  00007400    0000007c     f2838x_globalvariabledefs.obj (AdcaRegsFile)

AdcbRegsFile 
*          1    00007480    0000007c     UNINITIALIZED
                  00007480    0000007c     f2838x_globalvariabledefs.obj (AdcbRegsFile)

AdccRegsFile 
*          1    00007500    0000007c     UNINITIALIZED
                  00007500    0000007c     f2838x_globalvariabledefs.obj (AdccRegsFile)

AdcdRegsFile 
*          1    00007580    0000007c     UNINITIALIZED
                  00007580    0000007c     f2838x_globalvariabledefs.obj (AdcdRegsFile)

AnalogSubsysRegsFile 
*          1    0005d700    0000003e     UNINITIALIZED
                  0005d700    0000003e     f2838x_globalvariabledefs.obj (AnalogSubsysRegsFile)

dcsm_z1otp_link_pointer 
*          0    00000002    00000000     

dcsm_z1otp_jlm_enable 
*          0    00000002    00000000     

dcsm_z1otp_gpreg 
*          0    00000002    00000000     

dcsm_z1otp_pswd_lock 
*          0    00000002    00000000     

dcsm_z1otp_crc_lock 
*          0    00000002    00000000     

dcsm_z1otp_jtag_pswdh 
*          0    00000002    00000000     

dcsm_z1otp_cmac_key 
*          0    00000002    00000000     

dcsm_zsel_z1 
*          0    00000002    00000000     

dcsm_z2otp_link_pointer 
*          0    00000002    00000000     

dcsm_rsvd_z2 
*          0    00000002    00000000     

dcsm_z2otp_gpreg 
*          0    00000002    00000000     

dcsm_z2otp_pswd_lock 
*          0    00000002    00000000     

dcsm_z2otp_crc_lock 
*          0    00000002    00000000     

dcsm_rsvd1_z2 
*          0    00000002    00000000     

dcsm_zsel_z2 
*          0    00000002    00000000     

.text.1    0    00082000    00002000     
                  00082000    00000167     device.obj (.text:Device_enableAllPeripherals)
                  00082167    0000013b     sysctl.obj (.text:SysCtl_setClock)
                  000822a2    00000118     sysctl.obj (.text:SysCtl_isPLLValid)
                  000823ba    00000118     sysctl.obj (.text:SysCtl_setAuxClock)
                  000824d2    000000cb     dcc.obj (.text:DCC_verifyClockFrequency)
                  0008259d    000000bb     f2838x_adc.obj (.text:AdcSetMode)
                  00082658    000000b7     CSU_LED.obj (.text:updateLedStatus)
                  0008270f    000000b2     CSU_LED.obj (.text:initGpioDoutLed)
                  000827c1    000000ae     DevSci.obj (.text:isrScia_SCI_PC)
                  0008286f    000000a6     CSU_LED.obj (.text:Initial_LED)
                  00082915    0000009a     CSU_SCI_PC.obj (.text:sendSciPcMessage1)
                  000829af    00000091     DevAdc.obj (.text:InitAdcModules)
                  00082a40    00000091     sysctl.obj (.text:SysCtl_getAuxClock)
                  00082ad1    00000088     rts2800_fpu64_eabi.lib : fs_div28.asm.obj (.text)
                  00082b59    00000084     DevDspInit.obj (.text:initEmacGpioPins)
                  00082bdd    0000007e     spi.obj (.text:SPI_setConfig)
                  00082c5b    00000076     gpio.obj (.text:GPIO_setControllerCore)
                  00082cd1    00000076     gpio.obj (.text:GPIO_setQualificationMode)
                  00082d47    00000075     DevAdc.obj (.text:EPWM_setADCTriggerSource)
                  00082dbc    00000073     dcc.obj (.text:DCC_setCounterSeeds)
                  00082e2f    00000073     sysctl.obj (.text:DCC_setCounterSeeds)
                  00082ea2    00000073     sysctl.obj (.text:SysCtl_getClock)
                  00082f15    00000071     DevIPC.obj (.text:isrIpcFromCM)
                  00082f86    0000006f     device.obj (.text:Device_init)
                  00082ff5    0000006f     gpio.obj (.text:GPIO_setPadConfig)
                  00083064    0000005e     sysctl.obj (.text:SysCtl_selectOscSourceAuxPLL)
                  000830c2    0000005d     CSU_LED.obj (.text:HW_writeLedPin)
                  0008311f    0000005d     ipc.obj (.text:IPC_readCommand)
                  0008317c    0000005d     ipc.obj (.text:IPC_sendCommand)
                  000831d9    00000058     DevAdc.obj (.text:AdcaIsr)
                  00083231    00000053     DevTimer.obj (.text:Initial_TIMER)
                  00083284    0000004e     gpio.obj (.text:GPIO_setDirectionMode)
                  000832d2    0000004d     DevEpwmTimer.obj (.text:isr_Epwm1Timer2ms)
                  0008331f    0000004b     CSU_EPWM.obj (.text:EPWM_isBaseValid)
                  0008336a    0000004b     DevAdc.obj (.text:EPWM_isBaseValid)
                  000833b5    0000004b     DevEpwmTimer.obj (.text:EPWM_isBaseValid)
                  00083400    0000004b     DevEpwmTimer.obj (.text:EPWM_setInterruptSource)
                  0008344b    00000049     sci.obj (.text:SCI_setConfig)
                  00083494    00000049     sysctl.obj (.text:SysCtl_pollX1Counter)
                  000834dd    00000048     CSU_LED.obj (.text:HW_toggleLedPin)
                  00083525    00000047     sysctl.obj (.text:SysCtl_selectOscSource)
                  0008356c    00000046     DevAdc.obj (.text:ADC_setupSOC)
                  000835b2    00000045     sci.obj (.text:SCI_clearInterruptStatus)
                  000835f7    00000045     sci.obj (.text:SCI_disableInterrupt)
                  0008363c    00000044     CSU_LED.obj (.text:GPIO_writePin)
                  00083680    00000044     DevDspInit.obj (.text:GPIO_writePin)
                  000836c4    00000044     sci.obj (.text:SCI_enableInterrupt)
                  00083708    00000044     DevTimer.obj (.text:isr_CpuTimer1)
                  0008374c    00000043     DevTimer.obj (.text:initCPUTimers)
                  0008378f    00000043     DevTimer.obj (.text:isr_CpuTimer2)
                  000837d2    00000042     DevSpi.obj (.text:InitSpic)
                  00083814    00000041     sci.obj (.text:SCI_writeCharArray)
                  00083855    00000040     CSU_EPWM.obj (.text:EPWM_setActionQualifierAction)
                  00083895    00000040     DevAdc.obj (.text:EPWM_setActionQualifierAction)
                  000838d5    00000040     sysctl.obj (.text:SysCtl_selectXTAL)
                  00083915    00000040     DevTimer.obj (.text:isr_CpuTimer0)
                  00083955    0000003d     f2838x_adc.obj (.text:CalAdcINL)
                  00083992    0000003d     interrupt.obj (.text:Interrupt_initModule)
                  000839cf    0000003b     CSU_LED.obj (.text:GPIO_togglePin)
                  00083a0a    0000003b     sci.obj (.text:SCI_readCharArray)
                  00083a45    0000003b     DevSci.obj (.text:setupSciaPC_HW)
                  00083a80    0000003a     DevAdc.obj (.text:EPWM_setADCTriggerEventPrescale)
                  00083aba    00000039     CSU_EPWM.obj (.text:Initial_Epwm7a)
                  00083af3    00000039     DevSci.obj (.text:dequeueSci)
                  00083b2c    00000038     DevAdc.obj (.text:setupEPWM8_TimeBase)
                  00083b64    00000037     gpio.obj (.text:GPIO_setPinConfig)
                  00083b9b    00000037     interrupt.obj (.text:Interrupt_enable)
                  00083bd2    00000036     ipc.obj (.text:IPC_registerInterrupt)
                  00083c08    00000034     DevEpwmTimer.obj (.text:Initial_EpwmTimer)
                  00083c3c    00000034     DevSci.obj (.text:enqueueSci)
                  00083c70    00000032     CSU_Adc.obj (.text:updateDspTempSensor)
                  00083ca2    00000030     rts2800_fpu64_eabi.lib : copy_decompress_lzss.c.obj (.text:decompress:lzss)
                  00083cd2    0000002f     DevAdc.obj (.text:ADC_setInterruptSource)
                  00083d01    0000002f     DevTimer.obj (.text:configCPUTimer)
                  00083d30    0000002f     DevSci.obj (.text:sendScia_SCI_PC)
                  00083d5f    0000002f     DevSci.obj (.text:setupSciaPC_GPIO)
                  00083d8e    0000002c     CSU_EPWM.obj (.text:EPWM_setActionQualifierContSWForceAction)
                  00083dba    0000002c     main.obj (.text:main)
                  00083de6    0000002b     rts2800_fpu64_eabi.lib : autoinit.c.obj (.text:__TI_auto_init_nobinit_nopinit)
                  00083e11    00000029                            : exit.c.obj (.text)
                  00083e3a    00000028     DevEpwmTimer.obj (.text:EPWM_setInterruptEventCount)
                  00083e62    00000026     DevSci.obj (.text:SCI_setFIFOInterruptLevel)
                  00083e88    00000025     sysctl.obj (.text:SysCtl_controlCMReset)
                  00083ead    00000025     sysctl.obj (.text:SysCtl_selectXTALSingleEnded)
                  00083ed2    00000024     dcc.obj (.text:DCC_enableSingleShotMode)
                  00083ef6    00000024     sysctl.obj (.text:DCC_enableSingleShotMode)
                  00083f1a    00000024     sysctl.obj (.text:SysCtl_getLowSpeedClock)
                  00083f3e    00000022     DevAdc.obj (.text:EPWM_setCounterCompareValue)
                  00083f60    00000022     DevAdc.obj (.text:setupEPWM9_TimeBase)
                  00083f82    00000021     device.obj (.text:Device_initGPIO)
                  00083fa3    00000020     DevAdc.obj (.text:ADC_enableInterrupt)
                  00083fc3    00000020     sci.obj (.text:SCI_isFIFOEnabled)
                  00083fe3    0000001d     DevAdc.obj (.text:ADC_getInterruptOverflowStatus)

.text.2    0    00084000    00001471     
                  00084000    00000020     CSU_SCI_PC.obj (.text:recvSciPcMessage)
                  00084020    0000001e     DevAdc.obj (.text:ADC_readResult)
                  0008403e    0000001e     dcc.obj (.text:DCC_setCounter0ClkSource)
                  0008405c    0000001e     sysctl.obj (.text:DCC_setCounter0ClkSource)
                  0008407a    0000001e     dcc.obj (.text:DCC_setCounter1ClkSource)
                  00084098    0000001e     sysctl.obj (.text:DCC_setCounter1ClkSource)
                  000840b6    0000001e     device.obj (.text:Device_verifyXTAL)
                  000840d4    0000001e     CSU_EPWM.obj (.text:EPWM_disableSyncOutPulseSource)
                  000840f2    0000001e     DevAdc.obj (.text:EPWM_setPhaseShift)
                  00084110    0000001e     interrupt.obj (.text:Interrupt_initVectorTable)
                  0008412e    0000001d     DevSci.obj (.text:SCI_enableFIFO)
                  0008414b    0000001d     rts2800_fpu64_eabi.lib : memcpy.c.obj (.text)
                  00084168    0000001c     dcc.obj (.text:DCC_getErrorStatus)
                  00084184    0000001c     dcc.obj (.text:DCC_getSingleShotStatus)
                  000841a0    0000001c     DevAdc.obj (.text:EPWM_enableADCTrigger)
                  000841bc    0000001c     DevAdc.obj (.text:EPWM_setClockPrescaler)
                  000841d8    0000001c     DevEpwmTimer.obj (.text:EPWM_setClockPrescaler)
                  000841f4    0000001c     f2838x_tempsensorconv.obj (.text:InitTempSensor)
                  00084210    0000001c     CSU_LED.obj (.text:setLedStatus)
                  0008422c    0000001b     DevAdc.obj (.text:ADC_isBaseValid)
                  00084247    0000001b     DevSci.obj (.text:SCI_isBaseValid)
                  00084262    0000001b     sci.obj (.text:SCI_isBaseValid)
                  0008427d    0000001b     DevSpi.obj (.text:SPI_isBaseValid)
                  00084298    0000001b     spi.obj (.text:SPI_isBaseValid)
                  000842b3    0000001a     DevTimer.obj (.text:CPUTimer_startTimer)
                  000842cd    0000001a     dcc.obj (.text:DCC_isBaseValid)
                  000842e7    0000001a     sysctl.obj (.text:DCC_isBaseValid)
                  00084301    0000001a     sci.obj (.text:SCI_isDataAvailableNonFIFO)
                  0008431b    0000001a     sci.obj (.text:SCI_isSpaceAvailableNonFIFO)
                  00084335    0000001a     DevSpi.obj (.text:SPI_setEmulationMode)
                  0008434f    00000019     device.obj (.text:IPC_setBootMode)
                  00084368    00000019     rts2800_fpu64_eabi.lib : boot28.asm.obj (.text)
                  00084381    00000019     DevIPC.obj (.text:sendEthDataToCM)
                  0008439a    00000018     sci.obj (.text:SCI_disableModule)
                  000843b2    00000018     DevSci.obj (.text:SCI_performSoftwareReset)
                  000843ca    00000018     sci.obj (.text:SCI_performSoftwareReset)
                  000843e2    00000018     DevSci.obj (.text:SCI_resetChannels)
                  000843fa    00000018     DevSci.obj (.text:SCI_resetRxFIFO)
                  00084412    00000018     DevSci.obj (.text:SCI_resetTxFIFO)
                  0008442a    00000018     DevSpi.obj (.text:SPI_disableFIFO)
                  00084442    00000017     DevTimer.obj (.text:CPUTimer_isBaseValid)
                  00084459    00000017     cputimer.obj (.text:CPUTimer_isBaseValid)
                  00084470    00000017     DevTimer.obj (.text:CPUTimer_setPreScaler)
                  00084487    00000017     DevDspInit.obj (.text:Init_GpioDout)
                  0008449e    00000017     CSU_EPWM.obj (.text:SysCtl_enablePeripheral)
                  000844b5    00000017     DevAdc.obj (.text:SysCtl_enablePeripheral)
                  000844cc    00000017     DevEpwmTimer.obj (.text:SysCtl_enablePeripheral)
                  000844e3    00000017     device.obj (.text:SysCtl_enablePeripheral)
                  000844fa    00000017     sysctl.obj (.text:SysCtl_enablePeripheral)
                  00084511    00000017     DevAdc.obj (.text:initEPWM8)
                  00084528    00000017     CSU_LED.obj (.text:setLedModeToggle)
                  0008453f    00000016     DevAdc.obj (.text:ADC_setInterruptPulseMode)
                  00084555    00000016     DevAdc.obj (.text:ADC_setPrescaler)
                  0008456b    00000016     dcc.obj (.text:DCC_disableDoneSignal)
                  00084581    00000016     sysctl.obj (.text:DCC_disableDoneSignal)
                  00084597    00000016     dcc.obj (.text:DCC_enableDoneSignal)
                  000845ad    00000016     DevDspInit.obj (.text:DSP_Initialization)
                  000845c3    00000016     device.obj (.text:Device_bootCM)
                  000845d9    00000016     interrupt.obj (.text:Interrupt_defaultHandler)
                  000845ef    00000015     DevTimer.obj (.text:CPUTimer_enableInterrupt)
                  00084604    00000015     dcc.obj (.text:DCC_clearDoneFlag)
                  00084619    00000015     sysctl.obj (.text:DCC_clearDoneFlag)
                  0008462e    00000015     dcc.obj (.text:DCC_clearErrorFlag)
                  00084643    00000015     sysctl.obj (.text:DCC_clearErrorFlag)
                  00084658    00000015     dcc.obj (.text:DCC_disableErrorSignal)
                  0008466d    00000015     sysctl.obj (.text:DCC_disableErrorSignal)
                  00084682    00000015     dcc.obj (.text:DCC_enableErrorSignal)
                  00084697    00000015     device.obj (.text:GPIO_unlockPortConfig)
                  000846ac    00000015     DevAdc.obj (.text:initEPWM9)
                  000846c1    00000014     DevAdc.obj (.text:ADC_clearInterruptOverflowStatus)
                  000846d5    00000014     DevAdc.obj (.text:ADC_clearInterruptStatus)
                  000846e9    00000014     DevTimer.obj (.text:CPUTimer_reloadTimerCounter)
                  000846fd    00000014     DevTimer.obj (.text:CPUTimer_stopTimer)
                  00084711    00000014     dcc.obj (.text:DCC_disableModule)
                  00084725    00000014     sysctl.obj (.text:DCC_disableModule)
                  00084739    00000014     dcc.obj (.text:DCC_enableModule)
                  0008474d    00000014     sysctl.obj (.text:DCC_enableModule)
                  00084761    00000014     CSU_EPWM.obj (.text:EPWM_setTimeBaseCounterMode)
                  00084775    00000014     DevAdc.obj (.text:EPWM_setTimeBaseCounterMode)
                  00084789    00000014     DevEpwmTimer.obj (.text:EPWM_setTimeBaseCounterMode)
                  0008479d    00000014     DevAdc.obj (.text:EPWM_setTimeBasePeriod)
                  000847b1    00000014     DevEpwmTimer.obj (.text:EPWM_setTimeBasePeriod)
                  000847c5    00000014     DevIPC.obj (.text:IPC_waitForAck)
                  000847d9    00000014     sci.obj (.text:SCI_getRxFIFOStatus)
                  000847ed    00000014     sci.obj (.text:SCI_getTxFIFOStatus)
                  00084801    00000014     DevDspInit.obj (.text:SysCtl_setEnetClk)
                  00084815    00000014     DevSci.obj (.text:xmtScia_SCI_PC)
                  00084829    00000013     DevAdc.obj (.text:ADC_enableConverter)
                  0008483c    00000013     cputimer.obj (.text:CPUTimer_setEmulationMode)
                  0008484f    00000013     device.obj (.text:Device_enableUnbondedGPIOPullupsFor176Pin)
                  00084862    00000013     DevEpwmTimer.obj (.text:EPWM_clearEventTriggerInterruptFlag)
                  00084875    00000013     DevEpwmTimer.obj (.text:EPWM_enableInterrupt)
                  00084888    00000013     DevIPC.obj (.text:IPC_sync)
                  0008489b    00000013     DevSci.obj (.text:SCI_clearOverflowStatus)
                  000848ae    00000013     DevSci.obj (.text:SCI_enableModule)
                  000848c1    00000013     sci.obj (.text:SCI_enableModule)
                  000848d4    00000013     CSU_EPWM.obj (.text:initEpwm7aGpio)
                  000848e7    00000013     CSU_IPC.obj (.text:recvIpcCmMessage)
                  000848fa    00000012     CSU_EPWM.obj (.text:EPWM_setTimeBaseCounter)
                  0008490c    00000012     DevAdc.obj (.text:EPWM_setTimeBaseCounter)
                  0008491e    00000012     DevEpwmTimer.obj (.text:EPWM_setTimeBaseCounter)
                  00084930    00000012     DevIPC.obj (.text:IPC_waitForFlag)
                  00084942    00000012     DevAdc.obj (.text:setupEPWM8_ActionQualifier)
                  00084954    00000012     DevAdc.obj (.text:setupEPWM8_AdcTrigger)
                  00084966    00000012     DevAdc.obj (.text:setupEPWM9_AdcTrigger)
                  00084978    00000011     DevTimer.obj (.text:CPUTimer_setPeriod)
                  00084989    00000011     device.obj (.text:Device_enableUnbondedGPIOPullups)
                  0008499a    00000011     CSU_EPWM.obj (.text:EPWM_disablePhaseShiftLoad)
                  000849ab    00000011     DevAdc.obj (.text:EPWM_disablePhaseShiftLoad)
                  000849bc    00000011     DevSpi.obj (.text:SPI_disableModule)
                  000849cd    00000011     DevSpi.obj (.text:SPI_enableModule)
                  000849de    00000011     DevDspInit.obj (.text:SysCtl_setCMClk)
                  000849ef    00000011     device.obj (.text:SysCtl_setCMClk)
                  00084a00    00000011     DevSci.obj (.text:setupSciaPC_Interrupt)
                  00084a11    00000010     flash.obj (.text:Flash_isCtrlBaseValid)
                  00084a21    00000010     flash.obj (.text:Flash_isECCBaseValid)
                  00084a31    00000010     DevDspInit.obj (.text:Init_GpioDin)
                  00084a41    0000000f     DevIPC.obj (.text:IPC_ackFlagRtoL)
                  00084a50    0000000f     DevIPC.obj (.text:IPC_clearFlagLtoR)
                  00084a5f    0000000f     DevIPC.obj (.text:IPC_setFlagLtoR)
                  00084a6e    0000000f     device.obj (.text:IPC_setFlagLtoR)
                  00084a7d    0000000f     DevAdc.obj (.text:InitialAdc)
                  00084a8c    0000000f     DevAdc.obj (.text:Interrupt_register)
                  00084a9b    0000000f     DevEpwmTimer.obj (.text:Interrupt_register)
                  00084aaa    0000000f     DevSci.obj (.text:Interrupt_register)
                  00084ab9    0000000f     DevTimer.obj (.text:Interrupt_register)
                  00084ac8    0000000f     ipc.obj (.text:Interrupt_register)
                  00084ad7    0000000f     ipc.obj (.text:Interrupt_unregister)
                  00084ae6    0000000f     sysctl.obj (.text:SysCtl_setPLLSysClk)
                  00084af5    0000000e     CSU_LED.obj (.text:GPIO_isPinValid)
                  00084b03    0000000e     DevDspInit.obj (.text:GPIO_isPinValid)
                  00084b11    0000000e     gpio.obj (.text:GPIO_isPinValid)
                  00084b1f    0000000d     f2838x_defaultisr.obj (.text:EMPTY_ISR)
                  00084b2c    0000000d     DevIPC.obj (.text:Initial_IPC)
                  00084b39    0000000d     interrupt.obj (.text:Interrupt_disableGlobal)
                  00084b46    0000000d     interrupt.obj (.text:Interrupt_enableGlobal)
                  00084b53    0000000d     device.obj (.text:SysCtl_setLowSpeedClock)
                  00084b60    0000000d     rts2800_fpu64_eabi.lib : copy_zero_init.c.obj (.text:decompress:ZI:__TI_zero_init_nomemset)
                  00084b6d    0000000c                            : args_main.c.obj (.text)
                  00084b79    0000000b     DevIPC.obj (.text:Initial_IPC_Mastership)
                  00084b84    0000000b     device.obj (.text:SysCtl_disableWatchdog)
                  00084b8f    0000000b     device.obj (.text:SysCtl_isCMReset)
                  00084b9a    0000000b     sysctl.obj (.text:SysCtl_isCMReset)
                  00084ba5    0000000b     sysctl.obj (.text:SysCtl_isMCDClockFailureDetected)
                  00084bb0    0000000a     f2838x_defaultisr.obj (.text:ADCA1_ISR)
                  00084bba    0000000a     f2838x_defaultisr.obj (.text:ADCA2_ISR)
                  00084bc4    0000000a     f2838x_defaultisr.obj (.text:ADCA3_ISR)
                  00084bce    0000000a     f2838x_defaultisr.obj (.text:ADCA4_ISR)
                  00084bd8    0000000a     f2838x_defaultisr.obj (.text:ADCA_EVT_ISR)
                  00084be2    0000000a     f2838x_defaultisr.obj (.text:ADCB1_ISR)
                  00084bec    0000000a     f2838x_defaultisr.obj (.text:ADCB2_ISR)
                  00084bf6    0000000a     f2838x_defaultisr.obj (.text:ADCB3_ISR)
                  00084c00    0000000a     f2838x_defaultisr.obj (.text:ADCB4_ISR)
                  00084c0a    0000000a     f2838x_defaultisr.obj (.text:ADCB_EVT_ISR)
                  00084c14    0000000a     f2838x_defaultisr.obj (.text:ADCC1_ISR)
                  00084c1e    0000000a     f2838x_defaultisr.obj (.text:ADCC2_ISR)
                  00084c28    0000000a     f2838x_defaultisr.obj (.text:ADCC3_ISR)
                  00084c32    0000000a     f2838x_defaultisr.obj (.text:ADCC4_ISR)
                  00084c3c    0000000a     f2838x_defaultisr.obj (.text:ADCC_EVT_ISR)
                  00084c46    0000000a     f2838x_defaultisr.obj (.text:ADCD1_ISR)
                  00084c50    0000000a     f2838x_defaultisr.obj (.text:ADCD2_ISR)
                  00084c5a    0000000a     f2838x_defaultisr.obj (.text:ADCD3_ISR)
                  00084c64    0000000a     f2838x_defaultisr.obj (.text:ADCD4_ISR)
                  00084c6e    0000000a     f2838x_defaultisr.obj (.text:ADCD_EVT_ISR)
                  00084c78    0000000a     f2838x_defaultisr.obj (.text:CANA0_ISR)
                  00084c82    0000000a     f2838x_defaultisr.obj (.text:CANA1_ISR)
                  00084c8c    0000000a     f2838x_defaultisr.obj (.text:CANB0_ISR)
                  00084c96    0000000a     f2838x_defaultisr.obj (.text:CANB1_ISR)
                  00084ca0    0000000a     f2838x_defaultisr.obj (.text:CIPC0_ISR)
                  00084caa    0000000a     f2838x_defaultisr.obj (.text:CIPC1_ISR)
                  00084cb4    0000000a     f2838x_defaultisr.obj (.text:CIPC2_ISR)
                  00084cbe    0000000a     f2838x_defaultisr.obj (.text:CIPC3_ISR)
                  00084cc8    0000000a     f2838x_defaultisr.obj (.text:CLA1CRC_ISR)
                  00084cd2    0000000a     f2838x_defaultisr.obj (.text:CLA1_1_ISR)
                  00084cdc    0000000a     f2838x_defaultisr.obj (.text:CLA1_2_ISR)
                  00084ce6    0000000a     f2838x_defaultisr.obj (.text:CLA1_3_ISR)
                  00084cf0    0000000a     f2838x_defaultisr.obj (.text:CLA1_4_ISR)
                  00084cfa    0000000a     f2838x_defaultisr.obj (.text:CLA1_5_ISR)
                  00084d04    0000000a     f2838x_defaultisr.obj (.text:CLA1_6_ISR)
                  00084d0e    0000000a     f2838x_defaultisr.obj (.text:CLA1_7_ISR)
                  00084d18    0000000a     f2838x_defaultisr.obj (.text:CLA1_8_ISR)
                  00084d22    0000000a     f2838x_defaultisr.obj (.text:CLA_OVERFLOW_ISR)
                  00084d2c    0000000a     f2838x_defaultisr.obj (.text:CLA_UNDERFLOW_ISR)
                  00084d36    0000000a     f2838x_defaultisr.obj (.text:CLB1_ISR)
                  00084d40    0000000a     f2838x_defaultisr.obj (.text:CLB2_ISR)
                  00084d4a    0000000a     f2838x_defaultisr.obj (.text:CLB3_ISR)
                  00084d54    0000000a     f2838x_defaultisr.obj (.text:CLB4_ISR)
                  00084d5e    0000000a     f2838x_defaultisr.obj (.text:CLB5_ISR)
                  00084d68    0000000a     f2838x_defaultisr.obj (.text:CLB6_ISR)
                  00084d72    0000000a     f2838x_defaultisr.obj (.text:CLB7_ISR)
                  00084d7c    0000000a     f2838x_defaultisr.obj (.text:CLB8_ISR)
                  00084d86    0000000a     f2838x_defaultisr.obj (.text:CMTOCPUXIPC0_ISR)
                  00084d90    0000000a     f2838x_defaultisr.obj (.text:CMTOCPUXIPC1_ISR)
                  00084d9a    0000000a     f2838x_defaultisr.obj (.text:CMTOCPUXIPC2_ISR)
                  00084da4    0000000a     f2838x_defaultisr.obj (.text:CMTOCPUXIPC3_ISR)
                  00084dae    0000000a     f2838x_defaultisr.obj (.text:CMTOCPUXIPC4_ISR)
                  00084db8    0000000a     f2838x_defaultisr.obj (.text:CMTOCPUXIPC5_ISR)
                  00084dc2    0000000a     f2838x_defaultisr.obj (.text:CMTOCPUXIPC6_ISR)
                  00084dcc    0000000a     f2838x_defaultisr.obj (.text:CMTOCPUXIPC7_ISR)
                  00084dd6    0000000a     f2838x_defaultisr.obj (.text:CM_STATUS_ISR)
                  00084de0    0000000a     f2838x_defaultisr.obj (.text:CPUCRC_ISR)
                  00084dea    0000000a     f2838x_defaultisr.obj (.text:DATALOG_ISR)
                  00084df4    0000000a     f2838x_defaultisr.obj (.text:DMA_CH1_ISR)
                  00084dfe    0000000a     f2838x_defaultisr.obj (.text:DMA_CH2_ISR)
                  00084e08    0000000a     f2838x_defaultisr.obj (.text:DMA_CH3_ISR)
                  00084e12    0000000a     f2838x_defaultisr.obj (.text:DMA_CH4_ISR)
                  00084e1c    0000000a     f2838x_defaultisr.obj (.text:DMA_CH5_ISR)
                  00084e26    0000000a     f2838x_defaultisr.obj (.text:DMA_CH6_ISR)
                  00084e30    0000000a     f2838x_defaultisr.obj (.text:ECAP1_ISR)
                  00084e3a    0000000a     f2838x_defaultisr.obj (.text:ECAP2_ISR)
                  00084e44    0000000a     f2838x_defaultisr.obj (.text:ECAP3_ISR)
                  00084e4e    0000000a     f2838x_defaultisr.obj (.text:ECAP4_ISR)
                  00084e58    0000000a     f2838x_defaultisr.obj (.text:ECAP5_ISR)
                  00084e62    0000000a     f2838x_defaultisr.obj (.text:ECAP6_2_ISR)
                  00084e6c    0000000a     f2838x_defaultisr.obj (.text:ECAP6_ISR)
                  00084e76    0000000a     f2838x_defaultisr.obj (.text:ECAP7_2_ISR)
                  00084e80    0000000a     f2838x_defaultisr.obj (.text:ECAP7_ISR)
                  00084e8a    0000000a     f2838x_defaultisr.obj (.text:ECATRST_ISR)
                  00084e94    0000000a     f2838x_defaultisr.obj (.text:ECATSYNC0_ISR)
                  00084e9e    0000000a     f2838x_defaultisr.obj (.text:ECATSYNC1_ISR)
                  00084ea8    0000000a     f2838x_defaultisr.obj (.text:ECAT_ISR)
                  00084eb2    0000000a     f2838x_defaultisr.obj (.text:EMU_ISR)
                  00084ebc    0000000a     f2838x_defaultisr.obj (.text:EPWM10_ISR)
                  00084ec6    0000000a     f2838x_defaultisr.obj (.text:EPWM10_TZ_ISR)
                  00084ed0    0000000a     f2838x_defaultisr.obj (.text:EPWM11_ISR)
                  00084eda    0000000a     f2838x_defaultisr.obj (.text:EPWM11_TZ_ISR)
                  00084ee4    0000000a     f2838x_defaultisr.obj (.text:EPWM12_ISR)
                  00084eee    0000000a     f2838x_defaultisr.obj (.text:EPWM12_TZ_ISR)
                  00084ef8    0000000a     f2838x_defaultisr.obj (.text:EPWM13_ISR)
                  00084f02    0000000a     f2838x_defaultisr.obj (.text:EPWM13_TZ_ISR)
                  00084f0c    0000000a     f2838x_defaultisr.obj (.text:EPWM14_ISR)
                  00084f16    0000000a     f2838x_defaultisr.obj (.text:EPWM14_TZ_ISR)
                  00084f20    0000000a     f2838x_defaultisr.obj (.text:EPWM15_ISR)
                  00084f2a    0000000a     f2838x_defaultisr.obj (.text:EPWM15_TZ_ISR)
                  00084f34    0000000a     f2838x_defaultisr.obj (.text:EPWM16_ISR)
                  00084f3e    0000000a     f2838x_defaultisr.obj (.text:EPWM16_TZ_ISR)
                  00084f48    0000000a     f2838x_defaultisr.obj (.text:EPWM1_ISR)
                  00084f52    0000000a     f2838x_defaultisr.obj (.text:EPWM1_TZ_ISR)
                  00084f5c    0000000a     f2838x_defaultisr.obj (.text:EPWM2_ISR)
                  00084f66    0000000a     f2838x_defaultisr.obj (.text:EPWM2_TZ_ISR)
                  00084f70    0000000a     f2838x_defaultisr.obj (.text:EPWM3_ISR)
                  00084f7a    0000000a     f2838x_defaultisr.obj (.text:EPWM3_TZ_ISR)
                  00084f84    0000000a     f2838x_defaultisr.obj (.text:EPWM4_ISR)
                  00084f8e    0000000a     f2838x_defaultisr.obj (.text:EPWM4_TZ_ISR)
                  00084f98    0000000a     f2838x_defaultisr.obj (.text:EPWM5_ISR)
                  00084fa2    0000000a     f2838x_defaultisr.obj (.text:EPWM5_TZ_ISR)
                  00084fac    0000000a     f2838x_defaultisr.obj (.text:EPWM6_ISR)
                  00084fb6    0000000a     f2838x_defaultisr.obj (.text:EPWM6_TZ_ISR)
                  00084fc0    0000000a     f2838x_defaultisr.obj (.text:EPWM7_ISR)
                  00084fca    0000000a     f2838x_defaultisr.obj (.text:EPWM7_TZ_ISR)
                  00084fd4    0000000a     f2838x_defaultisr.obj (.text:EPWM8_ISR)
                  00084fde    0000000a     f2838x_defaultisr.obj (.text:EPWM8_TZ_ISR)
                  00084fe8    0000000a     f2838x_defaultisr.obj (.text:EPWM9_ISR)
                  00084ff2    0000000a     f2838x_defaultisr.obj (.text:EPWM9_TZ_ISR)
                  00084ffc    0000000a     f2838x_defaultisr.obj (.text:EQEP1_ISR)
                  00085006    0000000a     f2838x_defaultisr.obj (.text:EQEP2_ISR)
                  00085010    0000000a     f2838x_defaultisr.obj (.text:EQEP3_ISR)
                  0008501a    0000000a     f2838x_defaultisr.obj (.text:FMC_ISR)
                  00085024    0000000a     f2838x_defaultisr.obj (.text:FPU_OFLOW_ISR)
                  0008502e    0000000a     f2838x_defaultisr.obj (.text:FPU_UFLOW_ISR)
                  00085038    0000000a     f2838x_defaultisr.obj (.text:FSIRXA1_ISR)
                  00085042    0000000a     f2838x_defaultisr.obj (.text:FSIRXA2_ISR)
                  0008504c    0000000a     f2838x_defaultisr.obj (.text:FSIRXB1_ISR)
                  00085056    0000000a     f2838x_defaultisr.obj (.text:FSIRXB2_ISR)
                  00085060    0000000a     f2838x_defaultisr.obj (.text:FSIRXC1_ISR)
                  0008506a    0000000a     f2838x_defaultisr.obj (.text:FSIRXC2_ISR)
                  00085074    0000000a     f2838x_defaultisr.obj (.text:FSIRXD1_ISR)
                  0008507e    0000000a     f2838x_defaultisr.obj (.text:FSIRXD2_ISR)
                  00085088    0000000a     f2838x_defaultisr.obj (.text:FSIRXE1_ISR)
                  00085092    0000000a     f2838x_defaultisr.obj (.text:FSIRXE2_ISR)
                  0008509c    0000000a     f2838x_defaultisr.obj (.text:FSIRXF1_ISR)
                  000850a6    0000000a     f2838x_defaultisr.obj (.text:FSIRXF2_ISR)
                  000850b0    0000000a     f2838x_defaultisr.obj (.text:FSIRXG1_ISR)
                  000850ba    0000000a     f2838x_defaultisr.obj (.text:FSIRXG2_ISR)
                  000850c4    0000000a     f2838x_defaultisr.obj (.text:FSIRXH1_ISR)
                  000850ce    0000000a     f2838x_defaultisr.obj (.text:FSIRXH2_ISR)
                  000850d8    0000000a     f2838x_defaultisr.obj (.text:FSITXA1_ISR)
                  000850e2    0000000a     f2838x_defaultisr.obj (.text:FSITXA2_ISR)
                  000850ec    0000000a     f2838x_defaultisr.obj (.text:FSITXB1_ISR)
                  000850f6    0000000a     f2838x_defaultisr.obj (.text:FSITXB2_ISR)
                  00085100    0000000a     f2838x_defaultisr.obj (.text:I2CA_FIFO_ISR)
                  0008510a    0000000a     f2838x_defaultisr.obj (.text:I2CA_HIGH_ISR)
                  00085114    0000000a     f2838x_defaultisr.obj (.text:I2CA_ISR)
                  0008511e    0000000a     f2838x_defaultisr.obj (.text:I2CB_FIFO_ISR)
                  00085128    0000000a     f2838x_defaultisr.obj (.text:I2CB_ISR)
                  00085132    0000000a     f2838x_defaultisr.obj (.text:ILLEGAL_ISR)
                  0008513c    0000000a     interrupt.obj (.text:Interrupt_illegalOperationHandler)
                  00085146    0000000a     interrupt.obj (.text:Interrupt_nmiHandler)
                  00085150    0000000a     f2838x_defaultisr.obj (.text:MCANA_0_ISR)
                  0008515a    0000000a     f2838x_defaultisr.obj (.text:MCANA_1_ISR)
                  00085164    0000000a     f2838x_defaultisr.obj (.text:MCANA_ECC_ISR)
                  0008516e    0000000a     f2838x_defaultisr.obj (.text:MCANA_WAKE_ISR)
                  00085178    0000000a     f2838x_defaultisr.obj (.text:MCBSPA_RX_ISR)
                  00085182    0000000a     f2838x_defaultisr.obj (.text:MCBSPA_TX_ISR)
                  0008518c    0000000a     f2838x_defaultisr.obj (.text:MCBSPB_RX_ISR)
                  00085196    0000000a     f2838x_defaultisr.obj (.text:MCBSPB_TX_ISR)
                  000851a0    0000000a     f2838x_defaultisr.obj (.text:MPOST_ISR)
                  000851aa    0000000a     f2838x_defaultisr.obj (.text:NMI_ISR)
                  000851b4    0000000a     f2838x_defaultisr.obj (.text:NOTUSED_ISR)
                  000851be    0000000a     f2838x_defaultisr.obj (.text:PIE_RESERVED_ISR)
                  000851c8    0000000a     f2838x_defaultisr.obj (.text:PMBUSA_ISR)
                  000851d2    0000000a     f2838x_defaultisr.obj (.text:RTOS_ISR)
                  000851dc    0000000a     f2838x_defaultisr.obj (.text:SCIA_RX_ISR)
                  000851e6    0000000a     f2838x_defaultisr.obj (.text:SCIA_TX_ISR)
                  000851f0    0000000a     f2838x_defaultisr.obj (.text:SCIB_RX_ISR)
                  000851fa    0000000a     f2838x_defaultisr.obj (.text:SCIB_TX_ISR)
                  00085204    0000000a     f2838x_defaultisr.obj (.text:SCIC_RX_ISR)
                  0008520e    0000000a     f2838x_defaultisr.obj (.text:SCIC_TX_ISR)
                  00085218    0000000a     f2838x_defaultisr.obj (.text:SCID_RX_ISR)
                  00085222    0000000a     f2838x_defaultisr.obj (.text:SCID_TX_ISR)
                  0008522c    0000000a     f2838x_defaultisr.obj (.text:SDFM1DR1_ISR)
                  00085236    0000000a     f2838x_defaultisr.obj (.text:SDFM1DR2_ISR)
                  00085240    0000000a     f2838x_defaultisr.obj (.text:SDFM1DR3_ISR)
                  0008524a    0000000a     f2838x_defaultisr.obj (.text:SDFM1DR4_ISR)
                  00085254    0000000a     f2838x_defaultisr.obj (.text:SDFM1_ISR)
                  0008525e    0000000a     f2838x_defaultisr.obj (.text:SDFM2DR1_ISR)
                  00085268    0000000a     f2838x_defaultisr.obj (.text:SDFM2DR2_ISR)
                  00085272    0000000a     f2838x_defaultisr.obj (.text:SDFM2DR3_ISR)
                  0008527c    0000000a     f2838x_defaultisr.obj (.text:SDFM2DR4_ISR)
                  00085286    0000000a     f2838x_defaultisr.obj (.text:SDFM2_ISR)
                  00085290    0000000a     f2838x_defaultisr.obj (.text:SPIA_RX_ISR)
                  0008529a    0000000a     f2838x_defaultisr.obj (.text:SPIA_TX_ISR)
                  000852a4    0000000a     f2838x_defaultisr.obj (.text:SPIB_RX_ISR)
                  000852ae    0000000a     f2838x_defaultisr.obj (.text:SPIB_TX_ISR)
                  000852b8    0000000a     f2838x_defaultisr.obj (.text:SPIC_RX_ISR)
                  000852c2    0000000a     f2838x_defaultisr.obj (.text:SPIC_TX_ISR)
                  000852cc    0000000a     f2838x_defaultisr.obj (.text:SPID_RX_ISR)
                  000852d6    0000000a     f2838x_defaultisr.obj (.text:SPID_TX_ISR)
                  000852e0    0000000a     f2838x_defaultisr.obj (.text:SYS_ERR_ISR)
                  000852ea    0000000a     f2838x_defaultisr.obj (.text:TIMER0_ISR)
                  000852f4    0000000a     f2838x_defaultisr.obj (.text:TIMER1_ISR)
                  000852fe    0000000a     f2838x_defaultisr.obj (.text:TIMER2_ISR)
                  00085308    0000000a     f2838x_defaultisr.obj (.text:USBA_ISR)
                  00085312    0000000a     f2838x_defaultisr.obj (.text:USER10_ISR)
                  0008531c    0000000a     f2838x_defaultisr.obj (.text:USER11_ISR)
                  00085326    0000000a     f2838x_defaultisr.obj (.text:USER12_ISR)
                  00085330    0000000a     f2838x_defaultisr.obj (.text:USER1_ISR)
                  0008533a    0000000a     f2838x_defaultisr.obj (.text:USER2_ISR)
                  00085344    0000000a     f2838x_defaultisr.obj (.text:USER3_ISR)
                  0008534e    0000000a     f2838x_defaultisr.obj (.text:USER4_ISR)
                  00085358    0000000a     f2838x_defaultisr.obj (.text:USER5_ISR)
                  00085362    0000000a     f2838x_defaultisr.obj (.text:USER6_ISR)
                  0008536c    0000000a     f2838x_defaultisr.obj (.text:USER7_ISR)
                  00085376    0000000a     f2838x_defaultisr.obj (.text:USER8_ISR)
                  00085380    0000000a     f2838x_defaultisr.obj (.text:USER9_ISR)
                  0008538a    0000000a     f2838x_defaultisr.obj (.text:WAKE_ISR)
                  00085394    0000000a     f2838x_defaultisr.obj (.text:XINT1_ISR)
                  0008539e    0000000a     f2838x_defaultisr.obj (.text:XINT2_ISR)
                  000853a8    0000000a     f2838x_defaultisr.obj (.text:XINT3_ISR)
                  000853b2    0000000a     f2838x_defaultisr.obj (.text:XINT4_ISR)
                  000853bc    0000000a     f2838x_defaultisr.obj (.text:XINT5_ISR)
                  000853c6    00000009     DevIPC.obj (.text:IPC_init)
                  000853cf    00000009     DevDspInit.obj (.text:InitialPeripherals)
                  000853d8    00000009     DevDspInit.obj (.text:initSystemCommunications)
                  000853e1    00000009     rts2800_fpu64_eabi.lib : _lock.c.obj (.text)
                  000853ea    00000008     DevDspInit.obj (.text:Initial_CmCore)
                  000853f2    00000008     rts2800_fpu64_eabi.lib : copy_decompress_none.c.obj (.text:decompress:none)
                  000853fa    00000008     f2838x_codestartbranch.obj (.text)
                  00085402    00000007     CSU_Adc.obj (.text:Initial_Adc)
                  00085409    00000007     DevSci.obj (.text:Initial_SCI)
                  00085410    00000007     sysctl.obj (.text:SysCtl_resetMCD)
                  00085417    00000007     device.obj (.text:__error__)
                  0008541e    00000007     DevSci.obj (.text:initScia_SCI_PC)
                  00085425    00000007     DevDspInit.obj (.text:initSystemPwm)
                  0008542c    00000006     DevAdc.obj (.text:Interrupt_clearACKGroup)
                  00085432    00000006     DevEpwmTimer.obj (.text:Interrupt_clearACKGroup)
                  00085438    00000006     DevIPC.obj (.text:Interrupt_clearACKGroup)
                  0008543e    00000006     DevSci.obj (.text:Interrupt_clearACKGroup)
                  00085444    00000006     DevTimer.obj (.text:Interrupt_clearACKGroup)
                  0008544a    00000005     DevDspInit.obj (.text:Initial_GPIO)
                  0008544f    00000005     main.obj (.text:cycle_10ms)
                  00085454    00000005     DevDspInit.obj (.text:initSystemAnalogAdc)
                  00085459    00000004     DevIPC.obj (.text:Initial_IPC_Clear)
                  0008545d    00000004     main.obj (.text:cycle_1ms)
                  00085461    00000003     DevSpi.obj (.text:Initial_SPI)
                  00085464    00000003     main.obj (.text:cycle_100ms)
                  00085467    00000003     DevDspInit.obj (.text:initSystemUserInterface)
                  0008546a    00000003     CSU_Adc.obj (.text:updateAdcData)
                  0008546d    00000002     rts2800_fpu64_eabi.lib : pre_init.c.obj (.text)
                  0008546f    00000001     main.obj (.text:cycle_1000ms)
                  00085470    00000001     rts2800_fpu64_eabi.lib : startup.c.obj (.text)

MODULE SUMMARY

       Module                          code    ro data   rw data
       ------                          ----    -------   -------
    .\
       main.obj                        57      0         0      
    +--+-------------------------------+-------+---------+---------+
       Total:                          57      0         0      
                                                                
    .\CSU\
       CSU_LED.obj                     884     117       30     
       CSU_EPWM.obj                    367     117       0      
       CSU_SCI_PC.obj                  186     0         3      
       CSU_Adc.obj                     60      0         4      
       CSU_IPC.obj                     19      0         6      
    +--+-------------------------------+-------+---------+---------+
       Total:                          1516    234       43     
                                                                
    .\Dev\
       DevAdc.obj                      1327    233       1      
       DevSci.obj                      736     116       257    
       DevTimer.obj                    567     121       6      
       DevEpwmTimer.obj                487     117       0      
       DevDspInit.obj                  358     117       0      
       DevSpi.obj                      180     116       0      
       DevIPC.obj                      283     0         1      
    +--+-------------------------------+-------+---------+---------+
       Total:                          3938    820       265    
                                                                
    .\SDK\common\source\
       f2838x_defaultisr.obj           2063    0         0      
       device.obj                      734     146       0      
       f2838x_pievect.obj              0       448       0      
       f2838x_adc.obj                  248     0         0      
       f2838x_tempsensorconv.obj       28      0         6      
       f2838x_codestartbranch.obj      10      0         0      
       f2838x_usdelay.obj              8       0         0      
    +--+-------------------------------+-------+---------+---------+
       Total:                          3091    594       6      
                                                                
    .\SDK\driverlib\
       sysctl.obj                      1984    50        0      
       ipc.obj                         270     159       544    
       dcc.obj                         664     47        0      
       sci.obj                         621     47        0      
       flash.obj                       608     51        0      
       gpio.obj                        494     48        0      
       interrupt.obj                   214     0         0      
       spi.obj                         153     47        0      
       cputimer.obj                    42      28        0      
    +--+-------------------------------+-------+---------+---------+
       Total:                          5050    477       544    
                                                                
    .\SDK\headers\source\
       f2838x_globalvariabledefs.obj   0       0         558    
    +--+-------------------------------+-------+---------+---------+
       Total:                          0       0         558    
                                                                
    C:\ti\ccs2040\ti-cgt-c2000_22.6.1.LTS\lib\rts2800_fpu64_eabi.lib
       fs_div28.asm.obj                136     0         0      
       copy_decompress_lzss.c.obj      48      0         0      
       exit.c.obj                      41      0         6      
       autoinit.c.obj                  43      0         0      
       memcpy.c.obj                    29      0         0      
       boot28.asm.obj                  25      0         0      
       _lock.c.obj                     9       0         4      
       copy_zero_init.c.obj            13      0         0      
       args_main.c.obj                 12      0         0      
       copy_decompress_none.c.obj      8       0         0      
       pre_init.c.obj                  2       0         0      
       startup.c.obj                   1       0         0      
    +--+-------------------------------+-------+---------+---------+
       Total:                          367     0         10     
                                                                
       Stack:                          0       0         256    
       Linker Generated:               0       34        0      
    +--+-------------------------------+-------+---------+---------+
       Grand Total:                    14019   2159      1682   


LINKER GENERATED COPY TABLES

__TI_cinit_table @ 0008801a records: 2, size/record: 4, table size: 8
	.data: load addr=00088000, load size=00000010 bytes, run addr=0000a800, run size=00000016 bytes, compression=lzss
	.bss: load addr=00088016, load size=00000004 bytes, run addr=0000a816, run size=0000012e bytes, compression=zero_init


LINKER GENERATED HANDLER TABLE

__TI_handler_table @ 00088010 records: 3, size/record: 2, table size: 6
	index: 0, handler: __TI_zero_init
	index: 1, handler: __TI_decompress_lzss
	index: 2, handler: __TI_decompress_none


GLOBAL DATA SYMBOLS: SORTED BY DATA PAGE

address     data page           name
--------    ----------------    ----
00000400      10 (00000400)     __stack

00007400     1d0 (00007400)     AdcaRegs

00007480     1d2 (00007480)     AdcbRegs

00007500     1d4 (00007500)     AdccRegs

00007580     1d6 (00007580)     AdcdRegs

0000a800     2a0 (0000a800)     g_ucEthRxSeqNum
0000a801     2a0 (0000a800)     g_ucEthRxStatus
0000a802     2a0 (0000a800)     pxIpcCpu1ToCm
0000a804     2a0 (0000a800)     pxIpcCmToCpu1
0000a806     2a0 (0000a800)     __TI_enable_exit_profile_output
0000a808     2a0 (0000a800)     __TI_cleanup_ptr
0000a80a     2a0 (0000a800)     __TI_dtors_ptr
0000a80c     2a0 (0000a800)     currentTemperatureC
0000a80e     2a0 (0000a800)     debugAdcLoopCnt
0000a810     2a0 (0000a800)     _lock
0000a812     2a0 (0000a800)     _unlock
0000a814     2a0 (0000a800)     adcResult
0000a815     2a0 (0000a800)     g_bCmReady
0000a816     2a0 (0000a800)     xLed
0000a834     2a0 (0000a800)     xTimer
0000a83a     2a0 (0000a800)     tempSensor_tempSlope
0000a83c     2a0 (0000a800)     tempSensor_tempOffset
0000a83e     2a0 (0000a800)     tempSensor_scaleFactor

0000a941     2a5 (0000a940)     xRcvSciPcMsg1
0000a942     2a5 (0000a940)     xXmtSciPcMsg1

00038000     e00 (00038000)     IPC_CPU_To_CM_GetBuffer

00039000     e40 (00039000)     IPC_CPU_To_CM_PutBuffer

0003a000     e80 (0003a000)     IPC_CPU1_To_CPU2_PutBuffer

0003b000     ec0 (0003b000)     IPC_CPU1_To_CPU2_GetBuffer

0005d700    175c (0005d700)     AnalogSubsysRegs

00090000    2400 (00090000)     PieVectTableInit

0009033c    240c (00090300)     IPC_Instance


GLOBAL SYMBOLS: SORTED ALPHABETICALLY BY Name 

page  address   name                                     
----  -------   ----                                     
0     00084bb0  ADCA1_ISR                                
0     00084bba  ADCA2_ISR                                
0     00084bc4  ADCA3_ISR                                
0     00084bce  ADCA4_ISR                                
0     00084bd8  ADCA_EVT_ISR                             
0     00084be2  ADCB1_ISR                                
0     00084bec  ADCB2_ISR                                
0     00084bf6  ADCB3_ISR                                
0     00084c00  ADCB4_ISR                                
0     00084c0a  ADCB_EVT_ISR                             
0     00084c14  ADCC1_ISR                                
0     00084c1e  ADCC2_ISR                                
0     00084c28  ADCC3_ISR                                
0     00084c32  ADCC4_ISR                                
0     00084c3c  ADCC_EVT_ISR                             
0     00084c46  ADCD1_ISR                                
0     00084c50  ADCD2_ISR                                
0     00084c5a  ADCD3_ISR                                
0     00084c64  ADCD4_ISR                                
0     00084c6e  ADCD_EVT_ISR                             
0     0008259d  AdcSetMode                               
0     000831d9  AdcaIsr                                  
1     00007400  AdcaRegs                                 
1     00007480  AdcbRegs                                 
1     00007500  AdccRegs                                 
1     00007580  AdcdRegs                                 
1     0005d700  AnalogSubsysRegs                         
0     00083e11  C$$EXIT                                  
0     00084c78  CANA0_ISR                                
0     00084c82  CANA1_ISR                                
0     00084c8c  CANB0_ISR                                
0     00084c96  CANB1_ISR                                
0     00084ca0  CIPC0_ISR                                
0     00084caa  CIPC1_ISR                                
0     00084cb4  CIPC2_ISR                                
0     00084cbe  CIPC3_ISR                                
0     00084cc8  CLA1CRC_ISR                              
0     00084cd2  CLA1_1_ISR                               
0     00084cdc  CLA1_2_ISR                               
0     00084ce6  CLA1_3_ISR                               
0     00084cf0  CLA1_4_ISR                               
0     00084cfa  CLA1_5_ISR                               
0     00084d04  CLA1_6_ISR                               
0     00084d0e  CLA1_7_ISR                               
0     00084d18  CLA1_8_ISR                               
0     00084d22  CLA_OVERFLOW_ISR                         
0     00084d2c  CLA_UNDERFLOW_ISR                        
0     00084d36  CLB1_ISR                                 
0     00084d40  CLB2_ISR                                 
0     00084d4a  CLB3_ISR                                 
0     00084d54  CLB4_ISR                                 
0     00084d5e  CLB5_ISR                                 
0     00084d68  CLB6_ISR                                 
0     00084d72  CLB7_ISR                                 
0     00084d7c  CLB8_ISR                                 
0     00084d86  CMTOCPUXIPC0_ISR                         
0     00084d90  CMTOCPUXIPC1_ISR                         
0     00084d9a  CMTOCPUXIPC2_ISR                         
0     00084da4  CMTOCPUXIPC3_ISR                         
0     00084dae  CMTOCPUXIPC4_ISR                         
0     00084db8  CMTOCPUXIPC5_ISR                         
0     00084dc2  CMTOCPUXIPC6_ISR                         
0     00084dcc  CMTOCPUXIPC7_ISR                         
0     00084dd6  CM_STATUS_ISR                            
0     00084de0  CPUCRC_ISR                               
0     0008483c  CPUTimer_setEmulationMode                
0     00083955  CalAdcINL                                
0     00084dea  DATALOG_ISR                              
0     000824d2  DCC_verifyClockFrequency                 
0     00084df4  DMA_CH1_ISR                              
0     00084dfe  DMA_CH2_ISR                              
0     00084e08  DMA_CH3_ISR                              
0     00084e12  DMA_CH4_ISR                              
0     00084e1c  DMA_CH5_ISR                              
0     00084e26  DMA_CH6_ISR                              
0     000845ad  DSP_Initialization                       
0     000845c3  Device_bootCM                            
0     00082000  Device_enableAllPeripherals              
0     00084989  Device_enableUnbondedGPIOPullups         
0     0008484f  Device_enableUnbondedGPIOPullupsFor176Pin
0     00082f86  Device_init                              
0     00083f82  Device_initGPIO                          
0     000840b6  Device_verifyXTAL                        
0     00084e30  ECAP1_ISR                                
0     00084e3a  ECAP2_ISR                                
0     00084e44  ECAP3_ISR                                
0     00084e4e  ECAP4_ISR                                
0     00084e58  ECAP5_ISR                                
0     00084e62  ECAP6_2_ISR                              
0     00084e6c  ECAP6_ISR                                
0     00084e76  ECAP7_2_ISR                              
0     00084e80  ECAP7_ISR                                
0     00084e8a  ECATRST_ISR                              
0     00084e94  ECATSYNC0_ISR                            
0     00084e9e  ECATSYNC1_ISR                            
0     00084ea8  ECAT_ISR                                 
0     00084b1f  EMPTY_ISR                                
0     00084eb2  EMU_ISR                                  
0     00084ebc  EPWM10_ISR                               
0     00084ec6  EPWM10_TZ_ISR                            
0     00084ed0  EPWM11_ISR                               
0     00084eda  EPWM11_TZ_ISR                            
0     00084ee4  EPWM12_ISR                               
0     00084eee  EPWM12_TZ_ISR                            
0     00084ef8  EPWM13_ISR                               
0     00084f02  EPWM13_TZ_ISR                            
0     00084f0c  EPWM14_ISR                               
0     00084f16  EPWM14_TZ_ISR                            
0     00084f20  EPWM15_ISR                               
0     00084f2a  EPWM15_TZ_ISR                            
0     00084f34  EPWM16_ISR                               
0     00084f3e  EPWM16_TZ_ISR                            
0     00084f48  EPWM1_ISR                                
0     00084f52  EPWM1_TZ_ISR                             
0     00084f5c  EPWM2_ISR                                
0     00084f66  EPWM2_TZ_ISR                             
0     00084f70  EPWM3_ISR                                
0     00084f7a  EPWM3_TZ_ISR                             
0     00084f84  EPWM4_ISR                                
0     00084f8e  EPWM4_TZ_ISR                             
0     00084f98  EPWM5_ISR                                
0     00084fa2  EPWM5_TZ_ISR                             
0     00084fac  EPWM6_ISR                                
0     00084fb6  EPWM6_TZ_ISR                             
0     00084fc0  EPWM7_ISR                                
0     00084fca  EPWM7_TZ_ISR                             
0     00084fd4  EPWM8_ISR                                
0     00084fde  EPWM8_TZ_ISR                             
0     00084fe8  EPWM9_ISR                                
0     00084ff2  EPWM9_TZ_ISR                             
0     00084ffc  EQEP1_ISR                                
0     00085006  EQEP2_ISR                                
0     00085010  EQEP3_ISR                                
0     00008120  F28x_usDelay                             
0     0008501a  FMC_ISR                                  
0     00085024  FPU_OFLOW_ISR                            
0     0008502e  FPU_UFLOW_ISR                            
0     00085038  FSIRXA1_ISR                              
0     00085042  FSIRXA2_ISR                              
0     0008504c  FSIRXB1_ISR                              
0     00085056  FSIRXB2_ISR                              
0     00085060  FSIRXC1_ISR                              
0     0008506a  FSIRXC2_ISR                              
0     00085074  FSIRXD1_ISR                              
0     0008507e  FSIRXD2_ISR                              
0     00085088  FSIRXE1_ISR                              
0     00085092  FSIRXE2_ISR                              
0     0008509c  FSIRXF1_ISR                              
0     000850a6  FSIRXF2_ISR                              
0     000850b0  FSIRXG1_ISR                              
0     000850ba  FSIRXG2_ISR                              
0     000850c4  FSIRXH1_ISR                              
0     000850ce  FSIRXH2_ISR                              
0     000850d8  FSITXA1_ISR                              
0     000850e2  FSITXA2_ISR                              
0     000850ec  FSITXB1_ISR                              
0     000850f6  FSITXB2_ISR                              
0     00008000  Flash_initModule                         
0     00082c5b  GPIO_setControllerCore                   
[...]
0     0000a801  g_ucEthRxStatus                          
0     0000a802  pxIpcCpu1ToCm                            
0     0000a804  pxIpcCmToCpu1                            
0     0000a806  __TI_enable_exit_profile_output          
0     0000a808  __TI_cleanup_ptr                         
0     0000a80a  __TI_dtors_ptr                           
0     0000a80c  currentTemperatureC                      
0     0000a80e  debugAdcLoopCnt                          
0     0000a810  _lock                                    
0     0000a812  _unlock                                  
0     0000a814  adcResult                                
0     0000a815  g_bCmReady                               
0     0000a816  xLed                                     
0     0000a834  xTimer                                   
0     0000a83a  tempSensor_tempSlope                     
0     0000a83c  tempSensor_tempOffset                    
0     0000a83e  tempSensor_scaleFactor                   
0     0000a941  xRcvSciPcMsg1                            
0     0000a942  xXmtSciPcMsg1                            
0     00038000  IPC_CPU_To_CM_GetBuffer                  
0     00039000  IPC_CPU_To_CM_PutBuffer                  
0     0003a000  IPC_CPU1_To_CPU2_PutBuffer               
0     0003b000  IPC_CPU1_To_CPU2_GetBuffer               
0     00080000  code_start                               
0     00082000  Device_enableAllPeripherals              
0     00082167  SysCtl_setClock                          
0     000822a2  SysCtl_isPLLValid                        
0     000823ba  SysCtl_setAuxClock                       
0     000824d2  DCC_verifyClockFrequency                 
0     0008259d  AdcSetMode                               
0     00082658  updateLedStatus                          
0     0008270f  initGpioDoutLed                          
0     000827c1  isrScia_SCI_PC                           
0     0008286f  Initial_LED                              
0     00082915  sendSciPcMessage1                        
0     000829af  InitAdcModules                           
0     00082a40  SysCtl_getAuxClock                       
0     00082ad1  __c28xabi_divf                           
0     00082bdd  SPI_setConfig                            
0     00082c5b  GPIO_setControllerCore                   
0     00082cd1  GPIO_setQualificationMode                
0     00082ea2  SysCtl_getClock                          
0     00082f86  Device_init                              
0     00082ff5  GPIO_setPadConfig                        
0     00083064  SysCtl_selectOscSourceAuxPLL             
0     0008311f  IPC_readCommand                          
0     0008317c  IPC_sendCommand                          
0     000831d9  AdcaIsr                                  
0     00083231  Initial_TIMER                            
0     00083284  GPIO_setDirectionMode                    
0     0008344b  SCI_setConfig                            
0     00083525  SysCtl_selectOscSource                   
0     000835b2  SCI_clearInterruptStatus                 
0     000835f7  SCI_disableInterrupt                     
0     000836c4  SCI_enableInterrupt                      
0     00083708  isr_CpuTimer1                            
0     0008378f  isr_CpuTimer2                            
0     00083814  SCI_writeCharArray                       
0     000838d5  SysCtl_selectXTAL                        
0     00083915  isr_CpuTimer0                            
0     00083955  CalAdcINL                                
0     00083992  Interrupt_initModule                     
0     00083a0a  SCI_readCharArray                        
0     00083aba  Initial_Epwm7a                           
0     00083b64  GPIO_setPinConfig                        
0     00083b9b  Interrupt_enable                         
0     00083bd2  IPC_registerInterrupt                    
0     00083c08  Initial_EpwmTimer                        
0     00083ca2  __TI_decompress_lzss                     
0     00083d30  sendScia_SCI_PC                          
0     00083dba  main                                     
0     00083de6  __TI_auto_init_nobinit_nopinit           
0     00083e11  C$$EXIT                                  
0     00083e11  abort                                    
0     00083e13  exit                                     
0     00083e88  SysCtl_controlCMReset                    
0     00083ead  SysCtl_selectXTALSingleEnded             
0     00083f1a  SysCtl_getLowSpeedClock                  
0     00083f82  Device_initGPIO                          
0     00084000  recvSciPcMessage                         
0     000840b6  Device_verifyXTAL                        
0     00084110  Interrupt_initVectorTable                
0     0008414b  memcpy                                   
0     000841f4  InitTempSensor                           
0     00084210  setLedStatus                             
0     00084368  _c_int00                                 
0     00084381  sendEthDataToCM                          
0     00084511  initEPWM8                                
0     00084528  setLedModeToggle                         
0     000845ad  DSP_Initialization                       
0     000845c3  Device_bootCM                            
0     000845d9  Interrupt_defaultHandler                 
0     000846ac  initEPWM9                                
0     00084815  xmtScia_SCI_PC                           
0     0008483c  CPUTimer_setEmulationMode                
0     0008484f  Device_enableUnbondedGPIOPullupsFor176Pin
0     000848e7  recvIpcCmMessage                         
0     00084989  Device_enableUnbondedGPIOPullups         
0     00084a7d  InitialAdc                               
0     00084b1f  EMPTY_ISR                                
0     00084b2c  Initial_IPC                              
0     00084b60  __TI_zero_init_nomemset                  
0     00084b6d  _args_main                               
0     00084b79  Initial_IPC_Mastership                   
0     00084bb0  ADCA1_ISR                                
0     00084bba  ADCA2_ISR                                
0     00084bc4  ADCA3_ISR                                
0     00084bce  ADCA4_ISR                                
0     00084bd8  ADCA_EVT_ISR                             
0     00084be2  ADCB1_ISR                                
0     00084bec  ADCB2_ISR                                
0     00084bf6  ADCB3_ISR                                
0     00084c00  ADCB4_ISR                                
0     00084c0a  ADCB_EVT_ISR                             
0     00084c14  ADCC1_ISR                                
0     00084c1e  ADCC2_ISR                                
0     00084c28  ADCC3_ISR                                
0     00084c32  ADCC4_ISR                                
0     00084c3c  ADCC_EVT_ISR                             
0     00084c46  ADCD1_ISR                                
0     00084c50  ADCD2_ISR                                
0     00084c5a  ADCD3_ISR                                
0     00084c64  ADCD4_ISR                                
0     00084c6e  ADCD_EVT_ISR                             
0     00084c78  CANA0_ISR                                
0     00084c82  CANA1_ISR                                
0     00084c8c  CANB0_ISR                                
0     00084c96  CANB1_ISR                                
0     00084ca0  CIPC0_ISR                                
0     00084caa  CIPC1_ISR                                
0     00084cb4  CIPC2_ISR                                
0     00084cbe  CIPC3_ISR                                
0     00084cc8  CLA1CRC_ISR                              
0     00084cd2  CLA1_1_ISR                               
0     00084cdc  CLA1_2_ISR                               
0     00084ce6  CLA1_3_ISR                               
0     00084cf0  CLA1_4_ISR                               
0     00084cfa  CLA1_5_ISR                               
0     00084d04  CLA1_6_ISR                               
0     00084d0e  CLA1_7_ISR                               
0     00084d18  CLA1_8_ISR                               
0     00084d22  CLA_OVERFLOW_ISR                         
0     00084d2c  CLA_UNDERFLOW_ISR                        
0     00084d36  CLB1_ISR                                 
0     00084d40  CLB2_ISR                                 
0     00084d4a  CLB3_ISR                                 
0     00084d54  CLB4_ISR                                 
0     00084d5e  CLB5_ISR                                 
0     00084d68  CLB6_ISR                                 
0     00084d72  CLB7_ISR                                 
0     00084d7c  CLB8_ISR                                 
0     00084d86  CMTOCPUXIPC0_ISR                         
0     00084d90  CMTOCPUXIPC1_ISR                         
0     00084d9a  CMTOCPUXIPC2_ISR                         
0     00084da4  CMTOCPUXIPC3_ISR                         
0     00084dae  CMTOCPUXIPC4_ISR                         
0     00084db8  CMTOCPUXIPC5_ISR                         
0     00084dc2  CMTOCPUXIPC6_ISR                         
0     00084dcc  CMTOCPUXIPC7_ISR                         
0     00084dd6  CM_STATUS_ISR                            
0     00084de0  CPUCRC_ISR                               
0     00084dea  DATALOG_ISR                              
0     00084df4  DMA_CH1_ISR                              
0     00084dfe  DMA_CH2_ISR                              
0     00084e08  DMA_CH3_ISR                              
0     00084e12  DMA_CH4_ISR                              
0     00084e1c  DMA_CH5_ISR                              
0     00084e26  DMA_CH6_ISR                              
0     00084e30  ECAP1_ISR                                
0     00084e3a  ECAP2_ISR                                
0     00084e44  ECAP3_ISR                                
0     00084e4e  ECAP4_ISR                                
0     00084e58  ECAP5_ISR                                
0     00084e62  ECAP6_2_ISR                              
0     00084e6c  ECAP6_ISR                                
0     00084e76  ECAP7_2_ISR                              
0     00084e80  ECAP7_ISR                                
0     00084e8a  ECATRST_ISR                              
0     00084e94  ECATSYNC0_ISR                            
0     00084e9e  ECATSYNC1_ISR                            
0     00084ea8  ECAT_ISR                                 
0     00084eb2  EMU_ISR                                  
0     00084ebc  EPWM10_ISR                               
0     00084ec6  EPWM10_TZ_ISR                            
0     00084ed0  EPWM11_ISR                               
0     00084eda  EPWM11_TZ_ISR                            
0     00084ee4  EPWM12_ISR                               
0     00084eee  EPWM12_TZ_ISR                            
0     00084ef8  EPWM13_ISR                               
0     00084f02  EPWM13_TZ_ISR                            
0     00084f0c  EPWM14_ISR                               
0     00084f16  EPWM14_TZ_ISR                            
0     00084f20  EPWM15_ISR                               
0     00084f2a  EPWM15_TZ_ISR                            
0     00084f34  EPWM16_ISR                               
0     00084f3e  EPWM16_TZ_ISR                            
0     00084f48  EPWM1_ISR                                
0     00084f52  EPWM1_TZ_ISR                             
0     00084f5c  EPWM2_ISR                                
0     00084f66  EPWM2_TZ_ISR                             
0     00084f70  EPWM3_ISR                                
0     00084f7a  EPWM3_TZ_ISR                             
0     00084f84  EPWM4_ISR                                
0     00084f8e  EPWM4_TZ_ISR                             
0     00084f98  EPWM5_ISR                                
0     00084fa2  EPWM5_TZ_ISR                             
0     00084fac  EPWM6_ISR                                
0     00084fb6  EPWM6_TZ_ISR                             
0     00084fc0  EPWM7_ISR                                
0     00084fca  EPWM7_TZ_ISR                             
0     00084fd4  EPWM8_ISR                                
0     00084fde  EPWM8_TZ_ISR                             
0     00084fe8  EPWM9_ISR                                
0     00084ff2  EPWM9_TZ_ISR                             
0     00084ffc  EQEP1_ISR                                
0     00085006  EQEP2_ISR                                
0     00085010  EQEP3_ISR                                
0     0008501a  FMC_ISR                                  
0     00085024  FPU_OFLOW_ISR                            
0     0008502e  FPU_UFLOW_ISR                            
0     00085038  FSIRXA1_ISR                              
0     00085042  FSIRXA2_ISR                              
0     0008504c  FSIRXB1_ISR                              
0     00085056  FSIRXB2_ISR                              
0     00085060  FSIRXC1_ISR                              
0     0008506a  FSIRXC2_ISR                              
0     00085074  FSIRXD1_ISR                              
0     0008507e  FSIRXD2_ISR                              
0     00085088  FSIRXE1_ISR                              
0     00085092  FSIRXE2_ISR                              
0     0008509c  FSIRXF1_ISR                              
0     000850a6  FSIRXF2_ISR                              
0     000850b0  FSIRXG1_ISR                              
0     000850ba  FSIRXG2_ISR                              
0     000850c4  FSIRXH1_ISR                              
0     000850ce  FSIRXH2_ISR                              
0     000850d8  FSITXA1_ISR                              
0     000850e2  FSITXA2_ISR                              
0     000850ec  FSITXB1_ISR                              
0     000850f6  FSITXB2_ISR                              
0     00085100  I2CA_FIFO_ISR                            
0     0008510a  I2CA_HIGH_ISR                            
0     00085114  I2CA_ISR                                 
0     0008511e  I2CB_FIFO_ISR                            
0     00085128  I2CB_ISR                                 
0     00085132  ILLEGAL_ISR                              
0     0008513c  Interrupt_illegalOperationHandler        
0     00085146  Interrupt_nmiHandler                     
0     00085150  MCANA_0_ISR                              
0     0008515a  MCANA_1_ISR                              
0     00085164  MCANA_ECC_ISR                            
0     0008516e  MCANA_WAKE_ISR                           
0     00085178  MCBSPA_RX_ISR                            
0     00085182  MCBSPA_TX_ISR                            
0     0008518c  MCBSPB_RX_ISR                            
0     00085196  MCBSPB_TX_ISR                            
0     000851a0  MPOST_ISR                                
0     000851aa  NMI_ISR                                  
0     000851b4  NOTUSED_ISR                              
0     000851be  PIE_RESERVED_ISR                         
0     000851c8  PMBUSA_ISR                               
0     000851d2  RTOS_ISR                                 
0     000851dc  SCIA_RX_ISR                              
0     000851e6  SCIA_TX_ISR                              
0     000851f0  SCIB_RX_ISR                              
0     000851fa  SCIB_TX_ISR                              
0     00085204  SCIC_RX_ISR                              
0     0008520e  SCIC_TX_ISR                              
0     00085218  SCID_RX_ISR                              
0     00085222  SCID_TX_ISR                              
0     0008522c  SDFM1DR1_ISR                             
0     00085236  SDFM1DR2_ISR                             
0     00085240  SDFM1DR3_ISR                             
0     0008524a  SDFM1DR4_ISR                             
0     00085254  SDFM1_ISR                                
0     0008525e  SDFM2DR1_ISR                             
0     00085268  SDFM2DR2_ISR                             
0     00085272  SDFM2DR3_ISR                             
0     0008527c  SDFM2DR4_ISR                             
0     00085286  SDFM2_ISR                                
0     00085290  SPIA_RX_ISR                              
0     0008529a  SPIA_TX_ISR                              
0     000852a4  SPIB_RX_ISR                              
0     000852ae  SPIB_TX_ISR                              
0     000852b8  SPIC_RX_ISR                              
0     000852c2  SPIC_TX_ISR                              
0     000852cc  SPID_RX_ISR                              
0     000852d6  SPID_TX_ISR                              
0     000852e0  SYS_ERR_ISR                              
0     000852ea  TIMER0_ISR                               
0     000852f4  TIMER1_ISR                               
0     000852fe  TIMER2_ISR                               
0     00085308  USBA_ISR                                 
0     00085312  USER10_ISR                               
0     0008531c  USER11_ISR                               
0     00085326  USER12_ISR                               
0     00085330  USER1_ISR                                
0     0008533a  USER2_ISR                                
0     00085344  USER3_ISR                                
0     0008534e  USER4_ISR                                
0     00085358  USER5_ISR                                
0     00085362  USER6_ISR                                
0     0008536c  USER7_ISR                                
0     00085376  USER8_ISR                                
0     00085380  USER9_ISR                                
0     0008538a  WAKE_ISR                                 
0     00085394  XINT1_ISR                                
0     0008539e  XINT2_ISR                                
0     000853a8  XINT3_ISR                                
0     000853b2  XINT4_ISR                                
0     000853bc  XINT5_ISR                                
0     000853e1  _register_unlock                         
0     000853e5  _register_lock                           
0     000853e9  _nop                                     
0     000853f2  __TI_decompress_none                     
0     00085402  Initial_Adc                              
0     00085409  Initial_SCI                              
0     00085417  __error__                                
0     00085459  Initial_IPC_Clear                        
0     00085461  Initial_SPI                              
0     0008546a  updateAdcData                            
0     0008546d  _system_pre_init                         
0     00085470  _system_post_cinit                       
0     00086000  RamfuncsLoadStart                        
0     00086128  RamfuncsLoadEnd                          
0     00088010  __TI_Handler_Table_Base                  
0     00088016  __TI_Handler_Table_Limit                 
0     0008801a  __TI_CINIT_Base                          
0     00088022  __TI_CINIT_Limit                         
0     00088022  __TI_CINIT_Warm                          
0     00090000  PieVectTableInit                         
0     0009033c  IPC_Instance                             
1     00007400  AdcaRegs                                 
1     00007480  AdcbRegs                                 
1     00007500  AdccRegs                                 
1     00007580  AdcdRegs                                 
1     0005d700  AnalogSubsysRegs                         
abs   00000100  __TI_STACK_SIZE                          
abs   00000128  RamfuncsLoadSize                         
abs   00000128  RamfuncsRunSize                          
abs   ffffffff  __TI_pprof_out_hndl                      
abs   ffffffff  __TI_prof_data_size                      
abs   ffffffff  __TI_prof_data_start                     
n/a   UNDEFED   __c_args__                               

[352 symbols]
