******************************************************************************
             TMS320C2000 Linker PC v22.6.1                     
******************************************************************************
>> Linked Mon Jun  1 16:23:10 2026

OUTPUT FILE NAME:   <TMDSCNCD28388D_T_CPU1.out>
ENTRY POINT SYMBOL: "code_start"  address: 00080000


MEMORY CONFIGURATION

         name            origin    length      used     unused   attr    fill
----------------------  --------  ---------  --------  --------  ----  --------
PAGE 0:
  BOOT_RSVD             00000002   000001af  00000000  000001af  RWIX
  RAMM0                 000001b1   0000024f  00000000  0000024f  RWIX
  RAMM1                 00000400   000003f8  00000100  000002f8  RWIX
  RAMLS0                00008000   00000800  00000128  000006d8  RWIX
  RAMLS1                00008800   00000800  00000000  00000800  RWIX
  RAMLS2                00009000   00000800  00000000  00000800  RWIX
  RAMLS3                00009800   00000800  00000000  00000800  RWIX
  RAMLS4                0000a000   00000800  00000000  00000800  RWIX
  RAMLS5                0000a800   00000800  00000140  000006c0  RWIX
  RAMLS6                0000b000   00000800  00000000  00000800  RWIX
  RAMLS7                0000b800   00000800  00000000  00000800  RWIX
  RAMD0                 0000c000   00000800  00000000  00000800  RWIX
  RAMD1                 0000c800   00000800  00000000  00000800  RWIX
  RAMGS0                0000d000   00001000  00000000  00001000  RWIX
  RAMGS1                0000e000   00001000  00000000  00001000  RWIX
  RAMGS2                0000f000   00001000  00000000  00001000  RWIX
  RAMGS3                00010000   00001000  00000000  00001000  RWIX
  RAMGS4                00011000   00001000  00000000  00001000  RWIX
  RAMGS5                00012000   00001000  00000000  00001000  RWIX
  RAMGS6                00013000   00001000  00000000  00001000  RWIX
  RAMGS7                00014000   00001000  00000000  00001000  RWIX
  RAMGS8                00015000   00001000  00000000  00001000  RWIX
  RAMGS9                00016000   00001000  00000000  00001000  RWIX
  RAMGS10               00017000   00001000  00000000  00001000  RWIX
  RAMGS11               00018000   00001000  00000000  00001000  RWIX
  RAMGS12               00019000   00001000  00000000  00001000  RWIX
  RAMGS13               0001a000   00001000  00000000  00001000  RWIX
  RAMGS14               0001b000   00001000  00000000  00001000  RWIX
  RAMGS15               0001c000   00000ff8  00000000  00000ff8  RWIX
  CMTOCPURAM            00038000   00000800  00000088  00000778  RWIX
  CPUTOCMRAM            00039000   00000800  00000088  00000778  RWIX
  CPU1TOCPU2RAM         0003a000   00000800  00000088  00000778  RWIX
  CPU2TOCPU1RAM         0003b000   00000800  00000088  00000778  RWIX
  CANA_MSG_RAM          00049000   00000800  00000000  00000800  RWIX
  CANB_MSG_RAM          0004b000   00000800  00000000  00000800  RWIX
  BEGIN                 00080000   00000002  00000002  00000000  RWIX
  FLASH0                00080002   00001ffe  00000000  00001ffe  RWIX
  FLASH1                00082000   00002000  00002000  00000000  RWIX
  FLASH2                00084000   00002000  00000f84  0000107c  RWIX
  FLASH3                00086000   00002000  00000128  00001ed8  RWIX
  FLASH4                00088000   00008000  0000001c  00007fe4  RWIX
  FLASH5                00090000   00008000  0000076b  00007895  RWIX
  FLASH6                00098000   00008000  00000000  00008000  RWIX
  FLASH7                000a0000   00008000  00000000  00008000  RWIX
  FLASH8                000a8000   00008000  00000000  00008000  RWIX
  FLASH9                000b0000   00008000  00000000  00008000  RWIX
  FLASH10               000b8000   00002000  00000000  00002000  RWIX
  FLASH11               000ba000   00002000  00000000  00002000  RWIX
  FLASH12               000bc000   00002000  00000000  00002000  RWIX
  FLASH13               000be000   00001ff0  00000000  00001ff0  RWIX
  RESET                 003fffc0   00000002  00000000  00000002  RWIX

PAGE 1:
  ADCARESULT            00000b00   00000018  00000000  00000018  RWIX
  ADCBRESULT            00000b20   00000018  00000000  00000018  RWIX
  ADCCRESULT            00000b40   00000018  00000000  00000018  RWIX
  ADCDRESULT            00000b60   00000018  00000000  00000018  RWIX
  CPUTIMER0             00000c00   00000008  00000000  00000008  RWIX
  CPUTIMER1             00000c08   00000008  00000000  00000008  RWIX
  CPUTIMER2             00000c10   00000008  00000000  00000008  RWIX
  PIECTRL               00000ce0   0000001a  00000000  0000001a  RWIX
  PIEVECTTABLE          00000d00   00000200  00000000  00000200  RWIX
  DMA                   00001000   00000200  00000000  00000200  RWIX
  CLA1                  00001400   00000080  00000000  00000080  RWIX
  CLB1LOGICCFG          00003000   00000052  00000000  00000052  RWIX
  CLB1LOGICCTRL         00003100   00000040  00000000  00000040  RWIX
  CLB1DATAEXCH          00003180   00000080  00000000  00000080  RWIX
  CLB2LOGICCFG          00003200   00000052  00000000  00000052  RWIX
  CLB2LOGICCTRL         00003300   00000040  00000000  00000040  RWIX
  CLB2DATAEXCH          00003380   00000080  00000000  00000080  RWIX
  CLB3LOGICCFG          00003400   00000052  00000000  00000052  RWIX
  CLB3LOGICCTRL         00003500   00000040  00000000  00000040  RWIX
  CLB3DATAEXCH          00003580   00000080  00000000  00000080  RWIX
  CLB4LOGICCFG          00003600   00000052  00000000  00000052  RWIX
  CLB4LOGICCTRL         00003700   00000040  00000000  00000040  RWIX
  CLB4DATAEXCH          00003780   00000080  00000000  00000080  RWIX
  CLB5LOGICCFG          00003800   00000052  00000000  00000052  RWIX
  CLB5LOGICCTRL         00003900   00000040  00000000  00000040  RWIX
  CLB5DATAEXCH          00003980   00000080  00000000  00000080  RWIX
  CLB6LOGICCFG          00003a00   00000052  00000000  00000052  RWIX
  CLB6LOGICCTRL         00003b00   00000040  00000000  00000040  RWIX
  CLB6DATAEXCH          00003b80   00000080  00000000  00000080  RWIX
  CLB7LOGICCFG          00003c00   00000052  00000000  00000052  RWIX
  CLB7LOGICCTRL         00003d00   00000040  00000000  00000040  RWIX
  CLB7DATAEXCH          00003d80   00000080  00000000  00000080  RWIX
  CLB8LOGICCFG          00003e00   00000052  00000000  00000052  RWIX
  CLB8LOGICCTRL         00003f00   00000040  00000000  00000040  RWIX
  CLB8DATAEXCH          00003f80   00000080  00000000  00000080  RWIX
  EPWM1                 00004000   00000100  00000000  00000100  RWIX
  EPWM2                 00004100   00000100  00000000  00000100  RWIX
  EPWM3                 00004200   00000100  00000000  00000100  RWIX
  EPWM4                 00004300   00000100  00000000  00000100  RWIX
  EPWM5                 00004400   00000100  00000000  00000100  RWIX
  EPWM6                 00004500   00000100  00000000  00000100  RWIX
  EPWM7                 00004600   00000100  00000000  00000100  RWIX
  EPWM8                 00004700   00000100  00000000  00000100  RWIX
  EPWM9                 00004800   00000100  00000000  00000100  RWIX
  EPWM10                00004900   00000100  00000000  00000100  RWIX
  EPWM11                00004a00   00000100  00000000  00000100  RWIX
  EPWM12                00004b00   00000100  00000000  00000100  RWIX
  EPWM13                00004c00   00000100  00000000  00000100  RWIX
  EPWM14                00004d00   00000100  00000000  00000100  RWIX
  EPWM15                00004e00   00000100  00000000  00000100  RWIX
  EPWM16                00004f00   00000100  00000000  00000100  RWIX
  EQEP1                 00005100   00000040  00000000  00000040  RWIX
  EQEP2                 00005140   00000040  00000000  00000040  RWIX
  EQEP3                 00005180   00000040  00000000  00000040  RWIX
  ECAP1                 00005200   00000020  00000000  00000020  RWIX
  ECAP2                 00005240   00000020  00000000  00000020  RWIX
  ECAP3                 00005280   00000020  00000000  00000020  RWIX
  ECAP4                 000052c0   00000020  00000000  00000020  RWIX
  ECAP5                 00005300   00000020  00000000  00000020  RWIX
  ECAP6                 00005340   00000020  00000000  00000020  RWIX
  HRCAP6                00005360   00000020  00000000  00000020  RWIX
  ECAP7                 00005380   00000020  00000000  00000020  RWIX
  HRCAP7                000053a0   00000020  00000000  00000020  RWIX
  DACA                  00005c00   00000008  00000000  00000008  RWIX
  DACB                  00005c10   00000008  00000000  00000008  RWIX
  DACC                  00005c20   00000008  00000000  00000008  RWIX
  CMPSS1                00005c80   00000020  00000000  00000020  RWIX
  CMPSS2                00005ca0   00000020  00000000  00000020  RWIX
  CMPSS3                00005cc0   00000020  00000000  00000020  RWIX
  CMPSS4                00005ce0   00000020  00000000  00000020  RWIX
  CMPSS5                00005d00   00000020  00000000  00000020  RWIX
  CMPSS6                00005d20   00000020  00000000  00000020  RWIX
  CMPSS7                00005d40   00000020  00000000  00000020  RWIX
  CMPSS8                00005d60   00000020  00000000  00000020  RWIX
  SDFM1                 00005e00   00000080  00000000  00000080  RWIX
  SDFM2                 00005e80   00000080  00000000  00000080  RWIX
  MCBSPA                00006000   00000024  00000000  00000024  RWIX
  MCBSPB                00006040   00000024  00000000  00000024  RWIX
  SPIA                  00006100   00000010  00000000  00000010  RWIX
  SPIB                  00006110   00000010  00000000  00000010  RWIX
  SPIC                  00006120   00000010  00000000  00000010  RWIX
  SPID                  00006130   00000010  00000000  00000010  RWIX
  BGCRCCPU              00006340   00000040  00000000  00000040  RWIX
  BGCRCCLA1             00006380   00000040  00000000  00000040  RWIX
  PMBUSA                00006400   00000020  00000000  00000020  RWIX
  FSITXA                00006600   00000050  00000000  00000050  RWIX
  FSIRXA                00006680   00000050  00000000  00000050  RWIX
  FSITXB                00006700   00000050  00000000  00000050  RWIX
  FSIRXB                00006780   00000050  00000000  00000050  RWIX
  FSIRXC                00006880   00000050  00000000  00000050  RWIX
  FSIRXD                00006980   00000050  00000000  00000050  RWIX
  FSIRXE                00006a80   00000050  00000000  00000050  RWIX
  FSIRXF                00006b80   00000050  00000000  00000050  RWIX
  FSIRXG                00006c80   00000050  00000000  00000050  RWIX
  FSIRXH                00006d80   00000050  00000000  00000050  RWIX
  WD                    00007000   0000002c  00000000  0000002c  RWIX
  NMIINTRUPT            00007060   00000010  00000000  00000010  RWIX
  XINT                  00007070   0000000c  00000000  0000000c  RWIX
  SCIA                  00007200   00000010  00000000  00000010  RWIX
  SCIB                  00007210   00000010  00000000  00000010  RWIX
  SCIC                  00007220   00000010  00000000  00000010  RWIX
  SCID                  00007230   00000010  00000000  00000010  RWIX
  I2CA                  00007300   00000022  00000000  00000022  RWIX
  I2CB                  00007340   00000022  00000000  00000022  RWIX
  ADCA                  00007400   00000080  0000007c  00000004  RWIX
  ADCB                  00007480   00000080  0000007c  00000004  RWIX
  ADCC                  00007500   00000080  0000007c  00000004  RWIX
  ADCD                  00007580   00000080  0000007c  00000004  RWIX
  INPUTXBAR             00007900   00000020  00000000  00000020  RWIX
  XBAR                  00007920   00000020  00000000  00000020  RWIX
  SYNCSOC               00007940   00000006  00000000  00000006  RWIX
  CLBINPUTXBAR          00007960   00000020  00000000  00000020  RWIX
  DMACLASRCSEL          00007980   0000001a  00000000  0000001a  RWIX
  EPWMXBAR              00007a00   00000040  00000000  00000040  RWIX
  CLBXBAR               00007a40   00000040  00000000  00000040  RWIX
  OUTPUTXBAR            00007a80   00000040  00000000  00000040  RWIX
  CLBOUTPUTXBAR         00007bc0   00000040  00000000  00000040  RWIX
  GPIOCTRL              00007c00   00000200  00000000  00000200  RWIX
  GPIODATA              00007f00   00000040  00000000  00000040  RWIX
  GPIODATAREAD          00007f80   00000010  00000000  00000010  RWIX
  EMIF1                 00047000   00000070  00000000  00000070  RWIX
  EMIF2                 00047800   00000070  00000000  00000070  RWIX
  CANA                  00048000   00000200  00000000  00000200  RWIX
  CANB                  0004a000   00000200  00000000  00000200  RWIX
  ESCSS                 00057e00   00000024  00000000  00000024  RWIX
  ESCSSCONFIG           00057f00   00000016  00000000  00000016  RWIX
  MCANASS               0005c400   0000002c  00000000  0000002c  RWIX
  MCANA                 0005c600   00000100  00000000  00000100  RWIX
  MCANAERR              0005c800   00000210  00000000  00000210  RWIX
  CPU1TOCPU2IPC         0005ce00   00000026  00000000  00000026  RWIX
  CPU1TOCMIPC           0005ce40   00000026  00000000  00000026  RWIX
  DEVCFG                0005d000   000001a0  00000000  000001a0  RWIX
  CLKCFG                0005d200   00000100  00000000  00000100  RWIX
  CPUSYS                0005d300   000000a0  00000000  000000a0  RWIX
  SYSSTATUS             0005d400   00000100  00000000  00000100  RWIX
  SYSPERIPHAC           0005d500   00000200  00000000  00000200  RWIX
  ANALOGSUBSYS          0005d700   00000100  0000003e  000000c2  RWIX
  CMCONF                0005dc00   00000400  00000000  00000400  RWIX
  DCC0                  0005e700   00000038  00000000  00000038  RWIX
  DCC1                  0005e740   00000038  00000000  00000038  RWIX
  DCC2                  0005e780   00000038  00000000  00000038  RWIX
  ERADGLOBAL            0005e800   00000014  00000000  00000014  RWIX
  ERADHWBP1             0005e900   00000008  00000000  00000008  RWIX
  ERADHWBP2             0005e908   00000008  00000000  00000008  RWIX
  ERADHWBP3             0005e910   00000008  00000000  00000008  RWIX
  ERADHWBP4             0005e918   00000008  00000000  00000008  RWIX
  ERADHWBP5             0005e920   00000008  00000000  00000008  RWIX
  ERADHWBP6             0005e928   00000008  00000000  00000008  RWIX
  ERADHWBP7             0005e930   00000008  00000000  00000008  RWIX
  ERADHWBP8             0005e938   00000008  00000000  00000008  RWIX
  ERADCOUNTER1          0005e980   00000010  00000000  00000010  RWIX
  ERADCOUNTER2          0005e990   00000010  00000000  00000010  RWIX
  ERADCOUNTER3          0005e9a0   00000010  00000000  00000010  RWIX
  ERADCOUNTER4          0005e9b0   00000010  00000000  00000010  RWIX
  ERADCRCGLOBAL         0005ea00   00000010  00000000  00000010  RWIX
  ERADCRC1              0005ea10   00000010  00000000  00000010  RWIX
  ERADCRC2              0005ea20   00000010  00000000  00000010  RWIX
  ERADCRC3              0005ea30   00000010  00000000  00000010  RWIX
  ERADCRC4              0005ea40   00000010  00000000  00000010  RWIX
  ERADCRC5              0005ea50   00000010  00000000  00000010  RWIX
  ERADCRC6              0005ea60   00000010  00000000  00000010  RWIX
  ERADCRC7              0005ea70   00000010  00000000  00000010  RWIX
  ERADCRC8              0005ea80   00000010  00000000  00000010  RWIX
  DCSMZ1                0005f000   0000003e  00000000  0000003e  RWIX
  DCSMZ2                0005f080   0000003e  00000000  0000003e  RWIX
  DCSMCOMMON            0005f0c0   00000020  00000000  00000020  RWIX
  MEMCFG                0005f400   000000c0  00000000  000000c0  RWIX
  EMIF1CONFIG           0005f4c0   00000020  00000000  00000020  RWIX
  EMIF2CONFIG           0005f4e0   00000020  00000000  00000020  RWIX
  ACCESSPROTECTION      0005f500   00000040  00000000  00000040  RWIX
  MEMORYERROR           0005f540   00000040  00000000  00000040  RWIX
  ROMWAITSTATE          0005f580   00000008  00000000  00000008  RWIX
  ROMPREFETCH           0005f588   00000008  00000000  00000008  RWIX
  TESTERROR             0005f590   00000010  00000000  00000010  RWIX
  FLASH0CTRL            0005f800   00000182  00000000  00000182  RWIX
  FLASH0ECC             0005fb00   00000028  00000000  00000028  RWIX
  UID                   00070200   00000010  00000000  00000010  RWIX
  DCSMZ1OTP             00078000   00000020  00000000  00000020  RWIX
  DCSMZ2OTP             00078200   00000020  00000000  00000020  RWIX


SECTION ALLOCATION MAP

 output                                  attributes/
section   page    origin      length       input sections
--------  ----  ----------  ----------   ----------------
codestart 
*          0    00080000    00000002     
                  00080000    00000002     f2838x_codestartbranch.obj (codestart)

.cinit     0    00088000    0000001c     
                  00088000    0000000a     (.cinit..data.load) [load image, compression = lzss]
                  0008800a    00000006     (__TI_handler_table)
                  00088010    00000004     (.cinit..bss.load) [load image, compression = zero_init]
                  00088014    00000008     (__TI_cinit_table)

.reset     0    003fffc0    00000000     DSECT

.stack     0    00000400    00000100     UNINITIALIZED
                  00000400    00000100     --HOLE--

.init_array 
*          0    00082000    00000000     UNINITIALIZED

.bss       0    0000a810    00000131     UNINITIALIZED
                  0000a810    0000001e     CSU_LED.obj (.bss)
                  0000a82e    00000006     DevTimer.obj (.bss)
                  0000a834    00000006     f2838x_tempsensorconv.obj (.bss)
                  0000a83a    00000003     CSU_SCI_PC.obj (.bss)
                  0000a83d    00000003     --HOLE--
                  0000a840    00000101     DevSci.obj (.bss)

.data      0    0000a800    0000000f     UNINITIALIZED
                  0000a800    00000006     rts2800_fpu64_eabi.lib : exit.c.obj (.data)
                  0000a806    00000004     CSU_Adc.obj (.data)
                  0000a80a    00000002     rts2800_fpu64_eabi.lib : _lock.c.obj (.data:_lock)
                  0000a80c    00000002                            : _lock.c.obj (.data:_unlock)
                  0000a80e    00000001     DevAdc.obj (.data)

MSGRAM_CM_TO_CPU 
*          0    00038000    00000088     UNINITIALIZED
                  00038000    00000088     ipc.obj (MSGRAM_CM_TO_CPU)

MSGRAM_CPU_TO_CM 
*          0    00039000    00000088     UNINITIALIZED
                  00039000    00000088     ipc.obj (MSGRAM_CPU_TO_CM)

.const     0    00090000    0000076b     
                  00090000    000001c0     f2838x_pievect.obj (.const)
                  000901c0    000000e9     DevAdc.obj (.const:.string)
                  000902a9    00000001     --HOLE-- [fill = 0]
                  000902aa    00000092     device.obj (.const:.string)
                  0009033c    00000088     ipc.obj (.const:IPC_Instance)
                  000903c4    00000079     DevTimer.obj (.const:.string)
                  0009043d    00000001     --HOLE-- [fill = 0]
                  0009043e    00000075     CSU_EPWM.obj (.const:.string)
                  000904b3    00000001     --HOLE-- [fill = 0]
                  000904b4    00000075     CSU_LED.obj (.const:.string)
                  00090529    00000001     --HOLE-- [fill = 0]
                  0009052a    00000074     DevSci.obj (.const:.string)
                  0009059e    00000074     DevSpi.obj (.const:.string)
                  00090612    00000033     flash.obj (.const:.string)
                  00090645    00000001     --HOLE-- [fill = 0]
                  00090646    00000032     sysctl.obj (.const:.string)
                  00090678    00000030     gpio.obj (.const:.string)
                  000906a8    0000002f     dcc.obj (.const:.string)
                  000906d7    00000001     --HOLE-- [fill = 0]
                  000906d8    0000002f     sci.obj (.const:.string)
                  00090707    00000001     --HOLE-- [fill = 0]
                  00090708    0000002f     spi.obj (.const:.string)
                  00090737    00000001     --HOLE-- [fill = 0]
                  00090738    0000001c     cputimer.obj (.const:.string)
                  00090754    00000017     ipc.obj (.const:.string)

MSGRAM_CPU1_TO_CPU2 
*          0    0003a000    00000088     UNINITIALIZED
                  0003a000    00000088     ipc.obj (MSGRAM_CPU1_TO_CPU2)

MSGRAM_CPU2_TO_CPU1 
*          0    0003b000    00000088     UNINITIALIZED
                  0003b000    00000088     ipc.obj (MSGRAM_CPU2_TO_CPU1)

.TI.ramfunc 
*          0    00086000    00000128     RUN ADDR = 00008000
                  00086000    0000003f     flash.obj (.TI.ramfunc:Flash_initModule)
                  0008603f    0000002c     flash.obj (.TI.ramfunc:Flash_setBankPowerMode)
                  0008606b    00000024     flash.obj (.TI.ramfunc:Flash_setWaitstates)
                  0008608f    0000001d     flash.obj (.TI.ramfunc:Flash_setPumpPowerMode)
                  000860ac    00000018     flash.obj (.TI.ramfunc:Flash_disableCache)
                  000860c4    00000018     flash.obj (.TI.ramfunc:Flash_disablePrefetch)
                  000860dc    00000017     flash.obj (.TI.ramfunc:Flash_enableCache)
                  000860f3    00000017     flash.obj (.TI.ramfunc:Flash_enablePrefetch)
                  0008610a    00000016     flash.obj (.TI.ramfunc:Flash_enableECC)
                  00086120    00000004     f2838x_usdelay.obj (.TI.ramfunc)
                  00086124    00000004     sysctl.obj (.TI.ramfunc)

AdcaRegsFile 
*          1    00007400    0000007c     UNINITIALIZED
                  00007400    0000007c     f2838x_globalvariabledefs.obj (AdcaRegsFile)

AdcbRegsFile 
*          1    00007480    0000007c     UNINITIALIZED
                  00007480    0000007c     f2838x_globalvariabledefs.obj (AdcbRegsFile)

AdccRegsFile 
*          1    00007500    0000007c     UNINITIALIZED
                  00007500    0000007c     f2838x_globalvariabledefs.obj (AdccRegsFile)

AdcdRegsFile 
*          1    00007580    0000007c     UNINITIALIZED
                  00007580    0000007c     f2838x_globalvariabledefs.obj (AdcdRegsFile)

AnalogSubsysRegsFile 
*          1    0005d700    0000003e     UNINITIALIZED
                  0005d700    0000003e     f2838x_globalvariabledefs.obj (AnalogSubsysRegsFile)

dcsm_z1otp_link_pointer 
*          0    00000002    00000000     

dcsm_z1otp_jlm_enable 
*          0    00000002    00000000     

dcsm_z1otp_gpreg 
*          0    00000002    00000000     

dcsm_z1otp_pswd_lock 
*          0    00000002    00000000     

dcsm_z1otp_crc_lock 
*          0    00000002    00000000     

dcsm_z1otp_jtag_pswdh 
*          0    00000002    00000000     

dcsm_z1otp_cmac_key 
*          0    00000002    00000000     

dcsm_zsel_z1 
*          0    00000002    00000000     

dcsm_z2otp_link_pointer 
*          0    00000002    00000000     

dcsm_rsvd_z2 
*          0    00000002    00000000     

dcsm_z2otp_gpreg 
*          0    00000002    00000000     

dcsm_z2otp_pswd_lock 
*          0    00000002    00000000     

dcsm_z2otp_crc_lock 
*          0    00000002    00000000     

dcsm_rsvd1_z2 
*          0    00000002    00000000     

dcsm_zsel_z2 
*          0    00000002    00000000     

.text.1    0    00082000    00002000     
                  00082000    00000167     device.obj (.text:Device_enableAllPeripherals)
                  00082167    0000013b     sysctl.obj (.text:SysCtl_setClock)
                  000822a2    00000118     sysctl.obj (.text:SysCtl_isPLLValid)
                  000823ba    00000118     sysctl.obj (.text:SysCtl_setAuxClock)
                  000824d2    000000cb     dcc.obj (.text:DCC_verifyClockFrequency)
                  0008259d    000000bb     f2838x_adc.obj (.text:AdcSetMode)
                  00082658    000000b7     CSU_LED.obj (.text:updateLedStatus)
                  0008270f    000000b2     CSU_LED.obj (.text:initGpioDoutLed)
                  000827c1    000000ae     DevSci.obj (.text:isrScia_SCI_PC)
                  0008286f    000000a6     CSU_LED.obj (.text:Initial_LED)
                  00082915    0000009a     CSU_SCI_PC.obj (.text:sendSciPcMessage1)
                  000829af    00000091     DevAdc.obj (.text:InitAdcModules)
                  00082a40    00000091     sysctl.obj (.text:SysCtl_getAuxClock)
                  00082ad1    00000088     rts2800_fpu64_eabi.lib : fs_div28.asm.obj (.text)
                  00082b59    0000007e     spi.obj (.text:SPI_setConfig)
                  00082bd7    00000076     gpio.obj (.text:GPIO_setControllerCore)
                  00082c4d    00000076     gpio.obj (.text:GPIO_setQualificationMode)
                  00082cc3    00000075     DevAdc.obj (.text:EPWM_setADCTriggerSource)
                  00082d38    00000073     dcc.obj (.text:DCC_setCounterSeeds)
                  00082dab    00000073     sysctl.obj (.text:DCC_setCounterSeeds)
                  00082e1e    00000073     sysctl.obj (.text:SysCtl_getClock)
                  00082e91    0000006f     device.obj (.text:Device_init)
                  00082f00    0000006f     gpio.obj (.text:GPIO_setPadConfig)
                  00082f6f    0000005e     sysctl.obj (.text:SysCtl_selectOscSourceAuxPLL)
                  00082fcd    0000005d     CSU_LED.obj (.text:HW_writeLedPin)
                  0008302a    00000053     DevTimer.obj (.text:Initial_TIMER)
                  0008307d    0000004e     gpio.obj (.text:GPIO_setDirectionMode)
                  000830cb    0000004d     DevAdc.obj (.text:AdcaIsr)
                  00083118    0000004b     CSU_EPWM.obj (.text:EPWM_isBaseValid)
                  00083163    0000004b     DevAdc.obj (.text:EPWM_isBaseValid)
                  000831ae    00000049     sci.obj (.text:SCI_setConfig)
                  000831f7    00000049     sysctl.obj (.text:SysCtl_pollX1Counter)
                  00083240    00000048     CSU_LED.obj (.text:HW_toggleLedPin)
                  00083288    00000047     sysctl.obj (.text:SysCtl_selectOscSource)
                  000832cf    00000046     DevAdc.obj (.text:ADC_setupSOC)
                  00083315    00000045     sci.obj (.text:SCI_clearInterruptStatus)
                  0008335a    00000045     sci.obj (.text:SCI_disableInterrupt)
                  0008339f    00000044     CSU_LED.obj (.text:GPIO_writePin)
                  000833e3    00000044     sci.obj (.text:SCI_enableInterrupt)
                  00083427    00000044     DevTimer.obj (.text:isr_CpuTimer1)
                  0008346b    00000043     DevTimer.obj (.text:initCPUTimers)
                  000834ae    00000043     DevTimer.obj (.text:isr_CpuTimer2)
                  000834f1    00000042     DevSpi.obj (.text:InitSpic)
                  00083533    00000041     sci.obj (.text:SCI_writeCharArray)
                  00083574    00000040     CSU_EPWM.obj (.text:EPWM_setActionQualifierAction)
                  000835b4    00000040     DevAdc.obj (.text:EPWM_setActionQualifierAction)
                  000835f4    00000040     sysctl.obj (.text:SysCtl_selectXTAL)
                  00083634    00000040     DevTimer.obj (.text:isr_CpuTimer0)
                  00083674    0000003f     DevIPC.obj (.text:isrIpcFromCM)
                  000836b3    0000003d     f2838x_adc.obj (.text:CalAdcINL)
                  000836f0    0000003d     interrupt.obj (.text:Interrupt_initModule)
                  0008372d    0000003b     CSU_LED.obj (.text:GPIO_togglePin)
                  00083768    0000003b     sci.obj (.text:SCI_readCharArray)
                  000837a3    0000003b     DevSci.obj (.text:setupSciaPC_HW)
                  000837de    0000003a     DevAdc.obj (.text:EPWM_setADCTriggerEventPrescale)
                  00083818    00000039     CSU_EPWM.obj (.text:Initial_Epwm7a)
                  00083851    00000039     DevSci.obj (.text:dequeueSci)
                  0008388a    00000038     DevAdc.obj (.text:setupEPWM8_TimeBase)
                  000838c2    00000037     gpio.obj (.text:GPIO_setPinConfig)
                  000838f9    00000037     interrupt.obj (.text:Interrupt_enable)
                  00083930    00000036     ipc.obj (.text:IPC_registerInterrupt)
                  00083966    00000034     DevSci.obj (.text:enqueueSci)
                  0008399a    00000032     CSU_Adc.obj (.text:updateDspTempSensor)
                  000839cc    00000030     rts2800_fpu64_eabi.lib : copy_decompress_lzss.c.obj (.text:decompress:lzss)
                  000839fc    0000002f     DevAdc.obj (.text:ADC_setInterruptSource)
                  00083a2b    0000002f     DevTimer.obj (.text:configCPUTimer)
                  00083a5a    0000002f     DevSci.obj (.text:sendScia_SCI_PC)
                  00083a89    0000002f     DevSci.obj (.text:setupSciaPC_GPIO)
                  00083ab8    0000002c     CSU_EPWM.obj (.text:EPWM_setActionQualifierContSWForceAction)
                  00083ae4    0000002b     rts2800_fpu64_eabi.lib : autoinit.c.obj (.text:__TI_auto_init_nobinit_nopinit)
                  00083b0f    00000029                            : exit.c.obj (.text)
                  00083b38    00000026     DevSci.obj (.text:SCI_setFIFOInterruptLevel)
                  00083b5e    00000025     sysctl.obj (.text:SysCtl_controlCMReset)
                  00083b83    00000025     sysctl.obj (.text:SysCtl_selectXTALSingleEnded)
                  00083ba8    00000024     dcc.obj (.text:DCC_enableSingleShotMode)
                  00083bcc    00000024     sysctl.obj (.text:DCC_enableSingleShotMode)
                  00083bf0    00000024     sysctl.obj (.text:SysCtl_getLowSpeedClock)
                  00083c14    00000024     main.obj (.text:main)
                  00083c38    00000022     DevAdc.obj (.text:EPWM_setCounterCompareValue)
                  00083c5a    00000021     device.obj (.text:Device_initGPIO)
                  00083c7b    00000020     DevAdc.obj (.text:ADC_enableInterrupt)
                  00083c9b    00000020     sci.obj (.text:SCI_isFIFOEnabled)
                  00083cbb    00000020     CSU_SCI_PC.obj (.text:recvSciPcMessage)
                  00083cdb    0000001e     DevAdc.obj (.text:ADC_readResult)
                  00083cf9    0000001e     dcc.obj (.text:DCC_setCounter0ClkSource)
                  00083d17    0000001e     sysctl.obj (.text:DCC_setCounter0ClkSource)
                  00083d35    0000001e     dcc.obj (.text:DCC_setCounter1ClkSource)
                  00083d53    0000001e     sysctl.obj (.text:DCC_setCounter1ClkSource)
                  00083d71    0000001e     device.obj (.text:Device_verifyXTAL)
                  00083d8f    0000001e     CSU_EPWM.obj (.text:EPWM_disableSyncOutPulseSource)
                  00083dad    0000001e     DevAdc.obj (.text:EPWM_setPhaseShift)
                  00083dcb    0000001e     interrupt.obj (.text:Interrupt_initVectorTable)
                  00083de9    0000001d     DevSci.obj (.text:SCI_enableFIFO)
                  00083e06    0000001d     rts2800_fpu64_eabi.lib : memcpy.c.obj (.text)
                  00083e23    0000001c     dcc.obj (.text:DCC_getErrorStatus)
                  00083e3f    0000001c     dcc.obj (.text:DCC_getSingleShotStatus)
                  00083e5b    0000001c     DevAdc.obj (.text:EPWM_enableADCTrigger)
                  00083e77    0000001c     DevAdc.obj (.text:EPWM_setClockPrescaler)
                  00083e93    0000001c     f2838x_tempsensorconv.obj (.text:InitTempSensor)
                  00083eaf    0000001c     CSU_LED.obj (.text:setLedStatus)
                  00083ecb    0000001b     DevAdc.obj (.text:ADC_isBaseValid)
                  00083ee6    0000001b     DevSci.obj (.text:SCI_isBaseValid)
                  00083f01    0000001b     sci.obj (.text:SCI_isBaseValid)
                  00083f1c    0000001b     DevSpi.obj (.text:SPI_isBaseValid)
                  00083f37    0000001b     spi.obj (.text:SPI_isBaseValid)
                  00083f52    0000001a     DevTimer.obj (.text:CPUTimer_startTimer)
                  00083f6c    0000001a     dcc.obj (.text:DCC_isBaseValid)
                  00083f86    0000001a     sysctl.obj (.text:DCC_isBaseValid)
                  00083fa0    0000001a     sci.obj (.text:SCI_isDataAvailableNonFIFO)
                  00083fba    0000001a     sci.obj (.text:SCI_isSpaceAvailableNonFIFO)
                  00083fd4    0000001a     DevSpi.obj (.text:SPI_setEmulationMode)
                  00083fee    00000012     DevDspInit.obj (.text:DSP_Initialization)

.text.2    0    00084000    00000f84     
                  00084000    00000019     device.obj (.text:IPC_setBootMode)
                  00084019    00000019     rts2800_fpu64_eabi.lib : boot28.asm.obj (.text)
                  00084032    00000018     sci.obj (.text:SCI_disableModule)
                  0008404a    00000018     DevSci.obj (.text:SCI_performSoftwareReset)
                  00084062    00000018     sci.obj (.text:SCI_performSoftwareReset)
                  0008407a    00000018     DevSci.obj (.text:SCI_resetChannels)
                  00084092    00000018     DevSci.obj (.text:SCI_resetRxFIFO)
                  000840aa    00000018     DevSci.obj (.text:SCI_resetTxFIFO)
                  000840c2    00000018     DevSpi.obj (.text:SPI_disableFIFO)
                  000840da    00000017     DevTimer.obj (.text:CPUTimer_isBaseValid)
                  000840f1    00000017     cputimer.obj (.text:CPUTimer_isBaseValid)
                  00084108    00000017     DevTimer.obj (.text:CPUTimer_setPreScaler)
                  0008411f    00000017     DevDspInit.obj (.text:Init_GpioDout)
                  00084136    00000017     CSU_EPWM.obj (.text:SysCtl_enablePeripheral)
                  0008414d    00000017     DevAdc.obj (.text:SysCtl_enablePeripheral)
                  00084164    00000017     device.obj (.text:SysCtl_enablePeripheral)
                  0008417b    00000017     sysctl.obj (.text:SysCtl_enablePeripheral)
                  00084192    00000017     DevAdc.obj (.text:initEPWM8)
                  000841a9    00000017     CSU_LED.obj (.text:setLedModeToggle)
                  000841c0    00000016     DevAdc.obj (.text:ADC_setInterruptPulseMode)
                  000841d6    00000016     DevAdc.obj (.text:ADC_setPrescaler)
                  000841ec    00000016     dcc.obj (.text:DCC_disableDoneSignal)
                  00084202    00000016     sysctl.obj (.text:DCC_disableDoneSignal)
                  00084218    00000016     dcc.obj (.text:DCC_enableDoneSignal)
                  0008422e    00000016     device.obj (.text:Device_bootCM)
                  00084244    00000016     interrupt.obj (.text:Interrupt_defaultHandler)
                  0008425a    00000015     DevTimer.obj (.text:CPUTimer_enableInterrupt)
                  0008426f    00000015     dcc.obj (.text:DCC_clearDoneFlag)
                  00084284    00000015     sysctl.obj (.text:DCC_clearDoneFlag)
                  00084299    00000015     dcc.obj (.text:DCC_clearErrorFlag)
                  000842ae    00000015     sysctl.obj (.text:DCC_clearErrorFlag)
                  000842c3    00000015     dcc.obj (.text:DCC_disableErrorSignal)
                  000842d8    00000015     sysctl.obj (.text:DCC_disableErrorSignal)
                  000842ed    00000015     dcc.obj (.text:DCC_enableErrorSignal)
                  00084302    00000015     device.obj (.text:GPIO_unlockPortConfig)
                  00084317    00000014     DevAdc.obj (.text:ADC_clearInterruptStatus)
                  0008432b    00000014     DevTimer.obj (.text:CPUTimer_reloadTimerCounter)
                  0008433f    00000014     DevTimer.obj (.text:CPUTimer_stopTimer)
                  00084353    00000014     dcc.obj (.text:DCC_disableModule)
                  00084367    00000014     sysctl.obj (.text:DCC_disableModule)
                  0008437b    00000014     dcc.obj (.text:DCC_enableModule)
                  0008438f    00000014     sysctl.obj (.text:DCC_enableModule)
                  000843a3    00000014     CSU_EPWM.obj (.text:EPWM_setTimeBaseCounterMode)
                  000843b7    00000014     DevAdc.obj (.text:EPWM_setTimeBaseCounterMode)
                  000843cb    00000014     DevAdc.obj (.text:EPWM_setTimeBasePeriod)
                  000843df    00000014     sci.obj (.text:SCI_getRxFIFOStatus)
                  000843f3    00000014     sci.obj (.text:SCI_getTxFIFOStatus)
                  00084407    00000014     DevSci.obj (.text:xmtScia_SCI_PC)
                  0008441b    00000013     DevAdc.obj (.text:ADC_enableConverter)
                  0008442e    00000013     cputimer.obj (.text:CPUTimer_setEmulationMode)
                  00084441    00000013     device.obj (.text:Device_enableUnbondedGPIOPullupsFor176Pin)
                  00084454    00000013     DevIPC.obj (.text:Initial_IPC_Mastership)
                  00084467    00000013     DevSci.obj (.text:SCI_clearOverflowStatus)
                  0008447a    00000013     DevSci.obj (.text:SCI_enableModule)
                  0008448d    00000013     sci.obj (.text:SCI_enableModule)
                  000844a0    00000013     CSU_EPWM.obj (.text:initEpwm7aGpio)
                  000844b3    00000012     CSU_EPWM.obj (.text:EPWM_setTimeBaseCounter)
                  000844c5    00000012     DevAdc.obj (.text:EPWM_setTimeBaseCounter)
                  000844d7    00000012     DevAdc.obj (.text:setupEPWM8_ActionQualifier)
                  000844e9    00000012     DevAdc.obj (.text:setupEPWM8_AdcTrigger)
                  000844fb    00000011     DevTimer.obj (.text:CPUTimer_setPeriod)
                  0008450c    00000011     device.obj (.text:Device_enableUnbondedGPIOPullups)
                  0008451d    00000011     CSU_EPWM.obj (.text:EPWM_disablePhaseShiftLoad)
                  0008452e    00000011     DevAdc.obj (.text:EPWM_disablePhaseShiftLoad)
                  0008453f    00000011     DevSpi.obj (.text:SPI_disableModule)
                  00084550    00000011     DevSpi.obj (.text:SPI_enableModule)
                  00084561    00000011     DevDspInit.obj (.text:SysCtl_setCMClk)
                  00084572    00000011     device.obj (.text:SysCtl_setCMClk)
                  00084583    00000011     DevSci.obj (.text:setupSciaPC_Interrupt)
                  00084594    00000010     flash.obj (.text:Flash_isCtrlBaseValid)
                  000845a4    00000010     flash.obj (.text:Flash_isECCBaseValid)
                  000845b4    00000010     DevDspInit.obj (.text:Init_GpioDin)
                  000845c4    0000000f     device.obj (.text:IPC_setFlagLtoR)
                  000845d3    0000000f     DevAdc.obj (.text:InitialAdc)
                  000845e2    0000000f     DevAdc.obj (.text:Interrupt_register)
                  000845f1    0000000f     DevSci.obj (.text:Interrupt_register)
                  00084600    0000000f     DevTimer.obj (.text:Interrupt_register)
                  0008460f    0000000f     ipc.obj (.text:Interrupt_register)
                  0008461e    0000000f     ipc.obj (.text:Interrupt_unregister)
                  0008462d    0000000f     sysctl.obj (.text:SysCtl_setPLLSysClk)
                  0008463c    0000000e     CSU_LED.obj (.text:GPIO_isPinValid)
                  0008464a    0000000e     gpio.obj (.text:GPIO_isPinValid)
                  00084658    0000000d     f2838x_defaultisr.obj (.text:EMPTY_ISR)
                  00084665    0000000d     interrupt.obj (.text:Interrupt_disableGlobal)
                  00084672    0000000d     interrupt.obj (.text:Interrupt_enableGlobal)
                  0008467f    0000000d     device.obj (.text:SysCtl_setLowSpeedClock)
                  0008468c    0000000d     rts2800_fpu64_eabi.lib : copy_zero_init.c.obj (.text:decompress:ZI:__TI_zero_init_nomemset)
                  00084699    0000000c                            : args_main.c.obj (.text)
                  000846a5    0000000b     device.obj (.text:SysCtl_disableWatchdog)
                  000846b0    0000000b     device.obj (.text:SysCtl_isCMReset)
                  000846bb    0000000b     sysctl.obj (.text:SysCtl_isCMReset)
                  000846c6    0000000b     sysctl.obj (.text:SysCtl_isMCDClockFailureDetected)
                  000846d1    0000000a     f2838x_defaultisr.obj (.text:ADCA1_ISR)
                  000846db    0000000a     f2838x_defaultisr.obj (.text:ADCA2_ISR)
                  000846e5    0000000a     f2838x_defaultisr.obj (.text:ADCA3_ISR)
                  000846ef    0000000a     f2838x_defaultisr.obj (.text:ADCA4_ISR)
                  000846f9    0000000a     f2838x_defaultisr.obj (.text:ADCA_EVT_ISR)
                  00084703    0000000a     f2838x_defaultisr.obj (.text:ADCB1_ISR)
                  0008470d    0000000a     f2838x_defaultisr.obj (.text:ADCB2_ISR)
                  00084717    0000000a     f2838x_defaultisr.obj (.text:ADCB3_ISR)
                  00084721    0000000a     f2838x_defaultisr.obj (.text:ADCB4_ISR)
                  0008472b    0000000a     f2838x_defaultisr.obj (.text:ADCB_EVT_ISR)
                  00084735    0000000a     f2838x_defaultisr.obj (.text:ADCC1_ISR)
                  0008473f    0000000a     f2838x_defaultisr.obj (.text:ADCC2_ISR)
                  00084749    0000000a     f2838x_defaultisr.obj (.text:ADCC3_ISR)
                  00084753    0000000a     f2838x_defaultisr.obj (.text:ADCC4_ISR)
                  0008475d    0000000a     f2838x_defaultisr.obj (.text:ADCC_EVT_ISR)
                  00084767    0000000a     f2838x_defaultisr.obj (.text:ADCD1_ISR)
                  00084771    0000000a     f2838x_defaultisr.obj (.text:ADCD2_ISR)
                  0008477b    0000000a     f2838x_defaultisr.obj (.text:ADCD3_ISR)
                  00084785    0000000a     f2838x_defaultisr.obj (.text:ADCD4_ISR)
                  0008478f    0000000a     f2838x_defaultisr.obj (.text:ADCD_EVT_ISR)
                  00084799    0000000a     f2838x_defaultisr.obj (.text:CANA0_ISR)
                  000847a3    0000000a     f2838x_defaultisr.obj (.text:CANA1_ISR)
                  000847ad    0000000a     f2838x_defaultisr.obj (.text:CANB0_ISR)
                  000847b7    0000000a     f2838x_defaultisr.obj (.text:CANB1_ISR)
                  000847c1    0000000a     f2838x_defaultisr.obj (.text:CIPC0_ISR)
                  000847cb    0000000a     f2838x_defaultisr.obj (.text:CIPC1_ISR)
                  000847d5    0000000a     f2838x_defaultisr.obj (.text:CIPC2_ISR)
                  000847df    0000000a     f2838x_defaultisr.obj (.text:CIPC3_ISR)
                  000847e9    0000000a     f2838x_defaultisr.obj (.text:CLA1CRC_ISR)
                  000847f3    0000000a     f2838x_defaultisr.obj (.text:CLA1_1_ISR)
                  000847fd    0000000a     f2838x_defaultisr.obj (.text:CLA1_2_ISR)
                  00084807    0000000a     f2838x_defaultisr.obj (.text:CLA1_3_ISR)
                  00084811    0000000a     f2838x_defaultisr.obj (.text:CLA1_4_ISR)
                  0008481b    0000000a     f2838x_defaultisr.obj (.text:CLA1_5_ISR)
                  00084825    0000000a     f2838x_defaultisr.obj (.text:CLA1_6_ISR)
                  0008482f    0000000a     f2838x_defaultisr.obj (.text:CLA1_7_ISR)
                  00084839    0000000a     f2838x_defaultisr.obj (.text:CLA1_8_ISR)
                  00084843    0000000a     f2838x_defaultisr.obj (.text:CLA_OVERFLOW_ISR)
                  0008484d    0000000a     f2838x_defaultisr.obj (.text:CLA_UNDERFLOW_ISR)
                  00084857    0000000a     f2838x_defaultisr.obj (.text:CLB1_ISR)
                  00084861    0000000a     f2838x_defaultisr.obj (.text:CLB2_ISR)
                  0008486b    0000000a     f2838x_defaultisr.obj (.text:CLB3_ISR)
                  00084875    0000000a     f2838x_defaultisr.obj (.text:CLB4_ISR)
                  0008487f    0000000a     f2838x_defaultisr.obj (.text:CLB5_ISR)
                  00084889    0000000a     f2838x_defaultisr.obj (.text:CLB6_ISR)
                  00084893    0000000a     f2838x_defaultisr.obj (.text:CLB7_ISR)
                  0008489d    0000000a     f2838x_defaultisr.obj (.text:CLB8_ISR)
                  000848a7    0000000a     f2838x_defaultisr.obj (.text:CMTOCPUXIPC0_ISR)
                  000848b1    0000000a     f2838x_defaultisr.obj (.text:CMTOCPUXIPC1_ISR)
                  000848bb    0000000a     f2838x_defaultisr.obj (.text:CMTOCPUXIPC2_ISR)
                  000848c5    0000000a     f2838x_defaultisr.obj (.text:CMTOCPUXIPC3_ISR)
                  000848cf    0000000a     f2838x_defaultisr.obj (.text:CMTOCPUXIPC4_ISR)
                  000848d9    0000000a     f2838x_defaultisr.obj (.text:CMTOCPUXIPC5_ISR)
                  000848e3    0000000a     f2838x_defaultisr.obj (.text:CMTOCPUXIPC6_ISR)
                  000848ed    0000000a     f2838x_defaultisr.obj (.text:CMTOCPUXIPC7_ISR)
                  000848f7    0000000a     f2838x_defaultisr.obj (.text:CM_STATUS_ISR)
                  00084901    0000000a     f2838x_defaultisr.obj (.text:CPUCRC_ISR)
                  0008490b    0000000a     f2838x_defaultisr.obj (.text:DATALOG_ISR)
                  00084915    0000000a     f2838x_defaultisr.obj (.text:DMA_CH1_ISR)
                  0008491f    0000000a     f2838x_defaultisr.obj (.text:DMA_CH2_ISR)
                  00084929    0000000a     f2838x_defaultisr.obj (.text:DMA_CH3_ISR)
                  00084933    0000000a     f2838x_defaultisr.obj (.text:DMA_CH4_ISR)
                  0008493d    0000000a     f2838x_defaultisr.obj (.text:DMA_CH5_ISR)
                  00084947    0000000a     f2838x_defaultisr.obj (.text:DMA_CH6_ISR)
                  00084951    0000000a     f2838x_defaultisr.obj (.text:ECAP1_ISR)
                  0008495b    0000000a     f2838x_defaultisr.obj (.text:ECAP2_ISR)
                  00084965    0000000a     f2838x_defaultisr.obj (.text:ECAP3_ISR)
                  0008496f    0000000a     f2838x_defaultisr.obj (.text:ECAP4_ISR)
                  00084979    0000000a     f2838x_defaultisr.obj (.text:ECAP5_ISR)
                  00084983    0000000a     f2838x_defaultisr.obj (.text:ECAP6_2_ISR)
                  0008498d    0000000a     f2838x_defaultisr.obj (.text:ECAP6_ISR)
                  00084997    0000000a     f2838x_defaultisr.obj (.text:ECAP7_2_ISR)
                  000849a1    0000000a     f2838x_defaultisr.obj (.text:ECAP7_ISR)
                  000849ab    0000000a     f2838x_defaultisr.obj (.text:ECATRST_ISR)
                  000849b5    0000000a     f2838x_defaultisr.obj (.text:ECATSYNC0_ISR)
                  000849bf    0000000a     f2838x_defaultisr.obj (.text:ECATSYNC1_ISR)
                  000849c9    0000000a     f2838x_defaultisr.obj (.text:ECAT_ISR)
                  000849d3    0000000a     f2838x_defaultisr.obj (.text:EMU_ISR)
                  000849dd    0000000a     f2838x_defaultisr.obj (.text:EPWM10_ISR)
                  000849e7    0000000a     f2838x_defaultisr.obj (.text:EPWM10_TZ_ISR)
                  000849f1    0000000a     f2838x_defaultisr.obj (.text:EPWM11_ISR)
                  000849fb    0000000a     f2838x_defaultisr.obj (.text:EPWM11_TZ_ISR)
                  00084a05    0000000a     f2838x_defaultisr.obj (.text:EPWM12_ISR)
                  00084a0f    0000000a     f2838x_defaultisr.obj (.text:EPWM12_TZ_ISR)
                  00084a19    0000000a     f2838x_defaultisr.obj (.text:EPWM13_ISR)
                  00084a23    0000000a     f2838x_defaultisr.obj (.text:EPWM13_TZ_ISR)
                  00084a2d    0000000a     f2838x_defaultisr.obj (.text:EPWM14_ISR)
                  00084a37    0000000a     f2838x_defaultisr.obj (.text:EPWM14_TZ_ISR)
                  00084a41    0000000a     f2838x_defaultisr.obj (.text:EPWM15_ISR)
                  00084a4b    0000000a     f2838x_defaultisr.obj (.text:EPWM15_TZ_ISR)
                  00084a55    0000000a     f2838x_defaultisr.obj (.text:EPWM16_ISR)
                  00084a5f    0000000a     f2838x_defaultisr.obj (.text:EPWM16_TZ_ISR)
                  00084a69    0000000a     f2838x_defaultisr.obj (.text:EPWM1_ISR)
                  00084a73    0000000a     f2838x_defaultisr.obj (.text:EPWM1_TZ_ISR)
                  00084a7d    0000000a     f2838x_defaultisr.obj (.text:EPWM2_ISR)
                  00084a87    0000000a     f2838x_defaultisr.obj (.text:EPWM2_TZ_ISR)
                  00084a91    0000000a     f2838x_defaultisr.obj (.text:EPWM3_ISR)
                  00084a9b    0000000a     f2838x_defaultisr.obj (.text:EPWM3_TZ_ISR)
                  00084aa5    0000000a     f2838x_defaultisr.obj (.text:EPWM4_ISR)
                  00084aaf    0000000a     f2838x_defaultisr.obj (.text:EPWM4_TZ_ISR)
                  00084ab9    0000000a     f2838x_defaultisr.obj (.text:EPWM5_ISR)
                  00084ac3    0000000a     f2838x_defaultisr.obj (.text:EPWM5_TZ_ISR)
                  00084acd    0000000a     f2838x_defaultisr.obj (.text:EPWM6_ISR)
                  00084ad7    0000000a     f2838x_defaultisr.obj (.text:EPWM6_TZ_ISR)
                  00084ae1    0000000a     f2838x_defaultisr.obj (.text:EPWM7_ISR)
                  00084aeb    0000000a     f2838x_defaultisr.obj (.text:EPWM7_TZ_ISR)
                  00084af5    0000000a     f2838x_defaultisr.obj (.text:EPWM8_ISR)
                  00084aff    0000000a     f2838x_defaultisr.obj (.text:EPWM8_TZ_ISR)
                  00084b09    0000000a     f2838x_defaultisr.obj (.text:EPWM9_ISR)
                  00084b13    0000000a     f2838x_defaultisr.obj (.text:EPWM9_TZ_ISR)
                  00084b1d    0000000a     f2838x_defaultisr.obj (.text:EQEP1_ISR)
                  00084b27    0000000a     f2838x_defaultisr.obj (.text:EQEP2_ISR)
                  00084b31    0000000a     f2838x_defaultisr.obj (.text:EQEP3_ISR)
                  00084b3b    0000000a     f2838x_defaultisr.obj (.text:FMC_ISR)
                  00084b45    0000000a     f2838x_defaultisr.obj (.text:FPU_OFLOW_ISR)
                  00084b4f    0000000a     f2838x_defaultisr.obj (.text:FPU_UFLOW_ISR)
                  00084b59    0000000a     f2838x_defaultisr.obj (.text:FSIRXA1_ISR)
                  00084b63    0000000a     f2838x_defaultisr.obj (.text:FSIRXA2_ISR)
                  00084b6d    0000000a     f2838x_defaultisr.obj (.text:FSIRXB1_ISR)
                  00084b77    0000000a     f2838x_defaultisr.obj (.text:FSIRXB2_ISR)
                  00084b81    0000000a     f2838x_defaultisr.obj (.text:FSIRXC1_ISR)
                  00084b8b    0000000a     f2838x_defaultisr.obj (.text:FSIRXC2_ISR)
                  00084b95    0000000a     f2838x_defaultisr.obj (.text:FSIRXD1_ISR)
                  00084b9f    0000000a     f2838x_defaultisr.obj (.text:FSIRXD2_ISR)
                  00084ba9    0000000a     f2838x_defaultisr.obj (.text:FSIRXE1_ISR)
                  00084bb3    0000000a     f2838x_defaultisr.obj (.text:FSIRXE2_ISR)
                  00084bbd    0000000a     f2838x_defaultisr.obj (.text:FSIRXF1_ISR)
                  00084bc7    0000000a     f2838x_defaultisr.obj (.text:FSIRXF2_ISR)
                  00084bd1    0000000a     f2838x_defaultisr.obj (.text:FSIRXG1_ISR)
                  00084bdb    0000000a     f2838x_defaultisr.obj (.text:FSIRXG2_ISR)
                  00084be5    0000000a     f2838x_defaultisr.obj (.text:FSIRXH1_ISR)
                  00084bef    0000000a     f2838x_defaultisr.obj (.text:FSIRXH2_ISR)
                  00084bf9    0000000a     f2838x_defaultisr.obj (.text:FSITXA1_ISR)
                  00084c03    0000000a     f2838x_defaultisr.obj (.text:FSITXA2_ISR)
                  00084c0d    0000000a     f2838x_defaultisr.obj (.text:FSITXB1_ISR)
                  00084c17    0000000a     f2838x_defaultisr.obj (.text:FSITXB2_ISR)
                  00084c21    0000000a     f2838x_defaultisr.obj (.text:I2CA_FIFO_ISR)
                  00084c2b    0000000a     f2838x_defaultisr.obj (.text:I2CA_HIGH_ISR)
                  00084c35    0000000a     f2838x_defaultisr.obj (.text:I2CA_ISR)
                  00084c3f    0000000a     f2838x_defaultisr.obj (.text:I2CB_FIFO_ISR)
                  00084c49    0000000a     f2838x_defaultisr.obj (.text:I2CB_ISR)
                  00084c53    0000000a     f2838x_defaultisr.obj (.text:ILLEGAL_ISR)
                  00084c5d    0000000a     interrupt.obj (.text:Interrupt_illegalOperationHandler)
                  00084c67    0000000a     interrupt.obj (.text:Interrupt_nmiHandler)
                  00084c71    0000000a     f2838x_defaultisr.obj (.text:MCANA_0_ISR)
                  00084c7b    0000000a     f2838x_defaultisr.obj (.text:MCANA_1_ISR)
                  00084c85    0000000a     f2838x_defaultisr.obj (.text:MCANA_ECC_ISR)
                  00084c8f    0000000a     f2838x_defaultisr.obj (.text:MCANA_WAKE_ISR)
                  00084c99    0000000a     f2838x_defaultisr.obj (.text:MCBSPA_RX_ISR)
                  00084ca3    0000000a     f2838x_defaultisr.obj (.text:MCBSPA_TX_ISR)
                  00084cad    0000000a     f2838x_defaultisr.obj (.text:MCBSPB_RX_ISR)
                  00084cb7    0000000a     f2838x_defaultisr.obj (.text:MCBSPB_TX_ISR)
                  00084cc1    0000000a     f2838x_defaultisr.obj (.text:MPOST_ISR)
                  00084ccb    0000000a     f2838x_defaultisr.obj (.text:NMI_ISR)
                  00084cd5    0000000a     f2838x_defaultisr.obj (.text:NOTUSED_ISR)
                  00084cdf    0000000a     f2838x_defaultisr.obj (.text:PIE_RESERVED_ISR)
                  00084ce9    0000000a     f2838x_defaultisr.obj (.text:PMBUSA_ISR)
                  00084cf3    0000000a     f2838x_defaultisr.obj (.text:RTOS_ISR)
                  00084cfd    0000000a     f2838x_defaultisr.obj (.text:SCIA_RX_ISR)
                  00084d07    0000000a     f2838x_defaultisr.obj (.text:SCIA_TX_ISR)
                  00084d11    0000000a     f2838x_defaultisr.obj (.text:SCIB_RX_ISR)
                  00084d1b    0000000a     f2838x_defaultisr.obj (.text:SCIB_TX_ISR)
                  00084d25    0000000a     f2838x_defaultisr.obj (.text:SCIC_RX_ISR)
                  00084d2f    0000000a     f2838x_defaultisr.obj (.text:SCIC_TX_ISR)
                  00084d39    0000000a     f2838x_defaultisr.obj (.text:SCID_RX_ISR)
                  00084d43    0000000a     f2838x_defaultisr.obj (.text:SCID_TX_ISR)
                  00084d4d    0000000a     f2838x_defaultisr.obj (.text:SDFM1DR1_ISR)
                  00084d57    0000000a     f2838x_defaultisr.obj (.text:SDFM1DR2_ISR)
                  00084d61    0000000a     f2838x_defaultisr.obj (.text:SDFM1DR3_ISR)
                  00084d6b    0000000a     f2838x_defaultisr.obj (.text:SDFM1DR4_ISR)
                  00084d75    0000000a     f2838x_defaultisr.obj (.text:SDFM1_ISR)
                  00084d7f    0000000a     f2838x_defaultisr.obj (.text:SDFM2DR1_ISR)
                  00084d89    0000000a     f2838x_defaultisr.obj (.text:SDFM2DR2_ISR)
                  00084d93    0000000a     f2838x_defaultisr.obj (.text:SDFM2DR3_ISR)
                  00084d9d    0000000a     f2838x_defaultisr.obj (.text:SDFM2DR4_ISR)
                  00084da7    0000000a     f2838x_defaultisr.obj (.text:SDFM2_ISR)
                  00084db1    0000000a     f2838x_defaultisr.obj (.text:SPIA_RX_ISR)
                  00084dbb    0000000a     f2838x_defaultisr.obj (.text:SPIA_TX_ISR)
                  00084dc5    0000000a     f2838x_defaultisr.obj (.text:SPIB_RX_ISR)
                  00084dcf    0000000a     f2838x_defaultisr.obj (.text:SPIB_TX_ISR)
                  00084dd9    0000000a     f2838x_defaultisr.obj (.text:SPIC_RX_ISR)
                  00084de3    0000000a     f2838x_defaultisr.obj (.text:SPIC_TX_ISR)
                  00084ded    0000000a     f2838x_defaultisr.obj (.text:SPID_RX_ISR)
                  00084df7    0000000a     f2838x_defaultisr.obj (.text:SPID_TX_ISR)
                  00084e01    0000000a     f2838x_defaultisr.obj (.text:SYS_ERR_ISR)
                  00084e0b    0000000a     f2838x_defaultisr.obj (.text:TIMER0_ISR)
                  00084e15    0000000a     f2838x_defaultisr.obj (.text:TIMER1_ISR)
                  00084e1f    0000000a     f2838x_defaultisr.obj (.text:TIMER2_ISR)
                  00084e29    0000000a     f2838x_defaultisr.obj (.text:USBA_ISR)
                  00084e33    0000000a     f2838x_defaultisr.obj (.text:USER10_ISR)
                  00084e3d    0000000a     f2838x_defaultisr.obj (.text:USER11_ISR)
                  00084e47    0000000a     f2838x_defaultisr.obj (.text:USER12_ISR)
                  00084e51    0000000a     f2838x_defaultisr.obj (.text:USER1_ISR)
                  00084e5b    0000000a     f2838x_defaultisr.obj (.text:USER2_ISR)
                  00084e65    0000000a     f2838x_defaultisr.obj (.text:USER3_ISR)
                  00084e6f    0000000a     f2838x_defaultisr.obj (.text:USER4_ISR)
                  00084e79    0000000a     f2838x_defaultisr.obj (.text:USER5_ISR)
                  00084e83    0000000a     f2838x_defaultisr.obj (.text:USER6_ISR)
                  00084e8d    0000000a     f2838x_defaultisr.obj (.text:USER7_ISR)
                  00084e97    0000000a     f2838x_defaultisr.obj (.text:USER8_ISR)
                  00084ea1    0000000a     f2838x_defaultisr.obj (.text:USER9_ISR)
                  00084eab    0000000a     f2838x_defaultisr.obj (.text:WAKE_ISR)
                  00084eb5    0000000a     f2838x_defaultisr.obj (.text:XINT1_ISR)
                  00084ebf    0000000a     f2838x_defaultisr.obj (.text:XINT2_ISR)
                  00084ec9    0000000a     f2838x_defaultisr.obj (.text:XINT3_ISR)
                  00084ed3    0000000a     f2838x_defaultisr.obj (.text:XINT4_ISR)
                  00084edd    0000000a     f2838x_defaultisr.obj (.text:XINT5_ISR)
                  00084ee7    00000009     DevDspInit.obj (.text:InitialPeripherals)
                  00084ef0    00000009     DevDspInit.obj (.text:initSystemCommunications)
                  00084ef9    00000009     rts2800_fpu64_eabi.lib : _lock.c.obj (.text)
                  00084f02    00000008     DevDspInit.obj (.text:Initial_CmCore)
                  00084f0a    00000008     rts2800_fpu64_eabi.lib : copy_decompress_none.c.obj (.text:decompress:none)
                  00084f12    00000008     f2838x_codestartbranch.obj (.text)
                  00084f1a    00000007     CSU_Adc.obj (.text:Initial_Adc)
                  00084f21    00000007     DevIPC.obj (.text:Initial_IPC)
                  00084f28    00000007     DevSci.obj (.text:Initial_SCI)
                  00084f2f    00000007     sysctl.obj (.text:SysCtl_resetMCD)
                  00084f36    00000007     device.obj (.text:__error__)
                  00084f3d    00000007     DevSci.obj (.text:initScia_SCI_PC)
                  00084f44    00000006     DevAdc.obj (.text:Interrupt_clearACKGroup)
                  00084f4a    00000006     DevIPC.obj (.text:Interrupt_clearACKGroup)
                  00084f50    00000006     DevSci.obj (.text:Interrupt_clearACKGroup)
                  00084f56    00000006     DevTimer.obj (.text:Interrupt_clearACKGroup)
                  00084f5c    00000005     DevDspInit.obj (.text:Initial_GPIO)
                  00084f61    00000005     main.obj (.text:cycle_10ms)
                  00084f66    00000005     DevDspInit.obj (.text:initSystemAnalogAdc)
                  00084f6b    00000005     DevDspInit.obj (.text:initSystemPwm)
                  00084f70    00000004     main.obj (.text:cycle_1ms)
                  00084f74    00000003     DevSpi.obj (.text:Initial_SPI)
                  00084f77    00000003     main.obj (.text:cycle_100ms)
                  00084f7a    00000003     DevDspInit.obj (.text:initSystemUserInterface)
                  00084f7d    00000003     CSU_Adc.obj (.text:updateAdcData)
                  00084f80    00000002     rts2800_fpu64_eabi.lib : pre_init.c.obj (.text)
                  00084f82    00000001     main.obj (.text:cycle_1000ms)
                  00084f83    00000001     rts2800_fpu64_eabi.lib : startup.c.obj (.text)

MODULE SUMMARY

       Module                          code    ro data   rw data
       ------                          ----    -------   -------
    .\
       main.obj                        49      0         0      
    +--+-------------------------------+-------+---------+---------+
       Total:                          49      0         0      
                                                                
    .\CSU\
       CSU_LED.obj                     884     117       30     
       CSU_EPWM.obj                    367     117       0      
       CSU_SCI_PC.obj                  186     0         3      
       CSU_Adc.obj                     60      0         4      
    +--+-------------------------------+-------+---------+---------+
       Total:                          1497    234       37     
                                                                
    .\Dev\
       DevAdc.obj                      1194    233       1      
       DevSci.obj                      736     116       257    
       DevTimer.obj                    567     121       6      
       DevSpi.obj                      180     116       0      
       DevDspInit.obj                  118     0         0      
       DevIPC.obj                      95      0         0      
    +--+-------------------------------+-------+---------+---------+
       Total:                          2890    586       264    
                                                                
    .\SDK\common\source\
       f2838x_defaultisr.obj           2063    0         0      
       device.obj                      734     146       0      
       f2838x_pievect.obj              0       448       0      
       f2838x_adc.obj                  248     0         0      
       f2838x_tempsensorconv.obj       28      0         6      
       f2838x_codestartbranch.obj      10      0         0      
       f2838x_usdelay.obj              8       0         0      
    +--+-------------------------------+-------+---------+---------+
       Total:                          3091    594       6      
                                                                
    .\SDK\driverlib\
       sysctl.obj                      1984    50        0      
       ipc.obj                         84      159       544    
       dcc.obj                         664     47        0      
       sci.obj                         621     47        0      
       flash.obj                       608     51        0      
       gpio.obj                        494     48        0      
       interrupt.obj                   214     0         0      
       spi.obj                         153     47        0      
       cputimer.obj                    42      28        0      
    +--+-------------------------------+-------+---------+---------+
       Total:                          4864    477       544    
                                                                
    .\SDK\headers\source\
       f2838x_globalvariabledefs.obj   0       0         558    
    +--+-------------------------------+-------+---------+---------+
       Total:                          0       0         558    
                                                                
    C:\ti\ccs2040\ti-cgt-c2000_22.6.1.LTS\lib\rts2800_fpu64_eabi.lib
       fs_div28.asm.obj                136     0         0      
       copy_decompress_lzss.c.obj      48      0         0      
       exit.c.obj                      41      0         6      
       autoinit.c.obj                  43      0         0      
       memcpy.c.obj                    29      0         0      
       boot28.asm.obj                  25      0         0      
       _lock.c.obj                     9       0         4      
       copy_zero_init.c.obj            13      0         0      
       args_main.c.obj                 12      0         0      
       copy_decompress_none.c.obj      8       0         0      
       pre_init.c.obj                  2       0         0      
       startup.c.obj                   1       0         0      
    +--+-------------------------------+-------+---------+---------+
       Total:                          367     0         10     
                                                                
       Stack:                          0       0         256    
       Linker Generated:               0       28        0      
    +--+-------------------------------+-------+---------+---------+
       Grand Total:                    12758   1919      1675   


LINKER GENERATED COPY TABLES

__TI_cinit_table @ 00088014 records: 2, size/record: 4, table size: 8
	.data: load addr=00088000, load size=0000000a bytes, run addr=0000a800, run size=0000000f bytes, compression=lzss
	.bss: load addr=00088010, load size=00000004 bytes, run addr=0000a810, run size=00000131 bytes, compression=zero_init


LINKER GENERATED HANDLER TABLE

__TI_handler_table @ 0008800a records: 3, size/record: 2, table size: 6
	index: 0, handler: __TI_zero_init
	index: 1, handler: __TI_decompress_lzss
	index: 2, handler: __TI_decompress_none


GLOBAL DATA SYMBOLS: SORTED BY DATA PAGE

address     data page           name
--------    ----------------    ----
00000400      10 (00000400)     __stack

00007400     1d0 (00007400)     AdcaRegs

00007480     1d2 (00007480)     AdcbRegs

00007500     1d4 (00007500)     AdccRegs

00007580     1d6 (00007580)     AdcdRegs

0000a800     2a0 (0000a800)     __TI_enable_exit_profile_output
0000a802     2a0 (0000a800)     __TI_cleanup_ptr
0000a804     2a0 (0000a800)     __TI_dtors_ptr
0000a806     2a0 (0000a800)     currentTemperatureC
0000a808     2a0 (0000a800)     debugAdcLoopCnt
0000a80a     2a0 (0000a800)     _lock
0000a80c     2a0 (0000a800)     _unlock
0000a80e     2a0 (0000a800)     adcResult
0000a810     2a0 (0000a800)     xLed
0000a82e     2a0 (0000a800)     xTimer
0000a834     2a0 (0000a800)     tempSensor_tempSlope
0000a836     2a0 (0000a800)     tempSensor_tempOffset
0000a838     2a0 (0000a800)     tempSensor_scaleFactor
0000a83a     2a0 (0000a800)     xRcvSciPcMsg1
0000a83b     2a0 (0000a800)     xXmtSciPcMsg1

00038000     e00 (00038000)     IPC_CPU_To_CM_GetBuffer

00039000     e40 (00039000)     IPC_CPU_To_CM_PutBuffer

0003a000     e80 (0003a000)     IPC_CPU1_To_CPU2_PutBuffer

0003b000     ec0 (0003b000)     IPC_CPU1_To_CPU2_GetBuffer

0005d700    175c (0005d700)     AnalogSubsysRegs

00090000    2400 (00090000)     PieVectTableInit

0009033c    240c (00090300)     IPC_Instance


GLOBAL SYMBOLS: SORTED ALPHABETICALLY BY Name 

page  address   name                                     
----  -------   ----                                     
0     000846d1  ADCA1_ISR                                
0     000846db  ADCA2_ISR                                
0     000846e5  ADCA3_ISR                                
0     000846ef  ADCA4_ISR                                
0     000846f9  ADCA_EVT_ISR                             
0     00084703  ADCB1_ISR                                
0     0008470d  ADCB2_ISR                                
0     00084717  ADCB3_ISR                                
0     00084721  ADCB4_ISR                                
0     0008472b  ADCB_EVT_ISR                             
0     00084735  ADCC1_ISR                                
0     0008473f  ADCC2_ISR                                
0     00084749  ADCC3_ISR                                
0     00084753  ADCC4_ISR                                
0     0008475d  ADCC_EVT_ISR                             
0     00084767  ADCD1_ISR                                
0     00084771  ADCD2_ISR                                
0     0008477b  ADCD3_ISR                                
0     00084785  ADCD4_ISR                                
0     0008478f  ADCD_EVT_ISR                             
0     0008259d  AdcSetMode                               
0     000830cb  AdcaIsr                                  
1     00007400  AdcaRegs                                 
1     00007480  AdcbRegs                                 
1     00007500  AdccRegs                                 
1     00007580  AdcdRegs                                 
1     0005d700  AnalogSubsysRegs                         
0     00083b0f  C$$EXIT                                  
0     00084799  CANA0_ISR                                
0     000847a3  CANA1_ISR                                
0     000847ad  CANB0_ISR                                
0     000847b7  CANB1_ISR                                
0     000847c1  CIPC0_ISR                                
0     000847cb  CIPC1_ISR                                
0     000847d5  CIPC2_ISR                                
0     000847df  CIPC3_ISR                                
0     000847e9  CLA1CRC_ISR                              
0     000847f3  CLA1_1_ISR                               
0     000847fd  CLA1_2_ISR                               
0     00084807  CLA1_3_ISR                               
0     00084811  CLA1_4_ISR                               
0     0008481b  CLA1_5_ISR                               
0     00084825  CLA1_6_ISR                               
0     0008482f  CLA1_7_ISR                               
0     00084839  CLA1_8_ISR                               
0     00084843  CLA_OVERFLOW_ISR                         
0     0008484d  CLA_UNDERFLOW_ISR                        
0     00084857  CLB1_ISR                                 
0     00084861  CLB2_ISR                                 
0     0008486b  CLB3_ISR                                 
0     00084875  CLB4_ISR                                 
0     0008487f  CLB5_ISR                                 
0     00084889  CLB6_ISR                                 
0     00084893  CLB7_ISR                                 
0     0008489d  CLB8_ISR                                 
0     000848a7  CMTOCPUXIPC0_ISR                         
0     000848b1  CMTOCPUXIPC1_ISR                         
0     000848bb  CMTOCPUXIPC2_ISR                         
0     000848c5  CMTOCPUXIPC3_ISR                         
0     000848cf  CMTOCPUXIPC4_ISR                         
0     000848d9  CMTOCPUXIPC5_ISR                         
0     000848e3  CMTOCPUXIPC6_ISR                         
0     000848ed  CMTOCPUXIPC7_ISR                         
0     000848f7  CM_STATUS_ISR                            
0     00084901  CPUCRC_ISR                               
0     0008442e  CPUTimer_setEmulationMode                
0     000836b3  CalAdcINL                                
0     0008490b  DATALOG_ISR                              
0     000824d2  DCC_verifyClockFrequency                 
0     00084915  DMA_CH1_ISR                              
0     0008491f  DMA_CH2_ISR                              
0     00084929  DMA_CH3_ISR                              
0     00084933  DMA_CH4_ISR                              
0     0008493d  DMA_CH5_ISR                              
0     00084947  DMA_CH6_ISR                              
0     00083fee  DSP_Initialization                       
0     0008422e  Device_bootCM                            
0     00082000  Device_enableAllPeripherals              
0     0008450c  Device_enableUnbondedGPIOPullups         
0     00084441  Device_enableUnbondedGPIOPullupsFor176Pin
0     00082e91  Device_init                              
0     00083c5a  Device_initGPIO                          
0     00083d71  Device_verifyXTAL                        
0     00084951  ECAP1_ISR                                
0     0008495b  ECAP2_ISR                                
0     00084965  ECAP3_ISR                                
0     0008496f  ECAP4_ISR                                
0     00084979  ECAP5_ISR                                
0     00084983  ECAP6_2_ISR                              
0     0008498d  ECAP6_ISR                                
0     00084997  ECAP7_2_ISR                              
0     000849a1  ECAP7_ISR                                
0     000849ab  ECATRST_ISR                              
0     000849b5  ECATSYNC0_ISR                            
0     000849bf  ECATSYNC1_ISR                            
0     000849c9  ECAT_ISR                                 
0     00084658  EMPTY_ISR                                
0     000849d3  EMU_ISR                                  
0     000849dd  EPWM10_ISR                               
0     000849e7  EPWM10_TZ_ISR                            
0     000849f1  EPWM11_ISR                               
0     000849fb  EPWM11_TZ_ISR                            
0     00084a05  EPWM12_ISR                               
0     00084a0f  EPWM12_TZ_ISR                            
0     00084a19  EPWM13_ISR                               
0     00084a23  EPWM13_TZ_ISR                            
0     00084a2d  EPWM14_ISR                               
0     00084a37  EPWM14_TZ_ISR                            
0     00084a41  EPWM15_ISR                               
0     00084a4b  EPWM15_TZ_ISR                            
0     00084a55  EPWM16_ISR                               
0     00084a5f  EPWM16_TZ_ISR                            
0     00084a69  EPWM1_ISR                                
0     00084a73  EPWM1_TZ_ISR                             
0     00084a7d  EPWM2_ISR                                
0     00084a87  EPWM2_TZ_ISR                             
0     00084a91  EPWM3_ISR                                
0     00084a9b  EPWM3_TZ_ISR                             
0     00084aa5  EPWM4_ISR                                
0     00084aaf  EPWM4_TZ_ISR                             
0     00084ab9  EPWM5_ISR                                
0     00084ac3  EPWM5_TZ_ISR                             
0     00084acd  EPWM6_ISR                                
0     00084ad7  EPWM6_TZ_ISR                             
0     00084ae1  EPWM7_ISR                                
0     00084aeb  EPWM7_TZ_ISR                             
0     00084af5  EPWM8_ISR                                
0     00084aff  EPWM8_TZ_ISR                             
0     00084b09  EPWM9_ISR                                
0     00084b13  EPWM9_TZ_ISR                             
0     00084b1d  EQEP1_ISR                                
0     00084b27  EQEP2_ISR                                
0     00084b31  EQEP3_ISR                                
0     00008120  F28x_usDelay                             
0     00084b3b  FMC_ISR                                  
0     00084b45  FPU_OFLOW_ISR                            
0     00084b4f  FPU_UFLOW_ISR                            
0     00084b59  FSIRXA1_ISR                              
0     00084b63  FSIRXA2_ISR                              
0     00084b6d  FSIRXB1_ISR                              
0     00084b77  FSIRXB2_ISR                              
0     00084b81  FSIRXC1_ISR                              
0     00084b8b  FSIRXC2_ISR                              
0     00084b95  FSIRXD1_ISR                              
0     00084b9f  FSIRXD2_ISR                              
0     00084ba9  FSIRXE1_ISR                              
0     00084bb3  FSIRXE2_ISR                              
0     00084bbd  FSIRXF1_ISR                              
0     00084bc7  FSIRXF2_ISR                              
0     00084bd1  FSIRXG1_ISR                              
0     00084bdb  FSIRXG2_ISR                              
0     00084be5  FSIRXH1_ISR                              
0     00084bef  FSIRXH2_ISR                              
0     00084bf9  FSITXA1_ISR                              
0     00084c03  FSITXA2_ISR                              
0     00084c0d  FSITXB1_ISR                              
0     00084c17  FSITXB2_ISR                              
0     00008000  Flash_initModule                         
0     00082bd7  GPIO_setControllerCore                   
0     0008307d  GPIO_setDirectionMode                    
0     00082f00  GPIO_setPadConfig                        
0     000838c2  GPIO_setPinConfig                        
0     00082c4d  GPIO_setQualificationMode                
0     00084c21  I2CA_FIFO_ISR                            
0     00084c2b  I2CA_HIGH_ISR                            
0     00084c35  I2CA_ISR                                 
0     00084c3f  I2CB_FIFO_ISR                            
0     00084c49  I2CB_ISR                                 
0     00084c53  ILLEGAL_ISR                              
0     0003b000  IPC_CPU1_To_CPU2_GetBuffer               
0     0003a000  IPC_CPU1_To_CPU2_PutBuffer               
0     00038000  IPC_CPU_To_CM_GetBuffer                  
0     00039000  IPC_CPU_To_CM_PutBuffer                  
0     0009033c  IPC_Instance                             
0     00083930  IPC_registerInterrupt                    
0     000829af  InitAdcModules                           
0     00083e93  InitTempSensor                           
0     000845d3  InitialAdc                               
0     00084f1a  Initial_Adc                              
0     00083818  Initial_Epwm7a                           
0     00084f21  Initial_IPC                              
0     00084454  Initial_IPC_Mastership                   
0     0008286f  Initial_LED                              
0     00084f28  Initial_SCI                              
0     00084f74  Initial_SPI                              
0     0008302a  Initial_TIMER                            
0     00084244  Interrupt_defaultHandler                 
0     000838f9  Interrupt_enable                         
0     00084c5d  Interrupt_illegalOperationHandler        
0     000836f0  Interrupt_initModule                     
0     00083dcb  Interrupt_initVectorTable                
0     00084c67  Interrupt_nmiHandler                     
0     00084c71  MCANA_0_ISR                              
0     00084c7b  MCANA_1_ISR                              
0     00084c85  MCANA_ECC_ISR                            
0     00084c8f  MCANA_WAKE_ISR                           
0     00084c99  MCBSPA_RX_ISR                            
0     00084ca3  MCBSPA_TX_ISR                            
0     00084cad  MCBSPB_RX_ISR                            
0     00084cb7  MCBSPB_TX_ISR                            
0     00084cc1  MPOST_ISR                                
0     00084ccb  NMI_ISR                                  
0     00084cd5  NOTUSED_ISR                              
0     00084cdf  PIE_RESERVED_ISR                         
0     00084ce9  PMBUSA_ISR                               
0     00090000  PieVectTableInit                         
0     00084cf3  RTOS_ISR                                 
0     00086128  RamfuncsLoadEnd                          
abs   00000128  RamfuncsLoadSize                         
0     00086000  RamfuncsLoadStart                        
0     00008128  RamfuncsRunEnd                           
abs   00000128  RamfuncsRunSize                          
0     00008000  RamfuncsRunStart                         
0     00084cfd  SCIA_RX_ISR                              
0     00084d07  SCIA_TX_ISR                              
0     00084d11  SCIB_RX_ISR                              
0     00084d1b  SCIB_TX_ISR                              
0     00084d25  SCIC_RX_ISR                              
0     00084d2f  SCIC_TX_ISR                              
0     00084d39  SCID_RX_ISR                              
0     00084d43  SCID_TX_ISR                              
0     00083315  SCI_clearInterruptStatus                 
0     0008335a  SCI_disableInterrupt                     
[...]
0     00084407  xmtScia_SCI_PC                           


GLOBAL SYMBOLS: SORTED BY Symbol Address 

page  address   name                                     
----  -------   ----                                     
0     00000400  __stack                                  
0     00000500  __TI_STACK_END                           
0     00008000  Flash_initModule                         
0     00008000  RamfuncsRunStart                         
0     00008120  F28x_usDelay                             
0     00008124  SysCtl_delay                             
0     00008128  RamfuncsRunEnd                           
0     0000a800  __TI_enable_exit_profile_output          
0     0000a802  __TI_cleanup_ptr                         
0     0000a804  __TI_dtors_ptr                           
0     0000a806  currentTemperatureC                      
0     0000a808  debugAdcLoopCnt                          
0     0000a80a  _lock                                    
0     0000a80c  _unlock                                  
0     0000a80e  adcResult                                
0     0000a810  xLed                                     
0     0000a82e  xTimer                                   
0     0000a834  tempSensor_tempSlope                     
0     0000a836  tempSensor_tempOffset                    
0     0000a838  tempSensor_scaleFactor                   
0     0000a83a  xRcvSciPcMsg1                            
0     0000a83b  xXmtSciPcMsg1                            
0     00038000  IPC_CPU_To_CM_GetBuffer                  
0     00039000  IPC_CPU_To_CM_PutBuffer                  
0     0003a000  IPC_CPU1_To_CPU2_PutBuffer               
0     0003b000  IPC_CPU1_To_CPU2_GetBuffer               
0     00080000  code_start                               
0     00082000  Device_enableAllPeripherals              
0     00082167  SysCtl_setClock                          
0     000822a2  SysCtl_isPLLValid                        
0     000823ba  SysCtl_setAuxClock                       
0     000824d2  DCC_verifyClockFrequency                 
0     0008259d  AdcSetMode                               
0     00082658  updateLedStatus                          
0     0008270f  initGpioDoutLed                          
0     000827c1  isrScia_SCI_PC                           
0     0008286f  Initial_LED                              
0     00082915  sendSciPcMessage1                        
0     000829af  InitAdcModules                           
0     00082a40  SysCtl_getAuxClock                       
0     00082ad1  __c28xabi_divf                           
0     00082b59  SPI_setConfig                            
0     00082bd7  GPIO_setControllerCore                   
0     00082c4d  GPIO_setQualificationMode                
0     00082e1e  SysCtl_getClock                          
0     00082e91  Device_init                              
0     00082f00  GPIO_setPadConfig                        
0     00082f6f  SysCtl_selectOscSourceAuxPLL             
0     0008302a  Initial_TIMER                            
0     0008307d  GPIO_setDirectionMode                    
0     000830cb  AdcaIsr                                  
0     000831ae  SCI_setConfig                            
0     00083288  SysCtl_selectOscSource                   
0     00083315  SCI_clearInterruptStatus                 
0     0008335a  SCI_disableInterrupt                     
0     000833e3  SCI_enableInterrupt                      
0     00083427  isr_CpuTimer1                            
0     000834ae  isr_CpuTimer2                            
0     00083533  SCI_writeCharArray                       
0     000835f4  SysCtl_selectXTAL                        
0     00083634  isr_CpuTimer0                            
0     000836b3  CalAdcINL                                
0     000836f0  Interrupt_initModule                     
0     00083768  SCI_readCharArray                        
0     00083818  Initial_Epwm7a                           
0     000838c2  GPIO_setPinConfig                        
0     000838f9  Interrupt_enable                         
0     00083930  IPC_registerInterrupt                    
0     000839cc  __TI_decompress_lzss                     
0     00083a5a  sendScia_SCI_PC                          
0     00083ae4  __TI_auto_init_nobinit_nopinit           
0     00083b0f  C$$EXIT                                  
0     00083b0f  abort                                    
0     00083b11  exit                                     
0     00083b5e  SysCtl_controlCMReset                    
0     00083b83  SysCtl_selectXTALSingleEnded             
0     00083bf0  SysCtl_getLowSpeedClock                  
0     00083c14  main                                     
0     00083c5a  Device_initGPIO                          
0     00083cbb  recvSciPcMessage                         
0     00083d71  Device_verifyXTAL                        
0     00083dcb  Interrupt_initVectorTable                
0     00083e06  memcpy                                   
0     00083e93  InitTempSensor                           
0     00083eaf  setLedStatus                             
0     00083fee  DSP_Initialization                       
0     00084019  _c_int00                                 
0     00084192  initEPWM8                                
0     000841a9  setLedModeToggle                         
0     0008422e  Device_bootCM                            
0     00084244  Interrupt_defaultHandler                 
0     00084407  xmtScia_SCI_PC                           
0     0008442e  CPUTimer_setEmulationMode                
0     00084441  Device_enableUnbondedGPIOPullupsFor176Pin
0     00084454  Initial_IPC_Mastership                   
0     0008450c  Device_enableUnbondedGPIOPullups         
0     000845d3  InitialAdc                               
0     00084658  EMPTY_ISR                                
0     0008468c  __TI_zero_init_nomemset                  
0     00084699  _args_main                               
0     000846d1  ADCA1_ISR                                
0     000846db  ADCA2_ISR                                
0     000846e5  ADCA3_ISR                                
0     000846ef  ADCA4_ISR                                
0     000846f9  ADCA_EVT_ISR                             
0     00084703  ADCB1_ISR                                
0     0008470d  ADCB2_ISR                                
0     00084717  ADCB3_ISR                                
0     00084721  ADCB4_ISR                                
0     0008472b  ADCB_EVT_ISR                             
0     00084735  ADCC1_ISR                                
0     0008473f  ADCC2_ISR                                
0     00084749  ADCC3_ISR                                
0     00084753  ADCC4_ISR                                
0     0008475d  ADCC_EVT_ISR                             
0     00084767  ADCD1_ISR                                
0     00084771  ADCD2_ISR                                
0     0008477b  ADCD3_ISR                                
0     00084785  ADCD4_ISR                                
0     0008478f  ADCD_EVT_ISR                             
0     00084799  CANA0_ISR                                
0     000847a3  CANA1_ISR                                
0     000847ad  CANB0_ISR                                
0     000847b7  CANB1_ISR                                
0     000847c1  CIPC0_ISR                                
0     000847cb  CIPC1_ISR                                
0     000847d5  CIPC2_ISR                                
0     000847df  CIPC3_ISR                                
0     000847e9  CLA1CRC_ISR                              
0     000847f3  CLA1_1_ISR                               
0     000847fd  CLA1_2_ISR                               
0     00084807  CLA1_3_ISR                               
0     00084811  CLA1_4_ISR                               
0     0008481b  CLA1_5_ISR                               
0     00084825  CLA1_6_ISR                               
0     0008482f  CLA1_7_ISR                               
0     00084839  CLA1_8_ISR                               
0     00084843  CLA_OVERFLOW_ISR                         
0     0008484d  CLA_UNDERFLOW_ISR                        
0     00084857  CLB1_ISR                                 
0     00084861  CLB2_ISR                                 
0     0008486b  CLB3_ISR                                 
0     00084875  CLB4_ISR                                 
0     0008487f  CLB5_ISR                                 
0     00084889  CLB6_ISR                                 
0     00084893  CLB7_ISR                                 
0     0008489d  CLB8_ISR                                 
0     000848a7  CMTOCPUXIPC0_ISR                         
0     000848b1  CMTOCPUXIPC1_ISR                         
0     000848bb  CMTOCPUXIPC2_ISR                         
0     000848c5  CMTOCPUXIPC3_ISR                         
0     000848cf  CMTOCPUXIPC4_ISR                         
0     000848d9  CMTOCPUXIPC5_ISR                         
0     000848e3  CMTOCPUXIPC6_ISR                         
0     000848ed  CMTOCPUXIPC7_ISR                         
0     000848f7  CM_STATUS_ISR                            
0     00084901  CPUCRC_ISR                               
0     0008490b  DATALOG_ISR                              
0     00084915  DMA_CH1_ISR                              
0     0008491f  DMA_CH2_ISR                              
0     00084929  DMA_CH3_ISR                              
0     00084933  DMA_CH4_ISR                              
0     0008493d  DMA_CH5_ISR                              
0     00084947  DMA_CH6_ISR                              
0     00084951  ECAP1_ISR                                
0     0008495b  ECAP2_ISR                                
0     00084965  ECAP3_ISR                                
0     0008496f  ECAP4_ISR                                
0     00084979  ECAP5_ISR                                
0     00084983  ECAP6_2_ISR                              
0     0008498d  ECAP6_ISR                                
0     00084997  ECAP7_2_ISR                              
0     000849a1  ECAP7_ISR                                
0     000849ab  ECATRST_ISR                              
0     000849b5  ECATSYNC0_ISR                            
0     000849bf  ECATSYNC1_ISR                            
0     000849c9  ECAT_ISR                                 
0     000849d3  EMU_ISR                                  
0     000849dd  EPWM10_ISR                               
0     000849e7  EPWM10_TZ_ISR                            
0     000849f1  EPWM11_ISR                               
0     000849fb  EPWM11_TZ_ISR                            
0     00084a05  EPWM12_ISR                               
0     00084a0f  EPWM12_TZ_ISR                            
0     00084a19  EPWM13_ISR                               
0     00084a23  EPWM13_TZ_ISR                            
0     00084a2d  EPWM14_ISR                               
0     00084a37  EPWM14_TZ_ISR                            
0     00084a41  EPWM15_ISR                               
0     00084a4b  EPWM15_TZ_ISR                            
0     00084a55  EPWM16_ISR                               
0     00084a5f  EPWM16_TZ_ISR                            
0     00084a69  EPWM1_ISR                                
0     00084a73  EPWM1_TZ_ISR                             
0     00084a7d  EPWM2_ISR                                
0     00084a87  EPWM2_TZ_ISR                             
0     00084a91  EPWM3_ISR                                
0     00084a9b  EPWM3_TZ_ISR                             
0     00084aa5  EPWM4_ISR                                
0     00084aaf  EPWM4_TZ_ISR                             
0     00084ab9  EPWM5_ISR                                
0     00084ac3  EPWM5_TZ_ISR                             
0     00084acd  EPWM6_ISR                                
0     00084ad7  EPWM6_TZ_ISR                             
0     00084ae1  EPWM7_ISR                                
0     00084aeb  EPWM7_TZ_ISR                             
0     00084af5  EPWM8_ISR                                
0     00084aff  EPWM8_TZ_ISR                             
0     00084b09  EPWM9_ISR                                
0     00084b13  EPWM9_TZ_ISR                             
0     00084b1d  EQEP1_ISR                                
0     00084b27  EQEP2_ISR                                
0     00084b31  EQEP3_ISR                                
0     00084b3b  FMC_ISR                                  
0     00084b45  FPU_OFLOW_ISR                            
0     00084b4f  FPU_UFLOW_ISR                            
0     00084b59  FSIRXA1_ISR                              
0     00084b63  FSIRXA2_ISR                              
0     00084b6d  FSIRXB1_ISR                              
0     00084b77  FSIRXB2_ISR                              
0     00084b81  FSIRXC1_ISR                              
0     00084b8b  FSIRXC2_ISR                              
0     00084b95  FSIRXD1_ISR                              
0     00084b9f  FSIRXD2_ISR                              
0     00084ba9  FSIRXE1_ISR                              
0     00084bb3  FSIRXE2_ISR                              
0     00084bbd  FSIRXF1_ISR                              
0     00084bc7  FSIRXF2_ISR                              
0     00084bd1  FSIRXG1_ISR                              
0     00084bdb  FSIRXG2_ISR                              
0     00084be5  FSIRXH1_ISR                              
0     00084bef  FSIRXH2_ISR                              
0     00084bf9  FSITXA1_ISR                              
0     00084c03  FSITXA2_ISR                              
0     00084c0d  FSITXB1_ISR                              
0     00084c17  FSITXB2_ISR                              
0     00084c21  I2CA_FIFO_ISR                            
0     00084c2b  I2CA_HIGH_ISR                            
0     00084c35  I2CA_ISR                                 
0     00084c3f  I2CB_FIFO_ISR                            
0     00084c49  I2CB_ISR                                 
0     00084c53  ILLEGAL_ISR                              
0     00084c5d  Interrupt_illegalOperationHandler        
0     00084c67  Interrupt_nmiHandler                     
0     00084c71  MCANA_0_ISR                              
0     00084c7b  MCANA_1_ISR                              
0     00084c85  MCANA_ECC_ISR                            
0     00084c8f  MCANA_WAKE_ISR                           
0     00084c99  MCBSPA_RX_ISR                            
0     00084ca3  MCBSPA_TX_ISR                            
0     00084cad  MCBSPB_RX_ISR                            
0     00084cb7  MCBSPB_TX_ISR                            
0     00084cc1  MPOST_ISR                                
0     00084ccb  NMI_ISR                                  
0     00084cd5  NOTUSED_ISR                              
0     00084cdf  PIE_RESERVED_ISR                         
0     00084ce9  PMBUSA_ISR                               
0     00084cf3  RTOS_ISR                                 
0     00084cfd  SCIA_RX_ISR                              
0     00084d07  SCIA_TX_ISR                              
0     00084d11  SCIB_RX_ISR                              
0     00084d1b  SCIB_TX_ISR                              
0     00084d25  SCIC_RX_ISR                              
0     00084d2f  SCIC_TX_ISR                              
0     00084d39  SCID_RX_ISR                              
0     00084d43  SCID_TX_ISR                              
0     00084d4d  SDFM1DR1_ISR                             
0     00084d57  SDFM1DR2_ISR                             
0     00084d61  SDFM1DR3_ISR                             
0     00084d6b  SDFM1DR4_ISR                             
0     00084d75  SDFM1_ISR                                
0     00084d7f  SDFM2DR1_ISR                             
0     00084d89  SDFM2DR2_ISR                             
0     00084d93  SDFM2DR3_ISR                             
0     00084d9d  SDFM2DR4_ISR                             
0     00084da7  SDFM2_ISR                                
0     00084db1  SPIA_RX_ISR                              
0     00084dbb  SPIA_TX_ISR                              
0     00084dc5  SPIB_RX_ISR                              
0     00084dcf  SPIB_TX_ISR                              
0     00084dd9  SPIC_RX_ISR                              
0     00084de3  SPIC_TX_ISR                              
0     00084ded  SPID_RX_ISR                              
0     00084df7  SPID_TX_ISR                              
0     00084e01  SYS_ERR_ISR                              
0     00084e0b  TIMER0_ISR                               
0     00084e15  TIMER1_ISR                               
0     00084e1f  TIMER2_ISR                               
0     00084e29  USBA_ISR                                 
0     00084e33  USER10_ISR                               
0     00084e3d  USER11_ISR                               
0     00084e47  USER12_ISR                               
0     00084e51  USER1_ISR                                
0     00084e5b  USER2_ISR                                
0     00084e65  USER3_ISR                                
0     00084e6f  USER4_ISR                                
0     00084e79  USER5_ISR                                
0     00084e83  USER6_ISR                                
0     00084e8d  USER7_ISR                                
0     00084e97  USER8_ISR                                
0     00084ea1  USER9_ISR                                
0     00084eab  WAKE_ISR                                 
0     00084eb5  XINT1_ISR                                
0     00084ebf  XINT2_ISR                                
0     00084ec9  XINT3_ISR                                
0     00084ed3  XINT4_ISR                                
0     00084edd  XINT5_ISR                                
0     00084ef9  _register_unlock                         
0     00084efd  _register_lock                           
0     00084f01  _nop                                     
0     00084f0a  __TI_decompress_none                     
0     00084f1a  Initial_Adc                              
0     00084f21  Initial_IPC                              
0     00084f28  Initial_SCI                              
0     00084f36  __error__                                
0     00084f74  Initial_SPI                              
0     00084f7d  updateAdcData                            
0     00084f80  _system_pre_init                         
0     00084f83  _system_post_cinit                       
0     00086000  RamfuncsLoadStart                        
0     00086128  RamfuncsLoadEnd                          
0     0008800a  __TI_Handler_Table_Base                  
0     00088010  __TI_Handler_Table_Limit                 
0     00088014  __TI_CINIT_Base                          
0     0008801c  __TI_CINIT_Limit                         
0     0008801c  __TI_CINIT_Warm                          
0     00090000  PieVectTableInit                         
0     0009033c  IPC_Instance                             
1     00007400  AdcaRegs                                 
1     00007480  AdcbRegs                                 
1     00007500  AdccRegs                                 
1     00007580  AdcdRegs                                 
1     0005d700  AnalogSubsysRegs                         
abs   00000100  __TI_STACK_SIZE                          
abs   00000128  RamfuncsLoadSize                         
abs   00000128  RamfuncsRunSize                          
abs   ffffffff  __TI_pprof_out_hndl                      
abs   ffffffff  __TI_prof_data_size                      
abs   ffffffff  __TI_prof_data_start                     
n/a   UNDEFED   __c_args__                               

[340 symbols]
