******************************************************************************
             TMS320C2000 Linker PC v22.6.1                     
******************************************************************************
>> Linked Thu Jun  4 17:22:01 2026

OUTPUT FILE NAME:   <TMDSCNCD28388D_T_CPU1.out>
ENTRY POINT SYMBOL: "code_start"  address: 00000000


MEMORY CONFIGURATION

         name            origin    length      used     unused   attr    fill
----------------------  --------  ---------  --------  --------  ----  --------
PAGE 0:
  BEGIN                 00000000   00000002  00000002  00000000  RWIX
  BOOT_RSVD             00000002   000001af  00000000  000001af  RWIX
  RAMM0                 000001b1   0000024f  0000002a  00000225  RWIX
  RAMM1                 00000400   000003f8  00000100  000002f8  RWIX
  RAMLS0                00008000   00000800  00000800  00000000  RWIX
  RAMLS1                00008800   00000800  00000800  00000000  RWIX
  RAMLS2                00009000   00000800  00000800  00000000  RWIX
  RAMLS3                00009800   00000800  0000011b  000006e5  RWIX
  RAMLS4                0000a000   00000800  00000000  00000800  RWIX
  RAMLS5                0000a800   00000800  0000056e  00000292  RWIX
  RAMLS6                0000b000   00000800  00000000  00000800  RWIX
  RAMLS7                0000b800   00000800  00000000  00000800  RWIX
  RAMD0                 0000c000   00000800  00000800  00000000  RWIX
  RAMD1                 0000c800   00000800  00000800  00000000  RWIX
  RAMGS0                0000d000   00001000  00000000  00001000  RWIX
  RAMGS1                0000e000   00001000  00000000  00001000  RWIX
  RAMGS2                0000f000   00001000  00000000  00001000  RWIX
  RAMGS3                00010000   00001000  00000000  00001000  RWIX
  RAMGS4                00011000   00001000  00000000  00001000  RWIX
  RAMGS5                00012000   00001000  00000000  00001000  RWIX
  RAMGS6                00013000   00001000  00000000  00001000  RWIX
  RAMGS7                00014000   00001000  00000000  00001000  RWIX
  RAMGS8                00015000   00001000  00000000  00001000  RWIX
  RAMGS9                00016000   00001000  00000000  00001000  RWIX
  RAMGS10               00017000   00001000  00000000  00001000  RWIX
  RAMGS11               00018000   00001000  00000000  00001000  RWIX
  RAMGS12               00019000   00001000  00000000  00001000  RWIX
  RAMGS13               0001a000   00001000  00000000  00001000  RWIX
  RAMGS14               0001b000   00001000  00000000  00001000  RWIX
  RAMGS15               0001c000   00000ff8  00000000  00000ff8  RWIX
  CMTOCPURAM            00038000   00000800  00000088  00000778  RWIX
  CPUTOCMRAM            00039000   00000800  00000088  00000778  RWIX
  CPU1TOCPU2RAM         0003a000   00000800  00000088  00000778  RWIX
  CPU2TOCPU1RAM         0003b000   00000800  00000088  00000778  RWIX
  CANA_MSG_RAM          00049000   00000800  00000000  00000800  RWIX
  CANB_MSG_RAM          0004b000   00000800  00000000  00000800  RWIX
  FLASH0                00080000   00002000  00000000  00002000  RWIX
  FLASH1                00082000   00002000  00000000  00002000  RWIX
  FLASH2                00084000   00002000  00000000  00002000  RWIX
  FLASH3                00086000   00002000  00000000  00002000  RWIX
  FLASH4                00088000   00008000  00000000  00008000  RWIX
  FLASH5                00090000   00008000  00000000  00008000  RWIX
  FLASH6                00098000   00008000  00000000  00008000  RWIX
  FLASH7                000a0000   00008000  00000000  00008000  RWIX
  FLASH8                000a8000   00008000  00000000  00008000  RWIX
  FLASH9                000b0000   00008000  00000000  00008000  RWIX
  FLASH10               000b8000   00002000  00000000  00002000  RWIX
  FLASH11               000ba000   00002000  00000000  00002000  RWIX
  FLASH12               000bc000   00002000  00000000  00002000  RWIX
  FLASH13               000be000   00002000  00000000  00002000  RWIX
  RESET                 003fffc0   00000002  00000000  00000002  RWIX

PAGE 1:
  ADCARESULT            00000b00   00000018  00000000  00000018  RWIX
  ADCBRESULT            00000b20   00000018  00000000  00000018  RWIX
  ADCCRESULT            00000b40   00000018  00000000  00000018  RWIX
  ADCDRESULT            00000b60   00000018  00000000  00000018  RWIX
  CPUTIMER0             00000c00   00000008  00000000  00000008  RWIX
  CPUTIMER1             00000c08   00000008  00000000  00000008  RWIX
  CPUTIMER2             00000c10   00000008  00000000  00000008  RWIX
  PIECTRL               00000ce0   0000001a  00000000  0000001a  RWIX
  PIEVECTTABLE          00000d00   00000200  00000000  00000200  RWIX
  DMA                   00001000   00000200  00000000  00000200  RWIX
  CLA1                  00001400   00000080  00000000  00000080  RWIX
  CLB1LOGICCFG          00003000   00000052  00000000  00000052  RWIX
  CLB1LOGICCTRL         00003100   00000040  00000000  00000040  RWIX
  CLB1DATAEXCH          00003180   00000080  00000000  00000080  RWIX
  CLB2LOGICCFG          00003200   00000052  00000000  00000052  RWIX
  CLB2LOGICCTRL         00003300   00000040  00000000  00000040  RWIX
  CLB2DATAEXCH          00003380   00000080  00000000  00000080  RWIX
  CLB3LOGICCFG          00003400   00000052  00000000  00000052  RWIX
  CLB3LOGICCTRL         00003500   00000040  00000000  00000040  RWIX
  CLB3DATAEXCH          00003580   00000080  00000000  00000080  RWIX
  CLB4LOGICCFG          00003600   00000052  00000000  00000052  RWIX
  CLB4LOGICCTRL         00003700   00000040  00000000  00000040  RWIX
  CLB4DATAEXCH          00003780   00000080  00000000  00000080  RWIX
  CLB5LOGICCFG          00003800   00000052  00000000  00000052  RWIX
  CLB5LOGICCTRL         00003900   00000040  00000000  00000040  RWIX
  CLB5DATAEXCH          00003980   00000080  00000000  00000080  RWIX
  CLB6LOGICCFG          00003a00   00000052  00000000  00000052  RWIX
  CLB6LOGICCTRL         00003b00   00000040  00000000  00000040  RWIX
  CLB6DATAEXCH          00003b80   00000080  00000000  00000080  RWIX
  CLB7LOGICCFG          00003c00   00000052  00000000  00000052  RWIX
  CLB7LOGICCTRL         00003d00   00000040  00000000  00000040  RWIX
  CLB7DATAEXCH          00003d80   00000080  00000000  00000080  RWIX
  CLB8LOGICCFG          00003e00   00000052  00000000  00000052  RWIX
  CLB8LOGICCTRL         00003f00   00000040  00000000  00000040  RWIX
  CLB8DATAEXCH          00003f80   00000080  00000000  00000080  RWIX
  EPWM1                 00004000   00000100  00000000  00000100  RWIX
  EPWM2                 00004100   00000100  00000000  00000100  RWIX
  EPWM3                 00004200   00000100  00000000  00000100  RWIX
  EPWM4                 00004300   00000100  00000000  00000100  RWIX
  EPWM5                 00004400   00000100  00000000  00000100  RWIX
  EPWM6                 00004500   00000100  00000000  00000100  RWIX
  EPWM7                 00004600   00000100  00000000  00000100  RWIX
  EPWM8                 00004700   00000100  00000000  00000100  RWIX
  EPWM9                 00004800   00000100  00000000  00000100  RWIX
  EPWM10                00004900   00000100  00000000  00000100  RWIX
  EPWM11                00004a00   00000100  00000000  00000100  RWIX
  EPWM12                00004b00   00000100  00000000  00000100  RWIX
  EPWM13                00004c00   00000100  00000000  00000100  RWIX
  EPWM14                00004d00   00000100  00000000  00000100  RWIX
  EPWM15                00004e00   00000100  00000000  00000100  RWIX
  EPWM16                00004f00   00000100  00000000  00000100  RWIX
  EQEP1                 00005100   00000040  00000000  00000040  RWIX
  EQEP2                 00005140   00000040  00000000  00000040  RWIX
  EQEP3                 00005180   00000040  00000000  00000040  RWIX
  ECAP1                 00005200   00000020  00000000  00000020  RWIX
  ECAP2                 00005240   00000020  00000000  00000020  RWIX
  ECAP3                 00005280   00000020  00000000  00000020  RWIX
  ECAP4                 000052c0   00000020  00000000  00000020  RWIX
  ECAP5                 00005300   00000020  00000000  00000020  RWIX
  ECAP6                 00005340   00000020  00000000  00000020  RWIX
  HRCAP6                00005360   00000020  00000000  00000020  RWIX
  ECAP7                 00005380   00000020  00000000  00000020  RWIX
  HRCAP7                000053a0   00000020  00000000  00000020  RWIX
  DACA                  00005c00   00000008  00000000  00000008  RWIX
  DACB                  00005c10   00000008  00000000  00000008  RWIX
  DACC                  00005c20   00000008  00000000  00000008  RWIX
  CMPSS1                00005c80   00000020  00000000  00000020  RWIX
  CMPSS2                00005ca0   00000020  00000000  00000020  RWIX
  CMPSS3                00005cc0   00000020  00000000  00000020  RWIX
  CMPSS4                00005ce0   00000020  00000000  00000020  RWIX
  CMPSS5                00005d00   00000020  00000000  00000020  RWIX
  CMPSS6                00005d20   00000020  00000000  00000020  RWIX
  CMPSS7                00005d40   00000020  00000000  00000020  RWIX
  CMPSS8                00005d60   00000020  00000000  00000020  RWIX
  SDFM1                 00005e00   00000080  00000000  00000080  RWIX
  SDFM2                 00005e80   00000080  00000000  00000080  RWIX
  MCBSPA                00006000   00000024  00000000  00000024  RWIX
  MCBSPB                00006040   00000024  00000000  00000024  RWIX
  SPIA                  00006100   00000010  00000000  00000010  RWIX
  SPIB                  00006110   00000010  00000000  00000010  RWIX
  SPIC                  00006120   00000010  00000000  00000010  RWIX
  SPID                  00006130   00000010  00000000  00000010  RWIX
  BGCRCCPU              00006340   00000040  00000000  00000040  RWIX
  BGCRCCLA1             00006380   00000040  00000000  00000040  RWIX
  PMBUSA                00006400   00000020  00000000  00000020  RWIX
  FSITXA                00006600   00000050  00000000  00000050  RWIX
  FSIRXA                00006680   00000050  00000000  00000050  RWIX
  FSITXB                00006700   00000050  00000000  00000050  RWIX
  FSIRXB                00006780   00000050  00000000  00000050  RWIX
  FSIRXC                00006880   00000050  00000000  00000050  RWIX
  FSIRXD                00006980   00000050  00000000  00000050  RWIX
  FSIRXE                00006a80   00000050  00000000  00000050  RWIX
  FSIRXF                00006b80   00000050  00000000  00000050  RWIX
  FSIRXG                00006c80   00000050  00000000  00000050  RWIX
  FSIRXH                00006d80   00000050  00000000  00000050  RWIX
  WD                    00007000   0000002c  00000000  0000002c  RWIX
  NMIINTRUPT            00007060   00000010  00000000  00000010  RWIX
  XINT                  00007070   0000000c  00000000  0000000c  RWIX
  SCIA                  00007200   00000010  00000000  00000010  RWIX
  SCIB                  00007210   00000010  00000000  00000010  RWIX
  SCIC                  00007220   00000010  00000000  00000010  RWIX
  SCID                  00007230   00000010  00000000  00000010  RWIX
  I2CA                  00007300   00000022  00000000  00000022  RWIX
  I2CB                  00007340   00000022  00000000  00000022  RWIX
  ADCA                  00007400   00000080  00000000  00000080  RWIX
  ADCB                  00007480   00000080  00000000  00000080  RWIX
  ADCC                  00007500   00000080  00000000  00000080  RWIX
  ADCD                  00007580   00000080  00000000  00000080  RWIX
  INPUTXBAR             00007900   00000020  00000000  00000020  RWIX
  XBAR                  00007920   00000020  00000000  00000020  RWIX
  SYNCSOC               00007940   00000006  00000000  00000006  RWIX
  CLBINPUTXBAR          00007960   00000020  00000000  00000020  RWIX
  DMACLASRCSEL          00007980   0000001a  00000000  0000001a  RWIX
  EPWMXBAR              00007a00   00000040  00000000  00000040  RWIX
  CLBXBAR               00007a40   00000040  00000000  00000040  RWIX
  OUTPUTXBAR            00007a80   00000040  00000000  00000040  RWIX
  CLBOUTPUTXBAR         00007bc0   00000040  00000000  00000040  RWIX
  GPIOCTRL              00007c00   00000200  00000000  00000200  RWIX
  GPIODATA              00007f00   00000040  00000000  00000040  RWIX
  GPIODATAREAD          00007f80   00000010  00000000  00000010  RWIX
  EMIF1                 00047000   00000070  00000000  00000070  RWIX
  EMIF2                 00047800   00000070  00000000  00000070  RWIX
  CANA                  00048000   00000200  00000000  00000200  RWIX
  CANB                  0004a000   00000200  00000000  00000200  RWIX
  ESCSS                 00057e00   00000024  00000000  00000024  RWIX
  ESCSSCONFIG           00057f00   00000016  00000000  00000016  RWIX
  MCANASS               0005c400   0000002c  00000000  0000002c  RWIX
  MCANA                 0005c600   00000100  00000000  00000100  RWIX
  MCANAERR              0005c800   00000210  00000000  00000210  RWIX
  CPU1TOCPU2IPC         0005ce00   00000026  00000000  00000026  RWIX
  CPU1TOCMIPC           0005ce40   00000026  00000000  00000026  RWIX
  DEVCFG                0005d000   000001a0  00000000  000001a0  RWIX
  CLKCFG                0005d200   00000100  00000000  00000100  RWIX
  CPUSYS                0005d300   000000a0  00000000  000000a0  RWIX
  SYSSTATUS             0005d400   00000100  00000000  00000100  RWIX
  SYSPERIPHAC           0005d500   00000200  00000000  00000200  RWIX
  ANALOGSUBSYS          0005d700   00000100  0000003e  000000c2  RWIX
  CMCONF                0005dc00   00000400  00000000  00000400  RWIX
  DCC0                  0005e700   00000038  00000000  00000038  RWIX
  DCC1                  0005e740   00000038  00000000  00000038  RWIX
  DCC2                  0005e780   00000038  00000000  00000038  RWIX
  ERADGLOBAL            0005e800   00000014  00000000  00000014  RWIX
  ERADHWBP1             0005e900   00000008  00000000  00000008  RWIX
  ERADHWBP2             0005e908   00000008  00000000  00000008  RWIX
  ERADHWBP3             0005e910   00000008  00000000  00000008  RWIX
  ERADHWBP4             0005e918   00000008  00000000  00000008  RWIX
  ERADHWBP5             0005e920   00000008  00000000  00000008  RWIX
  ERADHWBP6             0005e928   00000008  00000000  00000008  RWIX
  ERADHWBP7             0005e930   00000008  00000000  00000008  RWIX
  ERADHWBP8             0005e938   00000008  00000000  00000008  RWIX
  ERADCOUNTER1          0005e980   00000010  00000000  00000010  RWIX
  ERADCOUNTER2          0005e990   00000010  00000000  00000010  RWIX
  ERADCOUNTER3          0005e9a0   00000010  00000000  00000010  RWIX
  ERADCOUNTER4          0005e9b0   00000010  00000000  00000010  RWIX
  ERADCRCGLOBAL         0005ea00   00000010  00000000  00000010  RWIX
  ERADCRC1              0005ea10   00000010  00000000  00000010  RWIX
  ERADCRC2              0005ea20   00000010  00000000  00000010  RWIX
  ERADCRC3              0005ea30   00000010  00000000  00000010  RWIX
  ERADCRC4              0005ea40   00000010  00000000  00000010  RWIX
  ERADCRC5              0005ea50   00000010  00000000  00000010  RWIX
  ERADCRC6              0005ea60   00000010  00000000  00000010  RWIX
  ERADCRC7              0005ea70   00000010  00000000  00000010  RWIX
  ERADCRC8              0005ea80   00000010  00000000  00000010  RWIX
  DCSMZ1                0005f000   0000003e  00000000  0000003e  RWIX
  DCSMZ2                0005f080   0000003e  00000000  0000003e  RWIX
  DCSMCOMMON            0005f0c0   00000020  00000000  00000020  RWIX
  MEMCFG                0005f400   000000c0  00000000  000000c0  RWIX
  EMIF1CONFIG           0005f4c0   00000020  00000000  00000020  RWIX
  EMIF2CONFIG           0005f4e0   00000020  00000000  00000020  RWIX
  ACCESSPROTECTION      0005f500   00000040  00000000  00000040  RWIX
  MEMORYERROR           0005f540   00000040  00000000  00000040  RWIX
  ROMWAITSTATE          0005f580   00000008  00000000  00000008  RWIX
  ROMPREFETCH           0005f588   00000008  00000000  00000008  RWIX
  TESTERROR             0005f590   00000010  00000000  00000010  RWIX
  FLASH0CTRL            0005f800   00000182  00000000  00000182  RWIX
  FLASH0ECC             0005fb00   00000028  00000000  00000028  RWIX
  UID                   00070200   00000010  00000000  00000010  RWIX
  DCSMZ1OTP             00078000   00000020  00000000  00000020  RWIX
  DCSMZ2OTP             00078200   00000020  00000000  00000020  RWIX


SECTION ALLOCATION MAP

 output                                  attributes/
section   page    origin      length       input sections
--------  ----  ----------  ----------   ----------------
codestart 
*          0    00000000    00000002     
                  00000000    00000002     f2838x_codestartbranch.obj (codestart)

.cinit     0    000001ba    00000022     
                  000001ba    0000000f     (.cinit..data.load) [load image, compression = lzss]
                  000001c9    00000001     --HOLE-- [fill = 0]
                  000001ca    00000006     (__TI_handler_table)
                  000001d0    00000004     (.cinit..bss.load) [load image, compression = zero_init]
                  000001d4    00000008     (__TI_cinit_table)

.reset     0    003fffc0    00000000     DSECT

.stack     0    00000400    00000100     UNINITIALIZED
                  00000400    00000100     --HOLE--

.data      0    0000a800    00000016     UNINITIALIZED
                  0000a800    00000006     CSU_IPC.obj (.data)
                  0000a806    00000006     rts2800_fpu64_eabi.lib : exit.c.obj (.data)
                  0000a80c    00000004     CSU_Adc.obj (.data)
                  0000a810    00000002     rts2800_fpu64_eabi.lib : _lock.c.obj (.data:_lock)
                  0000a812    00000002                            : _lock.c.obj (.data:_unlock)
                  0000a814    00000001     DevAdc.obj (.data)
                  0000a815    00000001     DevIPC.obj (.data)

.bss       0    0000ac40    0000012f     UNINITIALIZED
                  0000ac40    00000101     DevSci.obj (.bss)
                  0000ad41    0000001e     CSU_LED.obj (.bss)
                  0000ad5f    00000006     DevTimer.obj (.bss)
                  0000ad65    00000001     --HOLE--
                  0000ad66    00000006     f2838x_tempsensorconv.obj (.bss)
                  0000ad6c    00000003     CSU_SCI_PC.obj (.bss)

.init_array 
*          0    000001b1    00000000     UNINITIALIZED

.const     0    0000a816    00000429     
                  0000a816    0000001d     interrupt.obj (.const:.string)
                  0000a833    0000000d     --HOLE-- [fill = 0]
                  0000a840    000001c0     f2838x_pievect.obj (.const)
                  0000aa00    00000088     ipc.obj (.const:IPC_Instance)
                  0000aa88    00000079     DevTimer.obj (.const:.string)
                  0000ab01    00000001     --HOLE-- [fill = 0]
                  0000ab02    00000031     sysctl.obj (.const:.string)
                  0000ab33    00000001     --HOLE-- [fill = 0]
                  0000ab34    00000030     gpio.obj (.const:.string)
                  0000ab64    0000002f     dcc.obj (.const:.string)
                  0000ab93    00000001     --HOLE-- [fill = 0]
                  0000ab94    0000002f     sci.obj (.const:.string)
                  0000abc3    00000001     --HOLE-- [fill = 0]
                  0000abc4    0000002f     spi.obj (.const:.string)
                  0000abf3    00000001     --HOLE-- [fill = 0]
                  0000abf4    0000001c     cputimer.obj (.const:.string)
                  0000ac10    00000017     adc.obj (.const:.string)
                  0000ac27    00000001     --HOLE-- [fill = 0]
                  0000ac28    00000017     ipc.obj (.const:.string)

MSGRAM_CM_TO_CPU 
*          0    00038000    00000088     UNINITIALIZED
                  00038000    00000088     ipc.obj (MSGRAM_CM_TO_CPU)

MSGRAM_CPU_TO_CM 
*          0    00039000    00000088     UNINITIALIZED
                  00039000    00000088     ipc.obj (MSGRAM_CPU_TO_CM)

MSGRAM_CPU1_TO_CPU2 
*          0    0003a000    00000088     UNINITIALIZED
                  0003a000    00000088     ipc.obj (MSGRAM_CPU1_TO_CPU2)

MSGRAM_CPU2_TO_CPU1 
*          0    0003b000    00000088     UNINITIALIZED
                  0003b000    00000088     ipc.obj (MSGRAM_CPU2_TO_CPU1)

.TI.ramfunc 
*          0    000001b1    00000008     
                  000001b1    00000004     f2838x_usdelay.obj (.TI.ramfunc)
                  000001b5    00000004     sysctl.obj (.TI.ramfunc)

AnalogSubsysRegsFile 
*          1    0005d700    0000003e     UNINITIALIZED
                  0005d700    0000003e     f2838x_globalvariabledefs.obj (AnalogSubsysRegsFile)

dcsm_z1otp_link_pointer 
*          0    00000000    00000000     

dcsm_z1otp_jlm_enable 
*          0    00000000    00000000     

dcsm_z1otp_gpreg 
*          0    00000000    00000000     

dcsm_z1otp_pswd_lock 
*          0    00000000    00000000     

dcsm_z1otp_crc_lock 
*          0    00000000    00000000     

dcsm_z1otp_jtag_pswdh 
*          0    00000000    00000000     

dcsm_z1otp_cmac_key 
*          0    00000000    00000000     

dcsm_zsel_z1 
*          0    00000000    00000000     

dcsm_z2otp_link_pointer 
*          0    00000000    00000000     

dcsm_rsvd_z2 
*          0    00000000    00000000     

dcsm_z2otp_gpreg 
*          0    00000000    00000000     

dcsm_z2otp_pswd_lock 
*          0    00000000    00000000     

dcsm_z2otp_crc_lock 
*          0    00000000    00000000     

dcsm_rsvd1_z2 
*          0    00000000    00000000     

dcsm_zsel_z2 
*          0    00000000    00000000     

.text.1    0    00008000    00000800     
                  00008000    00000086     CSU_LED.obj (.text:HW_writeLedPin)
                  00008086    00000083     spi.obj (.text:SPI_setConfig)
                  00008109    00000081     sysctl.obj (.text:SysCtl_getAuxClock)
                  0000818a    00000079     device.obj (.text:Device_init)
                  00008203    00000079     interrupt.obj (.text:Interrupt_clearIFR)
                  0000827c    00000073     sysctl.obj (.text:SysCtl_getClock)
                  000082ef    00000072     DevIPC.obj (.text:isrIpcFromCM)
                  00008361    00000071     DevSci.obj (.text:setupSciaPC_HW)
                  000083d2    00000071     CSU_LED.obj (.text:updateLedStatus)
                  00008443    00000067     DevTimer.obj (.text:Initial_TIMER)
                  000084aa    00000061     adc.obj (.text:ADC_setINLTrim)
                  0000850b    00000050     CSU_LED.obj (.text:HW_toggleLedPin)
                  0000855b    00000050     sysctl.obj (.text:SysCtl_selectOscSourceAuxPLL)
                  000085ab    0000004f     DevSpi.obj (.text:InitSpic)
                  000085fa    0000004e     gpio.obj (.text:GPIO_setPadConfig)
                  00008648    0000004e     interrupt.obj (.text:Interrupt_disable)
                  00008696    0000004d     DevEpwmTimer.obj (.text:isr_Epwm1Timer2ms)
                  000086e3    0000004b     DevTimer.obj (.text:initCPUTimers)
                  0000872e    00000041     interrupt.obj (.text:Interrupt_initModule)
                  0000876f    00000041     sysctl.obj (.text:SysCtl_selectOscSource)
                  000087b0    0000003f     ipc.obj (.text:IPC_registerInterrupt)
                  000087ef    00000011     CSU_IPC.obj (.text:recvIpcCmMessage)

.text.2    0    00008800    00000800     
                  00008800    0000003f     DevEpwmTimer.obj (.text:Initial_EpwmTimer)
                  0000883f    0000003f     sysctl.obj (.text:SysCtl_selectXTAL)
                  0000887e    0000003e     ipc.obj (.text:IPC_unregisterInterrupt)
                  000088bc    0000003b     adc.obj (.text:ADC_setMode)
                  000088f7    0000003b     ipc.obj (.text:IPC_sendCommand)
                  00008932    0000003b     CSU_EPWM.obj (.text:Initial_Epwm7a)
                  0000896d    0000003b     sysctl.obj (.text:SysCtl_pollX1Counter)
                  000089a8    00000039     sci.obj (.text:SCI_disableInterrupt)
                  000089e1    00000038     sci.obj (.text:SCI_enableInterrupt)
                  00008a19    00000036     interrupt.obj (.text:Interrupt_enable)
                  00008a4f    00000033     ipc.obj (.text:IPC_readCommand)
                  00008a82    00000032     DevSci.obj (.text:dequeueSci)
                  00008ab4    00000030     gpio.obj (.text:GPIO_setControllerCore)
                  00008ae4    00000030     gpio.obj (.text:GPIO_setPinConfig)
                  00008b14    00000030     gpio.obj (.text:GPIO_setQualificationMode)
                  00008b44    00000030     rts2800_fpu64_eabi.lib : copy_decompress_lzss.c.obj (.text:decompress:lzss)
                  00008b74    0000002f     main.obj (.text:main)
                  00008ba3    0000002f     DevSci.obj (.text:setupSciaPC_GPIO)
                  00008bd2    0000002c     gpio.obj (.text:GPIO_setDirectionMode)
                  00008bfe    0000002c     DevSci.obj (.text:enqueueSci)
                  00008c2a    0000002c     CSU_Adc.obj (.text:updateDspTempSensor)
                  00008c56    0000002b     rts2800_fpu64_eabi.lib : autoinit.c.obj (.text:__TI_auto_init_nobinit_nopinit)
                  00008c81    00000029                            : exit.c.obj (.text)
                  00008caa    00000029     DevSci.obj (.text:sendScia_SCI_PC)
                  00008cd3    00000024     device.obj (.text:Device_initGPIO)
                  00008cf7    00000024     sysctl.obj (.text:SysCtl_getLowSpeedClock)
                  00008d1b    00000023     DevAdc.obj (.text:setupEPWM8_TimeBase)
                  00008d3e    00000022     DevIPC.obj (.text:Initial_IPC)
                  00008d60    00000021     sysctl.obj (.text:SysCtl_selectXTALSingleEnded)
                  00008d81    00000020     cputimer.obj (.text:CPUTimer_setEmulationMode)
                  00008da1    0000001f     DevAdc.obj (.text:setupEPWM9_TimeBase)
                  00008dc0    0000001e     DevAdc.obj (.text:AdcaIsr)
                  00008dde    0000001e     f2838x_tempsensorconv.obj (.text:InitTempSensor)
                  00008dfc    0000001d     rts2800_fpu64_eabi.lib : memcpy.c.obj (.text)
                  00008e19    0000001c     device.obj (.text:Device_verifyXTAL)
                  00008e35    0000001b     DevAdc.obj (.text:setupEPWM8_AdcTrigger)
                  00008e50    0000001b     DevAdc.obj (.text:setupEPWM9_AdcTrigger)
                  00008e6b    0000001a     interrupt.obj (.text:Interrupt_initVectorTable)
                  00008e85    0000001a     sysctl.obj (.text:SysCtl_controlCMReset)
                  00008e9f    00000019     device.obj (.text:Device_bootCM)
                  00008eb8    00000019     device.obj (.text:SysCtl_enablePeripheral)
                  00008ed1    00000019     CSU_SCI_PC.obj (.text:recvSciPcMessage)
                  00008eea    00000019     rts2800_fpu64_eabi.lib : boot28.asm.obj (.text)
                  00008f03    00000018     CSU_LED.obj (.text:setLedStatus)
                  00008f1b    00000017     DevDspInit.obj (.text:Init_GpioDout)
                  00008f32    00000017     DevAdc.obj (.text:initEPWM8)
                  00008f49    00000016     DevDspInit.obj (.text:DSP_Initialization)
                  00008f5f    00000016     DevAdc.obj (.text:initEPWM9)
                  00008f75    00000016     DevTimer.obj (.text:isr_CpuTimer1)
                  00008f8b    00000015     DevTimer.obj (.text:isr_CpuTimer2)
                  00008fa0    00000013     device.obj (.text:Device_enableUnbondedGPIOPullupsFor176Pin)
                  00008fb3    00000013     CSU_EPWM.obj (.text:initEpwm7aGpio)
                  00008fc6    00000013     DevIPC.obj (.text:sendEthDataToCM)
                  00008fd9    00000011     CSU_LED.obj (.text:setLedModeToggle)
                  00008fea    00000011     DevSci.obj (.text:xmtScia_SCI_PC)
                  00008ffb    00000005     main.obj (.text:cycle_10ms)

.text.3    0    00009000    00000800     
                  00009000    00000010     DevDspInit.obj (.text:Init_GpioDin)
                  00009010    00000010     DevTimer.obj (.text:isr_CpuTimer0)
                  00009020    00000010     DevSci.obj (.text:setupSciaPC_Interrupt)
                  00009030    0000000f     DevDspInit.obj (.text:Initial_CmCore)
                  0000903f    0000000f     DevAdc.obj (.text:setupEPWM8_ActionQualifier)
                  0000904e    0000000e     DevAdc.obj (.text:InitialAdc)
                  0000905c    0000000d     f2838x_defaultisr.obj (.text:EMPTY_ISR)
                  00009069    0000000d     rts2800_fpu64_eabi.lib : copy_zero_init.c.obj (.text:decompress:ZI:__TI_zero_init_nomemset)
                  00009076    0000000c     interrupt.obj (.text:Interrupt_defaultHandler)
                  00009082    0000000c     rts2800_fpu64_eabi.lib : args_main.c.obj (.text)
                  0000908e    0000000b     device.obj (.text:Device_enableUnbondedGPIOPullups)
                  00009099    0000000a     f2838x_defaultisr.obj (.text:ADCA1_ISR)
                  000090a3    0000000a     f2838x_defaultisr.obj (.text:ADCA2_ISR)
                  000090ad    0000000a     f2838x_defaultisr.obj (.text:ADCA3_ISR)
                  000090b7    0000000a     f2838x_defaultisr.obj (.text:ADCA4_ISR)
                  000090c1    0000000a     f2838x_defaultisr.obj (.text:ADCA_EVT_ISR)
                  000090cb    0000000a     f2838x_defaultisr.obj (.text:ADCB1_ISR)
                  000090d5    0000000a     f2838x_defaultisr.obj (.text:ADCB2_ISR)
                  000090df    0000000a     f2838x_defaultisr.obj (.text:ADCB3_ISR)
                  000090e9    0000000a     f2838x_defaultisr.obj (.text:ADCB4_ISR)
                  000090f3    0000000a     f2838x_defaultisr.obj (.text:ADCB_EVT_ISR)
                  000090fd    0000000a     f2838x_defaultisr.obj (.text:ADCC1_ISR)
                  00009107    0000000a     f2838x_defaultisr.obj (.text:ADCC2_ISR)
                  00009111    0000000a     f2838x_defaultisr.obj (.text:ADCC3_ISR)
                  0000911b    0000000a     f2838x_defaultisr.obj (.text:ADCC4_ISR)
                  00009125    0000000a     f2838x_defaultisr.obj (.text:ADCC_EVT_ISR)
                  0000912f    0000000a     f2838x_defaultisr.obj (.text:ADCD1_ISR)
                  00009139    0000000a     f2838x_defaultisr.obj (.text:ADCD2_ISR)
                  00009143    0000000a     f2838x_defaultisr.obj (.text:ADCD3_ISR)
                  0000914d    0000000a     f2838x_defaultisr.obj (.text:ADCD4_ISR)
                  00009157    0000000a     f2838x_defaultisr.obj (.text:ADCD_EVT_ISR)
                  00009161    0000000a     f2838x_defaultisr.obj (.text:CANA0_ISR)
                  0000916b    0000000a     f2838x_defaultisr.obj (.text:CANA1_ISR)
                  00009175    0000000a     f2838x_defaultisr.obj (.text:CANB0_ISR)
                  0000917f    0000000a     f2838x_defaultisr.obj (.text:CANB1_ISR)
                  00009189    0000000a     f2838x_defaultisr.obj (.text:CIPC0_ISR)
                  00009193    0000000a     f2838x_defaultisr.obj (.text:CIPC1_ISR)
                  0000919d    0000000a     f2838x_defaultisr.obj (.text:CIPC2_ISR)
                  000091a7    0000000a     f2838x_defaultisr.obj (.text:CIPC3_ISR)
                  000091b1    0000000a     f2838x_defaultisr.obj (.text:CLA1CRC_ISR)
                  000091bb    0000000a     f2838x_defaultisr.obj (.text:CLA1_1_ISR)
                  000091c5    0000000a     f2838x_defaultisr.obj (.text:CLA1_2_ISR)
                  000091cf    0000000a     f2838x_defaultisr.obj (.text:CLA1_3_ISR)
                  000091d9    0000000a     f2838x_defaultisr.obj (.text:CLA1_4_ISR)
                  000091e3    0000000a     f2838x_defaultisr.obj (.text:CLA1_5_ISR)
                  000091ed    0000000a     f2838x_defaultisr.obj (.text:CLA1_6_ISR)
                  000091f7    0000000a     f2838x_defaultisr.obj (.text:CLA1_7_ISR)
                  00009201    0000000a     f2838x_defaultisr.obj (.text:CLA1_8_ISR)
                  0000920b    0000000a     f2838x_defaultisr.obj (.text:CLA_OVERFLOW_ISR)
                  00009215    0000000a     f2838x_defaultisr.obj (.text:CLA_UNDERFLOW_ISR)
                  0000921f    0000000a     f2838x_defaultisr.obj (.text:CLB1_ISR)
                  00009229    0000000a     f2838x_defaultisr.obj (.text:CLB2_ISR)
                  00009233    0000000a     f2838x_defaultisr.obj (.text:CLB3_ISR)
                  0000923d    0000000a     f2838x_defaultisr.obj (.text:CLB4_ISR)
                  00009247    0000000a     f2838x_defaultisr.obj (.text:CLB5_ISR)
                  00009251    0000000a     f2838x_defaultisr.obj (.text:CLB6_ISR)
                  0000925b    0000000a     f2838x_defaultisr.obj (.text:CLB7_ISR)
                  00009265    0000000a     f2838x_defaultisr.obj (.text:CLB8_ISR)
                  0000926f    0000000a     f2838x_defaultisr.obj (.text:CMTOCPUXIPC0_ISR)
                  00009279    0000000a     f2838x_defaultisr.obj (.text:CMTOCPUXIPC1_ISR)
                  00009283    0000000a     f2838x_defaultisr.obj (.text:CMTOCPUXIPC2_ISR)
                  0000928d    0000000a     f2838x_defaultisr.obj (.text:CMTOCPUXIPC3_ISR)
                  00009297    0000000a     f2838x_defaultisr.obj (.text:CMTOCPUXIPC4_ISR)
                  000092a1    0000000a     f2838x_defaultisr.obj (.text:CMTOCPUXIPC5_ISR)
                  000092ab    0000000a     f2838x_defaultisr.obj (.text:CMTOCPUXIPC6_ISR)
                  000092b5    0000000a     f2838x_defaultisr.obj (.text:CMTOCPUXIPC7_ISR)
                  000092bf    0000000a     f2838x_defaultisr.obj (.text:CM_STATUS_ISR)
                  000092c9    0000000a     f2838x_defaultisr.obj (.text:CPUCRC_ISR)
                  000092d3    0000000a     f2838x_defaultisr.obj (.text:DATALOG_ISR)
                  000092dd    0000000a     f2838x_defaultisr.obj (.text:DMA_CH1_ISR)
                  000092e7    0000000a     f2838x_defaultisr.obj (.text:DMA_CH2_ISR)
                  000092f1    0000000a     f2838x_defaultisr.obj (.text:DMA_CH3_ISR)
                  000092fb    0000000a     f2838x_defaultisr.obj (.text:DMA_CH4_ISR)
                  00009305    0000000a     f2838x_defaultisr.obj (.text:DMA_CH5_ISR)
                  0000930f    0000000a     f2838x_defaultisr.obj (.text:DMA_CH6_ISR)
                  00009319    0000000a     f2838x_defaultisr.obj (.text:ECAP1_ISR)
                  00009323    0000000a     f2838x_defaultisr.obj (.text:ECAP2_ISR)
                  0000932d    0000000a     f2838x_defaultisr.obj (.text:ECAP3_ISR)
                  00009337    0000000a     f2838x_defaultisr.obj (.text:ECAP4_ISR)
                  00009341    0000000a     f2838x_defaultisr.obj (.text:ECAP5_ISR)
                  0000934b    0000000a     f2838x_defaultisr.obj (.text:ECAP6_2_ISR)
                  00009355    0000000a     f2838x_defaultisr.obj (.text:ECAP6_ISR)
                  0000935f    0000000a     f2838x_defaultisr.obj (.text:ECAP7_2_ISR)
                  00009369    0000000a     f2838x_defaultisr.obj (.text:ECAP7_ISR)
                  00009373    0000000a     f2838x_defaultisr.obj (.text:ECATRST_ISR)
                  0000937d    0000000a     f2838x_defaultisr.obj (.text:ECATSYNC0_ISR)
                  00009387    0000000a     f2838x_defaultisr.obj (.text:ECATSYNC1_ISR)
                  00009391    0000000a     f2838x_defaultisr.obj (.text:ECAT_ISR)
                  0000939b    0000000a     f2838x_defaultisr.obj (.text:EMU_ISR)
                  000093a5    0000000a     f2838x_defaultisr.obj (.text:EPWM10_ISR)
                  000093af    0000000a     f2838x_defaultisr.obj (.text:EPWM10_TZ_ISR)
                  000093b9    0000000a     f2838x_defaultisr.obj (.text:EPWM11_ISR)
                  000093c3    0000000a     f2838x_defaultisr.obj (.text:EPWM11_TZ_ISR)
                  000093cd    0000000a     f2838x_defaultisr.obj (.text:EPWM12_ISR)
                  000093d7    0000000a     f2838x_defaultisr.obj (.text:EPWM12_TZ_ISR)
                  000093e1    0000000a     f2838x_defaultisr.obj (.text:EPWM13_ISR)
                  000093eb    0000000a     f2838x_defaultisr.obj (.text:EPWM13_TZ_ISR)
                  000093f5    0000000a     f2838x_defaultisr.obj (.text:EPWM14_ISR)
                  000093ff    0000000a     f2838x_defaultisr.obj (.text:EPWM14_TZ_ISR)
                  00009409    0000000a     f2838x_defaultisr.obj (.text:EPWM15_ISR)
                  00009413    0000000a     f2838x_defaultisr.obj (.text:EPWM15_TZ_ISR)
                  0000941d    0000000a     f2838x_defaultisr.obj (.text:EPWM16_ISR)
                  00009427    0000000a     f2838x_defaultisr.obj (.text:EPWM16_TZ_ISR)
                  00009431    0000000a     f2838x_defaultisr.obj (.text:EPWM1_ISR)
                  0000943b    0000000a     f2838x_defaultisr.obj (.text:EPWM1_TZ_ISR)
                  00009445    0000000a     f2838x_defaultisr.obj (.text:EPWM2_ISR)
                  0000944f    0000000a     f2838x_defaultisr.obj (.text:EPWM2_TZ_ISR)
                  00009459    0000000a     f2838x_defaultisr.obj (.text:EPWM3_ISR)
                  00009463    0000000a     f2838x_defaultisr.obj (.text:EPWM3_TZ_ISR)
                  0000946d    0000000a     f2838x_defaultisr.obj (.text:EPWM4_ISR)
                  00009477    0000000a     f2838x_defaultisr.obj (.text:EPWM4_TZ_ISR)
                  00009481    0000000a     f2838x_defaultisr.obj (.text:EPWM5_ISR)
                  0000948b    0000000a     f2838x_defaultisr.obj (.text:EPWM5_TZ_ISR)
                  00009495    0000000a     f2838x_defaultisr.obj (.text:EPWM6_ISR)
                  0000949f    0000000a     f2838x_defaultisr.obj (.text:EPWM6_TZ_ISR)
                  000094a9    0000000a     f2838x_defaultisr.obj (.text:EPWM7_ISR)
                  000094b3    0000000a     f2838x_defaultisr.obj (.text:EPWM7_TZ_ISR)
                  000094bd    0000000a     f2838x_defaultisr.obj (.text:EPWM8_ISR)
                  000094c7    0000000a     f2838x_defaultisr.obj (.text:EPWM8_TZ_ISR)
                  000094d1    0000000a     f2838x_defaultisr.obj (.text:EPWM9_ISR)
                  000094db    0000000a     f2838x_defaultisr.obj (.text:EPWM9_TZ_ISR)
                  000094e5    0000000a     f2838x_defaultisr.obj (.text:EQEP1_ISR)
                  000094ef    0000000a     f2838x_defaultisr.obj (.text:EQEP2_ISR)
                  000094f9    0000000a     f2838x_defaultisr.obj (.text:EQEP3_ISR)
                  00009503    0000000a     f2838x_defaultisr.obj (.text:FMC_ISR)
                  0000950d    0000000a     f2838x_defaultisr.obj (.text:FPU_OFLOW_ISR)
                  00009517    0000000a     f2838x_defaultisr.obj (.text:FPU_UFLOW_ISR)
                  00009521    0000000a     f2838x_defaultisr.obj (.text:FSIRXA1_ISR)
                  0000952b    0000000a     f2838x_defaultisr.obj (.text:FSIRXA2_ISR)
                  00009535    0000000a     f2838x_defaultisr.obj (.text:FSIRXB1_ISR)
                  0000953f    0000000a     f2838x_defaultisr.obj (.text:FSIRXB2_ISR)
                  00009549    0000000a     f2838x_defaultisr.obj (.text:FSIRXC1_ISR)
                  00009553    0000000a     f2838x_defaultisr.obj (.text:FSIRXC2_ISR)
                  0000955d    0000000a     f2838x_defaultisr.obj (.text:FSIRXD1_ISR)
                  00009567    0000000a     f2838x_defaultisr.obj (.text:FSIRXD2_ISR)
                  00009571    0000000a     f2838x_defaultisr.obj (.text:FSIRXE1_ISR)
                  0000957b    0000000a     f2838x_defaultisr.obj (.text:FSIRXE2_ISR)
                  00009585    0000000a     f2838x_defaultisr.obj (.text:FSIRXF1_ISR)
                  0000958f    0000000a     f2838x_defaultisr.obj (.text:FSIRXF2_ISR)
                  00009599    0000000a     f2838x_defaultisr.obj (.text:FSIRXG1_ISR)
                  000095a3    0000000a     f2838x_defaultisr.obj (.text:FSIRXG2_ISR)
                  000095ad    0000000a     f2838x_defaultisr.obj (.text:FSIRXH1_ISR)
                  000095b7    0000000a     f2838x_defaultisr.obj (.text:FSIRXH2_ISR)
                  000095c1    0000000a     f2838x_defaultisr.obj (.text:FSITXA1_ISR)
                  000095cb    0000000a     f2838x_defaultisr.obj (.text:FSITXA2_ISR)
                  000095d5    0000000a     f2838x_defaultisr.obj (.text:FSITXB1_ISR)
                  000095df    0000000a     f2838x_defaultisr.obj (.text:FSITXB2_ISR)
                  000095e9    0000000a     f2838x_defaultisr.obj (.text:I2CA_FIFO_ISR)
                  000095f3    0000000a     f2838x_defaultisr.obj (.text:I2CA_HIGH_ISR)
                  000095fd    0000000a     f2838x_defaultisr.obj (.text:I2CA_ISR)
                  00009607    0000000a     f2838x_defaultisr.obj (.text:I2CB_FIFO_ISR)
                  00009611    0000000a     f2838x_defaultisr.obj (.text:I2CB_ISR)
                  0000961b    0000000a     f2838x_defaultisr.obj (.text:ILLEGAL_ISR)
                  00009625    0000000a     interrupt.obj (.text:Interrupt_illegalOperationHandler)
                  0000962f    0000000a     interrupt.obj (.text:Interrupt_nmiHandler)
                  00009639    0000000a     f2838x_defaultisr.obj (.text:MCANA_0_ISR)
                  00009643    0000000a     f2838x_defaultisr.obj (.text:MCANA_1_ISR)
                  0000964d    0000000a     f2838x_defaultisr.obj (.text:MCANA_ECC_ISR)
                  00009657    0000000a     f2838x_defaultisr.obj (.text:MCANA_WAKE_ISR)
                  00009661    0000000a     f2838x_defaultisr.obj (.text:MCBSPA_RX_ISR)
                  0000966b    0000000a     f2838x_defaultisr.obj (.text:MCBSPA_TX_ISR)
                  00009675    0000000a     f2838x_defaultisr.obj (.text:MCBSPB_RX_ISR)
                  0000967f    0000000a     f2838x_defaultisr.obj (.text:MCBSPB_TX_ISR)
                  00009689    0000000a     f2838x_defaultisr.obj (.text:MPOST_ISR)
                  00009693    0000000a     f2838x_defaultisr.obj (.text:NMI_ISR)
                  0000969d    0000000a     f2838x_defaultisr.obj (.text:NOTUSED_ISR)
                  000096a7    0000000a     f2838x_defaultisr.obj (.text:PIE_RESERVED_ISR)
                  000096b1    0000000a     f2838x_defaultisr.obj (.text:PMBUSA_ISR)
                  000096bb    0000000a     f2838x_defaultisr.obj (.text:RTOS_ISR)
                  000096c5    0000000a     f2838x_defaultisr.obj (.text:SCIA_RX_ISR)
                  000096cf    0000000a     f2838x_defaultisr.obj (.text:SCIA_TX_ISR)
                  000096d9    0000000a     f2838x_defaultisr.obj (.text:SCIB_RX_ISR)
                  000096e3    0000000a     f2838x_defaultisr.obj (.text:SCIB_TX_ISR)
                  000096ed    0000000a     f2838x_defaultisr.obj (.text:SCIC_RX_ISR)
                  000096f7    0000000a     f2838x_defaultisr.obj (.text:SCIC_TX_ISR)
                  00009701    0000000a     f2838x_defaultisr.obj (.text:SCID_RX_ISR)
                  0000970b    0000000a     f2838x_defaultisr.obj (.text:SCID_TX_ISR)
                  00009715    0000000a     f2838x_defaultisr.obj (.text:SDFM1DR1_ISR)
                  0000971f    0000000a     f2838x_defaultisr.obj (.text:SDFM1DR2_ISR)
                  00009729    0000000a     f2838x_defaultisr.obj (.text:SDFM1DR3_ISR)
                  00009733    0000000a     f2838x_defaultisr.obj (.text:SDFM1DR4_ISR)
                  0000973d    0000000a     f2838x_defaultisr.obj (.text:SDFM1_ISR)
                  00009747    0000000a     f2838x_defaultisr.obj (.text:SDFM2DR1_ISR)
                  00009751    0000000a     f2838x_defaultisr.obj (.text:SDFM2DR2_ISR)
                  0000975b    0000000a     f2838x_defaultisr.obj (.text:SDFM2DR3_ISR)
                  00009765    0000000a     f2838x_defaultisr.obj (.text:SDFM2DR4_ISR)
                  0000976f    0000000a     f2838x_defaultisr.obj (.text:SDFM2_ISR)
                  00009779    0000000a     f2838x_defaultisr.obj (.text:SPIA_RX_ISR)
                  00009783    0000000a     f2838x_defaultisr.obj (.text:SPIA_TX_ISR)
                  0000978d    0000000a     f2838x_defaultisr.obj (.text:SPIB_RX_ISR)
                  00009797    0000000a     f2838x_defaultisr.obj (.text:SPIB_TX_ISR)
                  000097a1    0000000a     f2838x_defaultisr.obj (.text:SPIC_RX_ISR)
                  000097ab    0000000a     f2838x_defaultisr.obj (.text:SPIC_TX_ISR)
                  000097b5    0000000a     f2838x_defaultisr.obj (.text:SPID_RX_ISR)
                  000097bf    0000000a     f2838x_defaultisr.obj (.text:SPID_TX_ISR)
                  000097c9    0000000a     f2838x_defaultisr.obj (.text:SYS_ERR_ISR)
                  000097d3    0000000a     f2838x_defaultisr.obj (.text:TIMER0_ISR)
                  000097dd    0000000a     f2838x_defaultisr.obj (.text:TIMER1_ISR)
                  000097e7    0000000a     f2838x_defaultisr.obj (.text:TIMER2_ISR)
                  000097f1    0000000a     f2838x_defaultisr.obj (.text:USBA_ISR)
                  000097fb    00000005     DevDspInit.obj (.text:initSystemAnalogAdc)

.text.4    0    00009800    0000011b     
                  00009800    0000000a     f2838x_defaultisr.obj (.text:USER10_ISR)
                  0000980a    0000000a     f2838x_defaultisr.obj (.text:USER11_ISR)
                  00009814    0000000a     f2838x_defaultisr.obj (.text:USER12_ISR)
                  0000981e    0000000a     f2838x_defaultisr.obj (.text:USER1_ISR)
                  00009828    0000000a     f2838x_defaultisr.obj (.text:USER2_ISR)
                  00009832    0000000a     f2838x_defaultisr.obj (.text:USER3_ISR)
                  0000983c    0000000a     f2838x_defaultisr.obj (.text:USER4_ISR)
                  00009846    0000000a     f2838x_defaultisr.obj (.text:USER5_ISR)
                  00009850    0000000a     f2838x_defaultisr.obj (.text:USER6_ISR)
                  0000985a    0000000a     f2838x_defaultisr.obj (.text:USER7_ISR)
                  00009864    0000000a     f2838x_defaultisr.obj (.text:USER8_ISR)
                  0000986e    0000000a     f2838x_defaultisr.obj (.text:USER9_ISR)
                  00009878    0000000a     f2838x_defaultisr.obj (.text:WAKE_ISR)
                  00009882    0000000a     f2838x_defaultisr.obj (.text:XINT1_ISR)
                  0000988c    0000000a     f2838x_defaultisr.obj (.text:XINT2_ISR)
                  00009896    0000000a     f2838x_defaultisr.obj (.text:XINT3_ISR)
                  000098a0    0000000a     f2838x_defaultisr.obj (.text:XINT4_ISR)
                  000098aa    0000000a     f2838x_defaultisr.obj (.text:XINT5_ISR)
                  000098b4    00000009     DevDspInit.obj (.text:InitialPeripherals)
                  000098bd    00000009     DevIPC.obj (.text:Initial_IPC_Mastership)
                  000098c6    00000009     DevDspInit.obj (.text:initSystemCommunications)
                  000098cf    00000009     rts2800_fpu64_eabi.lib : _lock.c.obj (.text)
                  000098d8    00000008                            : copy_decompress_none.c.obj (.text:decompress:none)
                  000098e0    00000008     f2838x_codestartbranch.obj (.text)
                  000098e8    00000007     CSU_Adc.obj (.text:Initial_Adc)
                  000098ef    00000007     DevIPC.obj (.text:Initial_IPC_Clear)
                  000098f6    00000007     DevSci.obj (.text:Initial_SCI)
                  000098fd    00000007     DevSci.obj (.text:initScia_SCI_PC)
                  00009904    00000007     DevDspInit.obj (.text:initSystemPwm)
                  0000990b    00000004     main.obj (.text:cycle_1ms)
                  0000990f    00000003     device.obj (.text:__error__)
                  00009912    00000003     main.obj (.text:cycle_100ms)
                  00009915    00000003     DevDspInit.obj (.text:initSystemUserInterface)
                  00009918    00000002     rts2800_fpu64_eabi.lib : pre_init.c.obj (.text)
                  0000991a    00000001                            : startup.c.obj (.text)

.text.5    0    0000c000    00000800     
                  0000c000    000002b8     dcc.obj (.text:DCC_verifyClockFrequency)
                  0000c2b8    0000025d     sysctl.obj (.text:SysCtl_isPLLValid)
                  0000c515    00000167     device.obj (.text:Device_enableAllPeripherals)
                  0000c67c    0000012e     sysctl.obj (.text:SysCtl_setClock)
                  0000c7aa    00000056     sci.obj (.text:SCI_clearInterruptStatus)

.text.6    0    0000c800    00000800     
                  0000c800    0000010e     sysctl.obj (.text:SysCtl_setAuxClock)
                  0000c90e    000000b2     DevAdc.obj (.text:InitAdcModules)
                  0000c9c0    000000b2     CSU_LED.obj (.text:initGpioDoutLed)
                  0000ca72    000000a7     DevSci.obj (.text:isrScia_SCI_PC)
                  0000cb19    0000009e     DevTimer.obj (.text:configCPUTimer)
                  0000cbb7    00000096     CSU_LED.obj (.text:Initial_LED)
                  0000cc4d    00000093     sci.obj (.text:SCI_setConfig)
                  0000cce0    00000093     sci.obj (.text:SCI_writeCharArray)
                  0000cd73    00000092     sci.obj (.text:SCI_readCharArray)
                  0000ce05    0000008e     CSU_SCI_PC.obj (.text:sendSciPcMessage1)
                  0000ce93    0000008b     DevDspInit.obj (.text:initEmacGpioPins)
                  0000cf1e    00000088     rts2800_fpu64_eabi.lib : fs_div28.asm.obj (.text)
                  0000cfa6    00000055     adc.obj (.text:ADC_setOffsetTrim)
                  0000cffb    00000005     DevDspInit.obj (.text:Initial_GPIO)

MODULE SUMMARY

       Module                          code    ro data   rw data
       ------                          ----    -------   -------
    .\
       main.obj                        59      0         0      
    +--+-------------------------------+-------+---------+---------+
       Total:                          59      0         0      
                                                                
    .\CSU\
       CSU_LED.obj                     696     0         30     
       CSU_SCI_PC.obj                  167     0         3      
       CSU_EPWM.obj                    78      0         0      
       CSU_Adc.obj                     51      0         4      
       CSU_IPC.obj                     17      0         6      
    +--+-------------------------------+-------+---------+---------+
       Total:                          1009    0         43     
                                                                
    .\Dev\
       DevSci.obj                      509     0         257    
       DevTimer.obj                    395     121       6      
       DevAdc.obj                      402     0         1      
       DevDspInit.obj                  253     0         0      
       DevIPC.obj                      183     0         1      
       DevEpwmTimer.obj                140     0         0      
       DevSpi.obj                      79      0         0      
    +--+-------------------------------+-------+---------+---------+
       Total:                          1961    121       265    
                                                                
    .\SDK\common\source\
       f2838x_defaultisr.obj           2063    0         0      
       device.obj                      627     0         0      
       f2838x_pievect.obj              0       448       0      
       f2838x_tempsensorconv.obj       30      0         6      
       f2838x_codestartbranch.obj      10      0         0      
       f2838x_usdelay.obj              4       0         0      
    +--+-------------------------------+-------+---------+---------+
       Total:                          2734    448       6      
                                                                
    .\SDK\driverlib\
       sysctl.obj                      1787    49        0      
       ipc.obj                         235     159       544    
       dcc.obj                         696     47        0      
       sci.obj                         639     47        0      
       interrupt.obj                   376     29        0      
       gpio.obj                        266     48        0      
       adc.obj                         241     23        0      
       spi.obj                         131     47        0      
       cputimer.obj                    32      28        0      
    +--+-------------------------------+-------+---------+---------+
       Total:                          4403    477       544    
                                                                
    .\SDK\headers\source\
       f2838x_globalvariabledefs.obj   0       0         62     
    +--+-------------------------------+-------+---------+---------+
       Total:                          0       0         62     
                                                                
    C:\ti\ccs2040\ti-cgt-c2000_22.6.1.LTS\lib\rts2800_fpu64_eabi.lib
       fs_div28.asm.obj                136     0         0      
       copy_decompress_lzss.c.obj      48      0         0      
       exit.c.obj                      41      0         6      
       autoinit.c.obj                  43      0         0      
       memcpy.c.obj                    29      0         0      
       boot28.asm.obj                  25      0         0      
       _lock.c.obj                     9       0         4      
       copy_zero_init.c.obj            13      0         0      
       args_main.c.obj                 12      0         0      
       copy_decompress_none.c.obj      8       0         0      
       pre_init.c.obj                  2       0         0      
       startup.c.obj                   1       0         0      
    +--+-------------------------------+-------+---------+---------+
       Total:                          367     0         10     
                                                                
       Stack:                          0       0         256    
       Linker Generated:               0       33        0      
    +--+-------------------------------+-------+---------+---------+
       Grand Total:                    10533   1079      1186   


LINKER GENERATED COPY TABLES

__TI_cinit_table @ 000001d4 records: 2, size/record: 4, table size: 8
	.data: load addr=000001ba, load size=0000000f bytes, run addr=0000a800, run size=00000016 bytes, compression=lzss
	.bss: load addr=000001d0, load size=00000004 bytes, run addr=0000ac40, run size=0000012f bytes, compression=zero_init


LINKER GENERATED HANDLER TABLE

__TI_handler_table @ 000001ca records: 3, size/record: 2, table size: 6
	index: 0, handler: __TI_zero_init
	index: 1, handler: __TI_decompress_lzss
	index: 2, handler: __TI_decompress_none


GLOBAL DATA SYMBOLS: SORTED BY DATA PAGE

address     data page           name
--------    ----------------    ----
00000400      10 (00000400)     __stack

0000a800     2a0 (0000a800)     g_ucEthRxSeqNum
0000a801     2a0 (0000a800)     g_ucEthRxStatus
0000a802     2a0 (0000a800)     pxIpcCpu1ToCm
0000a804     2a0 (0000a800)     pxIpcCmToCpu1
0000a806     2a0 (0000a800)     __TI_enable_exit_profile_output
0000a808     2a0 (0000a800)     __TI_cleanup_ptr
0000a80a     2a0 (0000a800)     __TI_dtors_ptr
0000a80c     2a0 (0000a800)     currentTemperatureC
0000a80e     2a0 (0000a800)     debugAdcLoopCnt
0000a810     2a0 (0000a800)     _lock
0000a812     2a0 (0000a800)     _unlock
0000a814     2a0 (0000a800)     adcResult
0000a815     2a0 (0000a800)     g_bCmReady

0000a840     2a1 (0000a840)     PieVectTableInit

0000aa00     2a8 (0000aa00)     IPC_Instance

0000ad41     2b5 (0000ad40)     xLed
0000ad5f     2b5 (0000ad40)     xTimer
0000ad66     2b5 (0000ad40)     tempSensor_tempSlope
0000ad68     2b5 (0000ad40)     tempSensor_tempOffset
0000ad6a     2b5 (0000ad40)     tempSensor_scaleFactor
0000ad6c     2b5 (0000ad40)     xRcvSciPcMsg1
0000ad6d     2b5 (0000ad40)     xXmtSciPcMsg1

00038000     e00 (00038000)     IPC_CPU_To_CM_GetBuffer

00039000     e40 (00039000)     IPC_CPU_To_CM_PutBuffer

0003a000     e80 (0003a000)     IPC_CPU1_To_CPU2_PutBuffer

0003b000     ec0 (0003b000)     IPC_CPU1_To_CPU2_GetBuffer

0005d700    175c (0005d700)     AnalogSubsysRegs


GLOBAL SYMBOLS: SORTED ALPHABETICALLY BY Name 

page  address   name                                     
----  -------   ----                                     
0     00009099  ADCA1_ISR                                
0     000090a3  ADCA2_ISR                                
0     000090ad  ADCA3_ISR                                
0     000090b7  ADCA4_ISR                                
0     000090c1  ADCA_EVT_ISR                             
0     000090cb  ADCB1_ISR                                
0     000090d5  ADCB2_ISR                                
0     000090df  ADCB3_ISR                                
0     000090e9  ADCB4_ISR                                
0     000090f3  ADCB_EVT_ISR                             
0     000090fd  ADCC1_ISR                                
0     00009107  ADCC2_ISR                                
0     00009111  ADCC3_ISR                                
0     0000911b  ADCC4_ISR                                
0     00009125  ADCC_EVT_ISR                             
0     0000912f  ADCD1_ISR                                
0     00009139  ADCD2_ISR                                
0     00009143  ADCD3_ISR                                
0     0000914d  ADCD4_ISR                                
0     00009157  ADCD_EVT_ISR                             
0     000084aa  ADC_setINLTrim                           
0     000088bc  ADC_setMode                              
0     0000cfa6  ADC_setOffsetTrim                        
0     00008dc0  AdcaIsr                                  
1     0005d700  AnalogSubsysRegs                         
0     00008c81  C$$EXIT                                  
0     00009161  CANA0_ISR                                
0     0000916b  CANA1_ISR                                
0     00009175  CANB0_ISR                                
0     0000917f  CANB1_ISR                                
0     00009189  CIPC0_ISR                                
0     00009193  CIPC1_ISR                                
0     0000919d  CIPC2_ISR                                
0     000091a7  CIPC3_ISR                                
0     000091b1  CLA1CRC_ISR                              
0     000091bb  CLA1_1_ISR                               
0     000091c5  CLA1_2_ISR                               
0     000091cf  CLA1_3_ISR                               
0     000091d9  CLA1_4_ISR                               
0     000091e3  CLA1_5_ISR                               
0     000091ed  CLA1_6_ISR                               
0     000091f7  CLA1_7_ISR                               
0     00009201  CLA1_8_ISR                               
0     0000920b  CLA_OVERFLOW_ISR                         
0     00009215  CLA_UNDERFLOW_ISR                        
0     0000921f  CLB1_ISR                                 
0     00009229  CLB2_ISR                                 
0     00009233  CLB3_ISR                                 
0     0000923d  CLB4_ISR                                 
0     00009247  CLB5_ISR                                 
0     00009251  CLB6_ISR                                 
0     0000925b  CLB7_ISR                                 
0     00009265  CLB8_ISR                                 
0     0000926f  CMTOCPUXIPC0_ISR                         
0     00009279  CMTOCPUXIPC1_ISR                         
0     00009283  CMTOCPUXIPC2_ISR                         
0     0000928d  CMTOCPUXIPC3_ISR                         
0     00009297  CMTOCPUXIPC4_ISR                         
0     000092a1  CMTOCPUXIPC5_ISR                         
0     000092ab  CMTOCPUXIPC6_ISR                         
0     000092b5  CMTOCPUXIPC7_ISR                         
0     000092bf  CM_STATUS_ISR                            
0     000092c9  CPUCRC_ISR                               
0     00008d81  CPUTimer_setEmulationMode                
0     000092d3  DATALOG_ISR                              
0     0000c000  DCC_verifyClockFrequency                 
0     000092dd  DMA_CH1_ISR                              
0     000092e7  DMA_CH2_ISR                              
0     000092f1  DMA_CH3_ISR                              
0     000092fb  DMA_CH4_ISR                              
0     00009305  DMA_CH5_ISR                              
0     0000930f  DMA_CH6_ISR                              
0     00008f49  DSP_Initialization                       
0     00008e9f  Device_bootCM                            
0     0000c515  Device_enableAllPeripherals              
0     0000908e  Device_enableUnbondedGPIOPullups         
0     00008fa0  Device_enableUnbondedGPIOPullupsFor176Pin
0     0000818a  Device_init                              
0     00008cd3  Device_initGPIO                          
0     00008e19  Device_verifyXTAL                        
0     00009319  ECAP1_ISR                                
0     00009323  ECAP2_ISR                                
0     0000932d  ECAP3_ISR                                
0     00009337  ECAP4_ISR                                
0     00009341  ECAP5_ISR                                
0     0000934b  ECAP6_2_ISR                              
0     00009355  ECAP6_ISR                                
0     0000935f  ECAP7_2_ISR                              
0     00009369  ECAP7_ISR                                
0     00009373  ECATRST_ISR                              
0     0000937d  ECATSYNC0_ISR                            
0     00009387  ECATSYNC1_ISR                            
0     00009391  ECAT_ISR                                 
0     0000905c  EMPTY_ISR                                
0     0000939b  EMU_ISR                                  
0     000093a5  EPWM10_ISR                               
0     000093af  EPWM10_TZ_ISR                            
0     000093b9  EPWM11_ISR                               
0     000093c3  EPWM11_TZ_ISR                            
0     000093cd  EPWM12_ISR                               
0     000093d7  EPWM12_TZ_ISR                            
0     000093e1  EPWM13_ISR                               
0     000093eb  EPWM13_TZ_ISR                            
0     000093f5  EPWM14_ISR                               
0     000093ff  EPWM14_TZ_ISR                            
0     00009409  EPWM15_ISR                               
0     00009413  EPWM15_TZ_ISR                            
0     0000941d  EPWM16_ISR                               
0     00009427  EPWM16_TZ_ISR                            
0     00009431  EPWM1_ISR                                
0     0000943b  EPWM1_TZ_ISR                             
0     00009445  EPWM2_ISR                                
0     0000944f  EPWM2_TZ_ISR                             
0     00009459  EPWM3_ISR                                
0     00009463  EPWM3_TZ_ISR                             
0     0000946d  EPWM4_ISR                                
0     00009477  EPWM4_TZ_ISR                             
0     00009481  EPWM5_ISR                                
0     0000948b  EPWM5_TZ_ISR                             
0     00009495  EPWM6_ISR                                
0     0000949f  EPWM6_TZ_ISR                             
0     000094a9  EPWM7_ISR                                
0     000094b3  EPWM7_TZ_ISR                             
0     000094bd  EPWM8_ISR                                
0     000094c7  EPWM8_TZ_ISR                             
0     000094d1  EPWM9_ISR                                
0     000094db  EPWM9_TZ_ISR                             
0     000094e5  EQEP1_ISR                                
0     000094ef  EQEP2_ISR                                
0     000094f9  EQEP3_ISR                                
0     000001b1  F28x_usDelay                             
0     00009503  FMC_ISR                                  
0     0000950d  FPU_OFLOW_ISR                            
0     00009517  FPU_UFLOW_ISR                            
0     00009521  FSIRXA1_ISR                              
0     0000952b  FSIRXA2_ISR                              
0     00009535  FSIRXB1_ISR                              
0     0000953f  FSIRXB2_ISR                              
0     00009549  FSIRXC1_ISR                              
0     00009553  FSIRXC2_ISR                              
0     0000955d  FSIRXD1_ISR                              
0     00009567  FSIRXD2_ISR                              
0     00009571  FSIRXE1_ISR                              
0     0000957b  FSIRXE2_ISR                              
0     00009585  FSIRXF1_ISR                              
0     0000958f  FSIRXF2_ISR                              
0     00009599  FSIRXG1_ISR                              
0     000095a3  FSIRXG2_ISR                              
0     000095ad  FSIRXH1_ISR                              
0     000095b7  FSIRXH2_ISR                              
0     000095c1  FSITXA1_ISR                              
0     000095cb  FSITXA2_ISR                              
0     000095d5  FSITXB1_ISR                              
0     000095df  FSITXB2_ISR                              
0     00008ab4  GPIO_setControllerCore                   
0     00008bd2  GPIO_setDirectionMode                    
0     000085fa  GPIO_setPadConfig                        
0     00008ae4  GPIO_setPinConfig                        
0     00008b14  GPIO_setQualificationMode                
0     000095e9  I2CA_FIFO_ISR                            
0     000095f3  I2CA_HIGH_ISR                            
0     000095fd  I2CA_ISR                                 
0     00009607  I2CB_FIFO_ISR                            
0     00009611  I2CB_ISR                                 
0     0000961b  ILLEGAL_ISR                              
0     0003b000  IPC_CPU1_To_CPU2_GetBuffer               
0     0003a000  IPC_CPU1_To_CPU2_PutBuffer               
0     00038000  IPC_CPU_To_CM_GetBuffer                  
0     00039000  IPC_CPU_To_CM_PutBuffer                  
0     0000aa00  IPC_Instance                             
0     00008a4f  IPC_readCommand                          
0     000087b0  IPC_registerInterrupt                    
0     000088f7  IPC_sendCommand                          
0     0000887e  IPC_unregisterInterrupt                  
0     0000c90e  InitAdcModules                           
0     00008dde  InitTempSensor                           
0     0000904e  InitialAdc                               
0     000098e8  Initial_Adc                              
0     00008932  Initial_Epwm7a                           
0     00008800  Initial_EpwmTimer                        
0     00008d3e  Initial_IPC                              
0     000098ef  Initial_IPC_Clear                        
0     000098bd  Initial_IPC_Mastership                   
0     0000cbb7  Initial_LED                              
0     000098f6  Initial_SCI                              
0     000085ab  Initial_SPI                              
0     00008443  Initial_TIMER                            
0     00009076  Interrupt_defaultHandler                 
0     00008648  Interrupt_disable                        
0     00008a19  Interrupt_enable                         
0     00009625  Interrupt_illegalOperationHandler        
0     0000872e  Interrupt_initModule                     
0     00008e6b  Interrupt_initVectorTable                
0     0000962f  Interrupt_nmiHandler                     
0     00009639  MCANA_0_ISR                              
0     00009643  MCANA_1_ISR                              
0     0000964d  MCANA_ECC_ISR                            
0     00009657  MCANA_WAKE_ISR                           
0     00009661  MCBSPA_RX_ISR                            
0     0000966b  MCBSPA_TX_ISR                            
0     00009675  MCBSPB_RX_ISR                            
0     0000967f  MCBSPB_TX_ISR                            
0     00009689  MPOST_ISR                                
0     00009693  NMI_ISR                                  
0     0000969d  NOTUSED_ISR                              
0     000096a7  PIE_RESERVED_ISR                         
0     000096b1  PMBUSA_ISR                               
0     0000a840  PieVectTableInit                         
0     000096bb  RTOS_ISR                                 
0     000096c5  SCIA_RX_ISR                              
0     000096cf  SCIA_TX_ISR                              
0     000096d9  SCIB_RX_ISR                              
0     000096e3  SCIB_TX_ISR                              
0     000096ed  SCIC_RX_ISR                              
0     000096f7  SCIC_TX_ISR                              
0     00009701  SCID_RX_ISR                              
0     0000970b  SCID_TX_ISR                              
0     0000c7aa  SCI_clearInterruptStatus                 
0     000089a8  SCI_disableInterrupt                     
0     000089e1  SCI_enableInterrupt                      
0     0000cd73  SCI_readCharArray                        
0     0000cc4d  SCI_setConfig                            
0     0000cce0  SCI_writeCharArray                       
0     00009715  SDFM1DR1_ISR                             
0     0000971f  SDFM1DR2_ISR                             
0     00009729  SDFM1DR3_ISR                             
0     00009733  SDFM1DR4_ISR                             
0     0000973d  SDFM1_ISR                                
0     00009747  SDFM2DR1_ISR                             
0     00009751  SDFM2DR2_ISR                             
0     0000975b  SDFM2DR3_ISR                             
0     00009765  SDFM2DR4_ISR                             
0     0000976f  SDFM2_ISR                                
0     00009779  SPIA_RX_ISR                              
0     00009783  SPIA_TX_ISR                              
0     0000978d  SPIB_RX_ISR                              
0     00009797  SPIB_TX_ISR                              
0     000097a1  SPIC_RX_ISR                              
0     000097ab  SPIC_TX_ISR                              
0     000097b5  SPID_RX_ISR                              
0     000097bf  SPID_TX_ISR                              
0     00008086  SPI_setConfig                            
0     000097c9  SYS_ERR_ISR                              
0     00008e85  SysCtl_controlCMReset                    
0     000001b5  SysCtl_delay                             
0     00008109  SysCtl_getAuxClock                       
0     0000827c  SysCtl_getClock                          
0     00008cf7  SysCtl_getLowSpeedClock                  
0     0000c2b8  SysCtl_isPLLValid                        
0     0000876f  SysCtl_selectOscSource                   
0     0000855b  SysCtl_selectOscSourceAuxPLL             
0     0000883f  SysCtl_selectXTAL                        
0     00008d60  SysCtl_selectXTALSingleEnded             
0     0000c800  SysCtl_setAuxClock                       
0     0000c67c  SysCtl_setClock                          
0     000097d3  TIMER0_ISR                               
0     000097dd  TIMER1_ISR                               
0     000097e7  TIMER2_ISR                               
0     000097f1  USBA_ISR                                 
0     00009800  USER10_ISR                               
0     0000980a  USER11_ISR                               
0     00009814  USER12_ISR                               
0     0000981e  USER1_ISR                                
0     00009828  USER2_ISR                                
0     00009832  USER3_ISR                                
0     0000983c  USER4_ISR                                
0     00009846  USER5_ISR                                
0     00009850  USER6_ISR                                
0     0000985a  USER7_ISR                                
0     00009864  USER8_ISR                                
0     0000986e  USER9_ISR                                
0     00009878  WAKE_ISR                                 
0     00009882  XINT1_ISR                                
0     0000988c  XINT2_ISR                                
0     00009896  XINT3_ISR                                
0     000098a0  XINT4_ISR                                
0     000098aa  XINT5_ISR                                
0     000001d4  __TI_CINIT_Base                          
0     000001dc  __TI_CINIT_Limit                         
0     000001dc  __TI_CINIT_Warm                          
0     000001ca  __TI_Handler_Table_Base                  
0     000001d0  __TI_Handler_Table_Limit                 
0     00000500  __TI_STACK_END                           
abs   00000100  __TI_STACK_SIZE                          
0     00008c56  __TI_auto_init_nobinit_nopinit           
0     0000a808  __TI_cleanup_ptr                         
0     00008b44  __TI_decompress_lzss                     
0     000098d8  __TI_decompress_none                     
0     0000a80a  __TI_dtors_ptr                           
0     0000a806  __TI_enable_exit_profile_output          
abs   ffffffff  __TI_pprof_out_hndl                      
abs   ffffffff  __TI_prof_data_size                      
abs   ffffffff  __TI_prof_data_start                     
0     00009069  __TI_zero_init_nomemset                  
0     0000cf1e  __c28xabi_divf                           
n/a   UNDEFED   __c_args__                               
0     0000990f  __error__                                
0     00000400  __stack                                  
0     00009082  _args_main                               
0     00008eea  _c_int00                                 
0     0000a810  _lock                                    
0     000098d7  _nop                                     
0     000098d3  _register_lock                           
0     000098cf  _register_unlock                         
0     0000991a  _system_post_cinit                       
0     00009918  _system_pre_init                         
0     0000a812  _unlock                                  
0     00008c81  abort                                    
0     0000a814  adcResult                                
0     00000000  code_start                               
0     0000a80c  currentTemperatureC                      
0     0000a80e  debugAdcLoopCnt                          
0     00008c83  exit                                     
0     0000a815  g_bCmReady                               
0     0000a800  g_ucEthRxSeqNum                          
0     0000a801  g_ucEthRxStatus                          
0     00008f32  initEPWM8                                
0     00008f5f  initEPWM9                                
0     0000c9c0  initGpioDoutLed                          
0     0000ca72  isrScia_SCI_PC                           
0     00009010  isr_CpuTimer0                            
0     00008f75  isr_CpuTimer1                            
0     00008f8b  isr_CpuTimer2                            
0     00008b74  main                                     
0     00008dfc  memcpy                                   
0     0000a804  pxIpcCmToCpu1                            
0     0000a802  pxIpcCpu1ToCm                            
0     000087ef  recvIpcCmMessage                         
0     00008ed1  recvSciPcMessage                         
0     00008fc6  sendEthDataToCM                          
0     0000ce05  sendSciPcMessage1                        
0     00008caa  sendScia_SCI_PC                          
0     00008fd9  setLedModeToggle                         
0     00008f03  setLedStatus                             
0     0000ad6a  tempSensor_scaleFactor                   
0     0000ad68  tempSensor_tempOffset                    
0     0000ad66  tempSensor_tempSlope                     
0     00008c2a  updateAdcData                            
0     000083d2  updateLedStatus                          
0     0000ad41  xLed                                     
0     0000ad6c  xRcvSciPcMsg1                            
0     0000ad5f  xTimer                                   
0     0000ad6d  xXmtSciPcMsg1                            
0     00008fea  xmtScia_SCI_PC                           


GLOBAL SYMBOLS: SORTED BY Symbol Address 

page  address   name                                     
----  -------   ----                                     
0     00000000  code_start                               
0     000001b1  F28x_usDelay                             
0     000001b5  SysCtl_delay                             
0     000001ca  __TI_Handler_Table_Base                  
0     000001d0  __TI_Handler_Table_Limit                 
0     000001d4  __TI_CINIT_Base                          
0     000001dc  __TI_CINIT_Limit                         
0     000001dc  __TI_CINIT_Warm                          
0     00000400  __stack                                  
0     00000500  __TI_STACK_END                           
0     00008086  SPI_setConfig                            
0     00008109  SysCtl_getAuxClock                       
0     0000818a  Device_init                              
0     0000827c  SysCtl_getClock                          
0     000083d2  updateLedStatus                          
0     00008443  Initial_TIMER                            
0     000084aa  ADC_setINLTrim                           
0     0000855b  SysCtl_selectOscSourceAuxPLL             
0     000085ab  Initial_SPI                              
0     000085fa  GPIO_setPadConfig                        
0     00008648  Interrupt_disable                        
0     0000872e  Interrupt_initModule                     
0     0000876f  SysCtl_selectOscSource                   
0     000087b0  IPC_registerInterrupt                    
0     000087ef  recvIpcCmMessage                         
0     00008800  Initial_EpwmTimer                        
0     0000883f  SysCtl_selectXTAL                        
0     0000887e  IPC_unregisterInterrupt                  
0     000088bc  ADC_setMode                              
0     000088f7  IPC_sendCommand                          
0     00008932  Initial_Epwm7a                           
0     000089a8  SCI_disableInterrupt                     
0     000089e1  SCI_enableInterrupt                      
0     00008a19  Interrupt_enable                         
0     00008a4f  IPC_readCommand                          
0     00008ab4  GPIO_setControllerCore                   
0     00008ae4  GPIO_setPinConfig                        
0     00008b14  GPIO_setQualificationMode                
0     00008b44  __TI_decompress_lzss                     
0     00008b74  main                                     
0     00008bd2  GPIO_setDirectionMode                    
0     00008c2a  updateAdcData                            
0     00008c56  __TI_auto_init_nobinit_nopinit           
0     00008c81  C$$EXIT                                  
0     00008c81  abort                                    
0     00008c83  exit                                     
0     00008caa  sendScia_SCI_PC                          
0     00008cd3  Device_initGPIO                          
0     00008cf7  SysCtl_getLowSpeedClock                  
0     00008d3e  Initial_IPC                              
0     00008d60  SysCtl_selectXTALSingleEnded             
0     00008d81  CPUTimer_setEmulationMode                
0     00008dc0  AdcaIsr                                  
0     00008dde  InitTempSensor                           
0     00008dfc  memcpy                                   
0     00008e19  Device_verifyXTAL                        
0     00008e6b  Interrupt_initVectorTable                
0     00008e85  SysCtl_controlCMReset                    
0     00008e9f  Device_bootCM                            
0     00008ed1  recvSciPcMessage                         
0     00008eea  _c_int00                                 
0     00008f03  setLedStatus                             
0     00008f32  initEPWM8                                
0     00008f49  DSP_Initialization                       
0     00008f5f  initEPWM9                                
0     00008f75  isr_CpuTimer1                            
0     00008f8b  isr_CpuTimer2                            
0     00008fa0  Device_enableUnbondedGPIOPullupsFor176Pin
0     00008fc6  sendEthDataToCM                          
0     00008fd9  setLedModeToggle                         
0     00008fea  xmtScia_SCI_PC                           
0     00009010  isr_CpuTimer0                            
0     0000904e  InitialAdc                               
0     0000905c  EMPTY_ISR                                
0     00009069  __TI_zero_init_nomemset                  
0     00009076  Interrupt_defaultHandler                 
0     00009082  _args_main                               
0     0000908e  Device_enableUnbondedGPIOPullups         
0     00009099  ADCA1_ISR                                
0     000090a3  ADCA2_ISR                                
0     000090ad  ADCA3_ISR                                
0     000090b7  ADCA4_ISR                                
0     000090c1  ADCA_EVT_ISR                             
0     000090cb  ADCB1_ISR                                
0     000090d5  ADCB2_ISR                                
0     000090df  ADCB3_ISR                                
0     000090e9  ADCB4_ISR                                
0     000090f3  ADCB_EVT_ISR                             
0     000090fd  ADCC1_ISR                                
0     00009107  ADCC2_ISR                                
0     00009111  ADCC3_ISR                                
0     0000911b  ADCC4_ISR                                
0     00009125  ADCC_EVT_ISR                             
0     0000912f  ADCD1_ISR                                
0     00009139  ADCD2_ISR                                
0     00009143  ADCD3_ISR                                
0     0000914d  ADCD4_ISR                                
0     00009157  ADCD_EVT_ISR                             
0     00009161  CANA0_ISR                                
0     0000916b  CANA1_ISR                                
0     00009175  CANB0_ISR                                
0     0000917f  CANB1_ISR                                
0     00009189  CIPC0_ISR                                
0     00009193  CIPC1_ISR                                
0     0000919d  CIPC2_ISR                                
0     000091a7  CIPC3_ISR                                
0     000091b1  CLA1CRC_ISR                              
0     000091bb  CLA1_1_ISR                               
0     000091c5  CLA1_2_ISR                               
0     000091cf  CLA1_3_ISR                               
0     000091d9  CLA1_4_ISR                               
0     000091e3  CLA1_5_ISR                               
0     000091ed  CLA1_6_ISR                               
0     000091f7  CLA1_7_ISR                               
0     00009201  CLA1_8_ISR                               
0     0000920b  CLA_OVERFLOW_ISR                         
0     00009215  CLA_UNDERFLOW_ISR                        
0     0000921f  CLB1_ISR                                 
0     00009229  CLB2_ISR                                 
0     00009233  CLB3_ISR                                 
0     0000923d  CLB4_ISR                                 
0     00009247  CLB5_ISR                                 
0     00009251  CLB6_ISR                                 
0     0000925b  CLB7_ISR                                 
0     00009265  CLB8_ISR                                 
0     0000926f  CMTOCPUXIPC0_ISR                         
0     00009279  CMTOCPUXIPC1_ISR                         
0     00009283  CMTOCPUXIPC2_ISR                         
0     0000928d  CMTOCPUXIPC3_ISR                         
0     00009297  CMTOCPUXIPC4_ISR                         
0     000092a1  CMTOCPUXIPC5_ISR                         
0     000092ab  CMTOCPUXIPC6_ISR                         
0     000092b5  CMTOCPUXIPC7_ISR                         
0     000092bf  CM_STATUS_ISR                            
0     000092c9  CPUCRC_ISR                               
0     000092d3  DATALOG_ISR                              
0     000092dd  DMA_CH1_ISR                              
0     000092e7  DMA_CH2_ISR                              
0     000092f1  DMA_CH3_ISR                              
0     000092fb  DMA_CH4_ISR                              
0     00009305  DMA_CH5_ISR                              
0     0000930f  DMA_CH6_ISR                              
0     00009319  ECAP1_ISR                                
0     00009323  ECAP2_ISR                                
0     0000932d  ECAP3_ISR                                
0     00009337  ECAP4_ISR                                
0     00009341  ECAP5_ISR                                
0     0000934b  ECAP6_2_ISR                              
0     00009355  ECAP6_ISR                                
0     0000935f  ECAP7_2_ISR                              
0     00009369  ECAP7_ISR                                
0     00009373  ECATRST_ISR                              
0     0000937d  ECATSYNC0_ISR                            
0     00009387  ECATSYNC1_ISR                            
0     00009391  ECAT_ISR                                 
0     0000939b  EMU_ISR                                  
0     000093a5  EPWM10_ISR                               
0     000093af  EPWM10_TZ_ISR                            
0     000093b9  EPWM11_ISR                               
0     000093c3  EPWM11_TZ_ISR                            
0     000093cd  EPWM12_ISR                               
0     000093d7  EPWM12_TZ_ISR                            
0     000093e1  EPWM13_ISR                               
0     000093eb  EPWM13_TZ_ISR                            
0     000093f5  EPWM14_ISR                               
0     000093ff  EPWM14_TZ_ISR                            
0     00009409  EPWM15_ISR                               
0     00009413  EPWM15_TZ_ISR                            
0     0000941d  EPWM16_ISR                               
0     00009427  EPWM16_TZ_ISR                            
0     00009431  EPWM1_ISR                                
0     0000943b  EPWM1_TZ_ISR                             
0     00009445  EPWM2_ISR                                
0     0000944f  EPWM2_TZ_ISR                             
0     00009459  EPWM3_ISR                                
0     00009463  EPWM3_TZ_ISR                             
0     0000946d  EPWM4_ISR                                
0     00009477  EPWM4_TZ_ISR                             
0     00009481  EPWM5_ISR                                
0     0000948b  EPWM5_TZ_ISR                             
0     00009495  EPWM6_ISR                                
0     0000949f  EPWM6_TZ_ISR                             
0     000094a9  EPWM7_ISR                                
0     000094b3  EPWM7_TZ_ISR                             
0     000094bd  EPWM8_ISR                                
0     000094c7  EPWM8_TZ_ISR                             
0     000094d1  EPWM9_ISR                                
0     000094db  EPWM9_TZ_ISR                             
0     000094e5  EQEP1_ISR                                
0     000094ef  EQEP2_ISR                                
0     000094f9  EQEP3_ISR                                
0     00009503  FMC_ISR                                  
0     0000950d  FPU_OFLOW_ISR                            
0     00009517  FPU_UFLOW_ISR                            
0     00009521  FSIRXA1_ISR                              
0     0000952b  FSIRXA2_ISR                              
0     00009535  FSIRXB1_ISR                              
0     0000953f  FSIRXB2_ISR                              
0     00009549  FSIRXC1_ISR                              
0     00009553  FSIRXC2_ISR                              
0     0000955d  FSIRXD1_ISR                              
0     00009567  FSIRXD2_ISR                              
0     00009571  FSIRXE1_ISR                              
0     0000957b  FSIRXE2_ISR                              
0     00009585  FSIRXF1_ISR                              
0     0000958f  FSIRXF2_ISR                              
0     00009599  FSIRXG1_ISR                              
0     000095a3  FSIRXG2_ISR                              
0     000095ad  FSIRXH1_ISR                              
0     000095b7  FSIRXH2_ISR                              
0     000095c1  FSITXA1_ISR                              
0     000095cb  FSITXA2_ISR                              
0     000095d5  FSITXB1_ISR                              
0     000095df  FSITXB2_ISR                              
0     000095e9  I2CA_FIFO_ISR                            
0     000095f3  I2CA_HIGH_ISR                            
0     000095fd  I2CA_ISR                                 
0     00009607  I2CB_FIFO_ISR                            
0     00009611  I2CB_ISR                                 
0     0000961b  ILLEGAL_ISR                              
0     00009625  Interrupt_illegalOperationHandler        
0     0000962f  Interrupt_nmiHandler                     
0     00009639  MCANA_0_ISR                              
0     00009643  MCANA_1_ISR                              
0     0000964d  MCANA_ECC_ISR                            
0     00009657  MCANA_WAKE_ISR                           
0     00009661  MCBSPA_RX_ISR                            
0     0000966b  MCBSPA_TX_ISR                            
0     00009675  MCBSPB_RX_ISR                            
0     0000967f  MCBSPB_TX_ISR                            
0     00009689  MPOST_ISR                                
0     00009693  NMI_ISR                                  
0     0000969d  NOTUSED_ISR                              
0     000096a7  PIE_RESERVED_ISR                         
0     000096b1  PMBUSA_ISR                               
0     000096bb  RTOS_ISR                                 
0     000096c5  SCIA_RX_ISR                              
0     000096cf  SCIA_TX_ISR                              
0     000096d9  SCIB_RX_ISR                              
0     000096e3  SCIB_TX_ISR                              
0     000096ed  SCIC_RX_ISR                              
0     000096f7  SCIC_TX_ISR                              
0     00009701  SCID_RX_ISR                              
0     0000970b  SCID_TX_ISR                              
0     00009715  SDFM1DR1_ISR                             
0     0000971f  SDFM1DR2_ISR                             
0     00009729  SDFM1DR3_ISR                             
0     00009733  SDFM1DR4_ISR                             
0     0000973d  SDFM1_ISR                                
0     00009747  SDFM2DR1_ISR                             
0     00009751  SDFM2DR2_ISR                             
0     0000975b  SDFM2DR3_ISR                             
0     00009765  SDFM2DR4_ISR                             
0     0000976f  SDFM2_ISR                                
0     00009779  SPIA_RX_ISR                              
0     00009783  SPIA_TX_ISR                              
0     0000978d  SPIB_RX_ISR                              
0     00009797  SPIB_TX_ISR                              
0     000097a1  SPIC_RX_ISR                              
0     000097ab  SPIC_TX_ISR                              
0     000097b5  SPID_RX_ISR                              
0     000097bf  SPID_TX_ISR                              
0     000097c9  SYS_ERR_ISR                              
0     000097d3  TIMER0_ISR                               
0     000097dd  TIMER1_ISR                               
0     000097e7  TIMER2_ISR                               
0     000097f1  USBA_ISR                                 
0     00009800  USER10_ISR                               
0     0000980a  USER11_ISR                               
0     00009814  USER12_ISR                               
0     0000981e  USER1_ISR                                
0     00009828  USER2_ISR                                
0     00009832  USER3_ISR                                
0     0000983c  USER4_ISR                                
0     00009846  USER5_ISR                                
0     00009850  USER6_ISR                                
0     0000985a  USER7_ISR                                
0     00009864  USER8_ISR                                
0     0000986e  USER9_ISR                                
0     00009878  WAKE_ISR                                 
0     00009882  XINT1_ISR                                
0     0000988c  XINT2_ISR                                
0     00009896  XINT3_ISR                                
0     000098a0  XINT4_ISR                                
0     000098aa  XINT5_ISR                                
0     000098bd  Initial_IPC_Mastership                   
0     000098cf  _register_unlock                         
0     000098d3  _register_lock                           
0     000098d7  _nop                                     
0     000098d8  __TI_decompress_none                     
0     000098e8  Initial_Adc                              
0     000098ef  Initial_IPC_Clear                        
0     000098f6  Initial_SCI                              
0     0000990f  __error__                                
0     00009918  _system_pre_init                         
0     0000991a  _system_post_cinit                       
0     0000a800  g_ucEthRxSeqNum                          
0     0000a801  g_ucEthRxStatus                          
0     0000a802  pxIpcCpu1ToCm                            
0     0000a804  pxIpcCmToCpu1                            
0     0000a806  __TI_enable_exit_profile_output          
0     0000a808  __TI_cleanup_ptr                         
0     0000a80a  __TI_dtors_ptr                           
0     0000a80c  currentTemperatureC                      
0     0000a80e  debugAdcLoopCnt                          
0     0000a810  _lock                                    
0     0000a812  _unlock                                  
0     0000a814  adcResult                                
0     0000a815  g_bCmReady                               
0     0000a840  PieVectTableInit                         
0     0000aa00  IPC_Instance                             
0     0000ad41  xLed                                     
0     0000ad5f  xTimer                                   
0     0000ad66  tempSensor_tempSlope                     
0     0000ad68  tempSensor_tempOffset                    
0     0000ad6a  tempSensor_scaleFactor                   
0     0000ad6c  xRcvSciPcMsg1                            
0     0000ad6d  xXmtSciPcMsg1                            
0     0000c000  DCC_verifyClockFrequency                 
0     0000c2b8  SysCtl_isPLLValid                        
0     0000c515  Device_enableAllPeripherals              
0     0000c67c  SysCtl_setClock                          
0     0000c7aa  SCI_clearInterruptStatus                 
0     0000c800  SysCtl_setAuxClock                       
0     0000c90e  InitAdcModules                           
0     0000c9c0  initGpioDoutLed                          
0     0000ca72  isrScia_SCI_PC                           
0     0000cbb7  Initial_LED                              
0     0000cc4d  SCI_setConfig                            
0     0000cce0  SCI_writeCharArray                       
0     0000cd73  SCI_readCharArray                        
0     0000ce05  sendSciPcMessage1                        
0     0000cf1e  __c28xabi_divf                           
0     0000cfa6  ADC_setOffsetTrim                        
0     00038000  IPC_CPU_To_CM_GetBuffer                  
0     00039000  IPC_CPU_To_CM_PutBuffer                  
0     0003a000  IPC_CPU1_To_CPU2_PutBuffer               
0     0003b000  IPC_CPU1_To_CPU2_GetBuffer               
1     0005d700  AnalogSubsysRegs                         
abs   00000100  __TI_STACK_SIZE                          
abs   ffffffff  __TI_pprof_out_hndl                      
abs   ffffffff  __TI_prof_data_size                      
abs   ffffffff  __TI_prof_data_start                     
n/a   UNDEFED   __c_args__                               

[344 symbols]
