******************************************************************************
             TMS320C2000 Linker PC v25.11.0                    
******************************************************************************
>> Linked Fri Jun 19 12:59:29 2026

OUTPUT FILE NAME:   <TMDSCNCD28388D_T_CPU1.out>
ENTRY POINT SYMBOL: "code_start"  address: 00000000


MEMORY CONFIGURATION

         name            origin    length      used     unused   attr    fill
----------------------  --------  ---------  --------  --------  ----  --------
PAGE 0:
  BEGIN                 00000000   00000002  00000002  00000000  RWIX
  BOOT_RSVD             00000002   000001af  00000000  000001af  RWIX
  RAMM0                 000001b1   0000024f  0000002a  00000225  RWIX
  RAMM1                 00000400   000003f8  00000100  000002f8  RWIX
  RAMLS0                00008000   00000800  00000800  00000000  RWIX
  RAMLS1                00008800   00000800  00000800  00000000  RWIX
  RAMLS2                00009000   00000800  000006b6  0000014a  RWIX
  RAMLS3                00009800   00000800  00000000  00000800  RWIX
  RAMLS4                0000a000   00000800  00000000  00000800  RWIX
  RAMLS5                0000a800   00000800  000005cb  00000235  RWIX
  RAMLS6                0000b000   00000800  00000000  00000800  RWIX
  RAMLS7                0000b800   00000800  00000000  00000800  RWIX
  RAMD0                 0000c000   00000800  00000800  00000000  RWIX
  RAMD1                 0000c800   00000800  00000800  00000000  RWIX
  RAMGS0                0000d000   00001000  00000000  00001000  RWIX
  RAMGS1                0000e000   00001000  00000000  00001000  RWIX
  RAMGS2                0000f000   00001000  00000000  00001000  RWIX
  RAMGS3                00010000   00001000  00000000  00001000  RWIX
  RAMGS4                00011000   00001000  00000000  00001000  RWIX
  RAMGS5                00012000   00001000  00000000  00001000  RWIX
  RAMGS6                00013000   00001000  00000000  00001000  RWIX
  RAMGS7                00014000   00001000  00000000  00001000  RWIX
  RAMGS8                00015000   00001000  00000000  00001000  RWIX
  RAMGS9                00016000   00001000  00000000  00001000  RWIX
  RAMGS10               00017000   00001000  00000000  00001000  RWIX
  RAMGS11               00018000   00001000  00000000  00001000  RWIX
  RAMGS12               00019000   00001000  00000000  00001000  RWIX
  RAMGS13               0001a000   00001000  00000000  00001000  RWIX
  RAMGS14               0001b000   00001000  00000000  00001000  RWIX
  RAMGS15               0001c000   00000ff8  00000000  00000ff8  RWIX
  CMTOCPURAM            00038000   00000800  00000088  00000778  RWIX
  CPUTOCMRAM            00039000   00000800  00000088  00000778  RWIX
  CPU1TOCPU2RAM         0003a000   00000800  00000088  00000778  RWIX
  CPU2TOCPU1RAM         0003b000   00000800  00000088  00000778  RWIX
  CANA_MSG_RAM          00049000   00000800  00000000  00000800  RWIX
  CANB_MSG_RAM          0004b000   00000800  00000000  00000800  RWIX
  FLASH0                00080000   00002000  00000000  00002000  RWIX
  FLASH1                00082000   00002000  00000000  00002000  RWIX
  FLASH2                00084000   00002000  00000000  00002000  RWIX
  FLASH3                00086000   00002000  00000000  00002000  RWIX
  FLASH4                00088000   00008000  00000000  00008000  RWIX
  FLASH5                00090000   00008000  00000000  00008000  RWIX
  FLASH6                00098000   00008000  00000000  00008000  RWIX
  FLASH7                000a0000   00008000  00000000  00008000  RWIX
  FLASH8                000a8000   00008000  00000000  00008000  RWIX
  FLASH9                000b0000   00008000  00000000  00008000  RWIX
  FLASH10               000b8000   00002000  00000000  00002000  RWIX
  FLASH11               000ba000   00002000  00000000  00002000  RWIX
  FLASH12               000bc000   00002000  00000000  00002000  RWIX
  FLASH13               000be000   00002000  00000000  00002000  RWIX
  RESET                 003fffc0   00000002  00000000  00000002  RWIX

PAGE 1:
  ADCARESULT            00000b00   00000018  00000000  00000018  RWIX
  ADCBRESULT            00000b20   00000018  00000000  00000018  RWIX
  ADCCRESULT            00000b40   00000018  00000000  00000018  RWIX
  ADCDRESULT            00000b60   00000018  00000000  00000018  RWIX
  CPUTIMER0             00000c00   00000008  00000000  00000008  RWIX
  CPUTIMER1             00000c08   00000008  00000000  00000008  RWIX
  CPUTIMER2             00000c10   00000008  00000000  00000008  RWIX
  PIECTRL               00000ce0   0000001a  00000000  0000001a  RWIX
  PIEVECTTABLE          00000d00   00000200  00000000  00000200  RWIX
  DMA                   00001000   00000200  00000000  00000200  RWIX
  CLA1                  00001400   00000080  00000000  00000080  RWIX
  CLB1LOGICCFG          00003000   00000052  00000000  00000052  RWIX
  CLB1LOGICCTRL         00003100   00000040  00000000  00000040  RWIX
  CLB1DATAEXCH          00003180   00000080  00000000  00000080  RWIX
  CLB2LOGICCFG          00003200   00000052  00000000  00000052  RWIX
  CLB2LOGICCTRL         00003300   00000040  00000000  00000040  RWIX
  CLB2DATAEXCH          00003380   00000080  00000000  00000080  RWIX
  CLB3LOGICCFG          00003400   00000052  00000000  00000052  RWIX
  CLB3LOGICCTRL         00003500   00000040  00000000  00000040  RWIX
  CLB3DATAEXCH          00003580   00000080  00000000  00000080  RWIX
  CLB4LOGICCFG          00003600   00000052  00000000  00000052  RWIX
  CLB4LOGICCTRL         00003700   00000040  00000000  00000040  RWIX
  CLB4DATAEXCH          00003780   00000080  00000000  00000080  RWIX
  CLB5LOGICCFG          00003800   00000052  00000000  00000052  RWIX
  CLB5LOGICCTRL         00003900   00000040  00000000  00000040  RWIX
  CLB5DATAEXCH          00003980   00000080  00000000  00000080  RWIX
  CLB6LOGICCFG          00003a00   00000052  00000000  00000052  RWIX
  CLB6LOGICCTRL         00003b00   00000040  00000000  00000040  RWIX
  CLB6DATAEXCH          00003b80   00000080  00000000  00000080  RWIX
  CLB7LOGICCFG          00003c00   00000052  00000000  00000052  RWIX
  CLB7LOGICCTRL         00003d00   00000040  00000000  00000040  RWIX
  CLB7DATAEXCH          00003d80   00000080  00000000  00000080  RWIX
  CLB8LOGICCFG          00003e00   00000052  00000000  00000052  RWIX
  CLB8LOGICCTRL         00003f00   00000040  00000000  00000040  RWIX
  CLB8DATAEXCH          00003f80   00000080  00000000  00000080  RWIX
  EPWM1                 00004000   00000100  00000000  00000100  RWIX
  EPWM2                 00004100   00000100  00000000  00000100  RWIX
  EPWM3                 00004200   00000100  00000000  00000100  RWIX
  EPWM4                 00004300   00000100  00000000  00000100  RWIX
  EPWM5                 00004400   00000100  00000000  00000100  RWIX
  EPWM6                 00004500   00000100  00000000  00000100  RWIX
  EPWM7                 00004600   00000100  00000000  00000100  RWIX
  EPWM8                 00004700   00000100  00000000  00000100  RWIX
  EPWM9                 00004800   00000100  00000000  00000100  RWIX
  EPWM10                00004900   00000100  00000000  00000100  RWIX
  EPWM11                00004a00   00000100  00000000  00000100  RWIX
  EPWM12                00004b00   00000100  00000000  00000100  RWIX
  EPWM13                00004c00   00000100  00000000  00000100  RWIX
  EPWM14                00004d00   00000100  00000000  00000100  RWIX
  EPWM15                00004e00   00000100  00000000  00000100  RWIX
  EPWM16                00004f00   00000100  00000000  00000100  RWIX
  EQEP1                 00005100   00000040  00000000  00000040  RWIX
  EQEP2                 00005140   00000040  00000000  00000040  RWIX
  EQEP3                 00005180   00000040  00000000  00000040  RWIX
  ECAP1                 00005200   00000020  00000000  00000020  RWIX
  ECAP2                 00005240   00000020  00000000  00000020  RWIX
  ECAP3                 00005280   00000020  00000000  00000020  RWIX
  ECAP4                 000052c0   00000020  00000000  00000020  RWIX
  ECAP5                 00005300   00000020  00000000  00000020  RWIX
  ECAP6                 00005340   00000020  00000000  00000020  RWIX
  HRCAP6                00005360   00000020  00000000  00000020  RWIX
  ECAP7                 00005380   00000020  00000000  00000020  RWIX
  HRCAP7                000053a0   00000020  00000000  00000020  RWIX
  DACA                  00005c00   00000008  00000000  00000008  RWIX
  DACB                  00005c10   00000008  00000000  00000008  RWIX
  DACC                  00005c20   00000008  00000000  00000008  RWIX
  CMPSS1                00005c80   00000020  00000000  00000020  RWIX
  CMPSS2                00005ca0   00000020  00000000  00000020  RWIX
  CMPSS3                00005cc0   00000020  00000000  00000020  RWIX
  CMPSS4                00005ce0   00000020  00000000  00000020  RWIX
  CMPSS5                00005d00   00000020  00000000  00000020  RWIX
  CMPSS6                00005d20   00000020  00000000  00000020  RWIX
  CMPSS7                00005d40   00000020  00000000  00000020  RWIX
  CMPSS8                00005d60   00000020  00000000  00000020  RWIX
  SDFM1                 00005e00   00000080  00000000  00000080  RWIX
  SDFM2                 00005e80   00000080  00000000  00000080  RWIX
  MCBSPA                00006000   00000024  00000000  00000024  RWIX
  MCBSPB                00006040   00000024  00000000  00000024  RWIX
  SPIA                  00006100   00000010  00000000  00000010  RWIX
  SPIB                  00006110   00000010  00000000  00000010  RWIX
  SPIC                  00006120   00000010  00000000  00000010  RWIX
  SPID                  00006130   00000010  00000000  00000010  RWIX
  BGCRCCPU              00006340   00000040  00000000  00000040  RWIX
  BGCRCCLA1             00006380   00000040  00000000  00000040  RWIX
  PMBUSA                00006400   00000020  00000000  00000020  RWIX
  FSITXA                00006600   00000050  00000000  00000050  RWIX
  FSIRXA                00006680   00000050  00000000  00000050  RWIX
  FSITXB                00006700   00000050  00000000  00000050  RWIX
  FSIRXB                00006780   00000050  00000000  00000050  RWIX
  FSIRXC                00006880   00000050  00000000  00000050  RWIX
  FSIRXD                00006980   00000050  00000000  00000050  RWIX
  FSIRXE                00006a80   00000050  00000000  00000050  RWIX
  FSIRXF                00006b80   00000050  00000000  00000050  RWIX
  FSIRXG                00006c80   00000050  00000000  00000050  RWIX
  FSIRXH                00006d80   00000050  00000000  00000050  RWIX
  WD                    00007000   0000002c  00000000  0000002c  RWIX
  NMIINTRUPT            00007060   00000010  00000000  00000010  RWIX
  XINT                  00007070   0000000c  00000000  0000000c  RWIX
  SCIA                  00007200   00000010  00000000  00000010  RWIX
  SCIB                  00007210   00000010  00000000  00000010  RWIX
  SCIC                  00007220   00000010  00000000  00000010  RWIX
  SCID                  00007230   00000010  00000000  00000010  RWIX
  I2CA                  00007300   00000022  00000000  00000022  RWIX
  I2CB                  00007340   00000022  00000000  00000022  RWIX
  ADCA                  00007400   00000080  00000000  00000080  RWIX
  ADCB                  00007480   00000080  00000000  00000080  RWIX
  ADCC                  00007500   00000080  00000000  00000080  RWIX
  ADCD                  00007580   00000080  00000000  00000080  RWIX
  INPUTXBAR             00007900   00000020  00000000  00000020  RWIX
  XBAR                  00007920   00000020  00000000  00000020  RWIX
  SYNCSOC               00007940   00000006  00000000  00000006  RWIX
  CLBINPUTXBAR          00007960   00000020  00000000  00000020  RWIX
  DMACLASRCSEL          00007980   0000001a  00000000  0000001a  RWIX
  EPWMXBAR              00007a00   00000040  00000000  00000040  RWIX
  CLBXBAR               00007a40   00000040  00000000  00000040  RWIX
  OUTPUTXBAR            00007a80   00000040  00000000  00000040  RWIX
  CLBOUTPUTXBAR         00007bc0   00000040  00000000  00000040  RWIX
  GPIOCTRL              00007c00   00000200  00000000  00000200  RWIX
  GPIODATA              00007f00   00000040  00000000  00000040  RWIX
  GPIODATAREAD          00007f80   00000010  00000000  00000010  RWIX
  EMIF1                 00047000   00000070  00000000  00000070  RWIX
  EMIF2                 00047800   00000070  00000000  00000070  RWIX
  CANA                  00048000   00000200  00000000  00000200  RWIX
  CANB                  0004a000   00000200  00000000  00000200  RWIX
  ESCSS                 00057e00   00000024  00000000  00000024  RWIX
  ESCSSCONFIG           00057f00   00000016  00000000  00000016  RWIX
  MCANASS               0005c400   0000002c  00000000  0000002c  RWIX
  MCANA                 0005c600   00000100  00000000  00000100  RWIX
  MCANAERR              0005c800   00000210  00000000  00000210  RWIX
  CPU1TOCPU2IPC         0005ce00   00000026  00000000  00000026  RWIX
  CPU1TOCMIPC           0005ce40   00000026  00000000  00000026  RWIX
  DEVCFG                0005d000   000001a0  00000000  000001a0  RWIX
  CLKCFG                0005d200   00000100  00000000  00000100  RWIX
  CPUSYS                0005d300   000000a0  00000000  000000a0  RWIX
  SYSSTATUS             0005d400   00000100  00000000  00000100  RWIX
  SYSPERIPHAC           0005d500   00000200  00000000  00000200  RWIX
  ANALOGSUBSYS          0005d700   00000100  0000003e  000000c2  RWIX
  CMCONF                0005dc00   00000400  00000000  00000400  RWIX
  DCC0                  0005e700   00000038  00000000  00000038  RWIX
  DCC1                  0005e740   00000038  00000000  00000038  RWIX
  DCC2                  0005e780   00000038  00000000  00000038  RWIX
  ERADGLOBAL            0005e800   00000014  00000000  00000014  RWIX
  ERADHWBP1             0005e900   00000008  00000000  00000008  RWIX
  ERADHWBP2             0005e908   00000008  00000000  00000008  RWIX
  ERADHWBP3             0005e910   00000008  00000000  00000008  RWIX
  ERADHWBP4             0005e918   00000008  00000000  00000008  RWIX
  ERADHWBP5             0005e920   00000008  00000000  00000008  RWIX
  ERADHWBP6             0005e928   00000008  00000000  00000008  RWIX
  ERADHWBP7             0005e930   00000008  00000000  00000008  RWIX
  ERADHWBP8             0005e938   00000008  00000000  00000008  RWIX
  ERADCOUNTER1          0005e980   00000010  00000000  00000010  RWIX
  ERADCOUNTER2          0005e990   00000010  00000000  00000010  RWIX
  ERADCOUNTER3          0005e9a0   00000010  00000000  00000010  RWIX
  ERADCOUNTER4          0005e9b0   00000010  00000000  00000010  RWIX
  ERADCRCGLOBAL         0005ea00   00000010  00000000  00000010  RWIX
  ERADCRC1              0005ea10   00000010  00000000  00000010  RWIX
  ERADCRC2              0005ea20   00000010  00000000  00000010  RWIX
  ERADCRC3              0005ea30   00000010  00000000  00000010  RWIX
  ERADCRC4              0005ea40   00000010  00000000  00000010  RWIX
  ERADCRC5              0005ea50   00000010  00000000  00000010  RWIX
  ERADCRC6              0005ea60   00000010  00000000  00000010  RWIX
  ERADCRC7              0005ea70   00000010  00000000  00000010  RWIX
  ERADCRC8              0005ea80   00000010  00000000  00000010  RWIX
  DCSMZ1                0005f000   0000003e  00000000  0000003e  RWIX
  DCSMZ2                0005f080   0000003e  00000000  0000003e  RWIX
  DCSMCOMMON            0005f0c0   00000020  00000000  00000020  RWIX
  MEMCFG                0005f400   000000c0  00000000  000000c0  RWIX
  EMIF1CONFIG           0005f4c0   00000020  00000000  00000020  RWIX
  EMIF2CONFIG           0005f4e0   00000020  00000000  00000020  RWIX
  ACCESSPROTECTION      0005f500   00000040  00000000  00000040  RWIX
  MEMORYERROR           0005f540   00000040  00000000  00000040  RWIX
  ROMWAITSTATE          0005f580   00000008  00000000  00000008  RWIX
  ROMPREFETCH           0005f588   00000008  00000000  00000008  RWIX
  TESTERROR             0005f590   00000010  00000000  00000010  RWIX
  FLASH0CTRL            0005f800   00000182  00000000  00000182  RWIX
  FLASH0ECC             0005fb00   00000028  00000000  00000028  RWIX
  UID                   00070200   00000010  00000000  00000010  RWIX
  DCSMZ1OTP             00078000   00000020  00000000  00000020  RWIX
  DCSMZ2OTP             00078200   00000020  00000000  00000020  RWIX


SECTION ALLOCATION MAP

 output                                  attributes/
section   page    origin      length       input sections
--------  ----  ----------  ----------   ----------------
codestart 
*          0    00000000    00000002     
                  00000000    00000002     f2838x_codestartbranch.obj (codestart)

.cinit     0    000001ba    00000022     
                  000001ba    0000000f     (.cinit..data.load) [load image, compression = lzss]
                  000001c9    00000001     --HOLE-- [fill = 0]
                  000001ca    00000006     (__TI_handler_table)
                  000001d0    00000004     (.cinit..bss.load) [load image, compression = zero_init]
                  000001d4    00000008     (__TI_cinit_table)

.reset     0    003fffc0    00000000     DSECT

.stack     0    00000400    00000100     UNINITIALIZED
                  00000400    00000100     --HOLE--

.data      0    0000a800    00000018     UNINITIALIZED
                  0000a800    00000006     csu_Ipc_cpu1.obj (.data)
                  0000a806    00000006     rts2800_fpu64_eabi.lib : exit.c.obj (.data)
                  0000a80c    00000004     hal_Epwm.obj (.data)
                  0000a810    00000002     rts2800_fpu64_eabi.lib : _lock.c.obj (.data:_lock)
                  0000a812    00000002                            : _lock.c.obj (.data:_unlock)
                  0000a814    00000002     csu_Adc.obj (.data)
                  0000a816    00000001     hal_Adc.obj (.data)
                  0000a817    00000001     hal_Ipc_cpu1.obj (.data)

.bss       0    0000acb6    00000116     UNINITIALIZED
                  0000acb6    00000006     f2838x_tempsensorconv.obj (.bss)
                  0000acbc    00000003     csu_SciPc.obj (.bss)
                  0000acbf    00000001     --HOLE--
                  0000acc0    00000101     hal_Sci.obj (.bss)
                  0000adc1    00000006     hal_Timer.obj (.bss)
                  0000adc7    00000005     csu_Led.obj (.bss)

.init_array 
*          0    000001b1    00000000     UNINITIALIZED

.const     0    0000a818    0000049d     
                  0000a818    0000001d     interrupt.obj (.const:.string)
                  0000a835    0000000b     --HOLE-- [fill = 0]
                  0000a840    000001c0     f2838x_pievect.obj (.const)
                  0000aa00    00000088     ipc.obj (.const:IPC_Instance)
                  0000aa88    00000079     hal_Timer.obj (.const:.string)
                  0000ab01    00000001     --HOLE-- [fill = 0]
                  0000ab02    00000075     csu_Led.obj (.const:.string)
                  0000ab77    00000001     --HOLE-- [fill = 0]
                  0000ab78    00000031     sysctl.obj (.const:.string)
                  0000aba9    00000001     --HOLE-- [fill = 0]
                  0000abaa    00000030     gpio.obj (.const:.string)
                  0000abda    0000002f     dcc.obj (.const:.string)
                  0000ac09    00000001     --HOLE-- [fill = 0]
                  0000ac0a    0000002f     sci.obj (.const:.string)
                  0000ac39    00000001     --HOLE-- [fill = 0]
                  0000ac3a    0000002f     spi.obj (.const:.string)
                  0000ac69    00000001     --HOLE-- [fill = 0]
                  0000ac6a    0000001c     cputimer.obj (.const:.string)
                  0000ac86    00000017     adc.obj (.const:.string)
                  0000ac9d    00000001     --HOLE-- [fill = 0]
                  0000ac9e    00000017     ipc.obj (.const:.string)

MSGRAM_CM_TO_CPU 
*          0    00038000    00000088     UNINITIALIZED
                  00038000    00000088     ipc.obj (MSGRAM_CM_TO_CPU)

MSGRAM_CPU_TO_CM 
*          0    00039000    00000088     UNINITIALIZED
                  00039000    00000088     ipc.obj (MSGRAM_CPU_TO_CM)

MSGRAM_CPU1_TO_CPU2 
*          0    0003a000    00000088     UNINITIALIZED
                  0003a000    00000088     ipc.obj (MSGRAM_CPU1_TO_CPU2)

MSGRAM_CPU2_TO_CPU1 
*          0    0003b000    00000088     UNINITIALIZED
                  0003b000    00000088     ipc.obj (MSGRAM_CPU2_TO_CPU1)

.TI.ramfunc 
*          0    000001b1    00000008     
                  000001b1    00000004     f2838x_usdelay.obj (.TI.ramfunc)
                  000001b5    00000004     sysctl.obj (.TI.ramfunc)

AnalogSubsysRegsFile 
*          1    0005d700    0000003e     UNINITIALIZED
                  0005d700    0000003e     f2838x_globalvariabledefs.obj (AnalogSubsysRegsFile)

dcsm_z1otp_link_pointer 
*          0    00000000    00000000     

dcsm_z1otp_jlm_enable 
*          0    00000000    00000000     

dcsm_z1otp_gpreg 
*          0    00000000    00000000     

dcsm_z1otp_pswd_lock 
*          0    00000000    00000000     

dcsm_z1otp_crc_lock 
*          0    00000000    00000000     

dcsm_z1otp_jtag_pswdh 
*          0    00000000    00000000     

dcsm_z1otp_cmac_key 
*          0    00000000    00000000     

dcsm_zsel_z1 
*          0    00000000    00000000     

dcsm_z2otp_link_pointer 
*          0    00000000    00000000     

dcsm_rsvd_z2 
*          0    00000000    00000000     

dcsm_z2otp_gpreg 
*          0    00000000    00000000     

dcsm_z2otp_pswd_lock 
*          0    00000000    00000000     

dcsm_z2otp_crc_lock 
*          0    00000000    00000000     

dcsm_rsvd1_z2 
*          0    00000000    00000000     

dcsm_zsel_z2 
*          0    00000000    00000000     

.text.1    0    00008000    00000800     
                  00008000    00000079     interrupt.obj (.text:Interrupt_clearIFR)
                  00008079    00000077     csu_Led.obj (.text:updateLedStatus)
                  000080f0    00000073     sysctl.obj (.text:SysCtl_getClock)
                  00008163    00000072     hal_Ipc_cpu1.obj (.text:isrIpcFromCM)
                  000081d5    00000071     hal_Sci.obj (.text:setupSciaPC_HW)
                  00008246    00000067     hal_Timer.obj (.text:Initial_TIMER)
                  000082ad    00000056     interrupt.obj (.text:Interrupt_disable)
                  00008303    00000056     sci.obj (.text:SCI_clearInterruptStatus)
                  00008359    00000055     adc.obj (.text:ADC_setOffsetTrim)
                  000083ae    00000050     sysctl.obj (.text:SysCtl_selectOscSourceAuxPLL)
                  000083fe    0000004f     hal_Spi.obj (.text:InitSpic)
                  0000844d    0000004e     gpio.obj (.text:GPIO_setPadConfig)
                  0000849b    0000004b     hal_Timer.obj (.text:initCPUTimers)
                  000084e6    00000041     interrupt.obj (.text:Interrupt_enable)
                  00008527    00000041     interrupt.obj (.text:Interrupt_initModule)
                  00008568    00000041     sysctl.obj (.text:SysCtl_selectOscSource)
                  000085a9    0000003f     ipc.obj (.text:IPC_registerInterrupt)
                  000085e8    0000003f     hal_Epwm.obj (.text:Initial_EpwmTimer)
                  00008627    0000003f     sysctl.obj (.text:SysCtl_selectXTAL)
                  00008666    0000003f     csu_Adc.obj (.text:updateDspTempSensor)
                  000086a5    0000003e     ipc.obj (.text:IPC_unregisterInterrupt)
                  000086e3    0000003b     adc.obj (.text:ADC_setMode)
                  0000871e    0000003b     csu_Epwm.obj (.text:Initial_Epwm7a)
                  00008759    00000039     sci.obj (.text:SCI_disableInterrupt)
                  00008792    00000039     sysctl.obj (.text:SysCtl_pollX1Counter)
                  000087cb    00000030     gpio.obj (.text:GPIO_setPinConfig)
                  000087fb    00000005     hal_DspInit.obj (.text:initSystemAnalogAdc)

.text.2    0    00008800    00000800     
                  00008800    00000038     ipc.obj (.text:IPC_sendCommand)
                  00008838    00000038     sci.obj (.text:SCI_enableInterrupt)
                  00008870    0000002f     gpio.obj (.text:GPIO_setControllerCore)
                  0000889f    0000002f     gpio.obj (.text:GPIO_setQualificationMode)
                  000088ce    0000002f     main_cpu1.obj (.text:main)
                  000088fd    0000002f     hal_Sci.obj (.text:setupSciaPC_GPIO)
                  0000892c    0000002e     rts2800_fpu64_eabi.lib : copy_decompress_lzss.c.obj (.text:decompress:lzss)
                  0000895a    0000002d     hal_Sci.obj (.text:dequeueSci)
                  00008987    0000002c     gpio.obj (.text:GPIO_setDirectionMode)
                  000089b3    0000002b     rts2800_fpu64_eabi.lib : autoinit.c.obj (.text:__TI_auto_init_nobinit_nopinit)
                  000089de    0000002a     hal_Sci.obj (.text:sendScia_SCI_PC)
                  00008a08    00000029     ipc.obj (.text:IPC_readCommand)
                  00008a31    00000029     rts2800_fpu64_eabi.lib : exit.c.obj (.text)
                  00008a5a    00000028     hal_Sci.obj (.text:enqueueSci)
                  00008a82    00000026     hal_DspInit.obj (.text:Init_GpioDout)
                  00008aa8    00000024     device.obj (.text:Device_initGPIO)
                  00008acc    00000024     sysctl.obj (.text:SysCtl_getLowSpeedClock)
                  00008af0    00000023     hal_Adc.obj (.text:setupEPWM8_TimeBase)
                  00008b13    00000022     hal_Ipc_cpu1.obj (.text:Initial_IPC)
                  00008b35    00000021     sysctl.obj (.text:SysCtl_selectXTALSingleEnded)
                  00008b56    00000020     cputimer.obj (.text:CPUTimer_setEmulationMode)
                  00008b76    00000020     rts2800_fpu64_eabi.lib : memcpy.c.obj (.text)
                  00008b96    0000001f     hal_Adc.obj (.text:setupEPWM9_TimeBase)
                  00008bb5    0000001e     hal_Adc.obj (.text:AdcaIsr)
                  00008bd3    0000001e     f2838x_tempsensorconv.obj (.text:InitTempSensor)
                  00008bf1    0000001c     device.obj (.text:Device_verifyXTAL)
                  00008c0d    0000001b     hal_Adc.obj (.text:setupEPWM8_AdcTrigger)
                  00008c28    0000001b     hal_Adc.obj (.text:setupEPWM9_AdcTrigger)
                  00008c43    0000001a     interrupt.obj (.text:Interrupt_initVectorTable)
                  00008c5d    0000001a     sysctl.obj (.text:SysCtl_controlCMReset)
                  00008c77    00000019     device.obj (.text:Device_bootCM)
                  00008c90    00000019     device.obj (.text:SysCtl_enablePeripheral)
                  00008ca9    00000019     csu_SciPc.obj (.text:recvSciPcMessage)
                  00008cc2    00000019     rts2800_fpu64_eabi.lib : boot28.asm.obj (.text)
                  00008cdb    00000017     hal_Adc.obj (.text:initEPWM8)
                  00008cf2    00000016     hal_DspInit.obj (.text:DSP_Initialization)
                  00008d08    00000016     hal_Adc.obj (.text:initEPWM9)
                  00008d1e    00000016     hal_Timer.obj (.text:isr_CpuTimer1)
                  00008d34    00000015     hal_Timer.obj (.text:isr_CpuTimer2)
                  00008d49    00000015     hal_Sci.obj (.text:xmtScia_SCI_PC)
                  00008d5e    00000013     device.obj (.text:Device_enableUnbondedGPIOPullupsFor176Pin)
                  00008d71    00000013     csu_Epwm.obj (.text:initEpwm7aGpio)
                  00008d84    00000012     rts2800_fpu64_eabi.lib : args_main.c.obj (.text)
                  00008d96    00000010     hal_DspInit.obj (.text:Init_GpioDin)
                  00008da6    00000010     hal_Timer.obj (.text:isr_CpuTimer0)
                  00008db6    00000010     hal_Sci.obj (.text:setupSciaPC_Interrupt)
                  00008dc6    0000000f     hal_DspInit.obj (.text:Initial_CmCore)
                  00008dd5    0000000f     hal_Adc.obj (.text:setupEPWM8_ActionQualifier)
                  00008de4    0000000e     hal_Adc.obj (.text:InitialAdc)
                  00008df2    0000000d     f2838x_defaultisr.obj (.text:EMPTY_ISR)
                  00008dff    0000000d     rts2800_fpu64_eabi.lib : copy_zero_init.c.obj (.text:decompress:ZI:__TI_zero_init_nomemset)
                  00008e0c    0000000c     interrupt.obj (.text:Interrupt_defaultHandler)
                  00008e18    0000000b     device.obj (.text:Device_enableUnbondedGPIOPullups)
                  00008e23    0000000b     csu_Led.obj (.text:Initial_LED)
                  00008e2e    0000000a     f2838x_defaultisr.obj (.text:ADCA1_ISR)
                  00008e38    0000000a     f2838x_defaultisr.obj (.text:ADCA2_ISR)
                  00008e42    0000000a     f2838x_defaultisr.obj (.text:ADCA3_ISR)
                  00008e4c    0000000a     f2838x_defaultisr.obj (.text:ADCA4_ISR)
                  00008e56    0000000a     f2838x_defaultisr.obj (.text:ADCA_EVT_ISR)
                  00008e60    0000000a     f2838x_defaultisr.obj (.text:ADCB1_ISR)
                  00008e6a    0000000a     f2838x_defaultisr.obj (.text:ADCB2_ISR)
                  00008e74    0000000a     f2838x_defaultisr.obj (.text:ADCB3_ISR)
                  00008e7e    0000000a     f2838x_defaultisr.obj (.text:ADCB4_ISR)
                  00008e88    0000000a     f2838x_defaultisr.obj (.text:ADCB_EVT_ISR)
                  00008e92    0000000a     f2838x_defaultisr.obj (.text:ADCC1_ISR)
                  00008e9c    0000000a     f2838x_defaultisr.obj (.text:ADCC2_ISR)
                  00008ea6    0000000a     f2838x_defaultisr.obj (.text:ADCC3_ISR)
                  00008eb0    0000000a     f2838x_defaultisr.obj (.text:ADCC4_ISR)
                  00008eba    0000000a     f2838x_defaultisr.obj (.text:ADCC_EVT_ISR)
                  00008ec4    0000000a     f2838x_defaultisr.obj (.text:ADCD1_ISR)
                  00008ece    0000000a     f2838x_defaultisr.obj (.text:ADCD2_ISR)
                  00008ed8    0000000a     f2838x_defaultisr.obj (.text:ADCD3_ISR)
                  00008ee2    0000000a     f2838x_defaultisr.obj (.text:ADCD4_ISR)
                  00008eec    0000000a     f2838x_defaultisr.obj (.text:ADCD_EVT_ISR)
                  00008ef6    0000000a     f2838x_defaultisr.obj (.text:CANA0_ISR)
                  00008f00    0000000a     f2838x_defaultisr.obj (.text:CANA1_ISR)
                  00008f0a    0000000a     f2838x_defaultisr.obj (.text:CANB0_ISR)
                  00008f14    0000000a     f2838x_defaultisr.obj (.text:CANB1_ISR)
                  00008f1e    0000000a     f2838x_defaultisr.obj (.text:CIPC0_ISR)
                  00008f28    0000000a     f2838x_defaultisr.obj (.text:CIPC1_ISR)
                  00008f32    0000000a     f2838x_defaultisr.obj (.text:CIPC2_ISR)
                  00008f3c    0000000a     f2838x_defaultisr.obj (.text:CIPC3_ISR)
                  00008f46    0000000a     f2838x_defaultisr.obj (.text:CLA1CRC_ISR)
                  00008f50    0000000a     f2838x_defaultisr.obj (.text:CLA1_1_ISR)
                  00008f5a    0000000a     f2838x_defaultisr.obj (.text:CLA1_2_ISR)
                  00008f64    0000000a     f2838x_defaultisr.obj (.text:CLA1_3_ISR)
                  00008f6e    0000000a     f2838x_defaultisr.obj (.text:CLA1_4_ISR)
                  00008f78    0000000a     f2838x_defaultisr.obj (.text:CLA1_5_ISR)
                  00008f82    0000000a     f2838x_defaultisr.obj (.text:CLA1_6_ISR)
                  00008f8c    0000000a     f2838x_defaultisr.obj (.text:CLA1_7_ISR)
                  00008f96    0000000a     f2838x_defaultisr.obj (.text:CLA1_8_ISR)
                  00008fa0    0000000a     f2838x_defaultisr.obj (.text:CLA_OVERFLOW_ISR)
                  00008faa    0000000a     f2838x_defaultisr.obj (.text:CLA_UNDERFLOW_ISR)
                  00008fb4    0000000a     f2838x_defaultisr.obj (.text:CLB1_ISR)
                  00008fbe    0000000a     f2838x_defaultisr.obj (.text:CLB2_ISR)
                  00008fc8    0000000a     f2838x_defaultisr.obj (.text:CLB3_ISR)
                  00008fd2    0000000a     f2838x_defaultisr.obj (.text:CLB4_ISR)
                  00008fdc    0000000a     f2838x_defaultisr.obj (.text:CLB5_ISR)
                  00008fe6    0000000a     f2838x_defaultisr.obj (.text:CLB6_ISR)
                  00008ff0    0000000a     f2838x_defaultisr.obj (.text:CLB7_ISR)
                  00008ffa    00000004     main_cpu1.obj (.text:cycle_1ms)
                  00008ffe    00000002     rts2800_fpu64_eabi.lib : pre_init.c.obj (.text)

.text.3    0    00009000    000006b6     
                  00009000    0000000a     f2838x_defaultisr.obj (.text:CLB8_ISR)
                  0000900a    0000000a     f2838x_defaultisr.obj (.text:CMTOCPUXIPC0_ISR)
                  00009014    0000000a     f2838x_defaultisr.obj (.text:CMTOCPUXIPC1_ISR)
                  0000901e    0000000a     f2838x_defaultisr.obj (.text:CMTOCPUXIPC2_ISR)
                  00009028    0000000a     f2838x_defaultisr.obj (.text:CMTOCPUXIPC3_ISR)
                  00009032    0000000a     f2838x_defaultisr.obj (.text:CMTOCPUXIPC4_ISR)
                  0000903c    0000000a     f2838x_defaultisr.obj (.text:CMTOCPUXIPC5_ISR)
                  00009046    0000000a     f2838x_defaultisr.obj (.text:CMTOCPUXIPC6_ISR)
                  00009050    0000000a     f2838x_defaultisr.obj (.text:CMTOCPUXIPC7_ISR)
                  0000905a    0000000a     f2838x_defaultisr.obj (.text:CM_STATUS_ISR)
                  00009064    0000000a     f2838x_defaultisr.obj (.text:CPUCRC_ISR)
                  0000906e    0000000a     f2838x_defaultisr.obj (.text:DATALOG_ISR)
                  00009078    0000000a     f2838x_defaultisr.obj (.text:DMA_CH1_ISR)
                  00009082    0000000a     f2838x_defaultisr.obj (.text:DMA_CH2_ISR)
                  0000908c    0000000a     f2838x_defaultisr.obj (.text:DMA_CH3_ISR)
                  00009096    0000000a     f2838x_defaultisr.obj (.text:DMA_CH4_ISR)
                  000090a0    0000000a     f2838x_defaultisr.obj (.text:DMA_CH5_ISR)
                  000090aa    0000000a     f2838x_defaultisr.obj (.text:DMA_CH6_ISR)
                  000090b4    0000000a     f2838x_defaultisr.obj (.text:ECAP1_ISR)
                  000090be    0000000a     f2838x_defaultisr.obj (.text:ECAP2_ISR)
                  000090c8    0000000a     f2838x_defaultisr.obj (.text:ECAP3_ISR)
                  000090d2    0000000a     f2838x_defaultisr.obj (.text:ECAP4_ISR)
                  000090dc    0000000a     f2838x_defaultisr.obj (.text:ECAP5_ISR)
                  000090e6    0000000a     f2838x_defaultisr.obj (.text:ECAP6_2_ISR)
                  000090f0    0000000a     f2838x_defaultisr.obj (.text:ECAP6_ISR)
                  000090fa    0000000a     f2838x_defaultisr.obj (.text:ECAP7_2_ISR)
                  00009104    0000000a     f2838x_defaultisr.obj (.text:ECAP7_ISR)
                  0000910e    0000000a     f2838x_defaultisr.obj (.text:ECATRST_ISR)
                  00009118    0000000a     f2838x_defaultisr.obj (.text:ECATSYNC0_ISR)
                  00009122    0000000a     f2838x_defaultisr.obj (.text:ECATSYNC1_ISR)
                  0000912c    0000000a     f2838x_defaultisr.obj (.text:ECAT_ISR)
                  00009136    0000000a     f2838x_defaultisr.obj (.text:EMU_ISR)
                  00009140    0000000a     f2838x_defaultisr.obj (.text:EPWM10_ISR)
                  0000914a    0000000a     f2838x_defaultisr.obj (.text:EPWM10_TZ_ISR)
                  00009154    0000000a     f2838x_defaultisr.obj (.text:EPWM11_ISR)
                  0000915e    0000000a     f2838x_defaultisr.obj (.text:EPWM11_TZ_ISR)
                  00009168    0000000a     f2838x_defaultisr.obj (.text:EPWM12_ISR)
                  00009172    0000000a     f2838x_defaultisr.obj (.text:EPWM12_TZ_ISR)
                  0000917c    0000000a     f2838x_defaultisr.obj (.text:EPWM13_ISR)
                  00009186    0000000a     f2838x_defaultisr.obj (.text:EPWM13_TZ_ISR)
                  00009190    0000000a     f2838x_defaultisr.obj (.text:EPWM14_ISR)
                  0000919a    0000000a     f2838x_defaultisr.obj (.text:EPWM14_TZ_ISR)
                  000091a4    0000000a     f2838x_defaultisr.obj (.text:EPWM15_ISR)
                  000091ae    0000000a     f2838x_defaultisr.obj (.text:EPWM15_TZ_ISR)
                  000091b8    0000000a     f2838x_defaultisr.obj (.text:EPWM16_ISR)
                  000091c2    0000000a     f2838x_defaultisr.obj (.text:EPWM16_TZ_ISR)
                  000091cc    0000000a     f2838x_defaultisr.obj (.text:EPWM1_ISR)
                  000091d6    0000000a     f2838x_defaultisr.obj (.text:EPWM1_TZ_ISR)
                  000091e0    0000000a     f2838x_defaultisr.obj (.text:EPWM2_ISR)
                  000091ea    0000000a     f2838x_defaultisr.obj (.text:EPWM2_TZ_ISR)
                  000091f4    0000000a     f2838x_defaultisr.obj (.text:EPWM3_ISR)
                  000091fe    0000000a     f2838x_defaultisr.obj (.text:EPWM3_TZ_ISR)
                  00009208    0000000a     f2838x_defaultisr.obj (.text:EPWM4_ISR)
                  00009212    0000000a     f2838x_defaultisr.obj (.text:EPWM4_TZ_ISR)
                  0000921c    0000000a     f2838x_defaultisr.obj (.text:EPWM5_ISR)
                  00009226    0000000a     f2838x_defaultisr.obj (.text:EPWM5_TZ_ISR)
                  00009230    0000000a     f2838x_defaultisr.obj (.text:EPWM6_ISR)
                  0000923a    0000000a     f2838x_defaultisr.obj (.text:EPWM6_TZ_ISR)
                  00009244    0000000a     f2838x_defaultisr.obj (.text:EPWM7_ISR)
                  0000924e    0000000a     f2838x_defaultisr.obj (.text:EPWM7_TZ_ISR)
                  00009258    0000000a     f2838x_defaultisr.obj (.text:EPWM8_ISR)
                  00009262    0000000a     f2838x_defaultisr.obj (.text:EPWM8_TZ_ISR)
                  0000926c    0000000a     f2838x_defaultisr.obj (.text:EPWM9_ISR)
                  00009276    0000000a     f2838x_defaultisr.obj (.text:EPWM9_TZ_ISR)
                  00009280    0000000a     f2838x_defaultisr.obj (.text:EQEP1_ISR)
                  0000928a    0000000a     f2838x_defaultisr.obj (.text:EQEP2_ISR)
                  00009294    0000000a     f2838x_defaultisr.obj (.text:EQEP3_ISR)
                  0000929e    0000000a     f2838x_defaultisr.obj (.text:FMC_ISR)
                  000092a8    0000000a     f2838x_defaultisr.obj (.text:FPU_OFLOW_ISR)
                  000092b2    0000000a     f2838x_defaultisr.obj (.text:FPU_UFLOW_ISR)
                  000092bc    0000000a     f2838x_defaultisr.obj (.text:FSIRXA1_ISR)
                  000092c6    0000000a     f2838x_defaultisr.obj (.text:FSIRXA2_ISR)
                  000092d0    0000000a     f2838x_defaultisr.obj (.text:FSIRXB1_ISR)
                  000092da    0000000a     f2838x_defaultisr.obj (.text:FSIRXB2_ISR)
                  000092e4    0000000a     f2838x_defaultisr.obj (.text:FSIRXC1_ISR)
                  000092ee    0000000a     f2838x_defaultisr.obj (.text:FSIRXC2_ISR)
                  000092f8    0000000a     f2838x_defaultisr.obj (.text:FSIRXD1_ISR)
                  00009302    0000000a     f2838x_defaultisr.obj (.text:FSIRXD2_ISR)
                  0000930c    0000000a     f2838x_defaultisr.obj (.text:FSIRXE1_ISR)
                  00009316    0000000a     f2838x_defaultisr.obj (.text:FSIRXE2_ISR)
                  00009320    0000000a     f2838x_defaultisr.obj (.text:FSIRXF1_ISR)
                  0000932a    0000000a     f2838x_defaultisr.obj (.text:FSIRXF2_ISR)
                  00009334    0000000a     f2838x_defaultisr.obj (.text:FSIRXG1_ISR)
                  0000933e    0000000a     f2838x_defaultisr.obj (.text:FSIRXG2_ISR)
                  00009348    0000000a     f2838x_defaultisr.obj (.text:FSIRXH1_ISR)
                  00009352    0000000a     f2838x_defaultisr.obj (.text:FSIRXH2_ISR)
                  0000935c    0000000a     f2838x_defaultisr.obj (.text:FSITXA1_ISR)
                  00009366    0000000a     f2838x_defaultisr.obj (.text:FSITXA2_ISR)
                  00009370    0000000a     f2838x_defaultisr.obj (.text:FSITXB1_ISR)
                  0000937a    0000000a     f2838x_defaultisr.obj (.text:FSITXB2_ISR)
                  00009384    0000000a     f2838x_defaultisr.obj (.text:I2CA_FIFO_ISR)
                  0000938e    0000000a     f2838x_defaultisr.obj (.text:I2CA_HIGH_ISR)
                  00009398    0000000a     f2838x_defaultisr.obj (.text:I2CA_ISR)
                  000093a2    0000000a     f2838x_defaultisr.obj (.text:I2CB_FIFO_ISR)
                  000093ac    0000000a     f2838x_defaultisr.obj (.text:I2CB_ISR)
                  000093b6    0000000a     f2838x_defaultisr.obj (.text:ILLEGAL_ISR)
                  000093c0    0000000a     interrupt.obj (.text:Interrupt_illegalOperationHandler)
                  000093ca    0000000a     interrupt.obj (.text:Interrupt_nmiHandler)
                  000093d4    0000000a     f2838x_defaultisr.obj (.text:MCANA_0_ISR)
                  000093de    0000000a     f2838x_defaultisr.obj (.text:MCANA_1_ISR)
                  000093e8    0000000a     f2838x_defaultisr.obj (.text:MCANA_ECC_ISR)
                  000093f2    0000000a     f2838x_defaultisr.obj (.text:MCANA_WAKE_ISR)
                  000093fc    0000000a     f2838x_defaultisr.obj (.text:MCBSPA_RX_ISR)
                  00009406    0000000a     f2838x_defaultisr.obj (.text:MCBSPA_TX_ISR)
                  00009410    0000000a     f2838x_defaultisr.obj (.text:MCBSPB_RX_ISR)
                  0000941a    0000000a     f2838x_defaultisr.obj (.text:MCBSPB_TX_ISR)
                  00009424    0000000a     f2838x_defaultisr.obj (.text:MPOST_ISR)
                  0000942e    0000000a     f2838x_defaultisr.obj (.text:NMI_ISR)
                  00009438    0000000a     f2838x_defaultisr.obj (.text:NOTUSED_ISR)
                  00009442    0000000a     f2838x_defaultisr.obj (.text:PIE_RESERVED_ISR)
                  0000944c    0000000a     f2838x_defaultisr.obj (.text:PMBUSA_ISR)
                  00009456    0000000a     f2838x_defaultisr.obj (.text:RTOS_ISR)
                  00009460    0000000a     f2838x_defaultisr.obj (.text:SCIA_RX_ISR)
                  0000946a    0000000a     f2838x_defaultisr.obj (.text:SCIA_TX_ISR)
                  00009474    0000000a     f2838x_defaultisr.obj (.text:SCIB_RX_ISR)
                  0000947e    0000000a     f2838x_defaultisr.obj (.text:SCIB_TX_ISR)
                  00009488    0000000a     f2838x_defaultisr.obj (.text:SCIC_RX_ISR)
                  00009492    0000000a     f2838x_defaultisr.obj (.text:SCIC_TX_ISR)
                  0000949c    0000000a     f2838x_defaultisr.obj (.text:SCID_RX_ISR)
                  000094a6    0000000a     f2838x_defaultisr.obj (.text:SCID_TX_ISR)
                  000094b0    0000000a     f2838x_defaultisr.obj (.text:SDFM1DR1_ISR)
                  000094ba    0000000a     f2838x_defaultisr.obj (.text:SDFM1DR2_ISR)
                  000094c4    0000000a     f2838x_defaultisr.obj (.text:SDFM1DR3_ISR)
                  000094ce    0000000a     f2838x_defaultisr.obj (.text:SDFM1DR4_ISR)
                  000094d8    0000000a     f2838x_defaultisr.obj (.text:SDFM1_ISR)
                  000094e2    0000000a     f2838x_defaultisr.obj (.text:SDFM2DR1_ISR)
                  000094ec    0000000a     f2838x_defaultisr.obj (.text:SDFM2DR2_ISR)
                  000094f6    0000000a     f2838x_defaultisr.obj (.text:SDFM2DR3_ISR)
                  00009500    0000000a     f2838x_defaultisr.obj (.text:SDFM2DR4_ISR)
                  0000950a    0000000a     f2838x_defaultisr.obj (.text:SDFM2_ISR)
                  00009514    0000000a     f2838x_defaultisr.obj (.text:SPIA_RX_ISR)
                  0000951e    0000000a     f2838x_defaultisr.obj (.text:SPIA_TX_ISR)
                  00009528    0000000a     f2838x_defaultisr.obj (.text:SPIB_RX_ISR)
                  00009532    0000000a     f2838x_defaultisr.obj (.text:SPIB_TX_ISR)
                  0000953c    0000000a     f2838x_defaultisr.obj (.text:SPIC_RX_ISR)
                  00009546    0000000a     f2838x_defaultisr.obj (.text:SPIC_TX_ISR)
                  00009550    0000000a     f2838x_defaultisr.obj (.text:SPID_RX_ISR)
                  0000955a    0000000a     f2838x_defaultisr.obj (.text:SPID_TX_ISR)
                  00009564    0000000a     f2838x_defaultisr.obj (.text:SYS_ERR_ISR)
                  0000956e    0000000a     f2838x_defaultisr.obj (.text:TIMER0_ISR)
                  00009578    0000000a     f2838x_defaultisr.obj (.text:TIMER1_ISR)
                  00009582    0000000a     f2838x_defaultisr.obj (.text:TIMER2_ISR)
                  0000958c    0000000a     f2838x_defaultisr.obj (.text:USBA_ISR)
                  00009596    0000000a     f2838x_defaultisr.obj (.text:USER10_ISR)
                  000095a0    0000000a     f2838x_defaultisr.obj (.text:USER11_ISR)
                  000095aa    0000000a     f2838x_defaultisr.obj (.text:USER12_ISR)
                  000095b4    0000000a     f2838x_defaultisr.obj (.text:USER1_ISR)
                  000095be    0000000a     f2838x_defaultisr.obj (.text:USER2_ISR)
                  000095c8    0000000a     f2838x_defaultisr.obj (.text:USER3_ISR)
                  000095d2    0000000a     f2838x_defaultisr.obj (.text:USER4_ISR)
                  000095dc    0000000a     f2838x_defaultisr.obj (.text:USER5_ISR)
                  000095e6    0000000a     f2838x_defaultisr.obj (.text:USER6_ISR)
                  000095f0    0000000a     f2838x_defaultisr.obj (.text:USER7_ISR)
                  000095fa    0000000a     f2838x_defaultisr.obj (.text:USER8_ISR)
                  00009604    0000000a     f2838x_defaultisr.obj (.text:USER9_ISR)
                  0000960e    0000000a     f2838x_defaultisr.obj (.text:WAKE_ISR)
                  00009618    0000000a     f2838x_defaultisr.obj (.text:XINT1_ISR)
                  00009622    0000000a     f2838x_defaultisr.obj (.text:XINT2_ISR)
                  0000962c    0000000a     f2838x_defaultisr.obj (.text:XINT3_ISR)
                  00009636    0000000a     f2838x_defaultisr.obj (.text:XINT4_ISR)
                  00009640    0000000a     f2838x_defaultisr.obj (.text:XINT5_ISR)
                  0000964a    00000009     hal_DspInit.obj (.text:InitialPeripherals)
                  00009653    00000009     hal_Ipc_cpu1.obj (.text:Initial_IPC_Mastership)
                  0000965c    00000009     hal_DspInit.obj (.text:initSystemCommunications)
                  00009665    00000009     rts2800_fpu64_eabi.lib : _lock.c.obj (.text)
                  0000966e    00000008                            : copy_decompress_none.c.obj (.text:decompress:none)
                  00009676    00000008     f2838x_codestartbranch.obj (.text)
                  0000967e    00000008     csu_Led.obj (.text:setLedModeToggle)
                  00009686    00000007     csu_Adc.obj (.text:Initial_Adc)
                  0000968d    00000007     hal_Ipc_cpu1.obj (.text:Initial_IPC_Clear)
                  00009694    00000007     hal_Sci.obj (.text:Initial_SCI)
                  0000969b    00000007     hal_Sci.obj (.text:initScia_SCI_PC)
                  000096a2    00000007     hal_DspInit.obj (.text:initSystemPwm)
                  000096a9    00000003     device.obj (.text:__error__)
                  000096ac    00000003     main_cpu1.obj (.text:cycle_100ms)
                  000096af    00000003     main_cpu1.obj (.text:cycle_10ms)
                  000096b2    00000003     hal_DspInit.obj (.text:initSystemUserInterface)
                  000096b5    00000001     rts2800_fpu64_eabi.lib : startup.c.obj (.text)

.text.4    0    0000c000    00000800     
                  0000c000    000002af     dcc.obj (.text:DCC_verifyClockFrequency)
                  0000c2af    00000253     sysctl.obj (.text:SysCtl_isPLLValid)
                  0000c502    00000167     device.obj (.text:Device_enableAllPeripherals)
                  0000c669    00000131     sysctl.obj (.text:SysCtl_setClock)
                  0000c79a    00000061     adc.obj (.text:ADC_setINLTrim)
                  0000c7fb    00000005     hal_DspInit.obj (.text:Initial_GPIO)

.text.5    0    0000c800    00000800     
                  0000c800    0000010e     sysctl.obj (.text:SysCtl_setAuxClock)
                  0000c90e    000000b2     hal_Adc.obj (.text:InitAdcModules)
                  0000c9c0    000000a7     hal_Sci.obj (.text:isrScia_SCI_PC)
                  0000ca67    00000095     hal_Timer.obj (.text:configCPUTimer)
                  0000cafc    00000095     hal_Epwm.obj (.text:isr_Epwm1Timer100us)
                  0000cb91    00000093     sci.obj (.text:SCI_setConfig)
                  0000cc24    00000093     sci.obj (.text:SCI_writeCharArray)
                  0000ccb7    00000092     sci.obj (.text:SCI_readCharArray)
                  0000cd49    00000091     sysctl.obj (.text:SysCtl_getAuxClock)
                  0000cdda    0000008e     csu_SciPc.obj (.text:sendSciPcMessage1)
                  0000ce68    0000008b     hal_DspInit.obj (.text:initEmacGpioPins)
                  0000cef3    00000083     spi.obj (.text:SPI_setConfig)
                  0000cf76    00000079     device.obj (.text:Device_init)
                  0000cfef    00000011     csu_Ipc_cpu1.obj (.text:recvIpcCmMessage)

MODULE SUMMARY

       Module                          code   ro data   rw data
       ------                          ----   -------   -------
    .\
       main_cpu1.obj                   57     0         0      
    +--+-------------------------------+------+---------+---------+
       Total:                          57     0         0      
                                                               
    .\CSU\
       csu_Led.obj                     138    117       5      
       csu_SciPc.obj                   167    0         3      
       csu_Epwm.obj                    78     0         0      
       csu_Adc.obj                     70     0         2      
       csu_Ipc_cpu1.obj                17     0         6      
    +--+-------------------------------+------+---------+---------+
       Total:                          470    117       16     
                                                               
    .\HAL\
       hal_Sci.obj                     505    0         257    
       hal_Timer.obj                   386    121       6      
       hal_Adc.obj                     402    0         1      
       hal_DspInit.obj                 268    0         0      
       hal_Epwm.obj                    212    0         4      
       hal_Ipc_cpu1.obj                164    0         1      
       hal_Spi.obj                     79     0         0      
    +--+-------------------------------+------+---------+---------+
       Total:                          2016   121       269    
                                                               
    .\SDK\common\source\
       f2838x_defaultisr.obj           2063   0         0      
       device.obj                      627    0         0      
       f2838x_pievect.obj              0      448       0      
       f2838x_tempsensorconv.obj       30     0         6      
       f2838x_codestartbranch.obj      10     0         0      
       f2838x_usdelay.obj              4      0         0      
    +--+-------------------------------+------+---------+---------+
       Total:                          2734   448       6      
                                                               
    .\SDK\driverlib\
       sysctl.obj                      1794   49        0      
       ipc.obj                         222    159       544    
       dcc.obj                         687    47        0      
       sci.obj                         639    47        0      
       interrupt.obj                   395    29        0      
       gpio.obj                        264    48        0      
       adc.obj                         241    23        0      
       spi.obj                         131    47        0      
       cputimer.obj                    32     28        0      
    +--+-------------------------------+------+---------+---------+
       Total:                          4405   477       544    
                                                               
    .\SDK\headers\source\
       f2838x_globalvariabledefs.obj   0      0         62     
    +--+-------------------------------+------+---------+---------+
       Total:                          0      0         62     
                                                               
    C:\ti\ccs2051\ccs\tools\compiler\ti-cgt-c2000_25.11.0.LTS\lib\rts2800_fpu64_eabi.lib
       exit.c.obj                      41     0         6      
       copy_decompress_lzss.c.obj      46     0         0      
       autoinit.c.obj                  43     0         0      
       memcpy.c.obj                    32     0         0      
       boot28.asm.obj                  25     0         0      
       args_main.c.obj                 18     0         0      
       _lock.c.obj                     9      0         4      
       copy_zero_init.c.obj            13     0         0      
       copy_decompress_none.c.obj      8      0         0      
       pre_init.c.obj                  2      0         0      
       startup.c.obj                   1      0         0      
    +--+-------------------------------+------+---------+---------+
       Total:                          238    0         10     
                                                               
       Stack:                          0      0         256    
       Linker Generated:               0      33        0      
    +--+-------------------------------+------+---------+---------+
       Grand Total:                    9920   1196      1163   


LINKER GENERATED COPY TABLES

__TI_cinit_table @ 000001d4 records: 2, size/record: 4, table size: 8
	.data: load addr=000001ba, load size=0000000f bytes, run addr=0000a800, run size=00000018 bytes, compression=lzss
	.bss: load addr=000001d0, load size=00000004 bytes, run addr=0000acb6, run size=00000116 bytes, compression=zero_init


LINKER GENERATED HANDLER TABLE

__TI_handler_table @ 000001ca records: 3, size/record: 2, table size: 6
	index: 0, handler: __TI_zero_init
	index: 1, handler: __TI_decompress_lzss
	index: 2, handler: __TI_decompress_none


GLOBAL DATA SYMBOLS: SORTED BY DATA PAGE

address     data page           name
--------    ----------------    ----
00000400      10 (00000400)     __stack

0000a800     2a0 (0000a800)     g_ucEthRxSeqNum
0000a801     2a0 (0000a800)     g_ucEthRxStatus
0000a802     2a0 (0000a800)     pxIpcCpu1ToCm
0000a804     2a0 (0000a800)     pxIpcCmToCpu1
0000a806     2a0 (0000a800)     __TI_enable_exit_profile_output
0000a808     2a0 (0000a800)     __TI_cleanup_ptr
0000a80a     2a0 (0000a800)     __TI_dtors_ptr
0000a810     2a0 (0000a800)     _lock
0000a812     2a0 (0000a800)     _unlock
0000a814     2a0 (0000a800)     xAdc
0000a816     2a0 (0000a800)     adcResult
0000a817     2a0 (0000a800)     g_bCmReady

0000a840     2a1 (0000a840)     PieVectTableInit

0000aa00     2a8 (0000aa00)     IPC_Instance

0000acb6     2b2 (0000ac80)     tempSensor_tempSlope
0000acb8     2b2 (0000ac80)     tempSensor_tempOffset
0000acba     2b2 (0000ac80)     tempSensor_scaleFactor
0000acbc     2b2 (0000ac80)     xRcvSciPcMsg1
0000acbd     2b2 (0000ac80)     xXmtSciPcMsg1

0000adc1     2b7 (0000adc0)     xTimer
0000adc7     2b7 (0000adc0)     xLed

00038000     e00 (00038000)     IPC_CPU_To_CM_GetBuffer

00039000     e40 (00039000)     IPC_CPU_To_CM_PutBuffer

0003a000     e80 (0003a000)     IPC_CPU1_To_CPU2_PutBuffer

0003b000     ec0 (0003b000)     IPC_CPU1_To_CPU2_GetBuffer

0005d700    175c (0005d700)     AnalogSubsysRegs


GLOBAL SYMBOLS: SORTED ALPHABETICALLY BY Name 

page  address   name                                     
----  -------   ----                                     
0     00008e2e  ADCA1_ISR                                
0     00008e38  ADCA2_ISR                                
0     00008e42  ADCA3_ISR                                
0     00008e4c  ADCA4_ISR                                
0     00008e56  ADCA_EVT_ISR                             
0     00008e60  ADCB1_ISR                                
0     00008e6a  ADCB2_ISR                                
0     00008e74  ADCB3_ISR                                
0     00008e7e  ADCB4_ISR                                
0     00008e88  ADCB_EVT_ISR                             
0     00008e92  ADCC1_ISR                                
0     00008e9c  ADCC2_ISR                                
0     00008ea6  ADCC3_ISR                                
0     00008eb0  ADCC4_ISR                                
0     00008eba  ADCC_EVT_ISR                             
0     00008ec4  ADCD1_ISR                                
0     00008ece  ADCD2_ISR                                
0     00008ed8  ADCD3_ISR                                
0     00008ee2  ADCD4_ISR                                
0     00008eec  ADCD_EVT_ISR                             
0     0000c79a  ADC_setINLTrim                           
0     000086e3  ADC_setMode                              
0     00008359  ADC_setOffsetTrim                        
0     00008bb5  AdcaIsr                                  
1     0005d700  AnalogSubsysRegs                         
0     00008a31  C$$EXIT                                  
0     00008ef6  CANA0_ISR                                
0     00008f00  CANA1_ISR                                
0     00008f0a  CANB0_ISR                                
0     00008f14  CANB1_ISR                                
0     00008f1e  CIPC0_ISR                                
0     00008f28  CIPC1_ISR                                
0     00008f32  CIPC2_ISR                                
0     00008f3c  CIPC3_ISR                                
0     00008f46  CLA1CRC_ISR                              
0     00008f50  CLA1_1_ISR                               
0     00008f5a  CLA1_2_ISR                               
0     00008f64  CLA1_3_ISR                               
0     00008f6e  CLA1_4_ISR                               
0     00008f78  CLA1_5_ISR                               
0     00008f82  CLA1_6_ISR                               
0     00008f8c  CLA1_7_ISR                               
0     00008f96  CLA1_8_ISR                               
0     00008fa0  CLA_OVERFLOW_ISR                         
0     00008faa  CLA_UNDERFLOW_ISR                        
0     00008fb4  CLB1_ISR                                 
0     00008fbe  CLB2_ISR                                 
0     00008fc8  CLB3_ISR                                 
0     00008fd2  CLB4_ISR                                 
0     00008fdc  CLB5_ISR                                 
0     00008fe6  CLB6_ISR                                 
0     00008ff0  CLB7_ISR                                 
0     00009000  CLB8_ISR                                 
0     0000900a  CMTOCPUXIPC0_ISR                         
0     00009014  CMTOCPUXIPC1_ISR                         
0     0000901e  CMTOCPUXIPC2_ISR                         
0     00009028  CMTOCPUXIPC3_ISR                         
0     00009032  CMTOCPUXIPC4_ISR                         
0     0000903c  CMTOCPUXIPC5_ISR                         
0     00009046  CMTOCPUXIPC6_ISR                         
0     00009050  CMTOCPUXIPC7_ISR                         
0     0000905a  CM_STATUS_ISR                            
0     00009064  CPUCRC_ISR                               
0     00008b56  CPUTimer_setEmulationMode                
0     0000906e  DATALOG_ISR                              
0     0000c000  DCC_verifyClockFrequency                 
0     00009078  DMA_CH1_ISR                              
0     00009082  DMA_CH2_ISR                              
0     0000908c  DMA_CH3_ISR                              
0     00009096  DMA_CH4_ISR                              
0     000090a0  DMA_CH5_ISR                              
0     000090aa  DMA_CH6_ISR                              
0     00008cf2  DSP_Initialization                       
0     00008c77  Device_bootCM                            
0     0000c502  Device_enableAllPeripherals              
0     00008e18  Device_enableUnbondedGPIOPullups         
0     00008d5e  Device_enableUnbondedGPIOPullupsFor176Pin
0     0000cf76  Device_init                              
0     00008aa8  Device_initGPIO                          
0     00008bf1  Device_verifyXTAL                        
0     000090b4  ECAP1_ISR                                
0     000090be  ECAP2_ISR                                
0     000090c8  ECAP3_ISR                                
0     000090d2  ECAP4_ISR                                
0     000090dc  ECAP5_ISR                                
0     000090e6  ECAP6_2_ISR                              
0     000090f0  ECAP6_ISR                                
0     000090fa  ECAP7_2_ISR                              
0     00009104  ECAP7_ISR                                
0     0000910e  ECATRST_ISR                              
0     00009118  ECATSYNC0_ISR                            
0     00009122  ECATSYNC1_ISR                            
0     0000912c  ECAT_ISR                                 
0     00008df2  EMPTY_ISR                                
0     00009136  EMU_ISR                                  
0     00009140  EPWM10_ISR                               
0     0000914a  EPWM10_TZ_ISR                            
0     00009154  EPWM11_ISR                               
0     0000915e  EPWM11_TZ_ISR                            
0     00009168  EPWM12_ISR                               
0     00009172  EPWM12_TZ_ISR                            
0     0000917c  EPWM13_ISR                               
0     00009186  EPWM13_TZ_ISR                            
0     00009190  EPWM14_ISR                               
0     0000919a  EPWM14_TZ_ISR                            
0     000091a4  EPWM15_ISR                               
0     000091ae  EPWM15_TZ_ISR                            
0     000091b8  EPWM16_ISR                               
0     000091c2  EPWM16_TZ_ISR                            
0     000091cc  EPWM1_ISR                                
0     000091d6  EPWM1_TZ_ISR                             
0     000091e0  EPWM2_ISR                                
0     000091ea  EPWM2_TZ_ISR                             
0     000091f4  EPWM3_ISR                                
0     000091fe  EPWM3_TZ_ISR                             
0     00009208  EPWM4_ISR                                
0     00009212  EPWM4_TZ_ISR                             
0     0000921c  EPWM5_ISR                                
0     00009226  EPWM5_TZ_ISR                             
0     00009230  EPWM6_ISR                                
0     0000923a  EPWM6_TZ_ISR                             
0     00009244  EPWM7_ISR                                
0     0000924e  EPWM7_TZ_ISR                             
0     00009258  EPWM8_ISR                                
0     00009262  EPWM8_TZ_ISR                             
0     0000926c  EPWM9_ISR                                
0     00009276  EPWM9_TZ_ISR                             
0     00009280  EQEP1_ISR                                
0     0000928a  EQEP2_ISR                                
0     00009294  EQEP3_ISR                                
0     000001b1  F28x_usDelay                             
0     0000929e  FMC_ISR                                  
0     000092a8  FPU_OFLOW_ISR                            
0     000092b2  FPU_UFLOW_ISR                            
0     000092bc  FSIRXA1_ISR                              
0     000092c6  FSIRXA2_ISR                              
0     000092d0  FSIRXB1_ISR                              
0     000092da  FSIRXB2_ISR                              
0     000092e4  FSIRXC1_ISR                              
0     000092ee  FSIRXC2_ISR                              
0     000092f8  FSIRXD1_ISR                              
0     00009302  FSIRXD2_ISR                              
0     0000930c  FSIRXE1_ISR                              
0     00009316  FSIRXE2_ISR                              
0     00009320  FSIRXF1_ISR                              
0     0000932a  FSIRXF2_ISR                              
0     00009334  FSIRXG1_ISR                              
0     0000933e  FSIRXG2_ISR                              
0     00009348  FSIRXH1_ISR                              
0     00009352  FSIRXH2_ISR                              
0     0000935c  FSITXA1_ISR                              
0     00009366  FSITXA2_ISR                              
0     00009370  FSITXB1_ISR                              
0     0000937a  FSITXB2_ISR                              
0     00008870  GPIO_setControllerCore                   
0     00008987  GPIO_setDirectionMode                    
0     0000844d  GPIO_setPadConfig                        
0     000087cb  GPIO_setPinConfig                        
0     0000889f  GPIO_setQualificationMode                
0     00009384  I2CA_FIFO_ISR                            
0     0000938e  I2CA_HIGH_ISR                            
0     00009398  I2CA_ISR                                 
0     000093a2  I2CB_FIFO_ISR                            
0     000093ac  I2CB_ISR                                 
0     000093b6  ILLEGAL_ISR                              
0     0003b000  IPC_CPU1_To_CPU2_GetBuffer               
0     0003a000  IPC_CPU1_To_CPU2_PutBuffer               
0     00038000  IPC_CPU_To_CM_GetBuffer                  
0     00039000  IPC_CPU_To_CM_PutBuffer                  
0     0000aa00  IPC_Instance                             
0     00008a08  IPC_readCommand                          
0     000085a9  IPC_registerInterrupt                    
0     00008800  IPC_sendCommand                          
0     000086a5  IPC_unregisterInterrupt                  
0     0000c90e  InitAdcModules                           
0     00008bd3  InitTempSensor                           
0     00008de4  InitialAdc                               
0     00009686  Initial_Adc                              
0     0000871e  Initial_Epwm7a                           
0     000085e8  Initial_EpwmTimer                        
0     00008b13  Initial_IPC                              
0     0000968d  Initial_IPC_Clear                        
0     00009653  Initial_IPC_Mastership                   
0     00008e23  Initial_LED                              
0     00009694  Initial_SCI                              
0     000083fe  Initial_SPI                              
0     00008246  Initial_TIMER                            
0     00008e0c  Interrupt_defaultHandler                 
0     000082ad  Interrupt_disable                        
0     000084e6  Interrupt_enable                         
0     000093c0  Interrupt_illegalOperationHandler        
0     00008527  Interrupt_initModule                     
0     00008c43  Interrupt_initVectorTable                
0     000093ca  Interrupt_nmiHandler                     
0     000093d4  MCANA_0_ISR                              
0     000093de  MCANA_1_ISR                              
0     000093e8  MCANA_ECC_ISR                            
0     000093f2  MCANA_WAKE_ISR                           
0     000093fc  MCBSPA_RX_ISR                            
0     00009406  MCBSPA_TX_ISR                            
0     00009410  MCBSPB_RX_ISR                            
0     0000941a  MCBSPB_TX_ISR                            
0     00009424  MPOST_ISR                                
0     0000942e  NMI_ISR                                  
0     00009438  NOTUSED_ISR                              
0     00009442  PIE_RESERVED_ISR                         
0     0000944c  PMBUSA_ISR                               
0     0000a840  PieVectTableInit                         
0     00009456  RTOS_ISR                                 
0     00009460  SCIA_RX_ISR                              
0     0000946a  SCIA_TX_ISR                              
0     00009474  SCIB_RX_ISR                              
0     0000947e  SCIB_TX_ISR                              
0     00009488  SCIC_RX_ISR                              
0     00009492  SCIC_TX_ISR                              
0     0000949c  SCID_RX_ISR                              
0     000094a6  SCID_TX_ISR                              
0     00008303  SCI_clearInterruptStatus                 
0     00008759  SCI_disableInterrupt                     
0     00008838  SCI_enableInterrupt                      
0     0000ccb7  SCI_readCharArray                        
0     0000cb91  SCI_setConfig                            
0     0000cc24  SCI_writeCharArray                       
0     000094b0  SDFM1DR1_ISR                             
0     000094ba  SDFM1DR2_ISR                             
0     000094c4  SDFM1DR3_ISR                             
0     000094ce  SDFM1DR4_ISR                             
0     000094d8  SDFM1_ISR                                
0     000094e2  SDFM2DR1_ISR                             
0     000094ec  SDFM2DR2_ISR                             
0     000094f6  SDFM2DR3_ISR                             
0     00009500  SDFM2DR4_ISR                             
0     0000950a  SDFM2_ISR                                
0     00009514  SPIA_RX_ISR                              
0     0000951e  SPIA_TX_ISR                              
0     00009528  SPIB_RX_ISR                              
0     00009532  SPIB_TX_ISR                              
0     0000953c  SPIC_RX_ISR                              
0     00009546  SPIC_TX_ISR                              
0     00009550  SPID_RX_ISR                              
0     0000955a  SPID_TX_ISR                              
0     0000cef3  SPI_setConfig                            
0     00009564  SYS_ERR_ISR                              
0     00008c5d  SysCtl_controlCMReset                    
0     000001b5  SysCtl_delay                             
0     0000cd49  SysCtl_getAuxClock                       
0     000080f0  SysCtl_getClock                          
0     00008acc  SysCtl_getLowSpeedClock                  
0     0000c2af  SysCtl_isPLLValid                        
0     00008568  SysCtl_selectOscSource                   
0     000083ae  SysCtl_selectOscSourceAuxPLL             
0     00008627  SysCtl_selectXTAL                        
0     00008b35  SysCtl_selectXTALSingleEnded             
0     0000c800  SysCtl_setAuxClock                       
0     0000c669  SysCtl_setClock                          
0     0000956e  TIMER0_ISR                               
0     00009578  TIMER1_ISR                               
0     00009582  TIMER2_ISR                               
0     0000958c  USBA_ISR                                 
0     00009596  USER10_ISR                               
0     000095a0  USER11_ISR                               
0     000095aa  USER12_ISR                               
0     000095b4  USER1_ISR                                
0     000095be  USER2_ISR                                
0     000095c8  USER3_ISR                                
0     000095d2  USER4_ISR                                
0     000095dc  USER5_ISR                                
0     000095e6  USER6_ISR                                
0     000095f0  USER7_ISR                                
0     000095fa  USER8_ISR                                
0     00009604  USER9_ISR                                
0     0000960e  WAKE_ISR                                 
0     00009618  XINT1_ISR                                
0     00009622  XINT2_ISR                                
0     0000962c  XINT3_ISR                                
0     00009636  XINT4_ISR                                
0     00009640  XINT5_ISR                                
0     000001d4  __TI_CINIT_Base                          
0     000001dc  __TI_CINIT_Limit                         
0     000001dc  __TI_CINIT_Warm                          
0     000001ca  __TI_Handler_Table_Base                  
0     000001d0  __TI_Handler_Table_Limit                 
0     00000500  __TI_STACK_END                           
abs   00000100  __TI_STACK_SIZE                          
0     000089b3  __TI_auto_init_nobinit_nopinit           
0     0000a808  __TI_cleanup_ptr                         
0     0000892c  __TI_decompress_lzss                     
0     0000966e  __TI_decompress_none                     
0     0000a80a  __TI_dtors_ptr                           
0     0000a806  __TI_enable_exit_profile_output          
abs   ffffffff  __TI_pprof_out_hndl                      
abs   ffffffff  __TI_prof_data_size                      
abs   ffffffff  __TI_prof_data_start                     
0     00008dff  __TI_zero_init_nomemset                  
abs   ffffffff  __c_args__                               
0     000096a9  __error__                                
0     00000400  __stack                                  
0     00008d84  _args_main                               
0     00008cc2  _c_int00                                 
0     0000a810  _lock                                    
0     0000966d  _nop                                     
0     00009669  _register_lock                           
0     00009665  _register_unlock                         
0     000096b5  _system_post_cinit                       
0     00008ffe  _system_pre_init                         
0     0000a812  _unlock                                  
0     00008a31  abort                                    
0     0000a816  adcResult                                
0     00000000  code_start                               
0     00008a33  exit                                     
0     0000a817  g_bCmReady                               
0     0000a800  g_ucEthRxSeqNum                          
0     0000a801  g_ucEthRxStatus                          
0     00008cdb  initEPWM8                                
0     00008d08  initEPWM9                                
0     0000c9c0  isrScia_SCI_PC                           
0     00008da6  isr_CpuTimer0                            
0     00008d1e  isr_CpuTimer1                            
0     00008d34  isr_CpuTimer2                            
0     000088ce  main                                     
0     00008b76  memcpy                                   
0     0000a804  pxIpcCmToCpu1                            
0     0000a802  pxIpcCpu1ToCm                            
0     0000cfef  recvIpcCmMessage                         
0     00008ca9  recvSciPcMessage                         
0     0000cdda  sendSciPcMessage1                        
0     000089de  sendScia_SCI_PC                          
0     0000967e  setLedModeToggle                         
0     0000acba  tempSensor_scaleFactor                   
0     0000acb8  tempSensor_tempOffset                    
0     0000acb6  tempSensor_tempSlope                     
0     00008666  updateAdcData                            
0     00008079  updateLedStatus                          
0     0000a814  xAdc                                     
0     0000adc7  xLed                                     
0     0000acbc  xRcvSciPcMsg1                            
0     0000adc1  xTimer                                   
0     0000acbd  xXmtSciPcMsg1                            
0     00008d49  xmtScia_SCI_PC                           


GLOBAL SYMBOLS: SORTED BY Symbol Address 

page  address   name                                     
----  -------   ----                                     
0     00000000  code_start                               
0     000001b1  F28x_usDelay                             
0     000001b5  SysCtl_delay                             
0     000001ca  __TI_Handler_Table_Base                  
0     000001d0  __TI_Handler_Table_Limit                 
0     000001d4  __TI_CINIT_Base                          
0     000001dc  __TI_CINIT_Limit                         
0     000001dc  __TI_CINIT_Warm                          
0     00000400  __stack                                  
0     00000500  __TI_STACK_END                           
0     00008079  updateLedStatus                          
0     000080f0  SysCtl_getClock                          
0     00008246  Initial_TIMER                            
0     000082ad  Interrupt_disable                        
0     00008303  SCI_clearInterruptStatus                 
0     00008359  ADC_setOffsetTrim                        
0     000083ae  SysCtl_selectOscSourceAuxPLL             
0     000083fe  Initial_SPI                              
0     0000844d  GPIO_setPadConfig                        
0     000084e6  Interrupt_enable                         
0     00008527  Interrupt_initModule                     
0     00008568  SysCtl_selectOscSource                   
0     000085a9  IPC_registerInterrupt                    
0     000085e8  Initial_EpwmTimer                        
0     00008627  SysCtl_selectXTAL                        
0     00008666  updateAdcData                            
0     000086a5  IPC_unregisterInterrupt                  
0     000086e3  ADC_setMode                              
0     0000871e  Initial_Epwm7a                           
0     00008759  SCI_disableInterrupt                     
0     000087cb  GPIO_setPinConfig                        
0     00008800  IPC_sendCommand                          
0     00008838  SCI_enableInterrupt                      
0     00008870  GPIO_setControllerCore                   
0     0000889f  GPIO_setQualificationMode                
0     000088ce  main                                     
0     0000892c  __TI_decompress_lzss                     
0     00008987  GPIO_setDirectionMode                    
0     000089b3  __TI_auto_init_nobinit_nopinit           
0     000089de  sendScia_SCI_PC                          
0     00008a08  IPC_readCommand                          
0     00008a31  C$$EXIT                                  
0     00008a31  abort                                    
0     00008a33  exit                                     
0     00008aa8  Device_initGPIO                          
0     00008acc  SysCtl_getLowSpeedClock                  
0     00008b13  Initial_IPC                              
0     00008b35  SysCtl_selectXTALSingleEnded             
0     00008b56  CPUTimer_setEmulationMode                
0     00008b76  memcpy                                   
0     00008bb5  AdcaIsr                                  
0     00008bd3  InitTempSensor                           
0     00008bf1  Device_verifyXTAL                        
0     00008c43  Interrupt_initVectorTable                
0     00008c5d  SysCtl_controlCMReset                    
0     00008c77  Device_bootCM                            
0     00008ca9  recvSciPcMessage                         
0     00008cc2  _c_int00                                 
0     00008cdb  initEPWM8                                
0     00008cf2  DSP_Initialization                       
0     00008d08  initEPWM9                                
0     00008d1e  isr_CpuTimer1                            
0     00008d34  isr_CpuTimer2                            
0     00008d49  xmtScia_SCI_PC                           
0     00008d5e  Device_enableUnbondedGPIOPullupsFor176Pin
0     00008d84  _args_main                               
0     00008da6  isr_CpuTimer0                            
0     00008de4  InitialAdc                               
0     00008df2  EMPTY_ISR                                
0     00008dff  __TI_zero_init_nomemset                  
0     00008e0c  Interrupt_defaultHandler                 
0     00008e18  Device_enableUnbondedGPIOPullups         
0     00008e23  Initial_LED                              
0     00008e2e  ADCA1_ISR                                
0     00008e38  ADCA2_ISR                                
0     00008e42  ADCA3_ISR                                
0     00008e4c  ADCA4_ISR                                
0     00008e56  ADCA_EVT_ISR                             
0     00008e60  ADCB1_ISR                                
0     00008e6a  ADCB2_ISR                                
0     00008e74  ADCB3_ISR                                
0     00008e7e  ADCB4_ISR                                
0     00008e88  ADCB_EVT_ISR                             
0     00008e92  ADCC1_ISR                                
0     00008e9c  ADCC2_ISR                                
0     00008ea6  ADCC3_ISR                                
0     00008eb0  ADCC4_ISR                                
0     00008eba  ADCC_EVT_ISR                             
0     00008ec4  ADCD1_ISR                                
0     00008ece  ADCD2_ISR                                
0     00008ed8  ADCD3_ISR                                
0     00008ee2  ADCD4_ISR                                
0     00008eec  ADCD_EVT_ISR                             
0     00008ef6  CANA0_ISR                                
0     00008f00  CANA1_ISR                                
0     00008f0a  CANB0_ISR                                
0     00008f14  CANB1_ISR                                
0     00008f1e  CIPC0_ISR                                
0     00008f28  CIPC1_ISR                                
0     00008f32  CIPC2_ISR                                
0     00008f3c  CIPC3_ISR                                
0     00008f46  CLA1CRC_ISR                              
0     00008f50  CLA1_1_ISR                               
0     00008f5a  CLA1_2_ISR                               
0     00008f64  CLA1_3_ISR                               
0     00008f6e  CLA1_4_ISR                               
0     00008f78  CLA1_5_ISR                               
0     00008f82  CLA1_6_ISR                               
0     00008f8c  CLA1_7_ISR                               
0     00008f96  CLA1_8_ISR                               
0     00008fa0  CLA_OVERFLOW_ISR                         
0     00008faa  CLA_UNDERFLOW_ISR                        
0     00008fb4  CLB1_ISR                                 
0     00008fbe  CLB2_ISR                                 
0     00008fc8  CLB3_ISR                                 
0     00008fd2  CLB4_ISR                                 
0     00008fdc  CLB5_ISR                                 
0     00008fe6  CLB6_ISR                                 
0     00008ff0  CLB7_ISR                                 
0     00008ffe  _system_pre_init                         
0     00009000  CLB8_ISR                                 
0     0000900a  CMTOCPUXIPC0_ISR                         
0     00009014  CMTOCPUXIPC1_ISR                         
0     0000901e  CMTOCPUXIPC2_ISR                         
0     00009028  CMTOCPUXIPC3_ISR                         
0     00009032  CMTOCPUXIPC4_ISR                         
0     0000903c  CMTOCPUXIPC5_ISR                         
0     00009046  CMTOCPUXIPC6_ISR                         
0     00009050  CMTOCPUXIPC7_ISR                         
0     0000905a  CM_STATUS_ISR                            
0     00009064  CPUCRC_ISR                               
0     0000906e  DATALOG_ISR                              
0     00009078  DMA_CH1_ISR                              
0     00009082  DMA_CH2_ISR                              
0     0000908c  DMA_CH3_ISR                              
0     00009096  DMA_CH4_ISR                              
0     000090a0  DMA_CH5_ISR                              
0     000090aa  DMA_CH6_ISR                              
0     000090b4  ECAP1_ISR                                
0     000090be  ECAP2_ISR                                
0     000090c8  ECAP3_ISR                                
0     000090d2  ECAP4_ISR                                
0     000090dc  ECAP5_ISR                                
0     000090e6  ECAP6_2_ISR                              
0     000090f0  ECAP6_ISR                                
0     000090fa  ECAP7_2_ISR                              
0     00009104  ECAP7_ISR                                
0     0000910e  ECATRST_ISR                              
0     00009118  ECATSYNC0_ISR                            
0     00009122  ECATSYNC1_ISR                            
0     0000912c  ECAT_ISR                                 
0     00009136  EMU_ISR                                  
0     00009140  EPWM10_ISR                               
0     0000914a  EPWM10_TZ_ISR                            
0     00009154  EPWM11_ISR                               
0     0000915e  EPWM11_TZ_ISR                            
0     00009168  EPWM12_ISR                               
0     00009172  EPWM12_TZ_ISR                            
0     0000917c  EPWM13_ISR                               
0     00009186  EPWM13_TZ_ISR                            
0     00009190  EPWM14_ISR                               
0     0000919a  EPWM14_TZ_ISR                            
0     000091a4  EPWM15_ISR                               
0     000091ae  EPWM15_TZ_ISR                            
0     000091b8  EPWM16_ISR                               
0     000091c2  EPWM16_TZ_ISR                            
0     000091cc  EPWM1_ISR                                
0     000091d6  EPWM1_TZ_ISR                             
0     000091e0  EPWM2_ISR                                
0     000091ea  EPWM2_TZ_ISR                             
0     000091f4  EPWM3_ISR                                
0     000091fe  EPWM3_TZ_ISR                             
0     00009208  EPWM4_ISR                                
0     00009212  EPWM4_TZ_ISR                             
0     0000921c  EPWM5_ISR                                
0     00009226  EPWM5_TZ_ISR                             
0     00009230  EPWM6_ISR                                
0     0000923a  EPWM6_TZ_ISR                             
0     00009244  EPWM7_ISR                                
0     0000924e  EPWM7_TZ_ISR                             
0     00009258  EPWM8_ISR                                
0     00009262  EPWM8_TZ_ISR                             
0     0000926c  EPWM9_ISR                                
0     00009276  EPWM9_TZ_ISR                             
0     00009280  EQEP1_ISR                                
0     0000928a  EQEP2_ISR                                
0     00009294  EQEP3_ISR                                
0     0000929e  FMC_ISR                                  
0     000092a8  FPU_OFLOW_ISR                            
0     000092b2  FPU_UFLOW_ISR                            
0     000092bc  FSIRXA1_ISR                              
0     000092c6  FSIRXA2_ISR                              
0     000092d0  FSIRXB1_ISR                              
0     000092da  FSIRXB2_ISR                              
0     000092e4  FSIRXC1_ISR                              
0     000092ee  FSIRXC2_ISR                              
0     000092f8  FSIRXD1_ISR                              
0     00009302  FSIRXD2_ISR                              
0     0000930c  FSIRXE1_ISR                              
0     00009316  FSIRXE2_ISR                              
0     00009320  FSIRXF1_ISR                              
0     0000932a  FSIRXF2_ISR                              
0     00009334  FSIRXG1_ISR                              
0     0000933e  FSIRXG2_ISR                              
0     00009348  FSIRXH1_ISR                              
0     00009352  FSIRXH2_ISR                              
0     0000935c  FSITXA1_ISR                              
0     00009366  FSITXA2_ISR                              
0     00009370  FSITXB1_ISR                              
0     0000937a  FSITXB2_ISR                              
0     00009384  I2CA_FIFO_ISR                            
0     0000938e  I2CA_HIGH_ISR                            
0     00009398  I2CA_ISR                                 
0     000093a2  I2CB_FIFO_ISR                            
0     000093ac  I2CB_ISR                                 
0     000093b6  ILLEGAL_ISR                              
0     000093c0  Interrupt_illegalOperationHandler        
0     000093ca  Interrupt_nmiHandler                     
0     000093d4  MCANA_0_ISR                              
0     000093de  MCANA_1_ISR                              
0     000093e8  MCANA_ECC_ISR                            
0     000093f2  MCANA_WAKE_ISR                           
0     000093fc  MCBSPA_RX_ISR                            
0     00009406  MCBSPA_TX_ISR                            
0     00009410  MCBSPB_RX_ISR                            
0     0000941a  MCBSPB_TX_ISR                            
0     00009424  MPOST_ISR                                
0     0000942e  NMI_ISR                                  
0     00009438  NOTUSED_ISR                              
0     00009442  PIE_RESERVED_ISR                         
0     0000944c  PMBUSA_ISR                               
0     00009456  RTOS_ISR                                 
0     00009460  SCIA_RX_ISR                              
0     0000946a  SCIA_TX_ISR                              
0     00009474  SCIB_RX_ISR                              
0     0000947e  SCIB_TX_ISR                              
0     00009488  SCIC_RX_ISR                              
0     00009492  SCIC_TX_ISR                              
0     0000949c  SCID_RX_ISR                              
0     000094a6  SCID_TX_ISR                              
0     000094b0  SDFM1DR1_ISR                             
0     000094ba  SDFM1DR2_ISR                             
0     000094c4  SDFM1DR3_ISR                             
0     000094ce  SDFM1DR4_ISR                             
0     000094d8  SDFM1_ISR                                
0     000094e2  SDFM2DR1_ISR                             
0     000094ec  SDFM2DR2_ISR                             
0     000094f6  SDFM2DR3_ISR                             
0     00009500  SDFM2DR4_ISR                             
0     0000950a  SDFM2_ISR                                
0     00009514  SPIA_RX_ISR                              
0     0000951e  SPIA_TX_ISR                              
0     00009528  SPIB_RX_ISR                              
0     00009532  SPIB_TX_ISR                              
0     0000953c  SPIC_RX_ISR                              
0     00009546  SPIC_TX_ISR                              
0     00009550  SPID_RX_ISR                              
0     0000955a  SPID_TX_ISR                              
0     00009564  SYS_ERR_ISR                              
0     0000956e  TIMER0_ISR                               
0     00009578  TIMER1_ISR                               
0     00009582  TIMER2_ISR                               
0     0000958c  USBA_ISR                                 
0     00009596  USER10_ISR                               
0     000095a0  USER11_ISR                               
0     000095aa  USER12_ISR                               
0     000095b4  USER1_ISR                                
0     000095be  USER2_ISR                                
0     000095c8  USER3_ISR                                
0     000095d2  USER4_ISR                                
0     000095dc  USER5_ISR                                
0     000095e6  USER6_ISR                                
0     000095f0  USER7_ISR                                
0     000095fa  USER8_ISR                                
0     00009604  USER9_ISR                                
0     0000960e  WAKE_ISR                                 
0     00009618  XINT1_ISR                                
0     00009622  XINT2_ISR                                
0     0000962c  XINT3_ISR                                
0     00009636  XINT4_ISR                                
0     00009640  XINT5_ISR                                
0     00009653  Initial_IPC_Mastership                   
0     00009665  _register_unlock                         
0     00009669  _register_lock                           
0     0000966d  _nop                                     
0     0000966e  __TI_decompress_none                     
0     0000967e  setLedModeToggle                         
0     00009686  Initial_Adc                              
0     0000968d  Initial_IPC_Clear                        
0     00009694  Initial_SCI                              
0     000096a9  __error__                                
0     000096b5  _system_post_cinit                       
0     0000a800  g_ucEthRxSeqNum                          
0     0000a801  g_ucEthRxStatus                          
0     0000a802  pxIpcCpu1ToCm                            
0     0000a804  pxIpcCmToCpu1                            
0     0000a806  __TI_enable_exit_profile_output          
0     0000a808  __TI_cleanup_ptr                         
0     0000a80a  __TI_dtors_ptr                           
0     0000a810  _lock                                    
0     0000a812  _unlock                                  
0     0000a814  xAdc                                     
0     0000a816  adcResult                                
0     0000a817  g_bCmReady                               
0     0000a840  PieVectTableInit                         
0     0000aa00  IPC_Instance                             
0     0000acb6  tempSensor_tempSlope                     
0     0000acb8  tempSensor_tempOffset                    
0     0000acba  tempSensor_scaleFactor                   
0     0000acbc  xRcvSciPcMsg1                            
0     0000acbd  xXmtSciPcMsg1                            
0     0000adc1  xTimer                                   
0     0000adc7  xLed                                     
0     0000c000  DCC_verifyClockFrequency                 
0     0000c2af  SysCtl_isPLLValid                        
0     0000c502  Device_enableAllPeripherals              
0     0000c669  SysCtl_setClock                          
0     0000c79a  ADC_setINLTrim                           
0     0000c800  SysCtl_setAuxClock                       
0     0000c90e  InitAdcModules                           
0     0000c9c0  isrScia_SCI_PC                           
0     0000cb91  SCI_setConfig                            
0     0000cc24  SCI_writeCharArray                       
0     0000ccb7  SCI_readCharArray                        
0     0000cd49  SysCtl_getAuxClock                       
0     0000cdda  sendSciPcMessage1                        
0     0000cef3  SPI_setConfig                            
0     0000cf76  Device_init                              
0     0000cfef  recvIpcCmMessage                         
0     00038000  IPC_CPU_To_CM_GetBuffer                  
0     00039000  IPC_CPU_To_CM_PutBuffer                  
0     0003a000  IPC_CPU1_To_CPU2_PutBuffer               
0     0003b000  IPC_CPU1_To_CPU2_GetBuffer               
1     0005d700  AnalogSubsysRegs                         
abs   00000100  __TI_STACK_SIZE                          
abs   ffffffff  __TI_pprof_out_hndl                      
abs   ffffffff  __TI_prof_data_size                      
abs   ffffffff  __TI_prof_data_start                     
abs   ffffffff  __c_args__                               

[339 symbols]
