******************************************************************************
             TMS320C2000 Linker PC v22.6.1                     
******************************************************************************
>> Linked Fri May 29 19:39:09 2026

OUTPUT FILE NAME:   <TMDSCNCD28388D_T_CPU1.out>
ENTRY POINT SYMBOL: "code_start"  address: 00080000


MEMORY CONFIGURATION

         name            origin    length      used     unused   attr    fill
----------------------  --------  ---------  --------  --------  ----  --------
PAGE 0:
  BOOT_RSVD             00000002   000001af  00000000  000001af  RWIX
  RAMM0                 000001b1   0000024f  00000000  0000024f  RWIX
  RAMM1                 00000400   000003f8  00000100  000002f8  RWIX
  RAMLS0                00008000   00000800  00000295  0000056b  RWIX
  RAMLS1                00008800   00000800  00000000  00000800  RWIX
  RAMLS2                00009000   00000800  00000000  00000800  RWIX
  RAMLS3                00009800   00000800  00000000  00000800  RWIX
  RAMLS4                0000a000   00000800  00000000  00000800  RWIX
  RAMLS5                0000a800   00000800  00000553  000002ad  RWIX
  RAMLS6                0000b000   00000800  00000000  00000800  RWIX
  RAMLS7                0000b800   00000800  00000000  00000800  RWIX
  RAMD0                 0000c000   00000800  00000000  00000800  RWIX
  RAMD1                 0000c800   00000800  00000000  00000800  RWIX
  RAMGS0                0000d000   00001000  00000000  00001000  RWIX
  RAMGS1                0000e000   00001000  00000000  00001000  RWIX
  RAMGS2                0000f000   00001000  00000000  00001000  RWIX
  RAMGS3                00010000   00001000  00000000  00001000  RWIX
  RAMGS4                00011000   00001000  00000000  00001000  RWIX
  RAMGS5                00012000   00001000  00000000  00001000  RWIX
  RAMGS6                00013000   00001000  00000000  00001000  RWIX
  RAMGS7                00014000   00001000  00000000  00001000  RWIX
  RAMGS8                00015000   00001000  00000000  00001000  RWIX
  RAMGS9                00016000   00001000  00000000  00001000  RWIX
  RAMGS10               00017000   00001000  00000000  00001000  RWIX
  RAMGS11               00018000   00001000  00000000  00001000  RWIX
  RAMGS12               00019000   00001000  00000000  00001000  RWIX
  RAMGS13               0001a000   00001000  00000000  00001000  RWIX
  RAMGS14               0001b000   00001000  00000000  00001000  RWIX
  RAMGS15               0001c000   00000ff8  00000000  00000ff8  RWIX
  CMTOCPURAM            00038000   00000800  00000088  00000778  RWIX
  CPUTOCMRAM            00039000   00000800  00000088  00000778  RWIX
  CPU1TOCPU2RAM         0003a000   00000800  00000088  00000778  RWIX
  CPU2TOCPU1RAM         0003b000   00000800  00000088  00000778  RWIX
  CANA_MSG_RAM          00049000   00000800  00000000  00000800  RWIX
  CANB_MSG_RAM          0004b000   00000800  00000000  00000800  RWIX
  BEGIN                 00080000   00000002  00000002  00000000  RWIX
  FLASH0                00080002   00001ffe  00000000  00001ffe  RWIX
  FLASH1                00082000   00002000  00002000  00000000  RWIX
  FLASH2                00084000   00002000  00001eb6  0000014a  RWIX
  FLASH3                00086000   00002000  00000295  00001d6b  RWIX
  FLASH4                00088000   00008000  00000020  00007fe0  RWIX
  FLASH5                00090000   00008000  00000b45  000074bb  RWIX
  FLASH6                00098000   00008000  00000000  00008000  RWIX
  FLASH7                000a0000   00008000  00000000  00008000  RWIX
  FLASH8                000a8000   00008000  00000000  00008000  RWIX
  FLASH9                000b0000   00008000  00000000  00008000  RWIX
  FLASH10               000b8000   00002000  00000000  00002000  RWIX
  FLASH11               000ba000   00002000  00000000  00002000  RWIX
  FLASH12               000bc000   00002000  00000000  00002000  RWIX
  FLASH13               000be000   00001ff0  00000000  00001ff0  RWIX
  RESET                 003fffc0   00000002  00000000  00000002  RWIX

PAGE 1:
  ADCARESULT            00000b00   00000018  00000000  00000018  RWIX
  ADCBRESULT            00000b20   00000018  00000000  00000018  RWIX
  ADCCRESULT            00000b40   00000018  00000000  00000018  RWIX
  ADCDRESULT            00000b60   00000018  00000000  00000018  RWIX
  CPUTIMER0             00000c00   00000008  00000000  00000008  RWIX
  CPUTIMER1             00000c08   00000008  00000000  00000008  RWIX
  CPUTIMER2             00000c10   00000008  00000000  00000008  RWIX
  PIECTRL               00000ce0   0000001a  00000000  0000001a  RWIX
  PIEVECTTABLE          00000d00   00000200  00000000  00000200  RWIX
  DMA                   00001000   00000200  00000000  00000200  RWIX
  CLA1                  00001400   00000080  00000000  00000080  RWIX
  CLB1LOGICCFG          00003000   00000052  00000000  00000052  RWIX
  CLB1LOGICCTRL         00003100   00000040  00000000  00000040  RWIX
  CLB1DATAEXCH          00003180   00000080  00000000  00000080  RWIX
  CLB2LOGICCFG          00003200   00000052  00000000  00000052  RWIX
  CLB2LOGICCTRL         00003300   00000040  00000000  00000040  RWIX
  CLB2DATAEXCH          00003380   00000080  00000000  00000080  RWIX
  CLB3LOGICCFG          00003400   00000052  00000000  00000052  RWIX
  CLB3LOGICCTRL         00003500   00000040  00000000  00000040  RWIX
  CLB3DATAEXCH          00003580   00000080  00000000  00000080  RWIX
  CLB4LOGICCFG          00003600   00000052  00000000  00000052  RWIX
  CLB4LOGICCTRL         00003700   00000040  00000000  00000040  RWIX
  CLB4DATAEXCH          00003780   00000080  00000000  00000080  RWIX
  CLB5LOGICCFG          00003800   00000052  00000000  00000052  RWIX
  CLB5LOGICCTRL         00003900   00000040  00000000  00000040  RWIX
  CLB5DATAEXCH          00003980   00000080  00000000  00000080  RWIX
  CLB6LOGICCFG          00003a00   00000052  00000000  00000052  RWIX
  CLB6LOGICCTRL         00003b00   00000040  00000000  00000040  RWIX
  CLB6DATAEXCH          00003b80   00000080  00000000  00000080  RWIX
  CLB7LOGICCFG          00003c00   00000052  00000000  00000052  RWIX
  CLB7LOGICCTRL         00003d00   00000040  00000000  00000040  RWIX
  CLB7DATAEXCH          00003d80   00000080  00000000  00000080  RWIX
  CLB8LOGICCFG          00003e00   00000052  00000000  00000052  RWIX
  CLB8LOGICCTRL         00003f00   00000040  00000000  00000040  RWIX
  CLB8DATAEXCH          00003f80   00000080  00000000  00000080  RWIX
  EPWM1                 00004000   00000100  00000000  00000100  RWIX
  EPWM2                 00004100   00000100  00000000  00000100  RWIX
  EPWM3                 00004200   00000100  00000000  00000100  RWIX
  EPWM4                 00004300   00000100  00000000  00000100  RWIX
  EPWM5                 00004400   00000100  00000000  00000100  RWIX
  EPWM6                 00004500   00000100  00000000  00000100  RWIX
  EPWM7                 00004600   00000100  00000000  00000100  RWIX
  EPWM8                 00004700   00000100  00000000  00000100  RWIX
  EPWM9                 00004800   00000100  00000000  00000100  RWIX
  EPWM10                00004900   00000100  00000000  00000100  RWIX
  EPWM11                00004a00   00000100  00000000  00000100  RWIX
  EPWM12                00004b00   00000100  00000000  00000100  RWIX
  EPWM13                00004c00   00000100  00000000  00000100  RWIX
  EPWM14                00004d00   00000100  00000000  00000100  RWIX
  EPWM15                00004e00   00000100  00000000  00000100  RWIX
  EPWM16                00004f00   00000100  00000000  00000100  RWIX
  EQEP1                 00005100   00000040  00000000  00000040  RWIX
  EQEP2                 00005140   00000040  00000000  00000040  RWIX
  EQEP3                 00005180   00000040  00000000  00000040  RWIX
  ECAP1                 00005200   00000020  00000000  00000020  RWIX
  ECAP2                 00005240   00000020  00000000  00000020  RWIX
  ECAP3                 00005280   00000020  00000000  00000020  RWIX
  ECAP4                 000052c0   00000020  00000000  00000020  RWIX
  ECAP5                 00005300   00000020  00000000  00000020  RWIX
  ECAP6                 00005340   00000020  00000000  00000020  RWIX
  HRCAP6                00005360   00000020  00000000  00000020  RWIX
  ECAP7                 00005380   00000020  00000000  00000020  RWIX
  HRCAP7                000053a0   00000020  00000000  00000020  RWIX
  DACA                  00005c00   00000008  00000000  00000008  RWIX
  DACB                  00005c10   00000008  00000000  00000008  RWIX
  DACC                  00005c20   00000008  00000000  00000008  RWIX
  CMPSS1                00005c80   00000020  00000000  00000020  RWIX
  CMPSS2                00005ca0   00000020  00000000  00000020  RWIX
  CMPSS3                00005cc0   00000020  00000000  00000020  RWIX
  CMPSS4                00005ce0   00000020  00000000  00000020  RWIX
  CMPSS5                00005d00   00000020  00000000  00000020  RWIX
  CMPSS6                00005d20   00000020  00000000  00000020  RWIX
  CMPSS7                00005d40   00000020  00000000  00000020  RWIX
  CMPSS8                00005d60   00000020  00000000  00000020  RWIX
  SDFM1                 00005e00   00000080  00000000  00000080  RWIX
  SDFM2                 00005e80   00000080  00000000  00000080  RWIX
  MCBSPA                00006000   00000024  00000000  00000024  RWIX
  MCBSPB                00006040   00000024  00000000  00000024  RWIX
  SPIA                  00006100   00000010  00000000  00000010  RWIX
  SPIB                  00006110   00000010  00000000  00000010  RWIX
  SPIC                  00006120   00000010  00000000  00000010  RWIX
  SPID                  00006130   00000010  00000000  00000010  RWIX
  BGCRCCPU              00006340   00000040  00000000  00000040  RWIX
  BGCRCCLA1             00006380   00000040  00000000  00000040  RWIX
  PMBUSA                00006400   00000020  00000000  00000020  RWIX
  FSITXA                00006600   00000050  00000000  00000050  RWIX
  FSIRXA                00006680   00000050  00000000  00000050  RWIX
  FSITXB                00006700   00000050  00000000  00000050  RWIX
  FSIRXB                00006780   00000050  00000000  00000050  RWIX
  FSIRXC                00006880   00000050  00000000  00000050  RWIX
  FSIRXD                00006980   00000050  00000000  00000050  RWIX
  FSIRXE                00006a80   00000050  00000000  00000050  RWIX
  FSIRXF                00006b80   00000050  00000000  00000050  RWIX
  FSIRXG                00006c80   00000050  00000000  00000050  RWIX
  FSIRXH                00006d80   00000050  00000000  00000050  RWIX
  WD                    00007000   0000002c  00000000  0000002c  RWIX
  NMIINTRUPT            00007060   00000010  00000000  00000010  RWIX
  XINT                  00007070   0000000c  00000000  0000000c  RWIX
  SCIA                  00007200   00000010  00000000  00000010  RWIX
  SCIB                  00007210   00000010  00000000  00000010  RWIX
  SCIC                  00007220   00000010  00000000  00000010  RWIX
  SCID                  00007230   00000010  00000000  00000010  RWIX
  I2CA                  00007300   00000022  00000000  00000022  RWIX
  I2CB                  00007340   00000022  00000000  00000022  RWIX
  ADCA                  00007400   00000080  0000007c  00000004  RWIX
  ADCB                  00007480   00000080  0000007c  00000004  RWIX
  ADCC                  00007500   00000080  0000007c  00000004  RWIX
  ADCD                  00007580   00000080  0000007c  00000004  RWIX
  INPUTXBAR             00007900   00000020  00000000  00000020  RWIX
  XBAR                  00007920   00000020  00000000  00000020  RWIX
  SYNCSOC               00007940   00000006  00000000  00000006  RWIX
  CLBINPUTXBAR          00007960   00000020  00000000  00000020  RWIX
  DMACLASRCSEL          00007980   0000001a  00000000  0000001a  RWIX
  EPWMXBAR              00007a00   00000040  00000000  00000040  RWIX
  CLBXBAR               00007a40   00000040  00000000  00000040  RWIX
  OUTPUTXBAR            00007a80   00000040  00000000  00000040  RWIX
  CLBOUTPUTXBAR         00007bc0   00000040  00000000  00000040  RWIX
  GPIOCTRL              00007c00   00000200  00000180  00000080  RWIX
  GPIODATA              00007f00   00000040  00000000  00000040  RWIX
  GPIODATAREAD          00007f80   00000010  00000000  00000010  RWIX
  EMIF1                 00047000   00000070  00000000  00000070  RWIX
  EMIF2                 00047800   00000070  00000000  00000070  RWIX
  CANA                  00048000   00000200  00000000  00000200  RWIX
  CANB                  0004a000   00000200  00000000  00000200  RWIX
  ESCSS                 00057e00   00000024  00000000  00000024  RWIX
  ESCSSCONFIG           00057f00   00000016  00000000  00000016  RWIX
  MCANASS               0005c400   0000002c  00000000  0000002c  RWIX
  MCANA                 0005c600   00000100  00000000  00000100  RWIX
  MCANAERR              0005c800   00000210  00000000  00000210  RWIX
  CPU1TOCPU2IPC         0005ce00   00000026  00000000  00000026  RWIX
  CPU1TOCMIPC           0005ce40   00000026  00000000  00000026  RWIX
  DEVCFG                0005d000   000001a0  00000000  000001a0  RWIX
  CLKCFG                0005d200   00000100  00000000  00000100  RWIX
  CPUSYS                0005d300   000000a0  00000000  000000a0  RWIX
  SYSSTATUS             0005d400   00000100  00000000  00000100  RWIX
  SYSPERIPHAC           0005d500   00000200  00000000  00000200  RWIX
  ANALOGSUBSYS          0005d700   00000100  00000000  00000100  RWIX
  CMCONF                0005dc00   00000400  00000000  00000400  RWIX
  DCC0                  0005e700   00000038  00000000  00000038  RWIX
  DCC1                  0005e740   00000038  00000000  00000038  RWIX
  DCC2                  0005e780   00000038  00000000  00000038  RWIX
  ERADGLOBAL            0005e800   00000014  00000000  00000014  RWIX
  ERADHWBP1             0005e900   00000008  00000000  00000008  RWIX
  ERADHWBP2             0005e908   00000008  00000000  00000008  RWIX
  ERADHWBP3             0005e910   00000008  00000000  00000008  RWIX
  ERADHWBP4             0005e918   00000008  00000000  00000008  RWIX
  ERADHWBP5             0005e920   00000008  00000000  00000008  RWIX
  ERADHWBP6             0005e928   00000008  00000000  00000008  RWIX
  ERADHWBP7             0005e930   00000008  00000000  00000008  RWIX
  ERADHWBP8             0005e938   00000008  00000000  00000008  RWIX
  ERADCOUNTER1          0005e980   00000010  00000000  00000010  RWIX
  ERADCOUNTER2          0005e990   00000010  00000000  00000010  RWIX
  ERADCOUNTER3          0005e9a0   00000010  00000000  00000010  RWIX
  ERADCOUNTER4          0005e9b0   00000010  00000000  00000010  RWIX
  ERADCRCGLOBAL         0005ea00   00000010  00000000  00000010  RWIX
  ERADCRC1              0005ea10   00000010  00000000  00000010  RWIX
  ERADCRC2              0005ea20   00000010  00000000  00000010  RWIX
  ERADCRC3              0005ea30   00000010  00000000  00000010  RWIX
  ERADCRC4              0005ea40   00000010  00000000  00000010  RWIX
  ERADCRC5              0005ea50   00000010  00000000  00000010  RWIX
  ERADCRC6              0005ea60   00000010  00000000  00000010  RWIX
  ERADCRC7              0005ea70   00000010  00000000  00000010  RWIX
  ERADCRC8              0005ea80   00000010  00000000  00000010  RWIX
  DCSMZ1                0005f000   0000003e  00000000  0000003e  RWIX
  DCSMZ2                0005f080   0000003e  00000000  0000003e  RWIX
  DCSMCOMMON            0005f0c0   00000020  00000000  00000020  RWIX
  MEMCFG                0005f400   000000c0  00000000  000000c0  RWIX
  EMIF1CONFIG           0005f4c0   00000020  00000000  00000020  RWIX
  EMIF2CONFIG           0005f4e0   00000020  00000000  00000020  RWIX
  ACCESSPROTECTION      0005f500   00000040  00000000  00000040  RWIX
  MEMORYERROR           0005f540   00000040  00000000  00000040  RWIX
  ROMWAITSTATE          0005f580   00000008  00000000  00000008  RWIX
  ROMPREFETCH           0005f588   00000008  00000000  00000008  RWIX
  TESTERROR             0005f590   00000010  00000000  00000010  RWIX
  FLASH0CTRL            0005f800   00000182  00000000  00000182  RWIX
  FLASH0ECC             0005fb00   00000028  00000000  00000028  RWIX
  UID                   00070200   00000010  00000000  00000010  RWIX
  DCSMZ1OTP             00078000   00000020  00000000  00000020  RWIX
  DCSMZ2OTP             00078200   00000020  00000000  00000020  RWIX


SECTION ALLOCATION MAP

 output                                  attributes/
section   page    origin      length       input sections
--------  ----  ----------  ----------   ----------------
codestart 
*          0    00080000    00000002     
                  00080000    00000002     f2838x_codestartbranch.obj (codestart)

.cinit     0    00088000    00000020     
                  00088000    0000000e     (.cinit..data.load) [load image, compression = lzss]
                  0008800e    00000006     (__TI_handler_table)
                  00088014    00000004     (.cinit..bss.load) [load image, compression = zero_init]
                  00088018    00000008     (__TI_cinit_table)

.reset     0    003fffc0    00000000     DSECT

.stack     0    00000400    00000100     UNINITIALIZED
                  00000400    00000100     --HOLE--

.init_array 
*          0    00082000    00000000     UNINITIALIZED

.bss       0    0000a822    00000531     UNINITIALIZED
                  0000a822    000003e8     DevAdc.obj (.bss:AdcResults)
                  0000ac0a    0000001b     CSU_LED.obj (.bss)
                  0000ac25    0000000e     CSU_SCI_PC.obj (.bss)
                  0000ac33    00000001     DevCan.obj (.bss)
                  0000ac34    0000000c     CSU_IPC.obj (.bss)
                  0000ac40    00000101     DevSci.obj (.bss)
                  0000ad41    00000008     DevCan.obj (.bss:rxMsgData1)
                  0000ad49    00000006     DevTimer.obj (.bss)
                  0000ad4f    00000004     CSU_CAN.obj (.bss)

.data      0    0000a800    00000022     UNINITIALIZED
                  0000a800    00000012     DevAdc.obj (.data)
                  0000a812    00000006     rts2800_fpu64_eabi.lib : exit.c.obj (.data)
                  0000a818    00000003     CSU_EPWM.obj (.data)
                  0000a81b    00000002     CSU_CAN.obj (.data)
                  0000a81d    00000001     CSU_SCI_PC.obj (.data)
                  0000a81e    00000002     rts2800_fpu64_eabi.lib : _lock.c.obj (.data:_lock)
                  0000a820    00000002                            : _lock.c.obj (.data:_unlock)

MSGRAM_CM_TO_CPU 
*          0    00038000    00000088     UNINITIALIZED
                  00038000    00000088     ipc.obj (MSGRAM_CM_TO_CPU)

MSGRAM_CPU_TO_CM 
*          0    00039000    00000088     UNINITIALIZED
                  00039000    00000088     ipc.obj (MSGRAM_CPU_TO_CM)

.const     0    00090000    00000b45     
                  00090000    000001c0     f2838x_pievect.obj (.const)
                  000901c0    000000eb     CSU_eQEP.obj (.const:.string)
                  000902ab    00000001     --HOLE-- [fill = 0]
                  000902ac    000000ea     CSU_EEPROM.obj (.const:.string)
                  00090396    000000ea     DevSpi.obj (.const:.string)
                  00090480    000000e9     DevAdc.obj (.const:.string)
                  00090569    00000001     --HOLE-- [fill = 0]
                  0009056a    00000092     device.obj (.const:.string)
                  000905fc    00000088     ipc.obj (.const:IPC_Instance)
                  00090684    00000079     DevTimer.obj (.const:.string)
                  000906fd    00000001     --HOLE-- [fill = 0]
                  000906fe    00000075     CSU_EPWM.obj (.const:.string)
                  00090773    00000001     --HOLE-- [fill = 0]
                  00090774    00000075     CSU_LED.obj (.const:.string)
                  000907e9    00000001     --HOLE-- [fill = 0]
                  000907ea    00000075     CSU_Tact.obj (.const:.string)
                  0009085f    00000001     --HOLE-- [fill = 0]
                  00090860    00000074     CSU_CAN.obj (.const:.string)
                  000908d4    00000074     DevCan.obj (.const:.string)
                  00090948    00000074     DevSci.obj (.const:.string)
                  000909bc    00000033     flash.obj (.const:.string)
                  000909ef    00000001     --HOLE-- [fill = 0]
                  000909f0    00000032     sysctl.obj (.const:.string)
                  00090a22    00000030     gpio.obj (.const:.string)
                  00090a52    0000002f     can.obj (.const:.string)
                  00090a81    00000001     --HOLE-- [fill = 0]
                  00090a82    0000002f     dcc.obj (.const:.string)
                  00090ab1    00000001     --HOLE-- [fill = 0]
                  00090ab2    0000002f     sci.obj (.const:.string)
                  00090ae1    00000001     --HOLE-- [fill = 0]
                  00090ae2    0000002f     spi.obj (.const:.string)
                  00090b11    00000001     --HOLE-- [fill = 0]
                  00090b12    0000001c     cputimer.obj (.const:.string)
                  00090b2e    00000017     ipc.obj (.const:.string)

MSGRAM_CPU1_TO_CPU2 
*          0    0003a000    00000088     UNINITIALIZED
                  0003a000    00000088     ipc.obj (MSGRAM_CPU1_TO_CPU2)

MSGRAM_CPU2_TO_CPU1 
*          0    0003b000    00000088     UNINITIALIZED
                  0003b000    00000088     ipc.obj (MSGRAM_CPU2_TO_CPU1)

.TI.ramfunc 
*          0    00086000    00000295     RUN ADDR = 00008000
                  00086000    000000e6     DevAdc.obj (.TI.ramfunc:AdcaIsr)
                  000860e6    00000087     DevCan.obj (.TI.ramfunc:CanaISR)
                  0008616d    0000003f     flash.obj (.TI.ramfunc:Flash_initModule)
                  000861ac    0000002c     flash.obj (.TI.ramfunc:Flash_setBankPowerMode)
                  000861d8    00000024     flash.obj (.TI.ramfunc:Flash_setWaitstates)
                  000861fc    0000001d     flash.obj (.TI.ramfunc:Flash_setPumpPowerMode)
                  00086219    00000018     flash.obj (.TI.ramfunc:Flash_disableCache)
                  00086231    00000018     flash.obj (.TI.ramfunc:Flash_disablePrefetch)
                  00086249    00000017     flash.obj (.TI.ramfunc:Flash_enableCache)
                  00086260    00000017     flash.obj (.TI.ramfunc:Flash_enablePrefetch)
                  00086277    00000016     flash.obj (.TI.ramfunc:Flash_enableECC)
                  0008628d    00000004     f2838x_usdelay.obj (.TI.ramfunc)
                  00086291    00000004     sysctl.obj (.TI.ramfunc)

AdcaRegsFile 
*          1    00007400    0000007c     UNINITIALIZED
                  00007400    0000007c     f2838x_globalvariabledefs.obj (AdcaRegsFile)

AdcbRegsFile 
*          1    00007480    0000007c     UNINITIALIZED
                  00007480    0000007c     f2838x_globalvariabledefs.obj (AdcbRegsFile)

AdccRegsFile 
*          1    00007500    0000007c     UNINITIALIZED
                  00007500    0000007c     f2838x_globalvariabledefs.obj (AdccRegsFile)

AdcdRegsFile 
*          1    00007580    0000007c     UNINITIALIZED
                  00007580    0000007c     f2838x_globalvariabledefs.obj (AdcdRegsFile)

GpioCtrlRegsFile 
*          1    00007c00    00000180     UNINITIALIZED
                  00007c00    00000180     f2838x_globalvariabledefs.obj (GpioCtrlRegsFile)

dcsm_z1otp_link_pointer 
*          0    00000002    00000000     

dcsm_z1otp_jlm_enable 
*          0    00000002    00000000     

dcsm_z1otp_gpreg 
*          0    00000002    00000000     

dcsm_z1otp_pswd_lock 
*          0    00000002    00000000     

dcsm_z1otp_crc_lock 
*          0    00000002    00000000     

dcsm_z1otp_jtag_pswdh 
*          0    00000002    00000000     

dcsm_z1otp_cmac_key 
*          0    00000002    00000000     

dcsm_zsel_z1 
*          0    00000002    00000000     

dcsm_z2otp_link_pointer 
*          0    00000002    00000000     

dcsm_rsvd_z2 
*          0    00000002    00000000     

dcsm_z2otp_gpreg 
*          0    00000002    00000000     

dcsm_z2otp_pswd_lock 
*          0    00000002    00000000     

dcsm_z2otp_crc_lock 
*          0    00000002    00000000     

dcsm_rsvd1_z2 
*          0    00000002    00000000     

dcsm_zsel_z2 
*          0    00000002    00000000     

.text.1    0    00082000    00002000     
                  00082000    00000167     device.obj (.text:Device_enableAllPeripherals)
                  00082167    0000013b     sysctl.obj (.text:SysCtl_setClock)
                  000822a2    0000013a     CSU_SCI_PC.obj (.text:sendSciPcMessage1)
                  000823dc    00000118     sysctl.obj (.text:SysCtl_isPLLValid)
                  000824f4    00000118     sysctl.obj (.text:SysCtl_setAuxClock)
                  0008260c    00000113     CSU_LED.obj (.text:updateLedStatus)
                  0008271f    000000fd     f2838x_gpio.obj (.text:GPIO_SetupPinMux)
                  0008281c    000000eb     f2838x_gpio.obj (.text:GPIO_SetupPinOptions)
                  00082907    000000db     can.obj (.text:CAN_setupMessageObject)
                  000829e2    000000cb     dcc.obj (.text:DCC_verifyClockFrequency)
                  00082aad    000000ca     CSU_EPWM.obj (.text:updateEpwm7aStatus)
                  00082b77    000000be     can.obj (.text:CAN_setBitRate)
                  00082c35    000000bb     f2838x_adc.obj (.text:AdcSetMode)
                  00082cf0    000000ae     DevSci.obj (.text:isrScia_SCI_PC)
                  00082d9e    00000095     CSU_LED.obj (.text:Initial_LED)
                  00082e33    00000091     DevAdc.obj (.text:InitAdcModules)
                  00082ec4    00000091     sysctl.obj (.text:SysCtl_getAuxClock)
                  00082f55    00000088     rts2800_fpu64_eabi.lib : fs_div28.asm.obj (.text)
                  00082fdd    0000007e     spi.obj (.text:SPI_setConfig)
                  0008305b    00000076     gpio.obj (.text:GPIO_setControllerCore)
                  000830d1    00000076     gpio.obj (.text:GPIO_setQualificationMode)
                  00083147    00000075     DevAdc.obj (.text:EPWM_setADCTriggerSource)
                  000831bc    00000073     dcc.obj (.text:DCC_setCounterSeeds)
                  0008322f    00000073     sysctl.obj (.text:DCC_setCounterSeeds)
                  000832a2    00000073     DevCan.obj (.text:InitialCana)
                  00083315    00000073     sysctl.obj (.text:SysCtl_getClock)
                  00083388    00000072     can.obj (.text:CAN_sendMessage)
                  000833fa    0000006f     device.obj (.text:Device_init)
                  00083469    0000006f     gpio.obj (.text:GPIO_setPadConfig)
                  000834d8    00000066     can.obj (.text:CAN_readMessage)
                  0008353e    00000066     DevSpi.obj (.text:InitSpia)
                  000835a4    00000064     can.obj (.text:CAN_setBitTiming)
                  00083608    00000060     DevIPC.obj (.text:isrIpcFromCM)
                  00083668    0000005e     sysctl.obj (.text:SysCtl_selectOscSourceAuxPLL)
                  000836c6    0000005d     ipc.obj (.text:IPC_readCommand)
                  00083723    0000005d     ipc.obj (.text:IPC_sendCommand)
                  00083780    0000005b     CSU_LED.obj (.text:initGpioDoutLed)
                  000837db    00000055     CSU_SCI_PC.obj (.text:recvSciPcMessage)
                  00083830    00000053     DevTimer.obj (.text:Initial_TIMER)
                  00083883    00000052     CSU_LED.obj (.text:HW_writeLedPin)
                  000838d5    00000051     CSU_Adc.obj (.text:updateAdcData)
                  00083926    0000004e     gpio.obj (.text:GPIO_setDirectionMode)
                  00083974    0000004b     CSU_EPWM.obj (.text:EPWM_isBaseValid)
                  000839bf    0000004b     DevAdc.obj (.text:EPWM_isBaseValid)
                  00083a0a    00000049     sci.obj (.text:SCI_setConfig)
                  00083a53    00000049     sysctl.obj (.text:SysCtl_pollX1Counter)
                  00083a9c    00000047     sysctl.obj (.text:SysCtl_selectOscSource)
                  00083ae3    00000046     DevAdc.obj (.text:ADC_setupSOC)
                  00083b29    00000046     can.obj (.text:CAN_clearInterruptStatus)
                  00083b6f    00000046     CSU_IPC.obj (.text:recvIpcCmMessage)
                  00083bb5    00000045     sci.obj (.text:SCI_clearInterruptStatus)
                  00083bfa    00000045     sci.obj (.text:SCI_disableInterrupt)
                  00083c3f    00000044     CSU_EEPROM.obj (.text:GPIO_writePin)
                  00083c83    00000044     CSU_LED.obj (.text:GPIO_writePin)
                  00083cc7    00000044     DevSpi.obj (.text:GPIO_writePin)
                  00083d0b    00000044     sci.obj (.text:SCI_enableInterrupt)
                  00083d4f    00000044     DevTimer.obj (.text:isr_CpuTimer1)
                  00083d93    00000043     DevTimer.obj (.text:initCPUTimers)
                  00083dd6    00000043     DevTimer.obj (.text:isr_CpuTimer2)
                  00083e19    00000042     DevSpi.obj (.text:InitSpic)
                  00083e5b    00000041     CSU_EPWM.obj (.text:Initial_Epwm7a)
                  00083e9c    00000041     sci.obj (.text:SCI_writeCharArray)
                  00083edd    00000040     CSU_EPWM.obj (.text:EPWM_setActionQualifierAction)
                  00083f1d    00000040     DevAdc.obj (.text:EPWM_setActionQualifierAction)
                  00083f5d    00000040     sysctl.obj (.text:SysCtl_selectXTAL)
                  00083f9d    00000040     DevTimer.obj (.text:isr_CpuTimer0)
                  00083fdd    00000022     DevCan.obj (.text:CAN_enableInterrupt)
                  00083fff    00000001     main.obj (.text:cycle_1000ms)

.text.2    0    00084000    00001eb6     
                  00084000    0000003f     CSU_LED.obj (.text:HW_toggleLedPin)
                  0008403f    0000003d     f2838x_adc.obj (.text:CalAdcINL)
                  0008407c    0000003d     interrupt.obj (.text:Interrupt_initModule)
                  000840b9    0000003c     CSU_Tact.obj (.text:GPIO_readPin)
                  000840f5    0000003c     CSU_eQEP.obj (.text:GPIO_readPin)
                  00084131    0000003b     CSU_LED.obj (.text:GPIO_togglePin)
                  0008416c    0000003b     sci.obj (.text:SCI_readCharArray)
                  000841a7    0000003b     DevSci.obj (.text:setupSciaPC_HW)
                  000841e2    0000003a     DevAdc.obj (.text:EPWM_setADCTriggerEventPrescale)
                  0008421c    00000039     DevSci.obj (.text:dequeueSci)
                  00084255    00000038     DevAdc.obj (.text:setupEPWM8_TimeBase)
                  0008428d    00000037     gpio.obj (.text:GPIO_setPinConfig)
                  000842c4    00000037     interrupt.obj (.text:Interrupt_enable)
                  000842fb    00000036     ipc.obj (.text:IPC_registerInterrupt)
                  00084331    00000034     DevSci.obj (.text:enqueueSci)
                  00084365    00000031     CSU_CAN.obj (.text:updateCanStatus)
                  00084396    00000030     rts2800_fpu64_eabi.lib : copy_decompress_lzss.c.obj (.text:decompress:lzss)
                  000843c6    0000002f     DevAdc.obj (.text:ADC_setInterruptSource)
                  000843f5    0000002f     DevTimer.obj (.text:configCPUTimer)
                  00084424    0000002f     DevSci.obj (.text:sendScia_SCI_PC)
                  00084453    0000002f     DevSci.obj (.text:setupSciaPC_GPIO)
                  00084482    0000002c     CSU_EPWM.obj (.text:EPWM_setActionQualifierContSWForceAction)
                  000844ae    0000002c     CSU_CAN.obj (.text:sendCanMessage)
                  000844da    0000002b     CSU_eQEP.obj (.text:Init_Eqep1Gpio)
                  00084505    0000002b     rts2800_fpu64_eabi.lib : autoinit.c.obj (.text:__TI_auto_init_nobinit_nopinit)
                  00084530    00000029                            : exit.c.obj (.text)
                  00084559    00000026     CSU_EEPROM.obj (.text:EEPROM_WriteByte)
                  0008457f    00000026     CSU_eQEP.obj (.text:EqeptoEncoder)
                  000845a5    00000026     DevSci.obj (.text:SCI_setFIFOInterruptLevel)
                  000845cb    00000025     CSU_EEPROM.obj (.text:EEPROM_ReadByte)
                  000845f0    00000025     sysctl.obj (.text:SysCtl_controlCMReset)
                  00084615    00000025     sysctl.obj (.text:SysCtl_selectXTALSingleEnded)
                  0008463a    00000025     CSU_CAN.obj (.text:recvCanMessage)
                  0008465f    00000024     dcc.obj (.text:DCC_enableSingleShotMode)
                  00084683    00000024     sysctl.obj (.text:DCC_enableSingleShotMode)
                  000846a7    00000024     sysctl.obj (.text:SysCtl_getLowSpeedClock)
                  000846cb    00000024     main.obj (.text:main)
                  000846ef    00000022     can.obj (.text:CAN_writeDataReg)
                  00084711    00000022     CSU_EPWM.obj (.text:EPWM_setCounterCompareValue)
                  00084733    00000022     DevAdc.obj (.text:EPWM_setCounterCompareValue)
                  00084755    00000021     device.obj (.text:Device_initGPIO)
                  00084776    00000021     CSU_EEPROM.obj (.text:updateEepromStatus)
                  00084797    00000021     CSU_Tact.obj (.text:updateTactStatus)
                  000847b8    00000020     DevAdc.obj (.text:ADC_enableInterrupt)
                  000847d8    00000020     sci.obj (.text:SCI_isFIFOEnabled)
                  000847f8    0000001e     DevAdc.obj (.text:ADC_readResult)
                  00084816    0000001e     dcc.obj (.text:DCC_setCounter0ClkSource)
                  00084834    0000001e     sysctl.obj (.text:DCC_setCounter0ClkSource)
                  00084852    0000001e     dcc.obj (.text:DCC_setCounter1ClkSource)
                  00084870    0000001e     sysctl.obj (.text:DCC_setCounter1ClkSource)
                  0008488e    0000001e     device.obj (.text:Device_verifyXTAL)
                  000848ac    0000001e     CSU_EPWM.obj (.text:EPWM_disableSyncOutPulseSource)
                  000848ca    0000001e     DevAdc.obj (.text:EPWM_setPhaseShift)
                  000848e8    0000001e     interrupt.obj (.text:Interrupt_initVectorTable)
                  00084906    0000001d     DevAdc.obj (.text:ADC_getInterruptOverflowStatus)
                  00084923    0000001d     DevCan.obj (.text:CAN_clearGlobalInterruptStatus)
                  00084940    0000001d     DevCan.obj (.text:CAN_enableGlobalInterrupt)
                  0008495d    0000001d     CSU_eQEP.obj (.text:EQEP_setPositionCounterConfig)
                  0008497a    0000001d     DevSci.obj (.text:SCI_enableFIFO)
                  00084997    0000001d     rts2800_fpu64_eabi.lib : memcpy.c.obj (.text)
                  000849b4    0000001c     can.obj (.text:CAN_initModule)
                  000849d0    0000001c     dcc.obj (.text:DCC_getErrorStatus)
                  000849ec    0000001c     dcc.obj (.text:DCC_getSingleShotStatus)
                  00084a08    0000001c     DevAdc.obj (.text:EPWM_enableADCTrigger)
                  00084a24    0000001c     CSU_EPWM.obj (.text:EPWM_setClockPrescaler)
                  00084a40    0000001c     DevAdc.obj (.text:EPWM_setClockPrescaler)
                  00084a5c    0000001c     CSU_LED.obj (.text:setLedStatus)
                  00084a78    0000001c     CSU_SCI_PC.obj (.text:updateLoopbackTest)
                  00084a94    0000001b     DevAdc.obj (.text:ADC_isBaseValid)
                  00084aaf    0000001b     can.obj (.text:CAN_readDataReg)
                  00084aca    0000001b     DevIPC.obj (.text:IPC_isFlagBusyLtoR)
                  00084ae5    0000001b     CSU_eQEP.obj (.text:Init_Eqep1)
                  00084b00    0000001b     DevSci.obj (.text:SCI_isBaseValid)
                  00084b1b    0000001b     sci.obj (.text:SCI_isBaseValid)
                  00084b36    0000001b     CSU_EEPROM.obj (.text:SPI_isBaseValid)
                  00084b51    0000001b     DevSpi.obj (.text:SPI_isBaseValid)
                  00084b6c    0000001b     spi.obj (.text:SPI_isBaseValid)
                  00084b87    0000001a     can.obj (.text:CAN_initRAM)
                  00084ba1    0000001a     DevTimer.obj (.text:CPUTimer_startTimer)
                  00084bbb    0000001a     dcc.obj (.text:DCC_isBaseValid)
                  00084bd5    0000001a     sysctl.obj (.text:DCC_isBaseValid)
                  00084bef    0000001a     CSU_eQEP.obj (.text:EQEP_setDecoderConfig)
                  00084c09    0000001a     sci.obj (.text:SCI_isDataAvailableNonFIFO)
                  00084c23    0000001a     sci.obj (.text:SCI_isSpaceAvailableNonFIFO)
                  00084c3d    0000001a     DevSpi.obj (.text:SPI_setEmulationMode)
                  00084c57    00000019     device.obj (.text:IPC_setBootMode)
                  00084c70    00000019     rts2800_fpu64_eabi.lib : boot28.asm.obj (.text)
                  00084c89    00000018     sci.obj (.text:SCI_disableModule)
                  00084ca1    00000018     DevSci.obj (.text:SCI_performSoftwareReset)
                  00084cb9    00000018     sci.obj (.text:SCI_performSoftwareReset)
                  00084cd1    00000018     DevSci.obj (.text:SCI_resetChannels)
                  00084ce9    00000018     DevSci.obj (.text:SCI_resetRxFIFO)
                  00084d01    00000018     DevSci.obj (.text:SCI_resetTxFIFO)
                  00084d19    00000018     DevSpi.obj (.text:SPI_disableFIFO)
                  00084d31    00000017     DevTimer.obj (.text:CPUTimer_isBaseValid)
                  00084d48    00000017     cputimer.obj (.text:CPUTimer_isBaseValid)
                  00084d5f    00000017     DevTimer.obj (.text:CPUTimer_setPreScaler)
                  00084d76    00000017     CSU_eQEP.obj (.text:EQEP_isBaseValid)
                  00084d8d    00000017     DevDspInit.obj (.text:Init_GpioDout)
                  00084da4    00000017     CSU_EEPROM.obj (.text:SPI_writeDataBlockingNonFIFO)
                  00084dbb    00000017     CSU_EPWM.obj (.text:SysCtl_enablePeripheral)
                  00084dd2    00000017     CSU_eQEP.obj (.text:SysCtl_enablePeripheral)
                  00084de9    00000017     DevAdc.obj (.text:SysCtl_enablePeripheral)
                  00084e00    00000017     device.obj (.text:SysCtl_enablePeripheral)
                  00084e17    00000017     sysctl.obj (.text:SysCtl_enablePeripheral)
                  00084e2e    00000017     DevAdc.obj (.text:initEPWM8)
                  00084e45    00000017     CSU_Tact.obj (.text:initGpioDinTact)
                  00084e5c    00000017     CSU_LED.obj (.text:setLedModeToggle)
                  00084e73    00000016     DevAdc.obj (.text:ADC_setInterruptPulseMode)
                  00084e89    00000016     DevAdc.obj (.text:ADC_setPrescaler)
                  00084e9f    00000016     dcc.obj (.text:DCC_disableDoneSignal)
                  00084eb5    00000016     sysctl.obj (.text:DCC_disableDoneSignal)
                  00084ecb    00000016     dcc.obj (.text:DCC_enableDoneSignal)
                  00084ee1    00000016     device.obj (.text:Device_bootCM)
                  00084ef7    00000016     interrupt.obj (.text:Interrupt_defaultHandler)
                  00084f0d    00000015     CSU_CAN.obj (.text:CAN_isBaseValid)
                  00084f22    00000015     DevCan.obj (.text:CAN_isBaseValid)
                  00084f37    00000015     can.obj (.text:CAN_isBaseValid)
                  00084f4c    00000015     DevTimer.obj (.text:CPUTimer_enableInterrupt)
                  00084f61    00000015     dcc.obj (.text:DCC_clearDoneFlag)
                  00084f76    00000015     sysctl.obj (.text:DCC_clearDoneFlag)
                  00084f8b    00000015     dcc.obj (.text:DCC_clearErrorFlag)
                  00084fa0    00000015     sysctl.obj (.text:DCC_clearErrorFlag)
                  00084fb5    00000015     dcc.obj (.text:DCC_disableErrorSignal)
                  00084fca    00000015     sysctl.obj (.text:DCC_disableErrorSignal)
                  00084fdf    00000015     dcc.obj (.text:DCC_enableErrorSignal)
                  00084ff4    00000015     device.obj (.text:GPIO_unlockPortConfig)
                  00085009    00000015     DevIPC.obj (.text:sendIpcMessageToCM)
                  0008501e    00000015     CSU_eQEP.obj (.text:updateHwSwitchStatus2)
                  00085033    00000014     DevAdc.obj (.text:ADC_clearInterruptOverflowStatus)
                  00085047    00000014     DevAdc.obj (.text:ADC_clearInterruptStatus)
                  0008505b    00000014     DevTimer.obj (.text:CPUTimer_reloadTimerCounter)
                  0008506f    00000014     DevTimer.obj (.text:CPUTimer_stopTimer)
                  00085083    00000014     dcc.obj (.text:DCC_disableModule)
                  00085097    00000014     sysctl.obj (.text:DCC_disableModule)
                  000850ab    00000014     dcc.obj (.text:DCC_enableModule)
                  000850bf    00000014     sysctl.obj (.text:DCC_enableModule)
                  000850d3    00000014     CSU_EPWM.obj (.text:EPWM_setTimeBaseCounterMode)
                  000850e7    00000014     DevAdc.obj (.text:EPWM_setTimeBaseCounterMode)
                  000850fb    00000014     CSU_EPWM.obj (.text:EPWM_setTimeBasePeriod)
                  0008510f    00000014     DevAdc.obj (.text:EPWM_setTimeBasePeriod)
                  00085123    00000014     DevIPC.obj (.text:IPC_waitForAck)
                  00085137    00000014     sci.obj (.text:SCI_getRxFIFOStatus)
                  0008514b    00000014     sci.obj (.text:SCI_getTxFIFOStatus)
                  0008515f    00000014     DevSci.obj (.text:xmtScia_SCI_PC)
                  00085173    00000013     DevAdc.obj (.text:ADC_enableConverter)
                  00085186    00000013     cputimer.obj (.text:CPUTimer_setEmulationMode)
                  00085199    00000013     device.obj (.text:Device_enableUnbondedGPIOPullupsFor176Pin)
                  000851ac    00000013     CSU_eQEP.obj (.text:EQEP_disableModule)
                  000851bf    00000013     CSU_eQEP.obj (.text:EQEP_enableModule)
                  000851d2    00000013     DevIPC.obj (.text:IPC_sync)
                  000851e5    00000013     DevIPC.obj (.text:Initial_IPC_Mastership)
                  000851f8    00000013     DevSci.obj (.text:SCI_clearOverflowStatus)
                  0008520b    00000013     DevSci.obj (.text:SCI_enableModule)
                  0008521e    00000013     sci.obj (.text:SCI_enableModule)
                  00085231    00000013     CSU_EPWM.obj (.text:initEpwm7aGpio)
                  00085244    00000012     DevCan.obj (.text:CAN_getInterruptCause)
                  00085256    00000012     DevDspInit.obj (.text:DSP_Initialization)
                  00085268    00000012     CSU_EPWM.obj (.text:EPWM_setTimeBaseCounter)
                  0008527a    00000012     DevAdc.obj (.text:EPWM_setTimeBaseCounter)
                  0008528c    00000012     DevIPC.obj (.text:IPC_waitForFlag)
                  0008529e    00000012     DevDspInit.obj (.text:Init_GpioDin)
                  000852b0    00000012     CSU_EEPROM.obj (.text:SPI_readDataBlockingNonFIFO)
                  000852c2    00000012     DevAdc.obj (.text:setupEPWM8_ActionQualifier)
                  000852d4    00000012     DevAdc.obj (.text:setupEPWM8_AdcTrigger)
                  000852e6    00000011     CSU_CAN.obj (.text:CAN_startModule)
                  000852f7    00000011     DevCan.obj (.text:CAN_startModule)
                  00085308    00000011     DevTimer.obj (.text:CPUTimer_setPeriod)
                  00085319    00000011     device.obj (.text:Device_enableUnbondedGPIOPullups)
                  0008532a    00000011     CSU_EPWM.obj (.text:EPWM_disablePhaseShiftLoad)
                  0008533b    00000011     DevAdc.obj (.text:EPWM_disablePhaseShiftLoad)
                  0008534c    00000011     CSU_eQEP.obj (.text:EQEP_setPosition)
                  0008535d    00000011     DevSpi.obj (.text:SPI_disableModule)
                  0008536e    00000011     DevSpi.obj (.text:SPI_enableModule)
                  0008537f    00000011     DevDspInit.obj (.text:SysCtl_setCMClk)
                  00085390    00000011     device.obj (.text:SysCtl_setCMClk)
                  000853a1    00000011     DevSci.obj (.text:setupSciaPC_Interrupt)
                  000853b2    00000010     CSU_CAN.obj (.text:CAN_getStatus)
                  000853c2    00000010     DevCan.obj (.text:CAN_getStatus)
                  000853d2    00000010     CSU_EEPROM.obj (.text:EEPROM_WriteEnable)
                  000853e2    00000010     CSU_eQEP.obj (.text:EQEP_getPosition)
                  000853f2    00000010     flash.obj (.text:Flash_isCtrlBaseValid)
                  00085402    00000010     flash.obj (.text:Flash_isECCBaseValid)
                  00085412    00000010     CSU_EEPROM.obj (.text:SPIA_Transfer8)
                  00085422    0000000f     DevIPC.obj (.text:IPC_ackFlagRtoL)
                  00085431    0000000f     DevIPC.obj (.text:IPC_setFlagLtoR)
                  00085440    0000000f     device.obj (.text:IPC_setFlagLtoR)
                  0008544f    0000000f     DevAdc.obj (.text:InitialAdc)
                  0008545e    0000000f     DevAdc.obj (.text:Interrupt_register)
                  0008546d    0000000f     DevCan.obj (.text:Interrupt_register)
                  0008547c    0000000f     DevSci.obj (.text:Interrupt_register)
                  0008548b    0000000f     DevTimer.obj (.text:Interrupt_register)
                  0008549a    0000000f     ipc.obj (.text:Interrupt_register)
                  000854a9    0000000f     ipc.obj (.text:Interrupt_unregister)
                  000854b8    0000000f     DevCan.obj (.text:SendCanaMessage)
                  000854c7    0000000f     sysctl.obj (.text:SysCtl_setPLLSysClk)
                  000854d6    0000000f     main.obj (.text:cycle_10ms)
                  000854e5    0000000e     CSU_EEPROM.obj (.text:GPIO_isPinValid)
                  000854f3    0000000e     CSU_LED.obj (.text:GPIO_isPinValid)
                  00085501    0000000e     CSU_Tact.obj (.text:GPIO_isPinValid)
                  0008550f    0000000e     CSU_eQEP.obj (.text:GPIO_isPinValid)
                  0008551d    0000000e     DevSpi.obj (.text:GPIO_isPinValid)
                  0008552b    0000000e     gpio.obj (.text:GPIO_isPinValid)
                  00085539    0000000e     CSU_CAN.obj (.text:updateCanXmtData)
                  00085547    0000000d     f2838x_defaultisr.obj (.text:EMPTY_ISR)
                  00085554    0000000d     DevIPC.obj (.text:Initial_IPC)
                  00085561    0000000d     interrupt.obj (.text:Interrupt_disableGlobal)
                  0008556e    0000000d     interrupt.obj (.text:Interrupt_enableGlobal)
                  0008557b    0000000d     device.obj (.text:SysCtl_setLowSpeedClock)
                  00085588    0000000d     DevDspInit.obj (.text:initSystemCommunications)
                  00085595    0000000c     CSU_CAN.obj (.text:Initial_CAN)
                  000855a1    0000000c     rts2800_fpu64_eabi.lib : args_main.c.obj (.text)
                  000855ad    0000000b     device.obj (.text:SysCtl_disableWatchdog)
                  000855b8    0000000b     device.obj (.text:SysCtl_isCMReset)
                  000855c3    0000000b     sysctl.obj (.text:SysCtl_isCMReset)
                  000855ce    0000000b     sysctl.obj (.text:SysCtl_isMCDClockFailureDetected)
                  000855d9    0000000a     f2838x_defaultisr.obj (.text:ADCA1_ISR)
                  000855e3    0000000a     f2838x_defaultisr.obj (.text:ADCA2_ISR)
                  000855ed    0000000a     f2838x_defaultisr.obj (.text:ADCA3_ISR)
                  000855f7    0000000a     f2838x_defaultisr.obj (.text:ADCA4_ISR)
                  00085601    0000000a     f2838x_defaultisr.obj (.text:ADCA_EVT_ISR)
                  0008560b    0000000a     f2838x_defaultisr.obj (.text:ADCB1_ISR)
                  00085615    0000000a     f2838x_defaultisr.obj (.text:ADCB2_ISR)
                  0008561f    0000000a     f2838x_defaultisr.obj (.text:ADCB3_ISR)
                  00085629    0000000a     f2838x_defaultisr.obj (.text:ADCB4_ISR)
                  00085633    0000000a     f2838x_defaultisr.obj (.text:ADCB_EVT_ISR)
                  0008563d    0000000a     f2838x_defaultisr.obj (.text:ADCC1_ISR)
                  00085647    0000000a     f2838x_defaultisr.obj (.text:ADCC2_ISR)
                  00085651    0000000a     f2838x_defaultisr.obj (.text:ADCC3_ISR)
                  0008565b    0000000a     f2838x_defaultisr.obj (.text:ADCC4_ISR)
                  00085665    0000000a     f2838x_defaultisr.obj (.text:ADCC_EVT_ISR)
                  0008566f    0000000a     f2838x_defaultisr.obj (.text:ADCD1_ISR)
                  00085679    0000000a     f2838x_defaultisr.obj (.text:ADCD2_ISR)
                  00085683    0000000a     f2838x_defaultisr.obj (.text:ADCD3_ISR)
                  0008568d    0000000a     f2838x_defaultisr.obj (.text:ADCD4_ISR)
                  00085697    0000000a     f2838x_defaultisr.obj (.text:ADCD_EVT_ISR)
                  000856a1    0000000a     f2838x_defaultisr.obj (.text:CANA0_ISR)
                  000856ab    0000000a     f2838x_defaultisr.obj (.text:CANA1_ISR)
                  000856b5    0000000a     f2838x_defaultisr.obj (.text:CANB0_ISR)
                  000856bf    0000000a     f2838x_defaultisr.obj (.text:CANB1_ISR)
                  000856c9    0000000a     f2838x_defaultisr.obj (.text:CIPC0_ISR)
                  000856d3    0000000a     f2838x_defaultisr.obj (.text:CIPC1_ISR)
                  000856dd    0000000a     f2838x_defaultisr.obj (.text:CIPC2_ISR)
                  000856e7    0000000a     f2838x_defaultisr.obj (.text:CIPC3_ISR)
                  000856f1    0000000a     f2838x_defaultisr.obj (.text:CLA1CRC_ISR)
                  000856fb    0000000a     f2838x_defaultisr.obj (.text:CLA1_1_ISR)
                  00085705    0000000a     f2838x_defaultisr.obj (.text:CLA1_2_ISR)
                  0008570f    0000000a     f2838x_defaultisr.obj (.text:CLA1_3_ISR)
                  00085719    0000000a     f2838x_defaultisr.obj (.text:CLA1_4_ISR)
                  00085723    0000000a     f2838x_defaultisr.obj (.text:CLA1_5_ISR)
                  0008572d    0000000a     f2838x_defaultisr.obj (.text:CLA1_6_ISR)
                  00085737    0000000a     f2838x_defaultisr.obj (.text:CLA1_7_ISR)
                  00085741    0000000a     f2838x_defaultisr.obj (.text:CLA1_8_ISR)
                  0008574b    0000000a     f2838x_defaultisr.obj (.text:CLA_OVERFLOW_ISR)
                  00085755    0000000a     f2838x_defaultisr.obj (.text:CLA_UNDERFLOW_ISR)
                  0008575f    0000000a     f2838x_defaultisr.obj (.text:CLB1_ISR)
                  00085769    0000000a     f2838x_defaultisr.obj (.text:CLB2_ISR)
                  00085773    0000000a     f2838x_defaultisr.obj (.text:CLB3_ISR)
                  0008577d    0000000a     f2838x_defaultisr.obj (.text:CLB4_ISR)
                  00085787    0000000a     f2838x_defaultisr.obj (.text:CLB5_ISR)
                  00085791    0000000a     f2838x_defaultisr.obj (.text:CLB6_ISR)
                  0008579b    0000000a     f2838x_defaultisr.obj (.text:CLB7_ISR)
                  000857a5    0000000a     f2838x_defaultisr.obj (.text:CLB8_ISR)
                  000857af    0000000a     f2838x_defaultisr.obj (.text:CMTOCPUXIPC0_ISR)
                  000857b9    0000000a     f2838x_defaultisr.obj (.text:CMTOCPUXIPC1_ISR)
                  000857c3    0000000a     f2838x_defaultisr.obj (.text:CMTOCPUXIPC2_ISR)
                  000857cd    0000000a     f2838x_defaultisr.obj (.text:CMTOCPUXIPC3_ISR)
                  000857d7    0000000a     f2838x_defaultisr.obj (.text:CMTOCPUXIPC4_ISR)
                  000857e1    0000000a     f2838x_defaultisr.obj (.text:CMTOCPUXIPC5_ISR)
                  000857eb    0000000a     f2838x_defaultisr.obj (.text:CMTOCPUXIPC6_ISR)
                  000857f5    0000000a     f2838x_defaultisr.obj (.text:CMTOCPUXIPC7_ISR)
                  000857ff    0000000a     f2838x_defaultisr.obj (.text:CM_STATUS_ISR)
                  00085809    0000000a     f2838x_defaultisr.obj (.text:CPUCRC_ISR)
                  00085813    0000000a     f2838x_defaultisr.obj (.text:DATALOG_ISR)
                  0008581d    0000000a     f2838x_defaultisr.obj (.text:DMA_CH1_ISR)
                  00085827    0000000a     f2838x_defaultisr.obj (.text:DMA_CH2_ISR)
                  00085831    0000000a     f2838x_defaultisr.obj (.text:DMA_CH3_ISR)
                  0008583b    0000000a     f2838x_defaultisr.obj (.text:DMA_CH4_ISR)
                  00085845    0000000a     f2838x_defaultisr.obj (.text:DMA_CH5_ISR)
                  0008584f    0000000a     f2838x_defaultisr.obj (.text:DMA_CH6_ISR)
                  00085859    0000000a     f2838x_defaultisr.obj (.text:ECAP1_ISR)
                  00085863    0000000a     f2838x_defaultisr.obj (.text:ECAP2_ISR)
                  0008586d    0000000a     f2838x_defaultisr.obj (.text:ECAP3_ISR)
                  00085877    0000000a     f2838x_defaultisr.obj (.text:ECAP4_ISR)
                  00085881    0000000a     f2838x_defaultisr.obj (.text:ECAP5_ISR)
                  0008588b    0000000a     f2838x_defaultisr.obj (.text:ECAP6_2_ISR)
                  00085895    0000000a     f2838x_defaultisr.obj (.text:ECAP6_ISR)
                  0008589f    0000000a     f2838x_defaultisr.obj (.text:ECAP7_2_ISR)
                  000858a9    0000000a     f2838x_defaultisr.obj (.text:ECAP7_ISR)
                  000858b3    0000000a     f2838x_defaultisr.obj (.text:ECATRST_ISR)
                  000858bd    0000000a     f2838x_defaultisr.obj (.text:ECATSYNC0_ISR)
                  000858c7    0000000a     f2838x_defaultisr.obj (.text:ECATSYNC1_ISR)
                  000858d1    0000000a     f2838x_defaultisr.obj (.text:ECAT_ISR)
                  000858db    0000000a     f2838x_defaultisr.obj (.text:EMU_ISR)
                  000858e5    0000000a     f2838x_defaultisr.obj (.text:EPWM10_ISR)
                  000858ef    0000000a     f2838x_defaultisr.obj (.text:EPWM10_TZ_ISR)
                  000858f9    0000000a     f2838x_defaultisr.obj (.text:EPWM11_ISR)
                  00085903    0000000a     f2838x_defaultisr.obj (.text:EPWM11_TZ_ISR)
                  0008590d    0000000a     f2838x_defaultisr.obj (.text:EPWM12_ISR)
                  00085917    0000000a     f2838x_defaultisr.obj (.text:EPWM12_TZ_ISR)
                  00085921    0000000a     f2838x_defaultisr.obj (.text:EPWM13_ISR)
                  0008592b    0000000a     f2838x_defaultisr.obj (.text:EPWM13_TZ_ISR)
                  00085935    0000000a     f2838x_defaultisr.obj (.text:EPWM14_ISR)
                  0008593f    0000000a     f2838x_defaultisr.obj (.text:EPWM14_TZ_ISR)
                  00085949    0000000a     f2838x_defaultisr.obj (.text:EPWM15_ISR)
                  00085953    0000000a     f2838x_defaultisr.obj (.text:EPWM15_TZ_ISR)
                  0008595d    0000000a     f2838x_defaultisr.obj (.text:EPWM16_ISR)
                  00085967    0000000a     f2838x_defaultisr.obj (.text:EPWM16_TZ_ISR)
                  00085971    0000000a     f2838x_defaultisr.obj (.text:EPWM1_ISR)
                  0008597b    0000000a     f2838x_defaultisr.obj (.text:EPWM1_TZ_ISR)
                  00085985    0000000a     f2838x_defaultisr.obj (.text:EPWM2_ISR)
                  0008598f    0000000a     f2838x_defaultisr.obj (.text:EPWM2_TZ_ISR)
                  00085999    0000000a     f2838x_defaultisr.obj (.text:EPWM3_ISR)
                  000859a3    0000000a     f2838x_defaultisr.obj (.text:EPWM3_TZ_ISR)
                  000859ad    0000000a     f2838x_defaultisr.obj (.text:EPWM4_ISR)
                  000859b7    0000000a     f2838x_defaultisr.obj (.text:EPWM4_TZ_ISR)
                  000859c1    0000000a     f2838x_defaultisr.obj (.text:EPWM5_ISR)
                  000859cb    0000000a     f2838x_defaultisr.obj (.text:EPWM5_TZ_ISR)
                  000859d5    0000000a     f2838x_defaultisr.obj (.text:EPWM6_ISR)
                  000859df    0000000a     f2838x_defaultisr.obj (.text:EPWM6_TZ_ISR)
                  000859e9    0000000a     f2838x_defaultisr.obj (.text:EPWM7_ISR)
                  000859f3    0000000a     f2838x_defaultisr.obj (.text:EPWM7_TZ_ISR)
                  000859fd    0000000a     f2838x_defaultisr.obj (.text:EPWM8_ISR)
                  00085a07    0000000a     f2838x_defaultisr.obj (.text:EPWM8_TZ_ISR)
                  00085a11    0000000a     f2838x_defaultisr.obj (.text:EPWM9_ISR)
                  00085a1b    0000000a     f2838x_defaultisr.obj (.text:EPWM9_TZ_ISR)
                  00085a25    0000000a     f2838x_defaultisr.obj (.text:EQEP1_ISR)
                  00085a2f    0000000a     f2838x_defaultisr.obj (.text:EQEP2_ISR)
                  00085a39    0000000a     f2838x_defaultisr.obj (.text:EQEP3_ISR)
                  00085a43    0000000a     f2838x_defaultisr.obj (.text:FMC_ISR)
                  00085a4d    0000000a     f2838x_defaultisr.obj (.text:FPU_OFLOW_ISR)
                  00085a57    0000000a     f2838x_defaultisr.obj (.text:FPU_UFLOW_ISR)
                  00085a61    0000000a     f2838x_defaultisr.obj (.text:FSIRXA1_ISR)
                  00085a6b    0000000a     f2838x_defaultisr.obj (.text:FSIRXA2_ISR)
                  00085a75    0000000a     f2838x_defaultisr.obj (.text:FSIRXB1_ISR)
                  00085a7f    0000000a     f2838x_defaultisr.obj (.text:FSIRXB2_ISR)
                  00085a89    0000000a     f2838x_defaultisr.obj (.text:FSIRXC1_ISR)
                  00085a93    0000000a     f2838x_defaultisr.obj (.text:FSIRXC2_ISR)
                  00085a9d    0000000a     f2838x_defaultisr.obj (.text:FSIRXD1_ISR)
                  00085aa7    0000000a     f2838x_defaultisr.obj (.text:FSIRXD2_ISR)
                  00085ab1    0000000a     f2838x_defaultisr.obj (.text:FSIRXE1_ISR)
                  00085abb    0000000a     f2838x_defaultisr.obj (.text:FSIRXE2_ISR)
                  00085ac5    0000000a     f2838x_defaultisr.obj (.text:FSIRXF1_ISR)
                  00085acf    0000000a     f2838x_defaultisr.obj (.text:FSIRXF2_ISR)
                  00085ad9    0000000a     f2838x_defaultisr.obj (.text:FSIRXG1_ISR)
                  00085ae3    0000000a     f2838x_defaultisr.obj (.text:FSIRXG2_ISR)
                  00085aed    0000000a     f2838x_defaultisr.obj (.text:FSIRXH1_ISR)
                  00085af7    0000000a     f2838x_defaultisr.obj (.text:FSIRXH2_ISR)
                  00085b01    0000000a     f2838x_defaultisr.obj (.text:FSITXA1_ISR)
                  00085b0b    0000000a     f2838x_defaultisr.obj (.text:FSITXA2_ISR)
                  00085b15    0000000a     f2838x_defaultisr.obj (.text:FSITXB1_ISR)
                  00085b1f    0000000a     f2838x_defaultisr.obj (.text:FSITXB2_ISR)
                  00085b29    0000000a     f2838x_defaultisr.obj (.text:I2CA_FIFO_ISR)
                  00085b33    0000000a     f2838x_defaultisr.obj (.text:I2CA_HIGH_ISR)
                  00085b3d    0000000a     f2838x_defaultisr.obj (.text:I2CA_ISR)
                  00085b47    0000000a     f2838x_defaultisr.obj (.text:I2CB_FIFO_ISR)
                  00085b51    0000000a     f2838x_defaultisr.obj (.text:I2CB_ISR)
                  00085b5b    0000000a     f2838x_defaultisr.obj (.text:ILLEGAL_ISR)
                  00085b65    0000000a     interrupt.obj (.text:Interrupt_illegalOperationHandler)
                  00085b6f    0000000a     interrupt.obj (.text:Interrupt_nmiHandler)
                  00085b79    0000000a     f2838x_defaultisr.obj (.text:MCANA_0_ISR)
                  00085b83    0000000a     f2838x_defaultisr.obj (.text:MCANA_1_ISR)
                  00085b8d    0000000a     f2838x_defaultisr.obj (.text:MCANA_ECC_ISR)
                  00085b97    0000000a     f2838x_defaultisr.obj (.text:MCANA_WAKE_ISR)
                  00085ba1    0000000a     f2838x_defaultisr.obj (.text:MCBSPA_RX_ISR)
                  00085bab    0000000a     f2838x_defaultisr.obj (.text:MCBSPA_TX_ISR)
                  00085bb5    0000000a     f2838x_defaultisr.obj (.text:MCBSPB_RX_ISR)
                  00085bbf    0000000a     f2838x_defaultisr.obj (.text:MCBSPB_TX_ISR)
                  00085bc9    0000000a     f2838x_defaultisr.obj (.text:MPOST_ISR)
                  00085bd3    0000000a     f2838x_defaultisr.obj (.text:NMI_ISR)
                  00085bdd    0000000a     f2838x_defaultisr.obj (.text:NOTUSED_ISR)
                  00085be7    0000000a     f2838x_defaultisr.obj (.text:PIE_RESERVED_ISR)
                  00085bf1    0000000a     f2838x_defaultisr.obj (.text:PMBUSA_ISR)
                  00085bfb    0000000a     f2838x_defaultisr.obj (.text:RTOS_ISR)
                  00085c05    0000000a     f2838x_defaultisr.obj (.text:SCIA_RX_ISR)
                  00085c0f    0000000a     f2838x_defaultisr.obj (.text:SCIA_TX_ISR)
                  00085c19    0000000a     f2838x_defaultisr.obj (.text:SCIB_RX_ISR)
                  00085c23    0000000a     f2838x_defaultisr.obj (.text:SCIB_TX_ISR)
                  00085c2d    0000000a     f2838x_defaultisr.obj (.text:SCIC_RX_ISR)
                  00085c37    0000000a     f2838x_defaultisr.obj (.text:SCIC_TX_ISR)
                  00085c41    0000000a     f2838x_defaultisr.obj (.text:SCID_RX_ISR)
                  00085c4b    0000000a     f2838x_defaultisr.obj (.text:SCID_TX_ISR)
                  00085c55    0000000a     f2838x_defaultisr.obj (.text:SDFM1DR1_ISR)
                  00085c5f    0000000a     f2838x_defaultisr.obj (.text:SDFM1DR2_ISR)
                  00085c69    0000000a     f2838x_defaultisr.obj (.text:SDFM1DR3_ISR)
                  00085c73    0000000a     f2838x_defaultisr.obj (.text:SDFM1DR4_ISR)
                  00085c7d    0000000a     f2838x_defaultisr.obj (.text:SDFM1_ISR)
                  00085c87    0000000a     f2838x_defaultisr.obj (.text:SDFM2DR1_ISR)
                  00085c91    0000000a     f2838x_defaultisr.obj (.text:SDFM2DR2_ISR)
                  00085c9b    0000000a     f2838x_defaultisr.obj (.text:SDFM2DR3_ISR)
                  00085ca5    0000000a     f2838x_defaultisr.obj (.text:SDFM2DR4_ISR)
                  00085caf    0000000a     f2838x_defaultisr.obj (.text:SDFM2_ISR)
                  00085cb9    0000000a     f2838x_defaultisr.obj (.text:SPIA_RX_ISR)
                  00085cc3    0000000a     f2838x_defaultisr.obj (.text:SPIA_TX_ISR)
                  00085ccd    0000000a     f2838x_defaultisr.obj (.text:SPIB_RX_ISR)
                  00085cd7    0000000a     f2838x_defaultisr.obj (.text:SPIB_TX_ISR)
                  00085ce1    0000000a     f2838x_defaultisr.obj (.text:SPIC_RX_ISR)
                  00085ceb    0000000a     f2838x_defaultisr.obj (.text:SPIC_TX_ISR)
                  00085cf5    0000000a     f2838x_defaultisr.obj (.text:SPID_RX_ISR)
                  00085cff    0000000a     f2838x_defaultisr.obj (.text:SPID_TX_ISR)
                  00085d09    0000000a     f2838x_defaultisr.obj (.text:SYS_ERR_ISR)
                  00085d13    0000000a     f2838x_defaultisr.obj (.text:TIMER0_ISR)
                  00085d1d    0000000a     f2838x_defaultisr.obj (.text:TIMER1_ISR)
                  00085d27    0000000a     f2838x_defaultisr.obj (.text:TIMER2_ISR)
                  00085d31    0000000a     f2838x_defaultisr.obj (.text:USBA_ISR)
                  00085d3b    0000000a     f2838x_defaultisr.obj (.text:USER10_ISR)
                  00085d45    0000000a     f2838x_defaultisr.obj (.text:USER11_ISR)
                  00085d4f    0000000a     f2838x_defaultisr.obj (.text:USER12_ISR)
                  00085d59    0000000a     f2838x_defaultisr.obj (.text:USER1_ISR)
                  00085d63    0000000a     f2838x_defaultisr.obj (.text:USER2_ISR)
                  00085d6d    0000000a     f2838x_defaultisr.obj (.text:USER3_ISR)
                  00085d77    0000000a     f2838x_defaultisr.obj (.text:USER4_ISR)
                  00085d81    0000000a     f2838x_defaultisr.obj (.text:USER5_ISR)
                  00085d8b    0000000a     f2838x_defaultisr.obj (.text:USER6_ISR)
                  00085d95    0000000a     f2838x_defaultisr.obj (.text:USER7_ISR)
                  00085d9f    0000000a     f2838x_defaultisr.obj (.text:USER8_ISR)
                  00085da9    0000000a     f2838x_defaultisr.obj (.text:USER9_ISR)
                  00085db3    0000000a     f2838x_defaultisr.obj (.text:WAKE_ISR)
                  00085dbd    0000000a     f2838x_defaultisr.obj (.text:XINT1_ISR)
                  00085dc7    0000000a     f2838x_defaultisr.obj (.text:XINT2_ISR)
                  00085dd1    0000000a     f2838x_defaultisr.obj (.text:XINT3_ISR)
                  00085ddb    0000000a     f2838x_defaultisr.obj (.text:XINT4_ISR)
                  00085de5    0000000a     f2838x_defaultisr.obj (.text:XINT5_ISR)
                  00085def    00000009     DevDspInit.obj (.text:InitialPeripherals)
                  00085df8    00000009     DevDspInit.obj (.text:initSystemUserInterface)
                  00085e01    00000009     main.obj (.text:processCanRoutine)
                  00085e0a    00000009     rts2800_fpu64_eabi.lib : _lock.c.obj (.text)
                  00085e13    00000008     CSU_EEPROM.obj (.text:EEPROM_Init)
                  00085e1b    00000008     CSU_Adc.obj (.text:Initial_Adc)
                  00085e23    00000008     DevDspInit.obj (.text:Initial_CmCore)
                  00085e2b    00000008     rts2800_fpu64_eabi.lib : copy_decompress_none.c.obj (.text:decompress:none)
                  00085e33    00000008     f2838x_codestartbranch.obj (.text)
                  00085e3b    00000007     DevSci.obj (.text:Initial_SCI)
                  00085e42    00000007     CSU_Tact.obj (.text:Initial_Tact)
                  00085e49    00000007     sysctl.obj (.text:SysCtl_resetMCD)
                  00085e50    00000007     device.obj (.text:__error__)
                  00085e57    00000007     DevSci.obj (.text:initScia_SCI_PC)
                  00085e5e    00000007     main.obj (.text:processInputDevices)
                  00085e65    00000007     rts2800_fpu64_eabi.lib : memset.c.obj (.text)
                  00085e6c    00000006     DevAdc.obj (.text:Interrupt_clearACKGroup)
                  00085e72    00000006     DevCan.obj (.text:Interrupt_clearACKGroup)
                  00085e78    00000006     DevIPC.obj (.text:Interrupt_clearACKGroup)
                  00085e7e    00000006     DevSci.obj (.text:Interrupt_clearACKGroup)
                  00085e84    00000006     DevTimer.obj (.text:Interrupt_clearACKGroup)
                  00085e8a    00000006     rts2800_fpu64_eabi.lib : copy_zero_init.c.obj (.text:decompress:ZI)
                  00085e90    00000005     DevDspInit.obj (.text:Initial_GPIO)
                  00085e95    00000005     DevSpi.obj (.text:Initial_SPI)
                  00085e9a    00000005     CSU_CAN.obj (.text:clearRcvMsg)
                  00085e9f    00000005     DevDspInit.obj (.text:initSystemAnalogAdc)
                  00085ea4    00000005     DevDspInit.obj (.text:initSystemPwm)
                  00085ea9    00000004     main.obj (.text:cycle_1ms)
                  00085ead    00000003     DevCan.obj (.text:InitialCan)
                  00085eb0    00000003     main.obj (.text:cycle_100ms)
                  00085eb3    00000002     rts2800_fpu64_eabi.lib : pre_init.c.obj (.text)
                  00085eb5    00000001                            : startup.c.obj (.text)

MODULE SUMMARY

       Module                          code    ro data   rw data
       ------                          ----    -------   -------
    .\
       main.obj                        75      0         0      
    +--+-------------------------------+-------+---------+---------+
       Total:                          75      0         0      
                                                                
    .\CSU\
       CSU_LED.obj                     852     117       27     
       CSU_EPWM.obj                    659     117       3      
       CSU_eQEP.obj                    375     235       0      
       CSU_EEPROM.obj                  298     234       0      
       CSU_SCI_PC.obj                  427     0         15     
       CSU_CAN.obj                     215     116       6      
       CSU_Tact.obj                    137     117       0      
       CSU_Adc.obj                     89      0         0      
       CSU_IPC.obj                     70      0         12     
    +--+-------------------------------+-------+---------+---------+
       Total:                          3122    936       63     
                                                                
    .\Dev\
       DevAdc.obj                      1626    233       1018   
       DevSci.obj                      736     116       257    
       DevCan.obj                      588     116       9      
       DevTimer.obj                    567     121       6      
       DevSpi.obj                      366     234       0      
       DevIPC.obj                      269     0         0      
       DevDspInit.obj                  130     0         0      
    +--+-------------------------------+-------+---------+---------+
       Total:                          4282    820       1290   
                                                                
    .\SDK\common\source\
       f2838x_defaultisr.obj           2063    0         0      
       device.obj                      734     146       0      
       f2838x_gpio.obj                 488     0         0      
       f2838x_pievect.obj              0       448       0      
       f2838x_adc.obj                  248     0         0      
       f2838x_codestartbranch.obj      10      0         0      
       f2838x_usdelay.obj              8       0         0      
    +--+-------------------------------+-------+---------+---------+
       Total:                          3551    594       0      
                                                                
    .\SDK\driverlib\
       sysctl.obj                      1984    50        0      
       can.obj                         931     47        0      
       ipc.obj                         270     159       544    
       dcc.obj                         664     47        0      
       sci.obj                         621     47        0      
       flash.obj                       608     51        0      
       gpio.obj                        494     48        0      
       interrupt.obj                   214     0         0      
       spi.obj                         153     47        0      
       cputimer.obj                    42      28        0      
    +--+-------------------------------+-------+---------+---------+
       Total:                          5981    524       544    
                                                                
    .\SDK\headers\source\
       f2838x_globalvariabledefs.obj   0       0         880    
    +--+-------------------------------+-------+---------+---------+
       Total:                          0       0         880    
                                                                
    C:\ti\ccs2040\ti-cgt-c2000_22.6.1.LTS\lib\rts2800_fpu64_eabi.lib
       fs_div28.asm.obj                136     0         0      
       copy_decompress_lzss.c.obj      48      0         0      
       exit.c.obj                      41      0         6      
       autoinit.c.obj                  43      0         0      
       memcpy.c.obj                    29      0         0      
       boot28.asm.obj                  25      0         0      
       _lock.c.obj                     9       0         4      
       args_main.c.obj                 12      0         0      
       copy_decompress_none.c.obj      8       0         0      
       memset.c.obj                    7       0         0      
       copy_zero_init.c.obj            6       0         0      
       pre_init.c.obj                  2       0         0      
       startup.c.obj                   1       0         0      
    +--+-------------------------------+-------+---------+---------+
       Total:                          367     0         10     
                                                                
       Stack:                          0       0         256    
       Linker Generated:               0       32        0      
    +--+-------------------------------+-------+---------+---------+
       Grand Total:                    17378   2906      3043   


LINKER GENERATED COPY TABLES

__TI_cinit_table @ 00088018 records: 2, size/record: 4, table size: 8
	.data: load addr=00088000, load size=0000000e bytes, run addr=0000a800, run size=00000022 bytes, compression=lzss
	.bss: load addr=00088014, load size=00000004 bytes, run addr=0000a822, run size=00000531 bytes, compression=zero_init


LINKER GENERATED HANDLER TABLE

__TI_handler_table @ 0008800e records: 3, size/record: 2, table size: 6
	index: 0, handler: __TI_zero_init
	index: 1, handler: __TI_decompress_lzss
	index: 2, handler: __TI_decompress_none


GLOBAL DATA SYMBOLS: SORTED BY DATA PAGE

address     data page           name
--------    ----------------    ----
00000400      10 (00000400)     __stack

00007400     1d0 (00007400)     AdcaRegs

00007480     1d2 (00007480)     AdcbRegs

00007500     1d4 (00007500)     AdccRegs

00007580     1d6 (00007580)     AdcdRegs

00007c00     1f0 (00007c00)     GpioCtrlRegs

0000a800     2a0 (0000a800)     ResultsIndex
0000a802     2a0 (0000a800)     lpf_PrevValue
0000a804     2a0 (0000a800)     lpf_PrevPWM7a
0000a806     2a0 (0000a800)     f32PotenRAW
0000a808     2a0 (0000a800)     f32PotenMAVE
0000a80a     2a0 (0000a800)     f32PWMRaw
0000a80c     2a0 (0000a800)     f32PWMRCLPF
0000a80e     2a0 (0000a800)     f32PWMBWLPF
0000a810     2a0 (0000a800)     f32PotenSum
0000a812     2a0 (0000a800)     __TI_enable_exit_profile_output
0000a814     2a0 (0000a800)     __TI_cleanup_ptr
0000a816     2a0 (0000a800)     __TI_dtors_ptr
0000a81b     2a0 (0000a800)     xCanState
0000a81c     2a0 (0000a800)     bCanRxFlag
0000a81e     2a0 (0000a800)     _lock
0000a820     2a0 (0000a800)     _unlock
0000a822     2a0 (0000a800)     AdcResults

0000ac0a     2b0 (0000ac00)     xLed
0000ac25     2b0 (0000ac00)     xRcvSciPcMsg1
0000ac2b     2b0 (0000ac00)     xXmtSciPcMsg1
0000ac33     2b0 (0000ac00)     errorFlag
0000ac34     2b0 (0000ac00)     xRcvIpcCmMsg
0000ac3a     2b0 (0000ac00)     xXmtIpcCmMsg

0000ad41     2b5 (0000ad40)     rxMsgData1
0000ad49     2b5 (0000ad40)     xTimer
0000ad4f     2b5 (0000ad40)     xRcvCanMsg
0000ad51     2b5 (0000ad40)     xXmtCanMsg

00038000     e00 (00038000)     IPC_CPU_To_CM_GetBuffer

00039000     e40 (00039000)     IPC_CPU_To_CM_PutBuffer

0003a000     e80 (0003a000)     IPC_CPU1_To_CPU2_PutBuffer

0003b000     ec0 (0003b000)     IPC_CPU1_To_CPU2_GetBuffer

00090000    2400 (00090000)     PieVectTableInit

000905fc    2417 (000905c0)     IPC_Instance


GLOBAL SYMBOLS: SORTED ALPHABETICALLY BY Name 

page  address   name                                     
----  -------   ----                                     
0     000855d9  ADCA1_ISR                                
0     000855e3  ADCA2_ISR                                
0     000855ed  ADCA3_ISR                                
0     000855f7  ADCA4_ISR                                
0     00085601  ADCA_EVT_ISR                             
0     0008560b  ADCB1_ISR                                
0     00085615  ADCB2_ISR                                
0     0008561f  ADCB3_ISR                                
0     00085629  ADCB4_ISR                                
0     00085633  ADCB_EVT_ISR                             
0     0008563d  ADCC1_ISR                                
0     00085647  ADCC2_ISR                                
0     00085651  ADCC3_ISR                                
0     0008565b  ADCC4_ISR                                
0     00085665  ADCC_EVT_ISR                             
0     0008566f  ADCD1_ISR                                
0     00085679  ADCD2_ISR                                
0     00085683  ADCD3_ISR                                
0     0008568d  ADCD4_ISR                                
0     00085697  ADCD_EVT_ISR                             
0     0000a822  AdcResults                               
0     00082c35  AdcSetMode                               
0     00008000  AdcaIsr                                  
1     00007400  AdcaRegs                                 
1     00007480  AdcbRegs                                 
1     00007500  AdccRegs                                 
1     00007580  AdcdRegs                                 
0     00084530  C$$EXIT                                  
0     000856a1  CANA0_ISR                                
0     000856ab  CANA1_ISR                                
0     000856b5  CANB0_ISR                                
0     000856bf  CANB1_ISR                                
0     00083b29  CAN_clearInterruptStatus                 
0     000849b4  CAN_initModule                           
0     000834d8  CAN_readMessage                          
0     00083388  CAN_sendMessage                          
0     00082b77  CAN_setBitRate                           
0     000835a4  CAN_setBitTiming                         
0     00082907  CAN_setupMessageObject                   
0     000856c9  CIPC0_ISR                                
0     000856d3  CIPC1_ISR                                
0     000856dd  CIPC2_ISR                                
0     000856e7  CIPC3_ISR                                
0     000856f1  CLA1CRC_ISR                              
0     000856fb  CLA1_1_ISR                               
0     00085705  CLA1_2_ISR                               
0     0008570f  CLA1_3_ISR                               
0     00085719  CLA1_4_ISR                               
0     00085723  CLA1_5_ISR                               
0     0008572d  CLA1_6_ISR                               
0     00085737  CLA1_7_ISR                               
0     00085741  CLA1_8_ISR                               
0     0008574b  CLA_OVERFLOW_ISR                         
0     00085755  CLA_UNDERFLOW_ISR                        
0     0008575f  CLB1_ISR                                 
0     00085769  CLB2_ISR                                 
0     00085773  CLB3_ISR                                 
0     0008577d  CLB4_ISR                                 
0     00085787  CLB5_ISR                                 
0     00085791  CLB6_ISR                                 
0     0008579b  CLB7_ISR                                 
0     000857a5  CLB8_ISR                                 
0     000857af  CMTOCPUXIPC0_ISR                         
0     000857b9  CMTOCPUXIPC1_ISR                         
0     000857c3  CMTOCPUXIPC2_ISR                         
0     000857cd  CMTOCPUXIPC3_ISR                         
0     000857d7  CMTOCPUXIPC4_ISR                         
0     000857e1  CMTOCPUXIPC5_ISR                         
0     000857eb  CMTOCPUXIPC6_ISR                         
0     000857f5  CMTOCPUXIPC7_ISR                         
[...]
0     000823dc  SysCtl_isPLLValid                        
0     000824f4  SysCtl_setAuxClock                       
0     0008260c  updateLedStatus                          
0     0008271f  GPIO_SetupPinMux                         
0     0008281c  GPIO_SetupPinOptions                     
0     00082907  CAN_setupMessageObject                   
0     000829e2  DCC_verifyClockFrequency                 
0     00082aad  updateEpwm7aStatus                       
0     00082b77  CAN_setBitRate                           
0     00082c35  AdcSetMode                               
0     00082cf0  isrScia_SCI_PC                           
0     00082d9e  Initial_LED                              
0     00082e33  InitAdcModules                           
0     00082ec4  SysCtl_getAuxClock                       
0     00082f55  __c28xabi_divf                           
0     00082fdd  SPI_setConfig                            
0     0008305b  GPIO_setControllerCore                   
0     000830d1  GPIO_setQualificationMode                
0     000832a2  InitialCana                              
0     00083315  SysCtl_getClock                          
0     00083388  CAN_sendMessage                          
0     000833fa  Device_init                              
0     00083469  GPIO_setPadConfig                        
0     000834d8  CAN_readMessage                          
0     000835a4  CAN_setBitTiming                         
0     00083668  SysCtl_selectOscSourceAuxPLL             
0     000836c6  IPC_readCommand                          
0     00083723  IPC_sendCommand                          
0     00083780  initGpioDoutLed                          
0     000837db  recvSciPcMessage                         
0     00083830  Initial_TIMER                            
0     000838d5  updateAdcData                            
0     00083926  GPIO_setDirectionMode                    
0     00083a0a  SCI_setConfig                            
0     00083a9c  SysCtl_selectOscSource                   
0     00083b29  CAN_clearInterruptStatus                 
0     00083b6f  recvIpcCmMessage                         
0     00083bb5  SCI_clearInterruptStatus                 
0     00083bfa  SCI_disableInterrupt                     
0     00083d0b  SCI_enableInterrupt                      
0     00083d4f  isr_CpuTimer1                            
0     00083dd6  isr_CpuTimer2                            
0     00083e5b  Initial_Epwm7a                           
0     00083e9c  SCI_writeCharArray                       
0     00083f5d  SysCtl_selectXTAL                        
0     00083f9d  isr_CpuTimer0                            
0     0008403f  CalAdcINL                                
0     0008407c  Interrupt_initModule                     
0     0008416c  SCI_readCharArray                        
0     0008428d  GPIO_setPinConfig                        
0     000842c4  Interrupt_enable                         
0     000842fb  IPC_registerInterrupt                    
0     00084365  updateCanStatus                          
0     00084396  __TI_decompress_lzss                     
0     00084424  sendScia_SCI_PC                          
0     000844ae  sendCanMessage                           
0     000844da  Init_Eqep1Gpio                           
0     00084505  __TI_auto_init_nobinit_nopinit           
0     00084530  C$$EXIT                                  
0     00084530  abort                                    
0     00084532  exit                                     
0     00084559  EEPROM_WriteByte                         
0     0008457f  EqeptoEncoder                            
0     000845cb  EEPROM_ReadByte                          
0     000845f0  SysCtl_controlCMReset                    
0     00084615  SysCtl_selectXTALSingleEnded             
0     0008463a  recvCanMessage                           
0     000846a7  SysCtl_getLowSpeedClock                  
0     000846cb  main                                     
0     00084755  Device_initGPIO                          
0     00084776  updateEepromStatus                       
0     00084797  updateTactStatus                         
0     0008488e  Device_verifyXTAL                        
0     000848e8  Interrupt_initVectorTable                
0     00084997  memcpy                                   
0     000849b4  CAN_initModule                           
0     00084a5c  setLedStatus                             
0     00084a78  updateLoopbackTest                       
0     00084ae5  Init_Eqep1                               
0     00084c70  _c_int00                                 
0     00084e2e  initEPWM8                                
0     00084e45  initGpioDinTact                          
0     00084e5c  setLedModeToggle                         
0     00084ee1  Device_bootCM                            
0     00084ef7  Interrupt_defaultHandler                 
0     00085009  sendIpcMessageToCM                       
0     0008501e  updateHwSwitchStatus2                    
0     0008515f  xmtScia_SCI_PC                           
0     00085186  CPUTimer_setEmulationMode                
0     00085199  Device_enableUnbondedGPIOPullupsFor176Pin
0     000851e5  Initial_IPC_Mastership                   
0     00085256  DSP_Initialization                       
0     00085319  Device_enableUnbondedGPIOPullups         
0     000853d2  EEPROM_WriteEnable                       
0     0008544f  InitialAdc                               
0     000854b8  SendCanaMessage                          
0     00085539  updateCanXmtData                         
0     00085547  EMPTY_ISR                                
0     00085554  Initial_IPC                              
0     00085595  Initial_CAN                              
0     000855a1  _args_main                               
0     000855d9  ADCA1_ISR                                
0     000855e3  ADCA2_ISR                                
0     000855ed  ADCA3_ISR                                
0     000855f7  ADCA4_ISR                                
0     00085601  ADCA_EVT_ISR                             
0     0008560b  ADCB1_ISR                                
0     00085615  ADCB2_ISR                                
0     0008561f  ADCB3_ISR                                
0     00085629  ADCB4_ISR                                
0     00085633  ADCB_EVT_ISR                             
0     0008563d  ADCC1_ISR                                
0     00085647  ADCC2_ISR                                
0     00085651  ADCC3_ISR                                
0     0008565b  ADCC4_ISR                                
0     00085665  ADCC_EVT_ISR                             
0     0008566f  ADCD1_ISR                                
0     00085679  ADCD2_ISR                                
0     00085683  ADCD3_ISR                                
0     0008568d  ADCD4_ISR                                
0     00085697  ADCD_EVT_ISR                             
0     000856a1  CANA0_ISR                                
0     000856ab  CANA1_ISR                                
0     000856b5  CANB0_ISR                                
0     000856bf  CANB1_ISR                                
0     000856c9  CIPC0_ISR                                
0     000856d3  CIPC1_ISR                                
0     000856dd  CIPC2_ISR                                
0     000856e7  CIPC3_ISR                                
0     000856f1  CLA1CRC_ISR                              
0     000856fb  CLA1_1_ISR                               
0     00085705  CLA1_2_ISR                               
0     0008570f  CLA1_3_ISR                               
0     00085719  CLA1_4_ISR                               
0     00085723  CLA1_5_ISR                               
0     0008572d  CLA1_6_ISR                               
0     00085737  CLA1_7_ISR                               
0     00085741  CLA1_8_ISR                               
0     0008574b  CLA_OVERFLOW_ISR                         
0     00085755  CLA_UNDERFLOW_ISR                        
0     0008575f  CLB1_ISR                                 
0     00085769  CLB2_ISR                                 
0     00085773  CLB3_ISR                                 
0     0008577d  CLB4_ISR                                 
0     00085787  CLB5_ISR                                 
0     00085791  CLB6_ISR                                 
0     0008579b  CLB7_ISR                                 
0     000857a5  CLB8_ISR                                 
0     000857af  CMTOCPUXIPC0_ISR                         
0     000857b9  CMTOCPUXIPC1_ISR                         
0     000857c3  CMTOCPUXIPC2_ISR                         
0     000857cd  CMTOCPUXIPC3_ISR                         
0     000857d7  CMTOCPUXIPC4_ISR                         
0     000857e1  CMTOCPUXIPC5_ISR                         
0     000857eb  CMTOCPUXIPC6_ISR                         
0     000857f5  CMTOCPUXIPC7_ISR                         
0     000857ff  CM_STATUS_ISR                            
0     00085809  CPUCRC_ISR                               
0     00085813  DATALOG_ISR                              
0     0008581d  DMA_CH1_ISR                              
0     00085827  DMA_CH2_ISR                              
0     00085831  DMA_CH3_ISR                              
0     0008583b  DMA_CH4_ISR                              
0     00085845  DMA_CH5_ISR                              
0     0008584f  DMA_CH6_ISR                              
0     00085859  ECAP1_ISR                                
0     00085863  ECAP2_ISR                                
0     0008586d  ECAP3_ISR                                
0     00085877  ECAP4_ISR                                
0     00085881  ECAP5_ISR                                
0     0008588b  ECAP6_2_ISR                              
0     00085895  ECAP6_ISR                                
0     0008589f  ECAP7_2_ISR                              
0     000858a9  ECAP7_ISR                                
0     000858b3  ECATRST_ISR                              
0     000858bd  ECATSYNC0_ISR                            
0     000858c7  ECATSYNC1_ISR                            
0     000858d1  ECAT_ISR                                 
0     000858db  EMU_ISR                                  
0     000858e5  EPWM10_ISR                               
0     000858ef  EPWM10_TZ_ISR                            
0     000858f9  EPWM11_ISR                               
0     00085903  EPWM11_TZ_ISR                            
0     0008590d  EPWM12_ISR                               
0     00085917  EPWM12_TZ_ISR                            
0     00085921  EPWM13_ISR                               
0     0008592b  EPWM13_TZ_ISR                            
0     00085935  EPWM14_ISR                               
0     0008593f  EPWM14_TZ_ISR                            
0     00085949  EPWM15_ISR                               
0     00085953  EPWM15_TZ_ISR                            
0     0008595d  EPWM16_ISR                               
0     00085967  EPWM16_TZ_ISR                            
0     00085971  EPWM1_ISR                                
0     0008597b  EPWM1_TZ_ISR                             
0     00085985  EPWM2_ISR                                
0     0008598f  EPWM2_TZ_ISR                             
0     00085999  EPWM3_ISR                                
0     000859a3  EPWM3_TZ_ISR                             
0     000859ad  EPWM4_ISR                                
0     000859b7  EPWM4_TZ_ISR                             
0     000859c1  EPWM5_ISR                                
0     000859cb  EPWM5_TZ_ISR                             
0     000859d5  EPWM6_ISR                                
0     000859df  EPWM6_TZ_ISR                             
0     000859e9  EPWM7_ISR                                
0     000859f3  EPWM7_TZ_ISR                             
0     000859fd  EPWM8_ISR                                
0     00085a07  EPWM8_TZ_ISR                             
0     00085a11  EPWM9_ISR                                
0     00085a1b  EPWM9_TZ_ISR                             
0     00085a25  EQEP1_ISR                                
0     00085a2f  EQEP2_ISR                                
0     00085a39  EQEP3_ISR                                
0     00085a43  FMC_ISR                                  
0     00085a4d  FPU_OFLOW_ISR                            
0     00085a57  FPU_UFLOW_ISR                            
0     00085a61  FSIRXA1_ISR                              
0     00085a6b  FSIRXA2_ISR                              
0     00085a75  FSIRXB1_ISR                              
0     00085a7f  FSIRXB2_ISR                              
0     00085a89  FSIRXC1_ISR                              
0     00085a93  FSIRXC2_ISR                              
0     00085a9d  FSIRXD1_ISR                              
0     00085aa7  FSIRXD2_ISR                              
0     00085ab1  FSIRXE1_ISR                              
0     00085abb  FSIRXE2_ISR                              
0     00085ac5  FSIRXF1_ISR                              
0     00085acf  FSIRXF2_ISR                              
0     00085ad9  FSIRXG1_ISR                              
0     00085ae3  FSIRXG2_ISR                              
0     00085aed  FSIRXH1_ISR                              
0     00085af7  FSIRXH2_ISR                              
0     00085b01  FSITXA1_ISR                              
0     00085b0b  FSITXA2_ISR                              
0     00085b15  FSITXB1_ISR                              
0     00085b1f  FSITXB2_ISR                              
0     00085b29  I2CA_FIFO_ISR                            
0     00085b33  I2CA_HIGH_ISR                            
0     00085b3d  I2CA_ISR                                 
0     00085b47  I2CB_FIFO_ISR                            
0     00085b51  I2CB_ISR                                 
0     00085b5b  ILLEGAL_ISR                              
0     00085b65  Interrupt_illegalOperationHandler        
0     00085b6f  Interrupt_nmiHandler                     
0     00085b79  MCANA_0_ISR                              
0     00085b83  MCANA_1_ISR                              
0     00085b8d  MCANA_ECC_ISR                            
0     00085b97  MCANA_WAKE_ISR                           
0     00085ba1  MCBSPA_RX_ISR                            
0     00085bab  MCBSPA_TX_ISR                            
0     00085bb5  MCBSPB_RX_ISR                            
0     00085bbf  MCBSPB_TX_ISR                            
0     00085bc9  MPOST_ISR                                
0     00085bd3  NMI_ISR                                  
0     00085bdd  NOTUSED_ISR                              
0     00085be7  PIE_RESERVED_ISR                         
0     00085bf1  PMBUSA_ISR                               
0     00085bfb  RTOS_ISR                                 
0     00085c05  SCIA_RX_ISR                              
0     00085c0f  SCIA_TX_ISR                              
0     00085c19  SCIB_RX_ISR                              
0     00085c23  SCIB_TX_ISR                              
0     00085c2d  SCIC_RX_ISR                              
0     00085c37  SCIC_TX_ISR                              
0     00085c41  SCID_RX_ISR                              
0     00085c4b  SCID_TX_ISR                              
0     00085c55  SDFM1DR1_ISR                             
0     00085c5f  SDFM1DR2_ISR                             
0     00085c69  SDFM1DR3_ISR                             
0     00085c73  SDFM1DR4_ISR                             
0     00085c7d  SDFM1_ISR                                
0     00085c87  SDFM2DR1_ISR                             
0     00085c91  SDFM2DR2_ISR                             
0     00085c9b  SDFM2DR3_ISR                             
0     00085ca5  SDFM2DR4_ISR                             
0     00085caf  SDFM2_ISR                                
0     00085cb9  SPIA_RX_ISR                              
0     00085cc3  SPIA_TX_ISR                              
0     00085ccd  SPIB_RX_ISR                              
0     00085cd7  SPIB_TX_ISR                              
0     00085ce1  SPIC_RX_ISR                              
0     00085ceb  SPIC_TX_ISR                              
0     00085cf5  SPID_RX_ISR                              
0     00085cff  SPID_TX_ISR                              
0     00085d09  SYS_ERR_ISR                              
0     00085d13  TIMER0_ISR                               
0     00085d1d  TIMER1_ISR                               
0     00085d27  TIMER2_ISR                               
0     00085d31  USBA_ISR                                 
0     00085d3b  USER10_ISR                               
0     00085d45  USER11_ISR                               
0     00085d4f  USER12_ISR                               
0     00085d59  USER1_ISR                                
0     00085d63  USER2_ISR                                
0     00085d6d  USER3_ISR                                
0     00085d77  USER4_ISR                                
0     00085d81  USER5_ISR                                
0     00085d8b  USER6_ISR                                
0     00085d95  USER7_ISR                                
0     00085d9f  USER8_ISR                                
0     00085da9  USER9_ISR                                
0     00085db3  WAKE_ISR                                 
0     00085dbd  XINT1_ISR                                
0     00085dc7  XINT2_ISR                                
0     00085dd1  XINT3_ISR                                
0     00085ddb  XINT4_ISR                                
0     00085de5  XINT5_ISR                                
0     00085e0a  _register_unlock                         
0     00085e0e  _register_lock                           
0     00085e12  _nop                                     
0     00085e13  EEPROM_Init                              
0     00085e1b  Initial_Adc                              
0     00085e2b  __TI_decompress_none                     
0     00085e3b  Initial_SCI                              
0     00085e42  Initial_Tact                             
0     00085e50  __error__                                
0     00085e65  memset                                   
0     00085e8a  __TI_zero_init                           
0     00085e95  Initial_SPI                              
0     00085ead  InitialCan                               
0     00085eb3  _system_pre_init                         
0     00085eb5  _system_post_cinit                       
0     00086000  RamfuncsLoadStart                        
0     00086295  RamfuncsLoadEnd                          
0     0008800e  __TI_Handler_Table_Base                  
0     00088014  __TI_Handler_Table_Limit                 
0     00088018  __TI_CINIT_Base                          
0     00088020  __TI_CINIT_Limit                         
0     00088020  __TI_CINIT_Warm                          
0     00090000  PieVectTableInit                         
0     000905fc  IPC_Instance                             
1     00007400  AdcaRegs                                 
1     00007480  AdcbRegs                                 
1     00007500  AdccRegs                                 
1     00007580  AdcdRegs                                 
1     00007c00  GpioCtrlRegs                             
abs   00000100  __TI_STACK_SIZE                          
abs   00000295  RamfuncsLoadSize                         
abs   00000295  RamfuncsRunSize                          
abs   ffffffff  __TI_pprof_out_hndl                      
abs   ffffffff  __TI_prof_data_size                      
abs   ffffffff  __TI_prof_data_start                     
n/a   UNDEFED   __c_args__                               

[388 symbols]
