******************************************************************************
             TMS320C2000 Linker PC v25.11.0                    
******************************************************************************
>> Linked Mon Jun  8 13:21:19 2026

OUTPUT FILE NAME:   <TMDSCNCD28388D_T_CPU1.out>
ENTRY POINT SYMBOL: "code_start"  address: 00000000


MEMORY CONFIGURATION

         name            origin    length      used     unused   attr    fill
----------------------  --------  ---------  --------  --------  ----  --------
PAGE 0:
  BEGIN                 00000000   00000002  00000002  00000000  RWIX
  BOOT_RSVD             00000002   000001af  00000000  000001af  RWIX
  RAMM0                 000001b1   0000024f  0000002a  00000225  RWIX
  RAMM1                 00000400   000003f8  00000100  000002f8  RWIX
  RAMLS0                00008000   00000800  00000800  00000000  RWIX
  RAMLS1                00008800   00000800  00000800  00000000  RWIX
  RAMLS2                00009000   00000800  00000800  00000000  RWIX
  RAMLS3                00009800   00000800  00000143  000006bd  RWIX
  RAMLS4                0000a000   00000800  00000000  00000800  RWIX
  RAMLS5                0000a800   00000800  0000056e  00000292  RWIX
  RAMLS6                0000b000   00000800  00000000  00000800  RWIX
  RAMLS7                0000b800   00000800  00000000  00000800  RWIX
  RAMD0                 0000c000   00000800  00000800  00000000  RWIX
  RAMD1                 0000c800   00000800  00000800  00000000  RWIX
  RAMGS0                0000d000   00001000  00000000  00001000  RWIX
  RAMGS1                0000e000   00001000  00000000  00001000  RWIX
  RAMGS2                0000f000   00001000  00000000  00001000  RWIX
  RAMGS3                00010000   00001000  00000000  00001000  RWIX
  RAMGS4                00011000   00001000  00000000  00001000  RWIX
  RAMGS5                00012000   00001000  00000000  00001000  RWIX
  RAMGS6                00013000   00001000  00000000  00001000  RWIX
  RAMGS7                00014000   00001000  00000000  00001000  RWIX
  RAMGS8                00015000   00001000  00000000  00001000  RWIX
  RAMGS9                00016000   00001000  00000000  00001000  RWIX
  RAMGS10               00017000   00001000  00000000  00001000  RWIX
  RAMGS11               00018000   00001000  00000000  00001000  RWIX
  RAMGS12               00019000   00001000  00000000  00001000  RWIX
  RAMGS13               0001a000   00001000  00000000  00001000  RWIX
  RAMGS14               0001b000   00001000  00000000  00001000  RWIX
  RAMGS15               0001c000   00000ff8  00000000  00000ff8  RWIX
  CMTOCPURAM            00038000   00000800  00000088  00000778  RWIX
  CPUTOCMRAM            00039000   00000800  00000088  00000778  RWIX
  CPU1TOCPU2RAM         0003a000   00000800  00000088  00000778  RWIX
  CPU2TOCPU1RAM         0003b000   00000800  00000088  00000778  RWIX
  CANA_MSG_RAM          00049000   00000800  00000000  00000800  RWIX
  CANB_MSG_RAM          0004b000   00000800  00000000  00000800  RWIX
  FLASH0                00080000   00002000  00000000  00002000  RWIX
  FLASH1                00082000   00002000  00000000  00002000  RWIX
  FLASH2                00084000   00002000  00000000  00002000  RWIX
  FLASH3                00086000   00002000  00000000  00002000  RWIX
  FLASH4                00088000   00008000  00000000  00008000  RWIX
  FLASH5                00090000   00008000  00000000  00008000  RWIX
  FLASH6                00098000   00008000  00000000  00008000  RWIX
  FLASH7                000a0000   00008000  00000000  00008000  RWIX
  FLASH8                000a8000   00008000  00000000  00008000  RWIX
  FLASH9                000b0000   00008000  00000000  00008000  RWIX
  FLASH10               000b8000   00002000  00000000  00002000  RWIX
  FLASH11               000ba000   00002000  00000000  00002000  RWIX
  FLASH12               000bc000   00002000  00000000  00002000  RWIX
  FLASH13               000be000   00002000  00000000  00002000  RWIX
  RESET                 003fffc0   00000002  00000000  00000002  RWIX

PAGE 1:
  ADCARESULT            00000b00   00000018  00000000  00000018  RWIX
  ADCBRESULT            00000b20   00000018  00000000  00000018  RWIX
  ADCCRESULT            00000b40   00000018  00000000  00000018  RWIX
  ADCDRESULT            00000b60   00000018  00000000  00000018  RWIX
  CPUTIMER0             00000c00   00000008  00000000  00000008  RWIX
  CPUTIMER1             00000c08   00000008  00000000  00000008  RWIX
  CPUTIMER2             00000c10   00000008  00000000  00000008  RWIX
  PIECTRL               00000ce0   0000001a  00000000  0000001a  RWIX
  PIEVECTTABLE          00000d00   00000200  00000000  00000200  RWIX
  DMA                   00001000   00000200  00000000  00000200  RWIX
  CLA1                  00001400   00000080  00000000  00000080  RWIX
  CLB1LOGICCFG          00003000   00000052  00000000  00000052  RWIX
  CLB1LOGICCTRL         00003100   00000040  00000000  00000040  RWIX
  CLB1DATAEXCH          00003180   00000080  00000000  00000080  RWIX
  CLB2LOGICCFG          00003200   00000052  00000000  00000052  RWIX
  CLB2LOGICCTRL         00003300   00000040  00000000  00000040  RWIX
  CLB2DATAEXCH          00003380   00000080  00000000  00000080  RWIX
  CLB3LOGICCFG          00003400   00000052  00000000  00000052  RWIX
  CLB3LOGICCTRL         00003500   00000040  00000000  00000040  RWIX
  CLB3DATAEXCH          00003580   00000080  00000000  00000080  RWIX
  CLB4LOGICCFG          00003600   00000052  00000000  00000052  RWIX
  CLB4LOGICCTRL         00003700   00000040  00000000  00000040  RWIX
  CLB4DATAEXCH          00003780   00000080  00000000  00000080  RWIX
  CLB5LOGICCFG          00003800   00000052  00000000  00000052  RWIX
  CLB5LOGICCTRL         00003900   00000040  00000000  00000040  RWIX
  CLB5DATAEXCH          00003980   00000080  00000000  00000080  RWIX
  CLB6LOGICCFG          00003a00   00000052  00000000  00000052  RWIX
  CLB6LOGICCTRL         00003b00   00000040  00000000  00000040  RWIX
  CLB6DATAEXCH          00003b80   00000080  00000000  00000080  RWIX
  CLB7LOGICCFG          00003c00   00000052  00000000  00000052  RWIX
  CLB7LOGICCTRL         00003d00   00000040  00000000  00000040  RWIX
  CLB7DATAEXCH          00003d80   00000080  00000000  00000080  RWIX
  CLB8LOGICCFG          00003e00   00000052  00000000  00000052  RWIX
  CLB8LOGICCTRL         00003f00   00000040  00000000  00000040  RWIX
  CLB8DATAEXCH          00003f80   00000080  00000000  00000080  RWIX
  EPWM1                 00004000   00000100  00000000  00000100  RWIX
  EPWM2                 00004100   00000100  00000000  00000100  RWIX
  EPWM3                 00004200   00000100  00000000  00000100  RWIX
  EPWM4                 00004300   00000100  00000000  00000100  RWIX
  EPWM5                 00004400   00000100  00000000  00000100  RWIX
  EPWM6                 00004500   00000100  00000000  00000100  RWIX
  EPWM7                 00004600   00000100  00000000  00000100  RWIX
  EPWM8                 00004700   00000100  00000000  00000100  RWIX
  EPWM9                 00004800   00000100  00000000  00000100  RWIX
  EPWM10                00004900   00000100  00000000  00000100  RWIX
  EPWM11                00004a00   00000100  00000000  00000100  RWIX
  EPWM12                00004b00   00000100  00000000  00000100  RWIX
  EPWM13                00004c00   00000100  00000000  00000100  RWIX
  EPWM14                00004d00   00000100  00000000  00000100  RWIX
  EPWM15                00004e00   00000100  00000000  00000100  RWIX
  EPWM16                00004f00   00000100  00000000  00000100  RWIX
  EQEP1                 00005100   00000040  00000000  00000040  RWIX
  EQEP2                 00005140   00000040  00000000  00000040  RWIX
  EQEP3                 00005180   00000040  00000000  00000040  RWIX
  ECAP1                 00005200   00000020  00000000  00000020  RWIX
  ECAP2                 00005240   00000020  00000000  00000020  RWIX
  ECAP3                 00005280   00000020  00000000  00000020  RWIX
  ECAP4                 000052c0   00000020  00000000  00000020  RWIX
  ECAP5                 00005300   00000020  00000000  00000020  RWIX
  ECAP6                 00005340   00000020  00000000  00000020  RWIX
  HRCAP6                00005360   00000020  00000000  00000020  RWIX
  ECAP7                 00005380   00000020  00000000  00000020  RWIX
  HRCAP7                000053a0   00000020  00000000  00000020  RWIX
  DACA                  00005c00   00000008  00000000  00000008  RWIX
  DACB                  00005c10   00000008  00000000  00000008  RWIX
  DACC                  00005c20   00000008  00000000  00000008  RWIX
  CMPSS1                00005c80   00000020  00000000  00000020  RWIX
  CMPSS2                00005ca0   00000020  00000000  00000020  RWIX
  CMPSS3                00005cc0   00000020  00000000  00000020  RWIX
  CMPSS4                00005ce0   00000020  00000000  00000020  RWIX
  CMPSS5                00005d00   00000020  00000000  00000020  RWIX
  CMPSS6                00005d20   00000020  00000000  00000020  RWIX
  CMPSS7                00005d40   00000020  00000000  00000020  RWIX
  CMPSS8                00005d60   00000020  00000000  00000020  RWIX
  SDFM1                 00005e00   00000080  00000000  00000080  RWIX
  SDFM2                 00005e80   00000080  00000000  00000080  RWIX
  MCBSPA                00006000   00000024  00000000  00000024  RWIX
  MCBSPB                00006040   00000024  00000000  00000024  RWIX
  SPIA                  00006100   00000010  00000000  00000010  RWIX
  SPIB                  00006110   00000010  00000000  00000010  RWIX
  SPIC                  00006120   00000010  00000000  00000010  RWIX
  SPID                  00006130   00000010  00000000  00000010  RWIX
  BGCRCCPU              00006340   00000040  00000000  00000040  RWIX
  BGCRCCLA1             00006380   00000040  00000000  00000040  RWIX
  PMBUSA                00006400   00000020  00000000  00000020  RWIX
  FSITXA                00006600   00000050  00000000  00000050  RWIX
  FSIRXA                00006680   00000050  00000000  00000050  RWIX
  FSITXB                00006700   00000050  00000000  00000050  RWIX
  FSIRXB                00006780   00000050  00000000  00000050  RWIX
  FSIRXC                00006880   00000050  00000000  00000050  RWIX
  FSIRXD                00006980   00000050  00000000  00000050  RWIX
  FSIRXE                00006a80   00000050  00000000  00000050  RWIX
  FSIRXF                00006b80   00000050  00000000  00000050  RWIX
  FSIRXG                00006c80   00000050  00000000  00000050  RWIX
  FSIRXH                00006d80   00000050  00000000  00000050  RWIX
  WD                    00007000   0000002c  00000000  0000002c  RWIX
  NMIINTRUPT            00007060   00000010  00000000  00000010  RWIX
  XINT                  00007070   0000000c  00000000  0000000c  RWIX
  SCIA                  00007200   00000010  00000000  00000010  RWIX
  SCIB                  00007210   00000010  00000000  00000010  RWIX
  SCIC                  00007220   00000010  00000000  00000010  RWIX
  SCID                  00007230   00000010  00000000  00000010  RWIX
  I2CA                  00007300   00000022  00000000  00000022  RWIX
  I2CB                  00007340   00000022  00000000  00000022  RWIX
  ADCA                  00007400   00000080  00000000  00000080  RWIX
  ADCB                  00007480   00000080  00000000  00000080  RWIX
  ADCC                  00007500   00000080  00000000  00000080  RWIX
  ADCD                  00007580   00000080  00000000  00000080  RWIX
  INPUTXBAR             00007900   00000020  00000000  00000020  RWIX
  XBAR                  00007920   00000020  00000000  00000020  RWIX
  SYNCSOC               00007940   00000006  00000000  00000006  RWIX
  CLBINPUTXBAR          00007960   00000020  00000000  00000020  RWIX
  DMACLASRCSEL          00007980   0000001a  00000000  0000001a  RWIX
  EPWMXBAR              00007a00   00000040  00000000  00000040  RWIX
  CLBXBAR               00007a40   00000040  00000000  00000040  RWIX
  OUTPUTXBAR            00007a80   00000040  00000000  00000040  RWIX
  CLBOUTPUTXBAR         00007bc0   00000040  00000000  00000040  RWIX
  GPIOCTRL              00007c00   00000200  00000000  00000200  RWIX
  GPIODATA              00007f00   00000040  00000000  00000040  RWIX
  GPIODATAREAD          00007f80   00000010  00000000  00000010  RWIX
  EMIF1                 00047000   00000070  00000000  00000070  RWIX
  EMIF2                 00047800   00000070  00000000  00000070  RWIX
  CANA                  00048000   00000200  00000000  00000200  RWIX
  CANB                  0004a000   00000200  00000000  00000200  RWIX
  ESCSS                 00057e00   00000024  00000000  00000024  RWIX
  ESCSSCONFIG           00057f00   00000016  00000000  00000016  RWIX
  MCANASS               0005c400   0000002c  00000000  0000002c  RWIX
  MCANA                 0005c600   00000100  00000000  00000100  RWIX
  MCANAERR              0005c800   00000210  00000000  00000210  RWIX
  CPU1TOCPU2IPC         0005ce00   00000026  00000000  00000026  RWIX
  CPU1TOCMIPC           0005ce40   00000026  00000000  00000026  RWIX
  DEVCFG                0005d000   000001a0  00000000  000001a0  RWIX
  CLKCFG                0005d200   00000100  00000000  00000100  RWIX
  CPUSYS                0005d300   000000a0  00000000  000000a0  RWIX
  SYSSTATUS             0005d400   00000100  00000000  00000100  RWIX
  SYSPERIPHAC           0005d500   00000200  00000000  00000200  RWIX
  ANALOGSUBSYS          0005d700   00000100  0000003e  000000c2  RWIX
  CMCONF                0005dc00   00000400  00000000  00000400  RWIX
  DCC0                  0005e700   00000038  00000000  00000038  RWIX
  DCC1                  0005e740   00000038  00000000  00000038  RWIX
  DCC2                  0005e780   00000038  00000000  00000038  RWIX
  ERADGLOBAL            0005e800   00000014  00000000  00000014  RWIX
  ERADHWBP1             0005e900   00000008  00000000  00000008  RWIX
  ERADHWBP2             0005e908   00000008  00000000  00000008  RWIX
  ERADHWBP3             0005e910   00000008  00000000  00000008  RWIX
  ERADHWBP4             0005e918   00000008  00000000  00000008  RWIX
  ERADHWBP5             0005e920   00000008  00000000  00000008  RWIX
  ERADHWBP6             0005e928   00000008  00000000  00000008  RWIX
  ERADHWBP7             0005e930   00000008  00000000  00000008  RWIX
  ERADHWBP8             0005e938   00000008  00000000  00000008  RWIX
  ERADCOUNTER1          0005e980   00000010  00000000  00000010  RWIX
  ERADCOUNTER2          0005e990   00000010  00000000  00000010  RWIX
  ERADCOUNTER3          0005e9a0   00000010  00000000  00000010  RWIX
  ERADCOUNTER4          0005e9b0   00000010  00000000  00000010  RWIX
  ERADCRCGLOBAL         0005ea00   00000010  00000000  00000010  RWIX
  ERADCRC1              0005ea10   00000010  00000000  00000010  RWIX
  ERADCRC2              0005ea20   00000010  00000000  00000010  RWIX
  ERADCRC3              0005ea30   00000010  00000000  00000010  RWIX
  ERADCRC4              0005ea40   00000010  00000000  00000010  RWIX
  ERADCRC5              0005ea50   00000010  00000000  00000010  RWIX
  ERADCRC6              0005ea60   00000010  00000000  00000010  RWIX
  ERADCRC7              0005ea70   00000010  00000000  00000010  RWIX
  ERADCRC8              0005ea80   00000010  00000000  00000010  RWIX
  DCSMZ1                0005f000   0000003e  00000000  0000003e  RWIX
  DCSMZ2                0005f080   0000003e  00000000  0000003e  RWIX
  DCSMCOMMON            0005f0c0   00000020  00000000  00000020  RWIX
  MEMCFG                0005f400   000000c0  00000000  000000c0  RWIX
  EMIF1CONFIG           0005f4c0   00000020  00000000  00000020  RWIX
  EMIF2CONFIG           0005f4e0   00000020  00000000  00000020  RWIX
  ACCESSPROTECTION      0005f500   00000040  00000000  00000040  RWIX
  MEMORYERROR           0005f540   00000040  00000000  00000040  RWIX
  ROMWAITSTATE          0005f580   00000008  00000000  00000008  RWIX
  ROMPREFETCH           0005f588   00000008  00000000  00000008  RWIX
  TESTERROR             0005f590   00000010  00000000  00000010  RWIX
  FLASH0CTRL            0005f800   00000182  00000000  00000182  RWIX
  FLASH0ECC             0005fb00   00000028  00000000  00000028  RWIX
  UID                   00070200   00000010  00000000  00000010  RWIX
  DCSMZ1OTP             00078000   00000020  00000000  00000020  RWIX
  DCSMZ2OTP             00078200   00000020  00000000  00000020  RWIX


SECTION ALLOCATION MAP

 output                                  attributes/
section   page    origin      length       input sections
--------  ----  ----------  ----------   ----------------
codestart 
*          0    00000000    00000002     
                  00000000    00000002     f2838x_codestartbranch.obj (codestart)

.cinit     0    000001ba    00000022     
                  000001ba    0000000f     (.cinit..data.load) [load image, compression = lzss]
                  000001c9    00000001     --HOLE-- [fill = 0]
                  000001ca    00000006     (__TI_handler_table)
                  000001d0    00000004     (.cinit..bss.load) [load image, compression = zero_init]
                  000001d4    00000008     (__TI_cinit_table)

.reset     0    003fffc0    00000000     DSECT

.stack     0    00000400    00000100     UNINITIALIZED
                  00000400    00000100     --HOLE--

.data      0    0000a800    00000014     UNINITIALIZED
                  0000a800    00000006     csu_IPC.obj (.data)
                  0000a806    00000006     rts2800_fpu64_eabi.lib : exit.c.obj (.data)
                  0000a80c    00000002                            : _lock.c.obj (.data:_lock)
                  0000a80e    00000002                            : _lock.c.obj (.data:_unlock)
                  0000a810    00000002     csu_Adc.obj (.data)
                  0000a812    00000001     hal_Adc.obj (.data)
                  0000a813    00000001     hal_IPC.obj (.data)

.bss       0    0000ac40    0000012f     UNINITIALIZED
                  0000ac40    00000101     hal_Sci.obj (.bss)
                  0000ad41    0000001e     csu_LED.obj (.bss)
                  0000ad5f    00000001     --HOLE--
                  0000ad60    00000006     f2838x_tempsensorconv.obj (.bss)
                  0000ad66    00000006     hal_Timer.obj (.bss)
                  0000ad6c    00000003     csu_SCI_PC.obj (.bss)

.init_array 
*          0    000001b1    00000000     UNINITIALIZED

.const     0    0000a814    0000042b     
                  0000a814    0000001d     interrupt.obj (.const:.string)
                  0000a831    0000000f     --HOLE-- [fill = 0]
                  0000a840    000001c0     f2838x_pievect.obj (.const)
                  0000aa00    00000088     ipc.obj (.const:IPC_Instance)
                  0000aa88    00000079     hal_Timer.obj (.const:.string)
                  0000ab01    00000001     --HOLE-- [fill = 0]
                  0000ab02    00000031     sysctl.obj (.const:.string)
                  0000ab33    00000001     --HOLE-- [fill = 0]
                  0000ab34    00000030     gpio.obj (.const:.string)
                  0000ab64    0000002f     dcc.obj (.const:.string)
                  0000ab93    00000001     --HOLE-- [fill = 0]
                  0000ab94    0000002f     sci.obj (.const:.string)
                  0000abc3    00000001     --HOLE-- [fill = 0]
                  0000abc4    0000002f     spi.obj (.const:.string)
                  0000abf3    00000001     --HOLE-- [fill = 0]
                  0000abf4    0000001c     cputimer.obj (.const:.string)
                  0000ac10    00000017     adc.obj (.const:.string)
                  0000ac27    00000001     --HOLE-- [fill = 0]
                  0000ac28    00000017     ipc.obj (.const:.string)

MSGRAM_CM_TO_CPU 
*          0    00038000    00000088     UNINITIALIZED
                  00038000    00000088     ipc.obj (MSGRAM_CM_TO_CPU)

MSGRAM_CPU_TO_CM 
*          0    00039000    00000088     UNINITIALIZED
                  00039000    00000088     ipc.obj (MSGRAM_CPU_TO_CM)

MSGRAM_CPU1_TO_CPU2 
*          0    0003a000    00000088     UNINITIALIZED
                  0003a000    00000088     ipc.obj (MSGRAM_CPU1_TO_CPU2)

MSGRAM_CPU2_TO_CPU1 
*          0    0003b000    00000088     UNINITIALIZED
                  0003b000    00000088     ipc.obj (MSGRAM_CPU2_TO_CPU1)

.TI.ramfunc 
*          0    000001b1    00000008     
                  000001b1    00000004     f2838x_usdelay.obj (.TI.ramfunc)
                  000001b5    00000004     sysctl.obj (.TI.ramfunc)

AnalogSubsysRegsFile 
*          1    0005d700    0000003e     UNINITIALIZED
                  0005d700    0000003e     f2838x_globalvariabledefs.obj (AnalogSubsysRegsFile)

dcsm_z1otp_link_pointer 
*          0    00000000    00000000     

dcsm_z1otp_jlm_enable 
*          0    00000000    00000000     

dcsm_z1otp_gpreg 
*          0    00000000    00000000     

dcsm_z1otp_pswd_lock 
*          0    00000000    00000000     

dcsm_z1otp_crc_lock 
*          0    00000000    00000000     

dcsm_z1otp_jtag_pswdh 
*          0    00000000    00000000     

dcsm_z1otp_cmac_key 
*          0    00000000    00000000     

dcsm_zsel_z1 
*          0    00000000    00000000     

dcsm_z2otp_link_pointer 
*          0    00000000    00000000     

dcsm_rsvd_z2 
*          0    00000000    00000000     

dcsm_z2otp_gpreg 
*          0    00000000    00000000     

dcsm_z2otp_pswd_lock 
*          0    00000000    00000000     

dcsm_z2otp_crc_lock 
*          0    00000000    00000000     

dcsm_rsvd1_z2 
*          0    00000000    00000000     

dcsm_zsel_z2 
*          0    00000000    00000000     

.text.1    0    00008000    00000800     
                  00008000    00000086     csu_LED.obj (.text:HW_writeLedPin)
                  00008086    00000083     spi.obj (.text:SPI_setConfig)
                  00008109    00000081     sysctl.obj (.text:SysCtl_getAuxClock)
                  0000818a    00000079     device.obj (.text:Device_init)
                  00008203    00000079     interrupt.obj (.text:Interrupt_clearIFR)
                  0000827c    00000073     sysctl.obj (.text:SysCtl_getClock)
                  000082ef    00000072     hal_IPC.obj (.text:isrIpcFromCM)
                  00008361    00000071     hal_Sci.obj (.text:setupSciaPC_HW)
                  000083d2    00000071     csu_LED.obj (.text:updateLedStatus)
                  00008443    00000067     hal_Timer.obj (.text:Initial_TIMER)
                  000084aa    00000056     sci.obj (.text:SCI_clearInterruptStatus)
                  00008500    00000055     adc.obj (.text:ADC_setOffsetTrim)
                  00008555    00000050     csu_LED.obj (.text:HW_toggleLedPin)
                  000085a5    00000050     sysctl.obj (.text:SysCtl_selectOscSourceAuxPLL)
                  000085f5    0000004f     hal_Spi.obj (.text:InitSpic)
                  00008644    0000004e     gpio.obj (.text:GPIO_setPadConfig)
                  00008692    0000004d     hal_EpwmTimer.obj (.text:isr_Epwm1Timer2ms)
                  000086df    0000004b     hal_Timer.obj (.text:initCPUTimers)
                  0000872a    00000041     interrupt.obj (.text:Interrupt_enable)
                  0000876b    00000041     interrupt.obj (.text:Interrupt_initModule)
                  000087ac    00000041     sysctl.obj (.text:SysCtl_selectOscSource)
                  000087ed    00000013     device.obj (.text:Device_enableUnbondedGPIOPullupsFor176Pin)

.text.2    0    00008800    00000800     
                  00008800    0000003f     ipc.obj (.text:IPC_registerInterrupt)
                  0000883f    0000003f     hal_EpwmTimer.obj (.text:Initial_EpwmTimer)
                  0000887e    0000003f     sysctl.obj (.text:SysCtl_selectXTAL)
                  000088bd    0000003f     csu_Adc.obj (.text:updateDspTempSensor)
                  000088fc    0000003e     ipc.obj (.text:IPC_unregisterInterrupt)
                  0000893a    0000003b     adc.obj (.text:ADC_setMode)
                  00008975    0000003b     ipc.obj (.text:IPC_sendCommand)
                  000089b0    0000003b     csu_EPWM.obj (.text:Initial_Epwm7a)
                  000089eb    00000039     sci.obj (.text:SCI_disableInterrupt)
                  00008a24    00000039     sysctl.obj (.text:SysCtl_pollX1Counter)
                  00008a5d    00000038     sci.obj (.text:SCI_enableInterrupt)
                  00008a95    00000033     ipc.obj (.text:IPC_readCommand)
                  00008ac8    00000032     hal_Sci.obj (.text:dequeueSci)
                  00008afa    00000030     gpio.obj (.text:GPIO_setPinConfig)
                  00008b2a    0000002f     gpio.obj (.text:GPIO_setControllerCore)
                  00008b59    0000002f     gpio.obj (.text:GPIO_setQualificationMode)
                  00008b88    0000002f     main.obj (.text:main)
                  00008bb7    0000002f     hal_Sci.obj (.text:setupSciaPC_GPIO)
                  00008be6    0000002e     rts2800_fpu64_eabi.lib : copy_decompress_lzss.c.obj (.text:decompress:lzss)
                  00008c14    0000002c     gpio.obj (.text:GPIO_setDirectionMode)
                  00008c40    0000002c     hal_Sci.obj (.text:enqueueSci)
                  00008c6c    0000002b     rts2800_fpu64_eabi.lib : autoinit.c.obj (.text:__TI_auto_init_nobinit_nopinit)
                  00008c97    00000029                            : exit.c.obj (.text)
                  00008cc0    00000029     hal_Sci.obj (.text:sendScia_SCI_PC)
                  00008ce9    00000024     device.obj (.text:Device_initGPIO)
                  00008d0d    00000024     sysctl.obj (.text:SysCtl_getLowSpeedClock)
                  00008d31    00000023     hal_Adc.obj (.text:setupEPWM8_TimeBase)
                  00008d54    00000022     hal_IPC.obj (.text:Initial_IPC)
                  00008d76    00000021     sysctl.obj (.text:SysCtl_selectXTALSingleEnded)
                  00008d97    00000020     cputimer.obj (.text:CPUTimer_setEmulationMode)
                  00008db7    00000020     rts2800_fpu64_eabi.lib : memcpy.c.obj (.text)
                  00008dd7    0000001f     hal_Adc.obj (.text:setupEPWM9_TimeBase)
                  00008df6    0000001e     hal_Adc.obj (.text:AdcaIsr)
                  00008e14    0000001e     f2838x_tempsensorconv.obj (.text:InitTempSensor)
                  00008e32    0000001c     device.obj (.text:Device_verifyXTAL)
                  00008e4e    0000001b     hal_IPC.obj (.text:sendEthDataToCM)
                  00008e69    0000001b     hal_Adc.obj (.text:setupEPWM8_AdcTrigger)
                  00008e84    0000001b     hal_Adc.obj (.text:setupEPWM9_AdcTrigger)
                  00008e9f    0000001a     interrupt.obj (.text:Interrupt_initVectorTable)
                  00008eb9    0000001a     sysctl.obj (.text:SysCtl_controlCMReset)
                  00008ed3    00000019     device.obj (.text:Device_bootCM)
                  00008eec    00000019     device.obj (.text:SysCtl_enablePeripheral)
                  00008f05    00000019     csu_SCI_PC.obj (.text:recvSciPcMessage)
                  00008f1e    00000019     rts2800_fpu64_eabi.lib : boot28.asm.obj (.text)
                  00008f37    00000018     csu_LED.obj (.text:setLedStatus)
                  00008f4f    00000017     hal_DspInit.obj (.text:Init_GpioDout)
                  00008f66    00000017     hal_Adc.obj (.text:initEPWM8)
                  00008f7d    00000016     hal_DspInit.obj (.text:DSP_Initialization)
                  00008f93    00000016     hal_Adc.obj (.text:initEPWM9)
                  00008fa9    00000016     hal_Timer.obj (.text:isr_CpuTimer1)
                  00008fbf    00000015     hal_Timer.obj (.text:isr_CpuTimer2)
                  00008fd4    00000013     csu_EPWM.obj (.text:initEpwm7aGpio)
                  00008fe7    00000012     rts2800_fpu64_eabi.lib : args_main.c.obj (.text)
                  00008ff9    00000007     csu_Adc.obj (.text:Initial_Adc)

.text.3    0    00009000    00000800     
                  00009000    00000011     csu_IPC.obj (.text:recvIpcCmMessage)
                  00009011    00000011     csu_LED.obj (.text:setLedModeToggle)
                  00009022    00000010     hal_DspInit.obj (.text:Init_GpioDin)
                  00009032    00000010     hal_Timer.obj (.text:isr_CpuTimer0)
                  00009042    00000010     hal_Sci.obj (.text:setupSciaPC_Interrupt)
                  00009052    00000010     hal_Sci.obj (.text:xmtScia_SCI_PC)
                  00009062    0000000f     hal_DspInit.obj (.text:Initial_CmCore)
                  00009071    0000000f     hal_Adc.obj (.text:setupEPWM8_ActionQualifier)
                  00009080    0000000e     hal_Adc.obj (.text:InitialAdc)
                  0000908e    0000000d     f2838x_defaultisr.obj (.text:EMPTY_ISR)
                  0000909b    0000000d     rts2800_fpu64_eabi.lib : copy_zero_init.c.obj (.text:decompress:ZI:__TI_zero_init_nomemset)
                  000090a8    0000000c     interrupt.obj (.text:Interrupt_defaultHandler)
                  000090b4    0000000b     device.obj (.text:Device_enableUnbondedGPIOPullups)
                  000090bf    0000000a     f2838x_defaultisr.obj (.text:ADCA1_ISR)
                  000090c9    0000000a     f2838x_defaultisr.obj (.text:ADCA2_ISR)
                  000090d3    0000000a     f2838x_defaultisr.obj (.text:ADCA3_ISR)
                  000090dd    0000000a     f2838x_defaultisr.obj (.text:ADCA4_ISR)
                  000090e7    0000000a     f2838x_defaultisr.obj (.text:ADCA_EVT_ISR)
                  000090f1    0000000a     f2838x_defaultisr.obj (.text:ADCB1_ISR)
                  000090fb    0000000a     f2838x_defaultisr.obj (.text:ADCB2_ISR)
                  00009105    0000000a     f2838x_defaultisr.obj (.text:ADCB3_ISR)
                  0000910f    0000000a     f2838x_defaultisr.obj (.text:ADCB4_ISR)
                  00009119    0000000a     f2838x_defaultisr.obj (.text:ADCB_EVT_ISR)
                  00009123    0000000a     f2838x_defaultisr.obj (.text:ADCC1_ISR)
                  0000912d    0000000a     f2838x_defaultisr.obj (.text:ADCC2_ISR)
                  00009137    0000000a     f2838x_defaultisr.obj (.text:ADCC3_ISR)
                  00009141    0000000a     f2838x_defaultisr.obj (.text:ADCC4_ISR)
                  0000914b    0000000a     f2838x_defaultisr.obj (.text:ADCC_EVT_ISR)
                  00009155    0000000a     f2838x_defaultisr.obj (.text:ADCD1_ISR)
                  0000915f    0000000a     f2838x_defaultisr.obj (.text:ADCD2_ISR)
                  00009169    0000000a     f2838x_defaultisr.obj (.text:ADCD3_ISR)
                  00009173    0000000a     f2838x_defaultisr.obj (.text:ADCD4_ISR)
                  0000917d    0000000a     f2838x_defaultisr.obj (.text:ADCD_EVT_ISR)
                  00009187    0000000a     f2838x_defaultisr.obj (.text:CANA0_ISR)
                  00009191    0000000a     f2838x_defaultisr.obj (.text:CANA1_ISR)
                  0000919b    0000000a     f2838x_defaultisr.obj (.text:CANB0_ISR)
                  000091a5    0000000a     f2838x_defaultisr.obj (.text:CANB1_ISR)
                  000091af    0000000a     f2838x_defaultisr.obj (.text:CIPC0_ISR)
                  000091b9    0000000a     f2838x_defaultisr.obj (.text:CIPC1_ISR)
                  000091c3    0000000a     f2838x_defaultisr.obj (.text:CIPC2_ISR)
                  000091cd    0000000a     f2838x_defaultisr.obj (.text:CIPC3_ISR)
                  000091d7    0000000a     f2838x_defaultisr.obj (.text:CLA1CRC_ISR)
                  000091e1    0000000a     f2838x_defaultisr.obj (.text:CLA1_1_ISR)
                  000091eb    0000000a     f2838x_defaultisr.obj (.text:CLA1_2_ISR)
                  000091f5    0000000a     f2838x_defaultisr.obj (.text:CLA1_3_ISR)
                  000091ff    0000000a     f2838x_defaultisr.obj (.text:CLA1_4_ISR)
                  00009209    0000000a     f2838x_defaultisr.obj (.text:CLA1_5_ISR)
                  00009213    0000000a     f2838x_defaultisr.obj (.text:CLA1_6_ISR)
                  0000921d    0000000a     f2838x_defaultisr.obj (.text:CLA1_7_ISR)
                  00009227    0000000a     f2838x_defaultisr.obj (.text:CLA1_8_ISR)
                  00009231    0000000a     f2838x_defaultisr.obj (.text:CLA_OVERFLOW_ISR)
                  0000923b    0000000a     f2838x_defaultisr.obj (.text:CLA_UNDERFLOW_ISR)
                  00009245    0000000a     f2838x_defaultisr.obj (.text:CLB1_ISR)
                  0000924f    0000000a     f2838x_defaultisr.obj (.text:CLB2_ISR)
                  00009259    0000000a     f2838x_defaultisr.obj (.text:CLB3_ISR)
                  00009263    0000000a     f2838x_defaultisr.obj (.text:CLB4_ISR)
                  0000926d    0000000a     f2838x_defaultisr.obj (.text:CLB5_ISR)
                  00009277    0000000a     f2838x_defaultisr.obj (.text:CLB6_ISR)
                  00009281    0000000a     f2838x_defaultisr.obj (.text:CLB7_ISR)
                  0000928b    0000000a     f2838x_defaultisr.obj (.text:CLB8_ISR)
                  00009295    0000000a     f2838x_defaultisr.obj (.text:CMTOCPUXIPC0_ISR)
                  0000929f    0000000a     f2838x_defaultisr.obj (.text:CMTOCPUXIPC1_ISR)
                  000092a9    0000000a     f2838x_defaultisr.obj (.text:CMTOCPUXIPC2_ISR)
                  000092b3    0000000a     f2838x_defaultisr.obj (.text:CMTOCPUXIPC3_ISR)
                  000092bd    0000000a     f2838x_defaultisr.obj (.text:CMTOCPUXIPC4_ISR)
                  000092c7    0000000a     f2838x_defaultisr.obj (.text:CMTOCPUXIPC5_ISR)
                  000092d1    0000000a     f2838x_defaultisr.obj (.text:CMTOCPUXIPC6_ISR)
                  000092db    0000000a     f2838x_defaultisr.obj (.text:CMTOCPUXIPC7_ISR)
                  000092e5    0000000a     f2838x_defaultisr.obj (.text:CM_STATUS_ISR)
                  000092ef    0000000a     f2838x_defaultisr.obj (.text:CPUCRC_ISR)
                  000092f9    0000000a     f2838x_defaultisr.obj (.text:DATALOG_ISR)
                  00009303    0000000a     f2838x_defaultisr.obj (.text:DMA_CH1_ISR)
                  0000930d    0000000a     f2838x_defaultisr.obj (.text:DMA_CH2_ISR)
                  00009317    0000000a     f2838x_defaultisr.obj (.text:DMA_CH3_ISR)
                  00009321    0000000a     f2838x_defaultisr.obj (.text:DMA_CH4_ISR)
                  0000932b    0000000a     f2838x_defaultisr.obj (.text:DMA_CH5_ISR)
                  00009335    0000000a     f2838x_defaultisr.obj (.text:DMA_CH6_ISR)
                  0000933f    0000000a     f2838x_defaultisr.obj (.text:ECAP1_ISR)
                  00009349    0000000a     f2838x_defaultisr.obj (.text:ECAP2_ISR)
                  00009353    0000000a     f2838x_defaultisr.obj (.text:ECAP3_ISR)
                  0000935d    0000000a     f2838x_defaultisr.obj (.text:ECAP4_ISR)
                  00009367    0000000a     f2838x_defaultisr.obj (.text:ECAP5_ISR)
                  00009371    0000000a     f2838x_defaultisr.obj (.text:ECAP6_2_ISR)
                  0000937b    0000000a     f2838x_defaultisr.obj (.text:ECAP6_ISR)
                  00009385    0000000a     f2838x_defaultisr.obj (.text:ECAP7_2_ISR)
                  0000938f    0000000a     f2838x_defaultisr.obj (.text:ECAP7_ISR)
                  00009399    0000000a     f2838x_defaultisr.obj (.text:ECATRST_ISR)
                  000093a3    0000000a     f2838x_defaultisr.obj (.text:ECATSYNC0_ISR)
                  000093ad    0000000a     f2838x_defaultisr.obj (.text:ECATSYNC1_ISR)
                  000093b7    0000000a     f2838x_defaultisr.obj (.text:ECAT_ISR)
                  000093c1    0000000a     f2838x_defaultisr.obj (.text:EMU_ISR)
                  000093cb    0000000a     f2838x_defaultisr.obj (.text:EPWM10_ISR)
                  000093d5    0000000a     f2838x_defaultisr.obj (.text:EPWM10_TZ_ISR)
                  000093df    0000000a     f2838x_defaultisr.obj (.text:EPWM11_ISR)
                  000093e9    0000000a     f2838x_defaultisr.obj (.text:EPWM11_TZ_ISR)
                  000093f3    0000000a     f2838x_defaultisr.obj (.text:EPWM12_ISR)
                  000093fd    0000000a     f2838x_defaultisr.obj (.text:EPWM12_TZ_ISR)
                  00009407    0000000a     f2838x_defaultisr.obj (.text:EPWM13_ISR)
                  00009411    0000000a     f2838x_defaultisr.obj (.text:EPWM13_TZ_ISR)
                  0000941b    0000000a     f2838x_defaultisr.obj (.text:EPWM14_ISR)
                  00009425    0000000a     f2838x_defaultisr.obj (.text:EPWM14_TZ_ISR)
                  0000942f    0000000a     f2838x_defaultisr.obj (.text:EPWM15_ISR)
                  00009439    0000000a     f2838x_defaultisr.obj (.text:EPWM15_TZ_ISR)
                  00009443    0000000a     f2838x_defaultisr.obj (.text:EPWM16_ISR)
                  0000944d    0000000a     f2838x_defaultisr.obj (.text:EPWM16_TZ_ISR)
                  00009457    0000000a     f2838x_defaultisr.obj (.text:EPWM1_ISR)
                  00009461    0000000a     f2838x_defaultisr.obj (.text:EPWM1_TZ_ISR)
                  0000946b    0000000a     f2838x_defaultisr.obj (.text:EPWM2_ISR)
                  00009475    0000000a     f2838x_defaultisr.obj (.text:EPWM2_TZ_ISR)
                  0000947f    0000000a     f2838x_defaultisr.obj (.text:EPWM3_ISR)
                  00009489    0000000a     f2838x_defaultisr.obj (.text:EPWM3_TZ_ISR)
                  00009493    0000000a     f2838x_defaultisr.obj (.text:EPWM4_ISR)
                  0000949d    0000000a     f2838x_defaultisr.obj (.text:EPWM4_TZ_ISR)
                  000094a7    0000000a     f2838x_defaultisr.obj (.text:EPWM5_ISR)
                  000094b1    0000000a     f2838x_defaultisr.obj (.text:EPWM5_TZ_ISR)
                  000094bb    0000000a     f2838x_defaultisr.obj (.text:EPWM6_ISR)
                  000094c5    0000000a     f2838x_defaultisr.obj (.text:EPWM6_TZ_ISR)
                  000094cf    0000000a     f2838x_defaultisr.obj (.text:EPWM7_ISR)
                  000094d9    0000000a     f2838x_defaultisr.obj (.text:EPWM7_TZ_ISR)
                  000094e3    0000000a     f2838x_defaultisr.obj (.text:EPWM8_ISR)
                  000094ed    0000000a     f2838x_defaultisr.obj (.text:EPWM8_TZ_ISR)
                  000094f7    0000000a     f2838x_defaultisr.obj (.text:EPWM9_ISR)
                  00009501    0000000a     f2838x_defaultisr.obj (.text:EPWM9_TZ_ISR)
                  0000950b    0000000a     f2838x_defaultisr.obj (.text:EQEP1_ISR)
                  00009515    0000000a     f2838x_defaultisr.obj (.text:EQEP2_ISR)
                  0000951f    0000000a     f2838x_defaultisr.obj (.text:EQEP3_ISR)
                  00009529    0000000a     f2838x_defaultisr.obj (.text:FMC_ISR)
                  00009533    0000000a     f2838x_defaultisr.obj (.text:FPU_OFLOW_ISR)
                  0000953d    0000000a     f2838x_defaultisr.obj (.text:FPU_UFLOW_ISR)
                  00009547    0000000a     f2838x_defaultisr.obj (.text:FSIRXA1_ISR)
                  00009551    0000000a     f2838x_defaultisr.obj (.text:FSIRXA2_ISR)
                  0000955b    0000000a     f2838x_defaultisr.obj (.text:FSIRXB1_ISR)
                  00009565    0000000a     f2838x_defaultisr.obj (.text:FSIRXB2_ISR)
                  0000956f    0000000a     f2838x_defaultisr.obj (.text:FSIRXC1_ISR)
                  00009579    0000000a     f2838x_defaultisr.obj (.text:FSIRXC2_ISR)
                  00009583    0000000a     f2838x_defaultisr.obj (.text:FSIRXD1_ISR)
                  0000958d    0000000a     f2838x_defaultisr.obj (.text:FSIRXD2_ISR)
                  00009597    0000000a     f2838x_defaultisr.obj (.text:FSIRXE1_ISR)
                  000095a1    0000000a     f2838x_defaultisr.obj (.text:FSIRXE2_ISR)
                  000095ab    0000000a     f2838x_defaultisr.obj (.text:FSIRXF1_ISR)
                  000095b5    0000000a     f2838x_defaultisr.obj (.text:FSIRXF2_ISR)
                  000095bf    0000000a     f2838x_defaultisr.obj (.text:FSIRXG1_ISR)
                  000095c9    0000000a     f2838x_defaultisr.obj (.text:FSIRXG2_ISR)
                  000095d3    0000000a     f2838x_defaultisr.obj (.text:FSIRXH1_ISR)
                  000095dd    0000000a     f2838x_defaultisr.obj (.text:FSIRXH2_ISR)
                  000095e7    0000000a     f2838x_defaultisr.obj (.text:FSITXA1_ISR)
                  000095f1    0000000a     f2838x_defaultisr.obj (.text:FSITXA2_ISR)
                  000095fb    0000000a     f2838x_defaultisr.obj (.text:FSITXB1_ISR)
                  00009605    0000000a     f2838x_defaultisr.obj (.text:FSITXB2_ISR)
                  0000960f    0000000a     f2838x_defaultisr.obj (.text:I2CA_FIFO_ISR)
                  00009619    0000000a     f2838x_defaultisr.obj (.text:I2CA_HIGH_ISR)
                  00009623    0000000a     f2838x_defaultisr.obj (.text:I2CA_ISR)
                  0000962d    0000000a     f2838x_defaultisr.obj (.text:I2CB_FIFO_ISR)
                  00009637    0000000a     f2838x_defaultisr.obj (.text:I2CB_ISR)
                  00009641    0000000a     f2838x_defaultisr.obj (.text:ILLEGAL_ISR)
                  0000964b    0000000a     interrupt.obj (.text:Interrupt_illegalOperationHandler)
                  00009655    0000000a     interrupt.obj (.text:Interrupt_nmiHandler)
                  0000965f    0000000a     f2838x_defaultisr.obj (.text:MCANA_0_ISR)
                  00009669    0000000a     f2838x_defaultisr.obj (.text:MCANA_1_ISR)
                  00009673    0000000a     f2838x_defaultisr.obj (.text:MCANA_ECC_ISR)
                  0000967d    0000000a     f2838x_defaultisr.obj (.text:MCANA_WAKE_ISR)
                  00009687    0000000a     f2838x_defaultisr.obj (.text:MCBSPA_RX_ISR)
                  00009691    0000000a     f2838x_defaultisr.obj (.text:MCBSPA_TX_ISR)
                  0000969b    0000000a     f2838x_defaultisr.obj (.text:MCBSPB_RX_ISR)
                  000096a5    0000000a     f2838x_defaultisr.obj (.text:MCBSPB_TX_ISR)
                  000096af    0000000a     f2838x_defaultisr.obj (.text:MPOST_ISR)
                  000096b9    0000000a     f2838x_defaultisr.obj (.text:NMI_ISR)
                  000096c3    0000000a     f2838x_defaultisr.obj (.text:NOTUSED_ISR)
                  000096cd    0000000a     f2838x_defaultisr.obj (.text:PIE_RESERVED_ISR)
                  000096d7    0000000a     f2838x_defaultisr.obj (.text:PMBUSA_ISR)
                  000096e1    0000000a     f2838x_defaultisr.obj (.text:RTOS_ISR)
                  000096eb    0000000a     f2838x_defaultisr.obj (.text:SCIA_RX_ISR)
                  000096f5    0000000a     f2838x_defaultisr.obj (.text:SCIA_TX_ISR)
                  000096ff    0000000a     f2838x_defaultisr.obj (.text:SCIB_RX_ISR)
                  00009709    0000000a     f2838x_defaultisr.obj (.text:SCIB_TX_ISR)
                  00009713    0000000a     f2838x_defaultisr.obj (.text:SCIC_RX_ISR)
                  0000971d    0000000a     f2838x_defaultisr.obj (.text:SCIC_TX_ISR)
                  00009727    0000000a     f2838x_defaultisr.obj (.text:SCID_RX_ISR)
                  00009731    0000000a     f2838x_defaultisr.obj (.text:SCID_TX_ISR)
                  0000973b    0000000a     f2838x_defaultisr.obj (.text:SDFM1DR1_ISR)
                  00009745    0000000a     f2838x_defaultisr.obj (.text:SDFM1DR2_ISR)
                  0000974f    0000000a     f2838x_defaultisr.obj (.text:SDFM1DR3_ISR)
                  00009759    0000000a     f2838x_defaultisr.obj (.text:SDFM1DR4_ISR)
                  00009763    0000000a     f2838x_defaultisr.obj (.text:SDFM1_ISR)
                  0000976d    0000000a     f2838x_defaultisr.obj (.text:SDFM2DR1_ISR)
                  00009777    0000000a     f2838x_defaultisr.obj (.text:SDFM2DR2_ISR)
                  00009781    0000000a     f2838x_defaultisr.obj (.text:SDFM2DR3_ISR)
                  0000978b    0000000a     f2838x_defaultisr.obj (.text:SDFM2DR4_ISR)
                  00009795    0000000a     f2838x_defaultisr.obj (.text:SDFM2_ISR)
                  0000979f    0000000a     f2838x_defaultisr.obj (.text:SPIA_RX_ISR)
                  000097a9    0000000a     f2838x_defaultisr.obj (.text:SPIA_TX_ISR)
                  000097b3    0000000a     f2838x_defaultisr.obj (.text:SPIB_RX_ISR)
                  000097bd    0000000a     f2838x_defaultisr.obj (.text:SPIB_TX_ISR)
                  000097c7    0000000a     f2838x_defaultisr.obj (.text:SPIC_RX_ISR)
                  000097d1    0000000a     f2838x_defaultisr.obj (.text:SPIC_TX_ISR)
                  000097db    0000000a     f2838x_defaultisr.obj (.text:SPID_RX_ISR)
                  000097e5    0000000a     f2838x_defaultisr.obj (.text:SPID_TX_ISR)
                  000097ef    0000000a     f2838x_defaultisr.obj (.text:SYS_ERR_ISR)
                  000097f9    00000007     hal_IPC.obj (.text:Initial_IPC_Clear)

.text.4    0    00009800    00000143     
                  00009800    0000000a     f2838x_defaultisr.obj (.text:TIMER0_ISR)
                  0000980a    0000000a     f2838x_defaultisr.obj (.text:TIMER1_ISR)
                  00009814    0000000a     f2838x_defaultisr.obj (.text:TIMER2_ISR)
                  0000981e    0000000a     f2838x_defaultisr.obj (.text:USBA_ISR)
                  00009828    0000000a     f2838x_defaultisr.obj (.text:USER10_ISR)
                  00009832    0000000a     f2838x_defaultisr.obj (.text:USER11_ISR)
                  0000983c    0000000a     f2838x_defaultisr.obj (.text:USER12_ISR)
                  00009846    0000000a     f2838x_defaultisr.obj (.text:USER1_ISR)
                  00009850    0000000a     f2838x_defaultisr.obj (.text:USER2_ISR)
                  0000985a    0000000a     f2838x_defaultisr.obj (.text:USER3_ISR)
                  00009864    0000000a     f2838x_defaultisr.obj (.text:USER4_ISR)
                  0000986e    0000000a     f2838x_defaultisr.obj (.text:USER5_ISR)
                  00009878    0000000a     f2838x_defaultisr.obj (.text:USER6_ISR)
                  00009882    0000000a     f2838x_defaultisr.obj (.text:USER7_ISR)
                  0000988c    0000000a     f2838x_defaultisr.obj (.text:USER8_ISR)
                  00009896    0000000a     f2838x_defaultisr.obj (.text:USER9_ISR)
                  000098a0    0000000a     f2838x_defaultisr.obj (.text:WAKE_ISR)
                  000098aa    0000000a     f2838x_defaultisr.obj (.text:XINT1_ISR)
                  000098b4    0000000a     f2838x_defaultisr.obj (.text:XINT2_ISR)
                  000098be    0000000a     f2838x_defaultisr.obj (.text:XINT3_ISR)
                  000098c8    0000000a     f2838x_defaultisr.obj (.text:XINT4_ISR)
                  000098d2    0000000a     f2838x_defaultisr.obj (.text:XINT5_ISR)
                  000098dc    00000009     hal_DspInit.obj (.text:InitialPeripherals)
                  000098e5    00000009     hal_IPC.obj (.text:Initial_IPC_Mastership)
                  000098ee    00000009     hal_DspInit.obj (.text:initSystemCommunications)
                  000098f7    00000009     rts2800_fpu64_eabi.lib : _lock.c.obj (.text)
                  00009900    00000008                            : copy_decompress_none.c.obj (.text:decompress:none)
                  00009908    00000008     f2838x_codestartbranch.obj (.text)
                  00009910    00000007     hal_Sci.obj (.text:Initial_SCI)
                  00009917    00000007     hal_Sci.obj (.text:initScia_SCI_PC)
                  0000991e    00000007     hal_DspInit.obj (.text:initSystemPwm)
                  00009925    00000005     hal_DspInit.obj (.text:Initial_GPIO)
                  0000992a    00000005     main.obj (.text:cycle_10ms)
                  0000992f    00000005     hal_DspInit.obj (.text:initSystemAnalogAdc)
                  00009934    00000004     main.obj (.text:cycle_1ms)
                  00009938    00000003     device.obj (.text:__error__)
                  0000993b    00000003     main.obj (.text:cycle_100ms)
                  0000993e    00000003     hal_DspInit.obj (.text:initSystemUserInterface)
                  00009941    00000002     rts2800_fpu64_eabi.lib : pre_init.c.obj (.text)

.text.5    0    0000c000    00000800     
                  0000c000    000002b8     dcc.obj (.text:DCC_verifyClockFrequency)
                  0000c2b8    0000025d     sysctl.obj (.text:SysCtl_isPLLValid)
                  0000c515    00000167     device.obj (.text:Device_enableAllPeripherals)
                  0000c67c    0000012e     sysctl.obj (.text:SysCtl_setClock)
                  0000c7aa    00000056     interrupt.obj (.text:Interrupt_disable)

.text.6    0    0000c800    00000800     
                  0000c800    0000010e     sysctl.obj (.text:SysCtl_setAuxClock)
                  0000c90e    000000b2     hal_Adc.obj (.text:InitAdcModules)
                  0000c9c0    000000b2     csu_LED.obj (.text:initGpioDoutLed)
                  0000ca72    000000a7     hal_Sci.obj (.text:isrScia_SCI_PC)
                  0000cb19    0000009e     hal_Timer.obj (.text:configCPUTimer)
                  0000cbb7    00000096     csu_LED.obj (.text:Initial_LED)
                  0000cc4d    00000093     sci.obj (.text:SCI_setConfig)
                  0000cce0    00000090     sci.obj (.text:SCI_writeCharArray)
                  0000cd70    0000008f     sci.obj (.text:SCI_readCharArray)
                  0000cdff    0000008c     csu_SCI_PC.obj (.text:sendSciPcMessage1)
                  0000ce8b    0000008b     hal_DspInit.obj (.text:initEmacGpioPins)
                  0000cf16    00000088     rts2800_fpu64_eabi.lib : fs_div28.asm.obj (.text)
                  0000cf9e    00000061     adc.obj (.text:ADC_setINLTrim)
                  0000cfff    00000001     rts2800_fpu64_eabi.lib : startup.c.obj (.text)

MODULE SUMMARY

       Module                          code    ro data   rw data
       ------                          ----    -------   -------
    .\
       main.obj                        59      0         0      
    +--+-------------------------------+-------+---------+---------+
       Total:                          59      0         0      
                                                                
    .\CSU\
       csu_LED.obj                     696     0         30     
       csu_SCI_PC.obj                  165     0         3      
       csu_EPWM.obj                    78      0         0      
       csu_Adc.obj                     70      0         2      
       csu_IPC.obj                     17      0         6      
    +--+-------------------------------+-------+---------+---------+
       Total:                          1026    0         41     
                                                                
    .\HAL\
       hal_Sci.obj                     508     0         257    
       hal_Timer.obj                   395     121       6      
       hal_Adc.obj                     402     0         1      
       hal_DspInit.obj                 253     0         0      
       hal_IPC.obj                     191     0         1      
       hal_EpwmTimer.obj               140     0         0      
       hal_Spi.obj                     79      0         0      
    +--+-------------------------------+-------+---------+---------+
       Total:                          1968    121       265    
                                                                
    .\SDK\common\source\
       f2838x_defaultisr.obj           2063    0         0      
       device.obj                      627     0         0      
       f2838x_pievect.obj              0       448       0      
       f2838x_tempsensorconv.obj       30      0         6      
       f2838x_codestartbranch.obj      10      0         0      
       f2838x_usdelay.obj              4       0         0      
    +--+-------------------------------+-------+---------+---------+
       Total:                          2734    448       6      
                                                                
    .\SDK\driverlib\
       sysctl.obj                      1785    49        0      
       ipc.obj                         235     159       544    
       dcc.obj                         696     47        0      
       sci.obj                         633     47        0      
       interrupt.obj                   395     29        0      
       gpio.obj                        264     48        0      
       adc.obj                         241     23        0      
       spi.obj                         131     47        0      
       cputimer.obj                    32      28        0      
    +--+-------------------------------+-------+---------+---------+
       Total:                          4412    477       544    
                                                                
    .\SDK\headers\source\
       f2838x_globalvariabledefs.obj   0       0         62     
    +--+-------------------------------+-------+---------+---------+
       Total:                          0       0         62     
                                                                
    C:\ti\ccs2051\ccs\tools\compiler\ti-cgt-c2000_25.11.0.LTS\lib\rts2800_fpu64_eabi.lib
       fs_div28.asm.obj                136     0         0      
       exit.c.obj                      41      0         6      
       copy_decompress_lzss.c.obj      46      0         0      
       autoinit.c.obj                  43      0         0      
       memcpy.c.obj                    32      0         0      
       boot28.asm.obj                  25      0         0      
       args_main.c.obj                 18      0         0      
       _lock.c.obj                     9       0         4      
       copy_zero_init.c.obj            13      0         0      
       copy_decompress_none.c.obj      8       0         0      
       pre_init.c.obj                  2       0         0      
       startup.c.obj                   1       0         0      
    +--+-------------------------------+-------+---------+---------+
       Total:                          374     0         10     
                                                                
       Stack:                          0       0         256    
       Linker Generated:               0       33        0      
    +--+-------------------------------+-------+---------+---------+
       Grand Total:                    10573   1079      1184   


LINKER GENERATED COPY TABLES

__TI_cinit_table @ 000001d4 records: 2, size/record: 4, table size: 8
	.data: load addr=000001ba, load size=0000000f bytes, run addr=0000a800, run size=00000014 bytes, compression=lzss
	.bss: load addr=000001d0, load size=00000004 bytes, run addr=0000ac40, run size=0000012f bytes, compression=zero_init


LINKER GENERATED HANDLER TABLE

__TI_handler_table @ 000001ca records: 3, size/record: 2, table size: 6
	index: 0, handler: __TI_zero_init
	index: 1, handler: __TI_decompress_lzss
	index: 2, handler: __TI_decompress_none


GLOBAL DATA SYMBOLS: SORTED BY DATA PAGE

address     data page           name
--------    ----------------    ----
00000400      10 (00000400)     __stack

0000a800     2a0 (0000a800)     g_ucEthRxSeqNum
0000a801     2a0 (0000a800)     g_ucEthRxStatus
0000a802     2a0 (0000a800)     pxIpcCpu1ToCm
0000a804     2a0 (0000a800)     pxIpcCmToCpu1
0000a806     2a0 (0000a800)     __TI_enable_exit_profile_output
0000a808     2a0 (0000a800)     __TI_cleanup_ptr
0000a80a     2a0 (0000a800)     __TI_dtors_ptr
0000a80c     2a0 (0000a800)     _lock
0000a80e     2a0 (0000a800)     _unlock
0000a810     2a0 (0000a800)     currentTemperatureC
0000a812     2a0 (0000a800)     adcResult
0000a813     2a0 (0000a800)     g_bCmReady

0000a840     2a1 (0000a840)     PieVectTableInit

0000aa00     2a8 (0000aa00)     IPC_Instance

0000ad41     2b5 (0000ad40)     xLed
0000ad60     2b5 (0000ad40)     tempSensor_tempSlope
0000ad62     2b5 (0000ad40)     tempSensor_tempOffset
0000ad64     2b5 (0000ad40)     tempSensor_scaleFactor
0000ad66     2b5 (0000ad40)     xTimer
0000ad6c     2b5 (0000ad40)     xRcvSciPcMsg1
0000ad6d     2b5 (0000ad40)     xXmtSciPcMsg1

00038000     e00 (00038000)     IPC_CPU_To_CM_GetBuffer

00039000     e40 (00039000)     IPC_CPU_To_CM_PutBuffer

0003a000     e80 (0003a000)     IPC_CPU1_To_CPU2_PutBuffer

0003b000     ec0 (0003b000)     IPC_CPU1_To_CPU2_GetBuffer

0005d700    175c (0005d700)     AnalogSubsysRegs


GLOBAL SYMBOLS: SORTED ALPHABETICALLY BY Name 

page  address   name                                     
----  -------   ----                                     
0     000090bf  ADCA1_ISR                                
0     000090c9  ADCA2_ISR                                
0     000090d3  ADCA3_ISR                                
0     000090dd  ADCA4_ISR                                
0     000090e7  ADCA_EVT_ISR                             
0     000090f1  ADCB1_ISR                                
0     000090fb  ADCB2_ISR                                
0     00009105  ADCB3_ISR                                
0     0000910f  ADCB4_ISR                                
0     00009119  ADCB_EVT_ISR                             
0     00009123  ADCC1_ISR                                
0     0000912d  ADCC2_ISR                                
0     00009137  ADCC3_ISR                                
0     00009141  ADCC4_ISR                                
0     0000914b  ADCC_EVT_ISR                             
0     00009155  ADCD1_ISR                                
0     0000915f  ADCD2_ISR                                
0     00009169  ADCD3_ISR                                
0     00009173  ADCD4_ISR                                
0     0000917d  ADCD_EVT_ISR                             
0     0000cf9e  ADC_setINLTrim                           
0     0000893a  ADC_setMode                              
0     00008500  ADC_setOffsetTrim                        
0     00008df6  AdcaIsr                                  
1     0005d700  AnalogSubsysRegs                         
0     00008c97  C$$EXIT                                  
0     00009187  CANA0_ISR                                
0     00009191  CANA1_ISR                                
0     0000919b  CANB0_ISR                                
0     000091a5  CANB1_ISR                                
0     000091af  CIPC0_ISR                                
0     000091b9  CIPC1_ISR                                
0     000091c3  CIPC2_ISR                                
0     000091cd  CIPC3_ISR                                
0     000091d7  CLA1CRC_ISR                              
0     000091e1  CLA1_1_ISR                               
0     000091eb  CLA1_2_ISR                               
0     000091f5  CLA1_3_ISR                               
0     000091ff  CLA1_4_ISR                               
0     00009209  CLA1_5_ISR                               
0     00009213  CLA1_6_ISR                               
0     0000921d  CLA1_7_ISR                               
0     00009227  CLA1_8_ISR                               
0     00009231  CLA_OVERFLOW_ISR                         
0     0000923b  CLA_UNDERFLOW_ISR                        
0     00009245  CLB1_ISR                                 
0     0000924f  CLB2_ISR                                 
0     00009259  CLB3_ISR                                 
0     00009263  CLB4_ISR                                 
0     0000926d  CLB5_ISR                                 
0     00009277  CLB6_ISR                                 
0     00009281  CLB7_ISR                                 
0     0000928b  CLB8_ISR                                 
0     00009295  CMTOCPUXIPC0_ISR                         
0     0000929f  CMTOCPUXIPC1_ISR                         
0     000092a9  CMTOCPUXIPC2_ISR                         
0     000092b3  CMTOCPUXIPC3_ISR                         
0     000092bd  CMTOCPUXIPC4_ISR                         
0     000092c7  CMTOCPUXIPC5_ISR                         
0     000092d1  CMTOCPUXIPC6_ISR                         
0     000092db  CMTOCPUXIPC7_ISR                         
0     000092e5  CM_STATUS_ISR                            
0     000092ef  CPUCRC_ISR                               
0     00008d97  CPUTimer_setEmulationMode                
0     000092f9  DATALOG_ISR                              
0     0000c000  DCC_verifyClockFrequency                 
0     00009303  DMA_CH1_ISR                              
0     0000930d  DMA_CH2_ISR                              
0     00009317  DMA_CH3_ISR                              
0     00009321  DMA_CH4_ISR                              
0     0000932b  DMA_CH5_ISR                              
0     00009335  DMA_CH6_ISR                              
0     00008f7d  DSP_Initialization                       
0     00008ed3  Device_bootCM                            
0     0000c515  Device_enableAllPeripherals              
0     000090b4  Device_enableUnbondedGPIOPullups         
0     000087ed  Device_enableUnbondedGPIOPullupsFor176Pin
0     0000818a  Device_init                              
0     00008ce9  Device_initGPIO                          
0     00008e32  Device_verifyXTAL                        
0     0000933f  ECAP1_ISR                                
0     00009349  ECAP2_ISR                                
0     00009353  ECAP3_ISR                                
0     0000935d  ECAP4_ISR                                
0     00009367  ECAP5_ISR                                
0     00009371  ECAP6_2_ISR                              
0     0000937b  ECAP6_ISR                                
0     00009385  ECAP7_2_ISR                              
0     0000938f  ECAP7_ISR                                
0     00009399  ECATRST_ISR                              
0     000093a3  ECATSYNC0_ISR                            
0     000093ad  ECATSYNC1_ISR                            
0     000093b7  ECAT_ISR                                 
0     0000908e  EMPTY_ISR                                
0     000093c1  EMU_ISR                                  
0     000093cb  EPWM10_ISR                               
0     000093d5  EPWM10_TZ_ISR                            
0     000093df  EPWM11_ISR                               
0     000093e9  EPWM11_TZ_ISR                            
0     000093f3  EPWM12_ISR                               
0     000093fd  EPWM12_TZ_ISR                            
0     00009407  EPWM13_ISR                               
0     00009411  EPWM13_TZ_ISR                            
0     0000941b  EPWM14_ISR                               
0     00009425  EPWM14_TZ_ISR                            
0     0000942f  EPWM15_ISR                               
0     00009439  EPWM15_TZ_ISR                            
0     00009443  EPWM16_ISR                               
0     0000944d  EPWM16_TZ_ISR                            
0     00009457  EPWM1_ISR                                
0     00009461  EPWM1_TZ_ISR                             
0     0000946b  EPWM2_ISR                                
0     00009475  EPWM2_TZ_ISR                             
0     0000947f  EPWM3_ISR                                
0     00009489  EPWM3_TZ_ISR                             
0     00009493  EPWM4_ISR                                
0     0000949d  EPWM4_TZ_ISR                             
0     000094a7  EPWM5_ISR                                
0     000094b1  EPWM5_TZ_ISR                             
0     000094bb  EPWM6_ISR                                
0     000094c5  EPWM6_TZ_ISR                             
0     000094cf  EPWM7_ISR                                
0     000094d9  EPWM7_TZ_ISR                             
0     000094e3  EPWM8_ISR                                
0     000094ed  EPWM8_TZ_ISR                             
0     000094f7  EPWM9_ISR                                
0     00009501  EPWM9_TZ_ISR                             
0     0000950b  EQEP1_ISR                                
0     00009515  EQEP2_ISR                                
0     0000951f  EQEP3_ISR                                
0     000001b1  F28x_usDelay                             
0     00009529  FMC_ISR                                  
0     00009533  FPU_OFLOW_ISR                            
0     0000953d  FPU_UFLOW_ISR                            
0     00009547  FSIRXA1_ISR                              
0     00009551  FSIRXA2_ISR                              
0     0000955b  FSIRXB1_ISR                              
0     00009565  FSIRXB2_ISR                              
0     0000956f  FSIRXC1_ISR                              
0     00009579  FSIRXC2_ISR                              
0     00009583  FSIRXD1_ISR                              
0     0000958d  FSIRXD2_ISR                              
0     00009597  FSIRXE1_ISR                              
0     000095a1  FSIRXE2_ISR                              
0     000095ab  FSIRXF1_ISR                              
0     000095b5  FSIRXF2_ISR                              
0     000095bf  FSIRXG1_ISR                              
0     000095c9  FSIRXG2_ISR                              
0     000095d3  FSIRXH1_ISR                              
0     000095dd  FSIRXH2_ISR                              
0     000095e7  FSITXA1_ISR                              
0     000095f1  FSITXA2_ISR                              
0     000095fb  FSITXB1_ISR                              
0     00009605  FSITXB2_ISR                              
0     00008b2a  GPIO_setControllerCore                   
0     00008c14  GPIO_setDirectionMode                    
0     00008644  GPIO_setPadConfig                        
0     00008afa  GPIO_setPinConfig                        
0     00008b59  GPIO_setQualificationMode                
0     0000960f  I2CA_FIFO_ISR                            
0     00009619  I2CA_HIGH_ISR                            
0     00009623  I2CA_ISR                                 
0     0000962d  I2CB_FIFO_ISR                            
0     00009637  I2CB_ISR                                 
0     00009641  ILLEGAL_ISR                              
0     0003b000  IPC_CPU1_To_CPU2_GetBuffer               
0     0003a000  IPC_CPU1_To_CPU2_PutBuffer               
0     00038000  IPC_CPU_To_CM_GetBuffer                  
0     00039000  IPC_CPU_To_CM_PutBuffer                  
0     0000aa00  IPC_Instance                             
0     00008a95  IPC_readCommand                          
0     00008800  IPC_registerInterrupt                    
0     00008975  IPC_sendCommand                          
0     000088fc  IPC_unregisterInterrupt                  
0     0000c90e  InitAdcModules                           
0     00008e14  InitTempSensor                           
0     00009080  InitialAdc                               
0     00008ff9  Initial_Adc                              
0     000089b0  Initial_Epwm7a                           
0     0000883f  Initial_EpwmTimer                        
0     00008d54  Initial_IPC                              
0     000097f9  Initial_IPC_Clear                        
0     000098e5  Initial_IPC_Mastership                   
0     0000cbb7  Initial_LED                              
0     00009910  Initial_SCI                              
0     000085f5  Initial_SPI                              
0     00008443  Initial_TIMER                            
0     000090a8  Interrupt_defaultHandler                 
0     0000c7aa  Interrupt_disable                        
0     0000872a  Interrupt_enable                         
0     0000964b  Interrupt_illegalOperationHandler        
0     0000876b  Interrupt_initModule                     
0     00008e9f  Interrupt_initVectorTable                
0     00009655  Interrupt_nmiHandler                     
0     0000965f  MCANA_0_ISR                              
0     00009669  MCANA_1_ISR                              
0     00009673  MCANA_ECC_ISR                            
0     0000967d  MCANA_WAKE_ISR                           
0     00009687  MCBSPA_RX_ISR                            
0     00009691  MCBSPA_TX_ISR                            
0     0000969b  MCBSPB_RX_ISR                            
0     000096a5  MCBSPB_TX_ISR                            
0     000096af  MPOST_ISR                                
0     000096b9  NMI_ISR                                  
0     000096c3  NOTUSED_ISR                              
0     000096cd  PIE_RESERVED_ISR                         
0     000096d7  PMBUSA_ISR                               
0     0000a840  PieVectTableInit                         
0     000096e1  RTOS_ISR                                 
0     000096eb  SCIA_RX_ISR                              
0     000096f5  SCIA_TX_ISR                              
0     000096ff  SCIB_RX_ISR                              
0     00009709  SCIB_TX_ISR                              
0     00009713  SCIC_RX_ISR                              
0     0000971d  SCIC_TX_ISR                              
0     00009727  SCID_RX_ISR                              
0     00009731  SCID_TX_ISR                              
0     000084aa  SCI_clearInterruptStatus                 
0     000089eb  SCI_disableInterrupt                     
0     00008a5d  SCI_enableInterrupt                      
0     0000cd70  SCI_readCharArray                        
0     0000cc4d  SCI_setConfig                            
0     0000cce0  SCI_writeCharArray                       
0     0000973b  SDFM1DR1_ISR                             
0     00009745  SDFM1DR2_ISR                             
0     0000974f  SDFM1DR3_ISR                             
0     00009759  SDFM1DR4_ISR                             
0     00009763  SDFM1_ISR                                
0     0000976d  SDFM2DR1_ISR                             
0     00009777  SDFM2DR2_ISR                             
0     00009781  SDFM2DR3_ISR                             
0     0000978b  SDFM2DR4_ISR                             
0     00009795  SDFM2_ISR                                
0     0000979f  SPIA_RX_ISR                              
0     000097a9  SPIA_TX_ISR                              
0     000097b3  SPIB_RX_ISR                              
0     000097bd  SPIB_TX_ISR                              
0     000097c7  SPIC_RX_ISR                              
0     000097d1  SPIC_TX_ISR                              
0     000097db  SPID_RX_ISR                              
0     000097e5  SPID_TX_ISR                              
0     00008086  SPI_setConfig                            
0     000097ef  SYS_ERR_ISR                              
0     00008eb9  SysCtl_controlCMReset                    
0     000001b5  SysCtl_delay                             
0     00008109  SysCtl_getAuxClock                       
0     0000827c  SysCtl_getClock                          
0     00008d0d  SysCtl_getLowSpeedClock                  
0     0000c2b8  SysCtl_isPLLValid                        
0     000087ac  SysCtl_selectOscSource                   
0     000085a5  SysCtl_selectOscSourceAuxPLL             
0     0000887e  SysCtl_selectXTAL                        
0     00008d76  SysCtl_selectXTALSingleEnded             
0     0000c800  SysCtl_setAuxClock                       
0     0000c67c  SysCtl_setClock                          
0     00009800  TIMER0_ISR                               
0     0000980a  TIMER1_ISR                               
0     00009814  TIMER2_ISR                               
0     0000981e  USBA_ISR                                 
0     00009828  USER10_ISR                               
0     00009832  USER11_ISR                               
0     0000983c  USER12_ISR                               
0     00009846  USER1_ISR                                
0     00009850  USER2_ISR                                
0     0000985a  USER3_ISR                                
0     00009864  USER4_ISR                                
0     0000986e  USER5_ISR                                
0     00009878  USER6_ISR                                
0     00009882  USER7_ISR                                
0     0000988c  USER8_ISR                                
0     00009896  USER9_ISR                                
0     000098a0  WAKE_ISR                                 
0     000098aa  XINT1_ISR                                
0     000098b4  XINT2_ISR                                
0     000098be  XINT3_ISR                                
0     000098c8  XINT4_ISR                                
0     000098d2  XINT5_ISR                                
0     000001d4  __TI_CINIT_Base                          
0     000001dc  __TI_CINIT_Limit                         
0     000001dc  __TI_CINIT_Warm                          
0     000001ca  __TI_Handler_Table_Base                  
0     000001d0  __TI_Handler_Table_Limit                 
0     00000500  __TI_STACK_END                           
abs   00000100  __TI_STACK_SIZE                          
0     00008c6c  __TI_auto_init_nobinit_nopinit           
0     0000a808  __TI_cleanup_ptr                         
0     00008be6  __TI_decompress_lzss                     
0     00009900  __TI_decompress_none                     
0     0000a80a  __TI_dtors_ptr                           
0     0000a806  __TI_enable_exit_profile_output          
abs   ffffffff  __TI_pprof_out_hndl                      
abs   ffffffff  __TI_prof_data_size                      
abs   ffffffff  __TI_prof_data_start                     
0     0000909b  __TI_zero_init_nomemset                  
0     0000cf16  __c28xabi_divf                           
abs   ffffffff  __c_args__                               
0     00009938  __error__                                
0     00000400  __stack                                  
0     00008fe7  _args_main                               
0     00008f1e  _c_int00                                 
0     0000a80c  _lock                                    
0     000098ff  _nop                                     
0     000098fb  _register_lock                           
0     000098f7  _register_unlock                         
0     0000cfff  _system_post_cinit                       
0     00009941  _system_pre_init                         
0     0000a80e  _unlock                                  
0     00008c97  abort                                    
0     0000a812  adcResult                                
0     00000000  code_start                               
0     0000a810  currentTemperatureC                      
0     00008c99  exit                                     
0     0000a813  g_bCmReady                               
0     0000a800  g_ucEthRxSeqNum                          
0     0000a801  g_ucEthRxStatus                          
0     00008f66  initEPWM8                                
0     00008f93  initEPWM9                                
0     0000c9c0  initGpioDoutLed                          
0     0000ca72  isrScia_SCI_PC                           
0     00009032  isr_CpuTimer0                            
0     00008fa9  isr_CpuTimer1                            
0     00008fbf  isr_CpuTimer2                            
0     00008b88  main                                     
0     00008db7  memcpy                                   
0     0000a804  pxIpcCmToCpu1                            
0     0000a802  pxIpcCpu1ToCm                            
0     00009000  recvIpcCmMessage                         
0     00008f05  recvSciPcMessage                         
0     00008e4e  sendEthDataToCM                          
0     0000cdff  sendSciPcMessage1                        
0     00008cc0  sendScia_SCI_PC                          
0     00009011  setLedModeToggle                         
0     00008f37  setLedStatus                             
0     0000ad64  tempSensor_scaleFactor                   
0     0000ad62  tempSensor_tempOffset                    
0     0000ad60  tempSensor_tempSlope                     
0     000088bd  updateAdcData                            
0     000083d2  updateLedStatus                          
0     0000ad41  xLed                                     
0     0000ad6c  xRcvSciPcMsg1                            
0     0000ad66  xTimer                                   
0     0000ad6d  xXmtSciPcMsg1                            
0     00009052  xmtScia_SCI_PC                           


GLOBAL SYMBOLS: SORTED BY Symbol Address 

page  address   name                                     
----  -------   ----                                     
0     00000000  code_start                               
0     000001b1  F28x_usDelay                             
0     000001b5  SysCtl_delay                             
0     000001ca  __TI_Handler_Table_Base                  
0     000001d0  __TI_Handler_Table_Limit                 
0     000001d4  __TI_CINIT_Base                          
0     000001dc  __TI_CINIT_Limit                         
0     000001dc  __TI_CINIT_Warm                          
0     00000400  __stack                                  
0     00000500  __TI_STACK_END                           
0     00008086  SPI_setConfig                            
0     00008109  SysCtl_getAuxClock                       
0     0000818a  Device_init                              
0     0000827c  SysCtl_getClock                          
0     000083d2  updateLedStatus                          
0     00008443  Initial_TIMER                            
0     000084aa  SCI_clearInterruptStatus                 
0     00008500  ADC_setOffsetTrim                        
0     000085a5  SysCtl_selectOscSourceAuxPLL             
0     000085f5  Initial_SPI                              
0     00008644  GPIO_setPadConfig                        
0     0000872a  Interrupt_enable                         
0     0000876b  Interrupt_initModule                     
0     000087ac  SysCtl_selectOscSource                   
0     000087ed  Device_enableUnbondedGPIOPullupsFor176Pin
0     00008800  IPC_registerInterrupt                    
0     0000883f  Initial_EpwmTimer                        
0     0000887e  SysCtl_selectXTAL                        
0     000088bd  updateAdcData                            
0     000088fc  IPC_unregisterInterrupt                  
0     0000893a  ADC_setMode                              
0     00008975  IPC_sendCommand                          
0     000089b0  Initial_Epwm7a                           
0     000089eb  SCI_disableInterrupt                     
0     00008a5d  SCI_enableInterrupt                      
0     00008a95  IPC_readCommand                          
0     00008afa  GPIO_setPinConfig                        
0     00008b2a  GPIO_setControllerCore                   
0     00008b59  GPIO_setQualificationMode                
0     00008b88  main                                     
0     00008be6  __TI_decompress_lzss                     
0     00008c14  GPIO_setDirectionMode                    
0     00008c6c  __TI_auto_init_nobinit_nopinit           
0     00008c97  C$$EXIT                                  
0     00008c97  abort                                    
0     00008c99  exit                                     
0     00008cc0  sendScia_SCI_PC                          
0     00008ce9  Device_initGPIO                          
0     00008d0d  SysCtl_getLowSpeedClock                  
0     00008d54  Initial_IPC                              
0     00008d76  SysCtl_selectXTALSingleEnded             
0     00008d97  CPUTimer_setEmulationMode                
0     00008db7  memcpy                                   
0     00008df6  AdcaIsr                                  
0     00008e14  InitTempSensor                           
0     00008e32  Device_verifyXTAL                        
0     00008e4e  sendEthDataToCM                          
0     00008e9f  Interrupt_initVectorTable                
0     00008eb9  SysCtl_controlCMReset                    
0     00008ed3  Device_bootCM                            
0     00008f05  recvSciPcMessage                         
0     00008f1e  _c_int00                                 
0     00008f37  setLedStatus                             
0     00008f66  initEPWM8                                
0     00008f7d  DSP_Initialization                       
0     00008f93  initEPWM9                                
0     00008fa9  isr_CpuTimer1                            
0     00008fbf  isr_CpuTimer2                            
0     00008fe7  _args_main                               
0     00008ff9  Initial_Adc                              
0     00009000  recvIpcCmMessage                         
0     00009011  setLedModeToggle                         
0     00009032  isr_CpuTimer0                            
0     00009052  xmtScia_SCI_PC                           
0     00009080  InitialAdc                               
0     0000908e  EMPTY_ISR                                
0     0000909b  __TI_zero_init_nomemset                  
0     000090a8  Interrupt_defaultHandler                 
0     000090b4  Device_enableUnbondedGPIOPullups         
0     000090bf  ADCA1_ISR                                
0     000090c9  ADCA2_ISR                                
0     000090d3  ADCA3_ISR                                
0     000090dd  ADCA4_ISR                                
0     000090e7  ADCA_EVT_ISR                             
0     000090f1  ADCB1_ISR                                
0     000090fb  ADCB2_ISR                                
0     00009105  ADCB3_ISR                                
0     0000910f  ADCB4_ISR                                
0     00009119  ADCB_EVT_ISR                             
0     00009123  ADCC1_ISR                                
0     0000912d  ADCC2_ISR                                
0     00009137  ADCC3_ISR                                
0     00009141  ADCC4_ISR                                
0     0000914b  ADCC_EVT_ISR                             
0     00009155  ADCD1_ISR                                
0     0000915f  ADCD2_ISR                                
0     00009169  ADCD3_ISR                                
0     00009173  ADCD4_ISR                                
0     0000917d  ADCD_EVT_ISR                             
0     00009187  CANA0_ISR                                
0     00009191  CANA1_ISR                                
0     0000919b  CANB0_ISR                                
0     000091a5  CANB1_ISR                                
0     000091af  CIPC0_ISR                                
0     000091b9  CIPC1_ISR                                
0     000091c3  CIPC2_ISR                                
0     000091cd  CIPC3_ISR                                
0     000091d7  CLA1CRC_ISR                              
0     000091e1  CLA1_1_ISR                               
0     000091eb  CLA1_2_ISR                               
0     000091f5  CLA1_3_ISR                               
0     000091ff  CLA1_4_ISR                               
0     00009209  CLA1_5_ISR                               
0     00009213  CLA1_6_ISR                               
0     0000921d  CLA1_7_ISR                               
0     00009227  CLA1_8_ISR                               
0     00009231  CLA_OVERFLOW_ISR                         
0     0000923b  CLA_UNDERFLOW_ISR                        
0     00009245  CLB1_ISR                                 
0     0000924f  CLB2_ISR                                 
0     00009259  CLB3_ISR                                 
0     00009263  CLB4_ISR                                 
0     0000926d  CLB5_ISR                                 
0     00009277  CLB6_ISR                                 
0     00009281  CLB7_ISR                                 
0     0000928b  CLB8_ISR                                 
0     00009295  CMTOCPUXIPC0_ISR                         
0     0000929f  CMTOCPUXIPC1_ISR                         
0     000092a9  CMTOCPUXIPC2_ISR                         
0     000092b3  CMTOCPUXIPC3_ISR                         
0     000092bd  CMTOCPUXIPC4_ISR                         
0     000092c7  CMTOCPUXIPC5_ISR                         
0     000092d1  CMTOCPUXIPC6_ISR                         
0     000092db  CMTOCPUXIPC7_ISR                         
0     000092e5  CM_STATUS_ISR                            
0     000092ef  CPUCRC_ISR                               
0     000092f9  DATALOG_ISR                              
0     00009303  DMA_CH1_ISR                              
0     0000930d  DMA_CH2_ISR                              
0     00009317  DMA_CH3_ISR                              
0     00009321  DMA_CH4_ISR                              
0     0000932b  DMA_CH5_ISR                              
0     00009335  DMA_CH6_ISR                              
0     0000933f  ECAP1_ISR                                
0     00009349  ECAP2_ISR                                
0     00009353  ECAP3_ISR                                
0     0000935d  ECAP4_ISR                                
0     00009367  ECAP5_ISR                                
0     00009371  ECAP6_2_ISR                              
0     0000937b  ECAP6_ISR                                
0     00009385  ECAP7_2_ISR                              
0     0000938f  ECAP7_ISR                                
0     00009399  ECATRST_ISR                              
0     000093a3  ECATSYNC0_ISR                            
0     000093ad  ECATSYNC1_ISR                            
0     000093b7  ECAT_ISR                                 
0     000093c1  EMU_ISR                                  
0     000093cb  EPWM10_ISR                               
0     000093d5  EPWM10_TZ_ISR                            
0     000093df  EPWM11_ISR                               
0     000093e9  EPWM11_TZ_ISR                            
0     000093f3  EPWM12_ISR                               
0     000093fd  EPWM12_TZ_ISR                            
0     00009407  EPWM13_ISR                               
0     00009411  EPWM13_TZ_ISR                            
0     0000941b  EPWM14_ISR                               
0     00009425  EPWM14_TZ_ISR                            
0     0000942f  EPWM15_ISR                               
0     00009439  EPWM15_TZ_ISR                            
0     00009443  EPWM16_ISR                               
0     0000944d  EPWM16_TZ_ISR                            
0     00009457  EPWM1_ISR                                
0     00009461  EPWM1_TZ_ISR                             
0     0000946b  EPWM2_ISR                                
0     00009475  EPWM2_TZ_ISR                             
0     0000947f  EPWM3_ISR                                
0     00009489  EPWM3_TZ_ISR                             
0     00009493  EPWM4_ISR                                
0     0000949d  EPWM4_TZ_ISR                             
0     000094a7  EPWM5_ISR                                
0     000094b1  EPWM5_TZ_ISR                             
0     000094bb  EPWM6_ISR                                
0     000094c5  EPWM6_TZ_ISR                             
0     000094cf  EPWM7_ISR                                
0     000094d9  EPWM7_TZ_ISR                             
0     000094e3  EPWM8_ISR                                
0     000094ed  EPWM8_TZ_ISR                             
0     000094f7  EPWM9_ISR                                
0     00009501  EPWM9_TZ_ISR                             
0     0000950b  EQEP1_ISR                                
0     00009515  EQEP2_ISR                                
0     0000951f  EQEP3_ISR                                
0     00009529  FMC_ISR                                  
0     00009533  FPU_OFLOW_ISR                            
0     0000953d  FPU_UFLOW_ISR                            
0     00009547  FSIRXA1_ISR                              
0     00009551  FSIRXA2_ISR                              
0     0000955b  FSIRXB1_ISR                              
0     00009565  FSIRXB2_ISR                              
0     0000956f  FSIRXC1_ISR                              
0     00009579  FSIRXC2_ISR                              
0     00009583  FSIRXD1_ISR                              
0     0000958d  FSIRXD2_ISR                              
0     00009597  FSIRXE1_ISR                              
0     000095a1  FSIRXE2_ISR                              
0     000095ab  FSIRXF1_ISR                              
0     000095b5  FSIRXF2_ISR                              
0     000095bf  FSIRXG1_ISR                              
0     000095c9  FSIRXG2_ISR                              
0     000095d3  FSIRXH1_ISR                              
0     000095dd  FSIRXH2_ISR                              
0     000095e7  FSITXA1_ISR                              
0     000095f1  FSITXA2_ISR                              
0     000095fb  FSITXB1_ISR                              
0     00009605  FSITXB2_ISR                              
0     0000960f  I2CA_FIFO_ISR                            
0     00009619  I2CA_HIGH_ISR                            
0     00009623  I2CA_ISR                                 
0     0000962d  I2CB_FIFO_ISR                            
0     00009637  I2CB_ISR                                 
0     00009641  ILLEGAL_ISR                              
0     0000964b  Interrupt_illegalOperationHandler        
0     00009655  Interrupt_nmiHandler                     
0     0000965f  MCANA_0_ISR                              
0     00009669  MCANA_1_ISR                              
0     00009673  MCANA_ECC_ISR                            
0     0000967d  MCANA_WAKE_ISR                           
0     00009687  MCBSPA_RX_ISR                            
0     00009691  MCBSPA_TX_ISR                            
0     0000969b  MCBSPB_RX_ISR                            
0     000096a5  MCBSPB_TX_ISR                            
0     000096af  MPOST_ISR                                
0     000096b9  NMI_ISR                                  
0     000096c3  NOTUSED_ISR                              
0     000096cd  PIE_RESERVED_ISR                         
0     000096d7  PMBUSA_ISR                               
0     000096e1  RTOS_ISR                                 
0     000096eb  SCIA_RX_ISR                              
0     000096f5  SCIA_TX_ISR                              
0     000096ff  SCIB_RX_ISR                              
0     00009709  SCIB_TX_ISR                              
0     00009713  SCIC_RX_ISR                              
0     0000971d  SCIC_TX_ISR                              
0     00009727  SCID_RX_ISR                              
0     00009731  SCID_TX_ISR                              
0     0000973b  SDFM1DR1_ISR                             
0     00009745  SDFM1DR2_ISR                             
0     0000974f  SDFM1DR3_ISR                             
0     00009759  SDFM1DR4_ISR                             
0     00009763  SDFM1_ISR                                
0     0000976d  SDFM2DR1_ISR                             
0     00009777  SDFM2DR2_ISR                             
0     00009781  SDFM2DR3_ISR                             
0     0000978b  SDFM2DR4_ISR                             
0     00009795  SDFM2_ISR                                
0     0000979f  SPIA_RX_ISR                              
0     000097a9  SPIA_TX_ISR                              
0     000097b3  SPIB_RX_ISR                              
0     000097bd  SPIB_TX_ISR                              
0     000097c7  SPIC_RX_ISR                              
0     000097d1  SPIC_TX_ISR                              
0     000097db  SPID_RX_ISR                              
0     000097e5  SPID_TX_ISR                              
0     000097ef  SYS_ERR_ISR                              
0     000097f9  Initial_IPC_Clear                        
0     00009800  TIMER0_ISR                               
0     0000980a  TIMER1_ISR                               
0     00009814  TIMER2_ISR                               
0     0000981e  USBA_ISR                                 
0     00009828  USER10_ISR                               
0     00009832  USER11_ISR                               
0     0000983c  USER12_ISR                               
0     00009846  USER1_ISR                                
0     00009850  USER2_ISR                                
0     0000985a  USER3_ISR                                
0     00009864  USER4_ISR                                
0     0000986e  USER5_ISR                                
0     00009878  USER6_ISR                                
0     00009882  USER7_ISR                                
0     0000988c  USER8_ISR                                
0     00009896  USER9_ISR                                
0     000098a0  WAKE_ISR                                 
0     000098aa  XINT1_ISR                                
0     000098b4  XINT2_ISR                                
0     000098be  XINT3_ISR                                
0     000098c8  XINT4_ISR                                
0     000098d2  XINT5_ISR                                
0     000098e5  Initial_IPC_Mastership                   
0     000098f7  _register_unlock                         
0     000098fb  _register_lock                           
0     000098ff  _nop                                     
0     00009900  __TI_decompress_none                     
0     00009910  Initial_SCI                              
0     00009938  __error__                                
0     00009941  _system_pre_init                         
0     0000a800  g_ucEthRxSeqNum                          
0     0000a801  g_ucEthRxStatus                          
0     0000a802  pxIpcCpu1ToCm                            
0     0000a804  pxIpcCmToCpu1                            
0     0000a806  __TI_enable_exit_profile_output          
0     0000a808  __TI_cleanup_ptr                         
0     0000a80a  __TI_dtors_ptr                           
0     0000a80c  _lock                                    
0     0000a80e  _unlock                                  
0     0000a810  currentTemperatureC                      
0     0000a812  adcResult                                
0     0000a813  g_bCmReady                               
0     0000a840  PieVectTableInit                         
0     0000aa00  IPC_Instance                             
0     0000ad41  xLed                                     
0     0000ad60  tempSensor_tempSlope                     
0     0000ad62  tempSensor_tempOffset                    
0     0000ad64  tempSensor_scaleFactor                   
0     0000ad66  xTimer                                   
0     0000ad6c  xRcvSciPcMsg1                            
0     0000ad6d  xXmtSciPcMsg1                            
0     0000c000  DCC_verifyClockFrequency                 
0     0000c2b8  SysCtl_isPLLValid                        
0     0000c515  Device_enableAllPeripherals              
0     0000c67c  SysCtl_setClock                          
0     0000c7aa  Interrupt_disable                        
0     0000c800  SysCtl_setAuxClock                       
0     0000c90e  InitAdcModules                           
0     0000c9c0  initGpioDoutLed                          
0     0000ca72  isrScia_SCI_PC                           
0     0000cbb7  Initial_LED                              
0     0000cc4d  SCI_setConfig                            
0     0000cce0  SCI_writeCharArray                       
0     0000cd70  SCI_readCharArray                        
0     0000cdff  sendSciPcMessage1                        
0     0000cf16  __c28xabi_divf                           
0     0000cf9e  ADC_setINLTrim                           
0     0000cfff  _system_post_cinit                       
0     00038000  IPC_CPU_To_CM_GetBuffer                  
0     00039000  IPC_CPU_To_CM_PutBuffer                  
0     0003a000  IPC_CPU1_To_CPU2_PutBuffer               
0     0003b000  IPC_CPU1_To_CPU2_GetBuffer               
1     0005d700  AnalogSubsysRegs                         
abs   00000100  __TI_STACK_SIZE                          
abs   ffffffff  __TI_pprof_out_hndl                      
abs   ffffffff  __TI_prof_data_size                      
abs   ffffffff  __TI_prof_data_start                     
abs   ffffffff  __c_args__                               

[343 symbols]
