<?xml version="1.0" encoding="ISO-8859-1" ?>
<link_info>
   <banner>TI ARM Linker PC v20.2.7.LTS</banner>
   <copyright>Copyright (c) 1996-2018 Texas Instruments Incorporated</copyright>
   <link_time>0x6a264379</link_time>
   <link_errors>0x0</link_errors>
   <output_file>TMDSCNCD28388D_T_CM.out</output_file>
   <entry_point>
      <name>_c_int00_noargs</name>
      <address>0x200043c5</address>
   </entry_point>
   <input_file_list>
      <input_file id="fl-2">
         <path>.\</path>
         <kind>object</kind>
         <file>main.obj</file>
         <name>main.obj</name>
      </input_file>
      <input_file id="fl-3">
         <path>.\CSU\</path>
         <kind>object</kind>
         <file>csu_Ethernet.obj</file>
         <name>csu_Ethernet.obj</name>
      </input_file>
      <input_file id="fl-4">
         <path>.\CSU\</path>
         <kind>object</kind>
         <file>csu_IPC.obj</file>
         <name>csu_IPC.obj</name>
      </input_file>
      <input_file id="fl-5">
         <path>.\HAL\</path>
         <kind>object</kind>
         <file>hal_Ethernet.obj</file>
         <name>hal_Ethernet.obj</name>
      </input_file>
      <input_file id="fl-6">
         <path>.\HAL\</path>
         <kind>object</kind>
         <file>hal_IPC.obj</file>
         <name>hal_IPC.obj</name>
      </input_file>
      <input_file id="fl-7">
         <path>.\HAL\</path>
         <kind>object</kind>
         <file>hal_Timer.obj</file>
         <name>hal_Timer.obj</name>
      </input_file>
      <input_file id="fl-8">
         <path>.\SDK\common\source\</path>
         <kind>object</kind>
         <file>cm.obj</file>
         <name>cm.obj</name>
      </input_file>
      <input_file id="fl-9">
         <path>.\SDK\common\source\</path>
         <kind>object</kind>
         <file>startup_cm.obj</file>
         <name>startup_cm.obj</name>
      </input_file>
      <input_file id="fl-a">
         <path>.\SDK\driverlib_cm\</path>
         <kind>object</kind>
         <file>aes.obj</file>
         <name>aes.obj</name>
      </input_file>
      <input_file id="fl-b">
         <path>.\SDK\driverlib_cm\</path>
         <kind>object</kind>
         <file>can.obj</file>
         <name>can.obj</name>
      </input_file>
      <input_file id="fl-c">
         <path>.\SDK\driverlib_cm\</path>
         <kind>object</kind>
         <file>cmmpu.obj</file>
         <name>cmmpu.obj</name>
      </input_file>
      <input_file id="fl-d">
         <path>.\SDK\driverlib_cm\</path>
         <kind>object</kind>
         <file>cputimer.obj</file>
         <name>cputimer.obj</name>
      </input_file>
      <input_file id="fl-e">
         <path>.\SDK\driverlib_cm\</path>
         <kind>object</kind>
         <file>dcsm.obj</file>
         <name>dcsm.obj</name>
      </input_file>
      <input_file id="fl-f">
         <path>.\SDK\driverlib_cm\</path>
         <kind>object</kind>
         <file>escss.obj</file>
         <name>escss.obj</name>
      </input_file>
      <input_file id="fl-10">
         <path>.\SDK\driverlib_cm\</path>
         <kind>object</kind>
         <file>ethernet.obj</file>
         <name>ethernet.obj</name>
      </input_file>
      <input_file id="fl-11">
         <path>.\SDK\driverlib_cm\</path>
         <kind>object</kind>
         <file>flash.obj</file>
         <name>flash.obj</name>
      </input_file>
      <input_file id="fl-12">
         <path>.\SDK\driverlib_cm\</path>
         <kind>object</kind>
         <file>gcrc.obj</file>
         <name>gcrc.obj</name>
      </input_file>
      <input_file id="fl-13">
         <path>.\SDK\driverlib_cm\</path>
         <kind>object</kind>
         <file>gpio.obj</file>
         <name>gpio.obj</name>
      </input_file>
      <input_file id="fl-14">
         <path>.\SDK\driverlib_cm\</path>
         <kind>object</kind>
         <file>i2c.obj</file>
         <name>i2c.obj</name>
      </input_file>
      <input_file id="fl-15">
         <path>.\SDK\driverlib_cm\</path>
         <kind>object</kind>
         <file>interrupt.obj</file>
         <name>interrupt.obj</name>
      </input_file>
      <input_file id="fl-16">
         <path>.\SDK\driverlib_cm\</path>
         <kind>object</kind>
         <file>ipc.obj</file>
         <name>ipc.obj</name>
      </input_file>
      <input_file id="fl-17">
         <path>.\SDK\driverlib_cm\</path>
         <kind>object</kind>
         <file>mcan.obj</file>
         <name>mcan.obj</name>
      </input_file>
      <input_file id="fl-18">
         <path>.\SDK\driverlib_cm\</path>
         <kind>object</kind>
         <file>memcfg.obj</file>
         <name>memcfg.obj</name>
      </input_file>
      <input_file id="fl-19">
         <path>.\SDK\driverlib_cm\</path>
         <kind>object</kind>
         <file>mpu.obj</file>
         <name>mpu.obj</name>
      </input_file>
      <input_file id="fl-1a">
         <path>.\SDK\driverlib_cm\</path>
         <kind>object</kind>
         <file>platform_port.obj</file>
         <name>platform_port.obj</name>
      </input_file>
      <input_file id="fl-1b">
         <path>.\SDK\driverlib_cm\</path>
         <kind>object</kind>
         <file>ssi.obj</file>
         <name>ssi.obj</name>
      </input_file>
      <input_file id="fl-1c">
         <path>.\SDK\driverlib_cm\</path>
         <kind>object</kind>
         <file>sysctl.obj</file>
         <name>sysctl.obj</name>
      </input_file>
      <input_file id="fl-1d">
         <path>.\SDK\driverlib_cm\</path>
         <kind>object</kind>
         <file>systick.obj</file>
         <name>systick.obj</name>
      </input_file>
      <input_file id="fl-1e">
         <path>.\SDK\driverlib_cm\</path>
         <kind>object</kind>
         <file>uart.obj</file>
         <name>uart.obj</name>
      </input_file>
      <input_file id="fl-1f">
         <path>.\SDK\driverlib_cm\</path>
         <kind>object</kind>
         <file>udma.obj</file>
         <name>udma.obj</name>
      </input_file>
      <input_file id="fl-20">
         <path>.\SDK\driverlib_cm\</path>
         <kind>object</kind>
         <file>usb.obj</file>
         <name>usb.obj</name>
      </input_file>
      <input_file id="fl-27">
         <kind>object</kind>
         <file>&lt;internal&gt;</file>
         <name>&lt;internal&gt;</name>
      </input_file>
      <input_file id="fl-dd">
         <path>C:\ti\ti-cgt-arm_20.2.7.LTS\lib\</path>
         <kind>archive</kind>
         <file>rtsv7M4_T_le_eabi.lib</file>
         <name>fs_add_t2.asm.obj</name>
      </input_file>
      <input_file id="fl-de">
         <path>C:\ti\ti-cgt-arm_20.2.7.LTS\lib\</path>
         <kind>archive</kind>
         <file>rtsv7M4_T_le_eabi.lib</file>
         <name>fs_cmp_t2.asm.obj</name>
      </input_file>
      <input_file id="fl-df">
         <path>C:\ti\ti-cgt-arm_20.2.7.LTS\lib\</path>
         <kind>archive</kind>
         <file>rtsv7M4_T_le_eabi.lib</file>
         <name>fs_div_t2.asm.obj</name>
      </input_file>
      <input_file id="fl-e0">
         <path>C:\ti\ti-cgt-arm_20.2.7.LTS\lib\</path>
         <kind>archive</kind>
         <file>rtsv7M4_T_le_eabi.lib</file>
         <name>fs_mul_t2.asm.obj</name>
      </input_file>
      <input_file id="fl-e1">
         <path>C:\ti\ti-cgt-arm_20.2.7.LTS\lib\</path>
         <kind>archive</kind>
         <file>rtsv7M4_T_le_eabi.lib</file>
         <name>fs_toi_t2.asm.obj</name>
      </input_file>
      <input_file id="fl-e2">
         <path>C:\ti\ti-cgt-arm_20.2.7.LTS\lib\</path>
         <kind>archive</kind>
         <file>rtsv7M4_T_le_eabi.lib</file>
         <name>fs_tou_t2.asm.obj</name>
      </input_file>
      <input_file id="fl-e3">
         <path>C:\ti\ti-cgt-arm_20.2.7.LTS\lib\</path>
         <kind>archive</kind>
         <file>rtsv7M4_T_le_eabi.lib</file>
         <name>i_tofs_t2.asm.obj</name>
      </input_file>
      <input_file id="fl-e4">
         <path>C:\ti\ti-cgt-arm_20.2.7.LTS\lib\</path>
         <kind>archive</kind>
         <file>rtsv7M4_T_le_eabi.lib</file>
         <name>u_tofs_t2.asm.obj</name>
      </input_file>
      <input_file id="fl-e5">
         <path>C:\ti\ti-cgt-arm_20.2.7.LTS\lib\</path>
         <kind>archive</kind>
         <file>rtsv7M4_T_le_eabi.lib</file>
         <name>memset_t2.asm.obj</name>
      </input_file>
      <input_file id="fl-e6">
         <path>C:\ti\ti-cgt-arm_20.2.7.LTS\lib\</path>
         <kind>archive</kind>
         <file>rtsv7M4_T_le_eabi.lib</file>
         <name>copy_zero_init.c.obj</name>
      </input_file>
      <input_file id="fl-e7">
         <path>C:\ti\ti-cgt-arm_20.2.7.LTS\lib\</path>
         <kind>archive</kind>
         <file>rtsv7M4_T_le_eabi.lib</file>
         <name>copy_decompress_none.c.obj</name>
      </input_file>
      <input_file id="fl-e8">
         <path>C:\ti\ti-cgt-arm_20.2.7.LTS\lib\</path>
         <kind>archive</kind>
         <file>rtsv7M4_T_le_eabi.lib</file>
         <name>copy_decompress_lzss.c.obj</name>
      </input_file>
      <input_file id="fl-e9">
         <path>C:\ti\ti-cgt-arm_20.2.7.LTS\lib\</path>
         <kind>archive</kind>
         <file>rtsv7M4_T_le_eabi.lib</file>
         <name>boot_cortex_m.c.obj</name>
      </input_file>
      <input_file id="fl-ea">
         <path>C:\ti\ti-cgt-arm_20.2.7.LTS\lib\</path>
         <kind>archive</kind>
         <file>rtsv7M4_T_le_eabi.lib</file>
         <name>memcpy_t2.asm.obj</name>
      </input_file>
      <input_file id="fl-eb">
         <path>C:\ti\ti-cgt-arm_20.2.7.LTS\lib\</path>
         <kind>archive</kind>
         <file>rtsv7M4_T_le_eabi.lib</file>
         <name>autoinit.c.obj</name>
      </input_file>
      <input_file id="fl-ec">
         <path>C:\ti\ti-cgt-arm_20.2.7.LTS\lib\</path>
         <kind>archive</kind>
         <file>rtsv7M4_T_le_eabi.lib</file>
         <name>pre_init.c.obj</name>
      </input_file>
      <input_file id="fl-ed">
         <path>C:\ti\ti-cgt-arm_20.2.7.LTS\lib\</path>
         <kind>archive</kind>
         <file>rtsv7M4_T_le_eabi.lib</file>
         <name>cpy_tbl.c.obj</name>
      </input_file>
      <input_file id="fl-ee">
         <path>C:\ti\ti-cgt-arm_20.2.7.LTS\lib\</path>
         <kind>archive</kind>
         <file>rtsv7M4_T_le_eabi.lib</file>
         <name>exit.c.obj</name>
      </input_file>
      <input_file id="fl-ef">
         <path>C:\ti\ti-cgt-arm_20.2.7.LTS\lib\</path>
         <kind>archive</kind>
         <file>rtsv7M4_T_le_eabi.lib</file>
         <name>_lock.c.obj</name>
      </input_file>
      <input_file id="fl-f0">
         <path>C:\ti\ti-cgt-arm_20.2.7.LTS\lib\</path>
         <kind>archive</kind>
         <file>rtsv7M4_T_le_eabi.lib</file>
         <name>args_main.c.obj</name>
      </input_file>
   </input_file_list>
   <object_component_list>
      <object_component id="oc-2a">
         <name>.resetisr:resetISR</name>
         <load_address>0x20000800</load_address>
         <run_address>0x20000800</run_address>
         <size>0x6</size>
         <input_file_ref idref="fl-9"/>
      </object_component>
      <object_component id="oc-27">
         <name>.vtable:retain</name>
         <load_address>0x20000c00</load_address>
         <run_address>0x20000c00</run_address>
         <size>0x140</size>
         <input_file_ref idref="fl-9"/>
      </object_component>
      <object_component id="oc-405">
         <name>.text:processReceivedEthernetPacket</name>
         <load_address>0x20000808</load_address>
         <run_address>0x20000808</run_address>
         <size>0x388</size>
         <input_file_ref idref="fl-3"/>
      </object_component>
      <object_component id="oc-2c5">
         <name>.text:App_ethGetPacketBuffer</name>
         <load_address>0x20000b90</load_address>
         <run_address>0x20000b90</run_address>
         <size>0x70</size>
         <input_file_ref idref="fl-5"/>
      </object_component>
      <object_component id="oc-3c">
         <name>.text:Ethernet_genericISR</name>
         <load_address>0x20000d40</load_address>
         <run_address>0x20000d40</run_address>
         <size>0x4f4</size>
         <input_file_ref idref="fl-10"/>
      </object_component>
      <object_component id="oc-146">
         <name>.text:Ethernet_addPacketsIntoTxQueue</name>
         <load_address>0x20001234</load_address>
         <run_address>0x20001234</run_address>
         <size>0x31c</size>
         <input_file_ref idref="fl-10"/>
      </object_component>
      <object_component id="oc-286">
         <name>.text:Ethernet_getInitConfig</name>
         <load_address>0x20001550</load_address>
         <run_address>0x20001550</run_address>
         <size>0x248</size>
         <input_file_ref idref="fl-10"/>
      </object_component>
      <object_component id="oc-1ac">
         <name>.text:Initial_Ethernet</name>
         <load_address>0x20001798</load_address>
         <run_address>0x20001798</run_address>
         <size>0x248</size>
         <input_file_ref idref="fl-5"/>
      </object_component>
      <object_component id="oc-162">
         <name>.text:Ethernet_retrieveRxPacket</name>
         <load_address>0x200019e0</load_address>
         <run_address>0x200019e0</run_address>
         <size>0x218</size>
         <input_file_ref idref="fl-10"/>
      </object_component>
      <object_component id="oc-28c">
         <name>.text:Ethernet_getHandle</name>
         <load_address>0x20001bf8</load_address>
         <run_address>0x20001bf8</run_address>
         <size>0x1bc</size>
         <input_file_ref idref="fl-10"/>
      </object_component>
      <object_component id="oc-96">
         <name>.text:Ethernet_removePacketsFromTxQueue</name>
         <load_address>0x20001db4</load_address>
         <run_address>0x20001db4</run_address>
         <size>0x17c</size>
         <input_file_ref idref="fl-10"/>
      </object_component>
      <object_component id="oc-4fc">
         <name>.text:Ethernet_sendPacket</name>
         <load_address>0x20001f30</load_address>
         <run_address>0x20001f30</run_address>
         <size>0x144</size>
         <input_file_ref idref="fl-10"/>
      </object_component>
      <object_component id="oc-3bc">
         <name>.text:Ethernet_initRxChannel</name>
         <load_address>0x20002074</load_address>
         <run_address>0x20002074</run_address>
         <size>0x13c</size>
         <input_file_ref idref="fl-10"/>
      </object_component>
      <object_component id="oc-3b6">
         <name>.text:Ethernet_initTxChannel</name>
         <load_address>0x200021b0</load_address>
         <run_address>0x200021b0</run_address>
         <size>0x124</size>
         <input_file_ref idref="fl-10"/>
      </object_component>
      <object_component id="oc-280">
         <name>.text:Ethernet_initInterface</name>
         <load_address>0x200022d4</load_address>
         <run_address>0x200022d4</run_address>
         <size>0x110</size>
         <input_file_ref idref="fl-10"/>
      </object_component>
      <object_component id="oc-444">
         <name>.text:sendEthernetFrame</name>
         <load_address>0x200023e4</load_address>
         <run_address>0x200023e4</run_address>
         <size>0xf4</size>
         <input_file_ref idref="fl-3"/>
      </object_component>
      <object_component id="oc-a9">
         <name>.text:Ethernet_removePacketsFromRxQueue</name>
         <load_address>0x200024d8</load_address>
         <run_address>0x200024d8</run_address>
         <size>0xe8</size>
         <input_file_ref idref="fl-10"/>
      </object_component>
      <object_component id="oc-4dd">
         <name>.text:sendAckResponse</name>
         <load_address>0x200025c0</load_address>
         <run_address>0x200025c0</run_address>
         <size>0xe8</size>
         <input_file_ref idref="fl-3"/>
      </object_component>
      <object_component id="oc-335">
         <name>.text:buildAndSendUdpPacket</name>
         <load_address>0x200026a8</load_address>
         <run_address>0x200026a8</run_address>
         <size>0xe0</size>
         <input_file_ref idref="fl-3"/>
      </object_component>
      <object_component id="oc-32e">
         <name>.text:IPC_sendCommand</name>
         <load_address>0x20002788</load_address>
         <run_address>0x20002788</run_address>
         <size>0xdc</size>
         <input_file_ref idref="fl-16"/>
      </object_component>
      <object_component id="oc-1b2">
         <name>.text:Initial_TIMER</name>
         <load_address>0x20002864</load_address>
         <run_address>0x20002864</run_address>
         <size>0xd8</size>
         <input_file_ref idref="fl-7"/>
      </object_component>
      <object_component id="oc-490">
         <name>.text:Ethernet_writeTxDMAControl</name>
         <load_address>0x2000293c</load_address>
         <run_address>0x2000293c</run_address>
         <size>0xd6</size>
         <input_file_ref idref="fl-10"/>
      </object_component>
      <object_component id="oc-1dc">
         <name>.text:Cycle_1000ms</name>
         <load_address>0x20002a12</load_address>
         <run_address>0x20002a12</run_address>
         <size>0x2</size>
         <input_file_ref idref="fl-2"/>
      </object_component>
      <object_component id="oc-10f">
         <name>.text:main</name>
         <load_address>0x20002a14</load_address>
         <run_address>0x20002a14</run_address>
         <size>0xd4</size>
         <input_file_ref idref="fl-2"/>
      </object_component>
      <object_component id="oc-438">
         <name>.text:buildIPHeader</name>
         <load_address>0x20002ae8</load_address>
         <run_address>0x20002ae8</run_address>
         <size>0xc8</size>
         <input_file_ref idref="fl-3"/>
      </object_component>
      <object_component id="oc-397">
         <name>.text:IPC_readCommand</name>
         <load_address>0x20002bb0</load_address>
         <run_address>0x20002bb0</run_address>
         <size>0xc0</size>
         <input_file_ref idref="fl-16"/>
      </object_component>
      <object_component id="oc-302">
         <name>.text:CPUTimer_startTimer</name>
         <load_address>0x20002c70</load_address>
         <run_address>0x20002c70</run_address>
         <size>0xbe</size>
         <input_file_ref idref="fl-7"/>
      </object_component>
      <object_component id="oc-1d6">
         <name>.text:Cycle_100ms</name>
         <load_address>0x20002d2e</load_address>
         <run_address>0x20002d2e</run_address>
         <size>0x2</size>
         <input_file_ref idref="fl-2"/>
      </object_component>
      <object_component id="oc-2e4">
         <name>.text:CPUTimer_setPreScaler</name>
         <load_address>0x20002d30</load_address>
         <run_address>0x20002d30</run_address>
         <size>0xb6</size>
         <input_file_ref idref="fl-7"/>
      </object_component>
      <object_component id="oc-1d0">
         <name>.text:Cycle_10ms</name>
         <load_address>0x20002de6</load_address>
         <run_address>0x20002de6</run_address>
         <size>0x2</size>
         <input_file_ref idref="fl-2"/>
      </object_component>
      <object_component id="oc-27a">
         <name>.text:initRxDescriptors</name>
         <load_address>0x20002de8</load_address>
         <run_address>0x20002de8</run_address>
         <size>0xb4</size>
         <input_file_ref idref="fl-5"/>
      </object_component>
      <object_component id="oc-2fc">
         <name>.text:CPUTimer_enableInterrupt</name>
         <load_address>0x20002e9c</load_address>
         <run_address>0x20002e9c</run_address>
         <size>0xae</size>
         <input_file_ref idref="fl-7"/>
      </object_component>
      <object_component id="oc-8c">
         <name>.text:defaultISR</name>
         <load_address>0x20002f4a</load_address>
         <run_address>0x20002f4a</run_address>
         <size>0x2</size>
         <input_file_ref idref="fl-9"/>
      </object_component>
      <object_component id="oc-2f0">
         <name>.text:CPUTimer_reloadTimerCounter</name>
         <load_address>0x20002f4c</load_address>
         <run_address>0x20002f4c</run_address>
         <size>0xae</size>
         <input_file_ref idref="fl-7"/>
      </object_component>
      <object_component id="oc-86">
         <name>.text:faultISR</name>
         <load_address>0x20002ffa</load_address>
         <run_address>0x20002ffa</run_address>
         <size>0x2</size>
         <input_file_ref idref="fl-9"/>
      </object_component>
      <object_component id="oc-2ea">
         <name>.text:CPUTimer_stopTimer</name>
         <load_address>0x20002ffc</load_address>
         <run_address>0x20002ffc</run_address>
         <size>0xae</size>
         <input_file_ref idref="fl-7"/>
      </object_component>
      <object_component id="oc-b0">
         <name>.text:Ethernet_addPacketsIntoRxQueue</name>
         <load_address>0x200030ac</load_address>
         <run_address>0x200030ac</run_address>
         <size>0xa8</size>
         <input_file_ref idref="fl-10"/>
      </object_component>
      <object_component id="oc-3ef">
         <name>.text:Interrupt_disable</name>
         <load_address>0x20003154</load_address>
         <run_address>0x20003154</run_address>
         <size>0xa8</size>
         <input_file_ref idref="fl-15"/>
      </object_component>
      <object_component id="oc-308">
         <name>.text:Interrupt_enable</name>
         <load_address>0x200031fc</load_address>
         <run_address>0x200031fc</run_address>
         <size>0xa8</size>
         <input_file_ref idref="fl-15"/>
      </object_component>
      <object_component id="oc-2f6">
         <name>.text:Interrupt_registerHandler</name>
         <load_address>0x200032a4</load_address>
         <run_address>0x200032a4</run_address>
         <size>0xa0</size>
         <input_file_ref idref="fl-15"/>
      </object_component>
      <object_component id="oc-420">
         <name>.text:CPUTimer_clearOverflowFlag</name>
         <load_address>0x20003344</load_address>
         <run_address>0x20003344</run_address>
         <size>0x9e</size>
         <input_file_ref idref="fl-7"/>
      </object_component>
      <object_component id="oc-50">
         <name>.text</name>
         <load_address>0x200033e2</load_address>
         <run_address>0x200033e2</run_address>
         <size>0x9c</size>
         <input_file_ref idref="fl-ea"/>
      </object_component>
      <object_component id="oc-2de">
         <name>.text:CPUTimer_setPeriod</name>
         <load_address>0x20003480</load_address>
         <run_address>0x20003480</run_address>
         <size>0x9a</size>
         <input_file_ref idref="fl-7"/>
      </object_component>
      <object_component id="oc-e0">
         <name>.text:Ethernet_writePHYRegister</name>
         <load_address>0x2000351a</load_address>
         <run_address>0x2000351a</run_address>
         <size>0x96</size>
         <input_file_ref idref="fl-10"/>
      </object_component>
      <object_component id="oc-4a9">
         <name>.text:Ethernet_writeRxDMAControl</name>
         <load_address>0x200035b0</load_address>
         <run_address>0x200035b0</run_address>
         <size>0x96</size>
         <input_file_ref idref="fl-10"/>
      </object_component>
      <object_component id="oc-4f4">
         <name>.text:calcIPChecksum</name>
         <load_address>0x20003646</load_address>
         <run_address>0x20003646</run_address>
         <size>0x92</size>
         <input_file_ref idref="fl-3"/>
      </object_component>
      <object_component id="oc-432">
         <name>.text:buildEthernetHeader</name>
         <load_address>0x200036d8</load_address>
         <run_address>0x200036d8</run_address>
         <size>0x84</size>
         <input_file_ref idref="fl-3"/>
      </object_component>
      <object_component id="oc-d4">
         <name>.text:Ethernet_getOneStepTransmitTimestampPTP</name>
         <load_address>0x2000375c</load_address>
         <run_address>0x2000375c</run_address>
         <size>0x80</size>
         <input_file_ref idref="fl-10"/>
      </object_component>
      <object_component id="oc-168">
         <name>.text:Ethernet_submitRxPacket</name>
         <load_address>0x200037dc</load_address>
         <run_address>0x200037dc</run_address>
         <size>0x80</size>
         <input_file_ref idref="fl-10"/>
      </object_component>
      <object_component id="oc-80">
         <name>.text:nmiISR</name>
         <load_address>0x2000385c</load_address>
         <run_address>0x2000385c</run_address>
         <size>0x80</size>
         <input_file_ref idref="fl-9"/>
      </object_component>
      <object_component id="oc-43e">
         <name>.text:buildUDPHeader</name>
         <load_address>0x200038dc</load_address>
         <run_address>0x200038dc</run_address>
         <size>0x7c</size>
         <input_file_ref idref="fl-3"/>
      </object_component>
      <object_component id="oc-103">
         <name>.text</name>
         <load_address>0x20003958</load_address>
         <run_address>0x20003958</run_address>
         <size>0x7a</size>
         <input_file_ref idref="fl-e5"/>
      </object_component>
      <object_component id="oc-24e">
         <name>.text:CM_enableAllPeripherals</name>
         <load_address>0x200039d2</load_address>
         <run_address>0x200039d2</run_address>
         <size>0x76</size>
         <input_file_ref idref="fl-8"/>
      </object_component>
      <object_component id="oc-da">
         <name>.text:Ethernet_readPHYRegister</name>
         <load_address>0x20003a48</load_address>
         <run_address>0x20003a48</run_address>
         <size>0x72</size>
         <input_file_ref idref="fl-10"/>
      </object_component>
      <object_component id="oc-36">
         <name>.text:Ethernet_receiveISR</name>
         <load_address>0x20003abc</load_address>
         <run_address>0x20003abc</run_address>
         <size>0x70</size>
         <input_file_ref idref="fl-10"/>
      </object_component>
      <object_component id="oc-30">
         <name>.text:Ethernet_transmitISR</name>
         <load_address>0x20003b2c</load_address>
         <run_address>0x20003b2c</run_address>
         <size>0x70</size>
         <input_file_ref idref="fl-10"/>
      </object_component>
      <object_component id="oc-3e7">
         <name>.text:SysCtl_resetPeripheral</name>
         <load_address>0x20003b9c</load_address>
         <run_address>0x20003b9c</run_address>
         <size>0x70</size>
         <input_file_ref idref="fl-1c"/>
      </object_component>
      <object_component id="oc-19">
         <name>.text:decompress:lzss:__TI_decompress_lzss</name>
         <load_address>0x20003c0c</load_address>
         <run_address>0x20003c0c</run_address>
         <size>0x68</size>
         <input_file_ref idref="fl-e8"/>
      </object_component>
      <object_component id="oc-25b">
         <name>.text:IPC_registerInterrupt</name>
         <load_address>0x20003c74</load_address>
         <run_address>0x20003c74</run_address>
         <size>0x64</size>
         <input_file_ref idref="fl-16"/>
      </object_component>
      <object_component id="oc-42c">
         <name>.text:calcUdpMsgChecksum</name>
         <load_address>0x20003cd8</load_address>
         <run_address>0x20003cd8</run_address>
         <size>0x64</size>
         <input_file_ref idref="fl-3"/>
      </object_component>
      <object_component id="oc-375">
         <name>.text:SysCtl_enablePeripheral</name>
         <load_address>0x20003d3c</load_address>
         <run_address>0x20003d3c</run_address>
         <size>0x48</size>
         <input_file_ref idref="fl-1c"/>
      </object_component>
      <object_component id="oc-1f9">
         <name>.text:__TI_auto_init_nobinit_nopinit:__TI_auto_init_nobinit_nopinit</name>
         <load_address>0x20003d84</load_address>
         <run_address>0x20003d84</run_address>
         <size>0x44</size>
         <input_file_ref idref="fl-eb"/>
      </object_component>
      <object_component id="oc-39d">
         <name>.text:recvIpcCpu1Message</name>
         <load_address>0x20003dc8</load_address>
         <run_address>0x20003dc8</run_address>
         <size>0x44</size>
         <input_file_ref idref="fl-4"/>
      </object_component>
      <object_component id="oc-53b">
         <name>.text:Ethernet_performPushPacketQueueChain</name>
         <load_address>0x20003e0c</load_address>
         <run_address>0x20003e0c</run_address>
         <size>0x42</size>
         <input_file_ref idref="fl-10"/>
      </object_component>
      <object_component id="oc-314">
         <name>.text:isr_CpuTimer1</name>
         <load_address>0x20003e50</load_address>
         <run_address>0x20003e50</run_address>
         <size>0x40</size>
         <input_file_ref idref="fl-7"/>
      </object_component>
      <object_component id="oc-175">
         <name>.text:Ethernet_performPushOnPacketQueue</name>
         <load_address>0x20003e90</load_address>
         <run_address>0x20003e90</run_address>
         <size>0x3c</size>
         <input_file_ref idref="fl-10"/>
      </object_component>
      <object_component id="oc-292">
         <name>.text:Ethernet_setMACAddr</name>
         <load_address>0x20003ecc</load_address>
         <run_address>0x20003ecc</run_address>
         <size>0x3c</size>
         <input_file_ref idref="fl-10"/>
      </object_component>
      <object_component id="oc-273">
         <name>.text:isrIpcFromCPU1</name>
         <load_address>0x20003f08</load_address>
         <run_address>0x20003f08</run_address>
         <size>0x3c</size>
         <input_file_ref idref="fl-6"/>
      </object_component>
      <object_component id="oc-411">
         <name>.text:CPUTimer_isBaseValid</name>
         <load_address>0x20003f44</load_address>
         <run_address>0x20003f44</run_address>
         <size>0x34</size>
         <input_file_ref idref="fl-7"/>
      </object_component>
      <object_component id="oc-328">
         <name>.text:IPC_isFlagBusyLtoR</name>
         <load_address>0x20003f78</load_address>
         <run_address>0x20003f78</run_address>
         <size>0x34</size>
         <input_file_ref idref="fl-6"/>
      </object_component>
      <object_component id="oc-261">
         <name>.text:IPC_isFlagBusyRtoL</name>
         <load_address>0x20003fac</load_address>
         <run_address>0x20003fac</run_address>
         <size>0x34</size>
         <input_file_ref idref="fl-6"/>
      </object_component>
      <object_component id="oc-3ae">
         <name>.text:Ethernet_resetModule</name>
         <load_address>0x20003fe0</load_address>
         <run_address>0x20003fe0</run_address>
         <size>0x20</size>
         <input_file_ref idref="fl-10"/>
      </object_component>
      <object_component id="oc-4bb">
         <name>.text:Ethernet_enableMACRxQ</name>
         <load_address>0x20004000</load_address>
         <run_address>0x20004000</run_address>
         <size>0x32</size>
         <input_file_ref idref="fl-10"/>
      </object_component>
      <object_component id="oc-26d">
         <name>.text:IPC_sync</name>
         <load_address>0x20004032</load_address>
         <run_address>0x20004032</run_address>
         <size>0x32</size>
         <input_file_ref idref="fl-6"/>
      </object_component>
      <object_component id="oc-bc">
         <name>.text:Ethernet_configureEEEClockGatingControl</name>
         <load_address>0x20004064</load_address>
         <run_address>0x20004064</run_address>
         <size>0x30</size>
         <input_file_ref idref="fl-10"/>
      </object_component>
      <object_component id="oc-15c">
         <name>.text:Ethernet_nextDescAvailable</name>
         <load_address>0x20004094</load_address>
         <run_address>0x20004094</run_address>
         <size>0x30</size>
         <input_file_ref idref="fl-10"/>
      </object_component>
      <object_component id="oc-1a6">
         <name>.text:Initial_IPC</name>
         <load_address>0x200040c4</load_address>
         <run_address>0x200040c4</run_address>
         <size>0x30</size>
         <input_file_ref idref="fl-6"/>
      </object_component>
      <object_component id="oc-1be">
         <name>.text:sendIpcMessageToCPU1</name>
         <load_address>0x200040f4</load_address>
         <run_address>0x200040f4</run_address>
         <size>0x30</size>
         <input_file_ref idref="fl-6"/>
      </object_component>
      <object_component id="oc-49c">
         <name>.text:Ethernet_setMTLTxQueueOpMode</name>
         <load_address>0x20004124</load_address>
         <run_address>0x20004124</run_address>
         <size>0x2e</size>
         <input_file_ref idref="fl-10"/>
      </object_component>
      <object_component id="oc-c8">
         <name>.text:Ethernet_isTimestampIntActive</name>
         <load_address>0x20004154</load_address>
         <run_address>0x20004154</run_address>
         <size>0x2c</size>
         <input_file_ref idref="fl-10"/>
      </object_component>
      <object_component id="oc-ce">
         <name>.text:Ethernet_isTransmitTimestampStatusSet</name>
         <load_address>0x20004180</load_address>
         <run_address>0x20004180</run_address>
         <size>0x2c</size>
         <input_file_ref idref="fl-10"/>
      </object_component>
      <object_component id="oc-4b5">
         <name>.text:Ethernet_setMTLRxQueueOpMode</name>
         <load_address>0x200041ac</load_address>
         <run_address>0x200041ac</run_address>
         <size>0x28</size>
         <input_file_ref idref="fl-10"/>
      </object_component>
      <object_component id="oc-390">
         <name>.text:IPC_waitForAck</name>
         <load_address>0x200041d4</load_address>
         <run_address>0x200041d4</run_address>
         <size>0x28</size>
         <input_file_ref idref="fl-6"/>
      </object_component>
      <object_component id="oc-38a">
         <name>.text:IPC_waitForFlag</name>
         <load_address>0x200041fc</load_address>
         <run_address>0x200041fc</run_address>
         <size>0x28</size>
         <input_file_ref idref="fl-6"/>
      </object_component>
      <object_component id="oc-1e2">
         <name>.text:updateEthernetTask</name>
         <load_address>0x20004224</load_address>
         <run_address>0x20004224</run_address>
         <size>0x28</size>
         <input_file_ref idref="fl-5"/>
      </object_component>
      <object_component id="oc-3d4">
         <name>.text:Ethernet_configureMDIO</name>
         <load_address>0x2000424c</load_address>
         <run_address>0x2000424c</run_address>
         <size>0x26</size>
         <input_file_ref idref="fl-10"/>
      </object_component>
      <object_component id="oc-3a8">
         <name>.text:Ethernet_configureRevMIIAddress</name>
         <load_address>0x20004272</load_address>
         <run_address>0x20004272</run_address>
         <size>0x26</size>
         <input_file_ref idref="fl-10"/>
      </object_component>
      <object_component id="oc-4c1">
         <name>.text:Ethernet_enableRxDMAReception</name>
         <load_address>0x20004298</load_address>
         <run_address>0x20004298</run_address>
         <size>0x26</size>
         <input_file_ref idref="fl-10"/>
      </object_component>
      <object_component id="oc-23b">
         <name>.text:Ethernet_getRxERICount</name>
         <load_address>0x200042be</load_address>
         <run_address>0x200042be</run_address>
         <size>0x26</size>
         <input_file_ref idref="fl-10"/>
      </object_component>
      <object_component id="oc-140">
         <name>.text:Ethernet_performPopOnPacketQueue</name>
         <load_address>0x200042e4</load_address>
         <run_address>0x200042e4</run_address>
         <size>0x26</size>
         <input_file_ref idref="fl-10"/>
      </object_component>
      <object_component id="oc-4af">
         <name>.text:Ethernet_setRxDescRingLength</name>
         <load_address>0x2000430a</load_address>
         <run_address>0x2000430a</run_address>
         <size>0x26</size>
         <input_file_ref idref="fl-10"/>
      </object_component>
      <object_component id="oc-496">
         <name>.text:Ethernet_setTxDescRingLength</name>
         <load_address>0x20004330</load_address>
         <run_address>0x20004330</run_address>
         <size>0x26</size>
         <input_file_ref idref="fl-10"/>
      </object_component>
      <object_component id="oc-16e">
         <name>.text:Ethernet_enableDmaInterrupt</name>
         <load_address>0x20004356</load_address>
         <run_address>0x20004356</run_address>
         <size>0x24</size>
         <input_file_ref idref="fl-10"/>
      </object_component>
      <object_component id="oc-267">
         <name>.text:IPC_ackFlagRtoL</name>
         <load_address>0x2000437c</load_address>
         <run_address>0x2000437c</run_address>
         <size>0x24</size>
         <input_file_ref idref="fl-6"/>
      </object_component>
      <object_component id="oc-384">
         <name>.text:IPC_setFlagLtoR</name>
         <load_address>0x200043a0</load_address>
         <run_address>0x200043a0</run_address>
         <size>0x24</size>
         <input_file_ref idref="fl-6"/>
      </object_component>
      <object_component id="oc-6e">
         <name>.text:_c_int00_noargs:_c_int00_noargs</name>
         <load_address>0x200043c4</load_address>
         <run_address>0x200043c4</run_address>
         <size>0x24</size>
         <input_file_ref idref="fl-e9"/>
      </object_component>
      <object_component id="oc-31a">
         <name>.text:isr_CpuTimer2</name>
         <load_address>0x200043e8</load_address>
         <run_address>0x200043e8</run_address>
         <size>0x24</size>
         <input_file_ref idref="fl-7"/>
      </object_component>
      <object_component id="oc-2cb">
         <name>.text:App_ethRxCallback</name>
         <load_address>0x2000440c</load_address>
         <run_address>0x2000440c</run_address>
         <size>0x22</size>
         <input_file_ref idref="fl-5"/>
      </object_component>
      <object_component id="oc-9c">
         <name>.text:Ethernet_clearDMAChannelInterrupt</name>
         <load_address>0x2000442e</load_address>
         <run_address>0x2000442e</run_address>
         <size>0x1e</size>
         <input_file_ref idref="fl-10"/>
      </object_component>
      <object_component id="oc-188">
         <name>.text:Ethernet_getPHYMode</name>
         <load_address>0x2000444c</load_address>
         <run_address>0x2000444c</run_address>
         <size>0x1e</size>
         <input_file_ref idref="fl-10"/>
      </object_component>
      <object_component id="oc-3c2">
         <name>.text:Ethernet_setMTLOpmode</name>
         <load_address>0x2000446a</load_address>
         <run_address>0x2000446a</run_address>
         <size>0x1e</size>
         <input_file_ref idref="fl-10"/>
      </object_component>
      <object_component id="oc-4a3">
         <name>.text:Ethernet_writeRxDescListAddress</name>
         <load_address>0x20004488</load_address>
         <run_address>0x20004488</run_address>
         <size>0x1e</size>
         <input_file_ref idref="fl-10"/>
      </object_component>
      <object_component id="oc-b6">
         <name>.text:Ethernet_writeRxDescTailPointer</name>
         <load_address>0x200044a6</load_address>
         <run_address>0x200044a6</run_address>
         <size>0x1e</size>
         <input_file_ref idref="fl-10"/>
      </object_component>
      <object_component id="oc-48a">
         <name>.text:Ethernet_writeTxDescListAddress</name>
         <load_address>0x200044c4</load_address>
         <run_address>0x200044c4</run_address>
         <size>0x1e</size>
         <input_file_ref idref="fl-10"/>
      </object_component>
      <object_component id="oc-22d">
         <name>.text:Ethernet_writeTxDescTailPointer</name>
         <load_address>0x200044e2</load_address>
         <run_address>0x200044e2</run_address>
         <size>0x1e</size>
         <input_file_ref idref="fl-10"/>
      </object_component>
      <object_component id="oc-30e">
         <name>.text:isr_CpuTimer0</name>
         <load_address>0x20004500</load_address>
         <run_address>0x20004500</run_address>
         <size>0x1c</size>
         <input_file_ref idref="fl-7"/>
      </object_component>
      <object_component id="oc-3da">
         <name>.text:Ethernet_configurePHYAddress</name>
         <load_address>0x2000451c</load_address>
         <run_address>0x2000451c</run_address>
         <size>0x1a</size>
         <input_file_ref idref="fl-10"/>
      </object_component>
      <object_component id="oc-1a0">
         <name>.text:CM_init</name>
         <load_address>0x20004538</load_address>
         <run_address>0x20004538</run_address>
         <size>0x18</size>
         <input_file_ref idref="fl-8"/>
      </object_component>
      <object_component id="oc-3ce">
         <name>.text:Ethernet_setMACPacketFilter</name>
         <load_address>0x20004550</load_address>
         <run_address>0x20004550</run_address>
         <size>0x18</size>
         <input_file_ref idref="fl-10"/>
      </object_component>
      <object_component id="oc-3fd">
         <name>.text:Interrupt_disableInProcessor</name>
         <load_address>0x20004568</load_address>
         <run_address>0x20004568</run_address>
         <size>0x18</size>
         <input_file_ref idref="fl-5"/>
      </object_component>
      <object_component id="oc-3f6">
         <name>.text:Interrupt_enableInProcessor</name>
         <load_address>0x20004580</load_address>
         <run_address>0x20004580</run_address>
         <size>0x18</size>
         <input_file_ref idref="fl-5"/>
      </object_component>
      <object_component id="oc-1b8">
         <name>.text:Interrupt_enableInProcessor</name>
         <load_address>0x20004598</load_address>
         <run_address>0x20004598</run_address>
         <size>0x18</size>
         <input_file_ref idref="fl-2"/>
      </object_component>
      <object_component id="oc-13a">
         <name>.text:Ethernet_HW_descQueueGetCount</name>
         <load_address>0x200045b0</load_address>
         <run_address>0x200045b0</run_address>
         <size>0x16</size>
         <input_file_ref idref="fl-10"/>
      </object_component>
      <object_component id="oc-c2">
         <name>.text:Ethernet_disableTxEEEMode</name>
         <load_address>0x200045c6</load_address>
         <run_address>0x200045c6</run_address>
         <size>0x16</size>
         <input_file_ref idref="fl-10"/>
      </object_component>
      <object_component id="oc-3c8">
         <name>.text:Ethernet_setDMAMode</name>
         <load_address>0x200045dc</load_address>
         <run_address>0x200045dc</run_address>
         <size>0x16</size>
         <input_file_ref idref="fl-10"/>
      </object_component>
      <object_component id="oc-298">
         <name>.text:Ethernet_setMACConfiguration</name>
         <load_address>0x200045f2</load_address>
         <run_address>0x200045f2</run_address>
         <size>0x16</size>
         <input_file_ref idref="fl-10"/>
      </object_component>
      <object_component id="oc-254">
         <name>.text:Interrupt_setVectorTableOffset</name>
         <load_address>0x20004608</load_address>
         <run_address>0x20004608</run_address>
         <size>0x14</size>
         <input_file_ref idref="fl-8"/>
      </object_component>
      <object_component id="oc-1ca">
         <name>.text:Cycle_1ms</name>
         <load_address>0x2000461c</load_address>
         <run_address>0x2000461c</run_address>
         <size>0x10</size>
         <input_file_ref idref="fl-2"/>
      </object_component>
      <object_component id="oc-248">
         <name>.text:SysCtl_disableWatchdog</name>
         <load_address>0x2000462c</load_address>
         <run_address>0x2000462c</run_address>
         <size>0x10</size>
         <input_file_ref idref="fl-8"/>
      </object_component>
      <object_component id="oc-235">
         <name>.text:Ethernet_returnTopOfPacketQueue</name>
         <load_address>0x2000463c</load_address>
         <run_address>0x2000463c</run_address>
         <size>0xe</size>
         <input_file_ref idref="fl-10"/>
      </object_component>
      <object_component id="oc-2a1">
         <name>.text:Platform_enablePeripheral</name>
         <load_address>0x2000464a</load_address>
         <run_address>0x2000464a</run_address>
         <size>0xe</size>
         <input_file_ref idref="fl-1a"/>
      </object_component>
      <object_component id="oc-2a7">
         <name>.text:Platform_resetPeripheral</name>
         <load_address>0x20004658</load_address>
         <run_address>0x20004658</run_address>
         <size>0xe</size>
         <input_file_ref idref="fl-1a"/>
      </object_component>
      <object_component id="oc-181">
         <name>.text:__error__</name>
         <load_address>0x20004666</load_address>
         <run_address>0x20004666</run_address>
         <size>0xe</size>
         <input_file_ref idref="fl-8"/>
      </object_component>
      <object_component id="oc-1f">
         <name>.text:decompress:none:__TI_decompress_none</name>
         <load_address>0x20004674</load_address>
         <run_address>0x20004674</run_address>
         <size>0xe</size>
         <input_file_ref idref="fl-e7"/>
      </object_component>
      <object_component id="oc-2d1">
         <name>.text:App_ethTxCallback</name>
         <load_address>0x20004682</load_address>
         <run_address>0x20004682</run_address>
         <size>0xc</size>
         <input_file_ref idref="fl-5"/>
      </object_component>
      <object_component id="oc-2b3">
         <name>.text:Platform_disableInterrupt</name>
         <load_address>0x2000468e</load_address>
         <run_address>0x2000468e</run_address>
         <size>0xc</size>
         <input_file_ref idref="fl-1a"/>
      </object_component>
      <object_component id="oc-2ad">
         <name>.text:Platform_enableInterrupt</name>
         <load_address>0x2000469a</load_address>
         <run_address>0x2000469a</run_address>
         <size>0xc</size>
         <input_file_ref idref="fl-1a"/>
      </object_component>
      <object_component id="oc-62">
         <name>.text:decompress:ZI:__TI_zero_init</name>
         <load_address>0x200046a6</load_address>
         <run_address>0x200046a6</run_address>
         <size>0xc</size>
         <input_file_ref idref="fl-e6"/>
      </object_component>
      <object_component id="oc-4cf">
         <name>.text:CPU_clearPRIMASK</name>
         <load_address>0x200046b2</load_address>
         <run_address>0x200046b2</run_address>
         <size>0x8</size>
         <input_file_ref idref="fl-5"/>
      </object_component>
      <object_component id="oc-321">
         <name>.text:CPU_clearPRIMASK</name>
         <load_address>0x200046ba</load_address>
         <run_address>0x200046ba</run_address>
         <size>0x8</size>
         <input_file_ref idref="fl-2"/>
      </object_component>
      <object_component id="oc-4d6">
         <name>.text:CPU_setPRIMASK</name>
         <load_address>0x200046c2</load_address>
         <run_address>0x200046c2</run_address>
         <size>0x8</size>
         <input_file_ref idref="fl-5"/>
      </object_component>
      <object_component id="oc-1c4">
         <name>.text:Cycle_2ms</name>
         <load_address>0x200046ca</load_address>
         <run_address>0x200046ca</run_address>
         <size>0x8</size>
         <input_file_ref idref="fl-2"/>
      </object_component>
      <object_component id="oc-2bf">
         <name>.text:Platform_disableCoreInterrupt</name>
         <load_address>0x200046d2</load_address>
         <run_address>0x200046d2</run_address>
         <size>0x8</size>
         <input_file_ref idref="fl-5"/>
      </object_component>
      <object_component id="oc-2b9">
         <name>.text:Platform_enableCoreInterrupt</name>
         <load_address>0x200046da</load_address>
         <run_address>0x200046da</run_address>
         <size>0x8</size>
         <input_file_ref idref="fl-5"/>
      </object_component>
      <object_component id="oc-109">
         <name>.text:_system_pre_init</name>
         <load_address>0x200046e2</load_address>
         <run_address>0x200046e2</run_address>
         <size>0x4</size>
         <input_file_ref idref="fl-ec"/>
      </object_component>
      <object_component id="oc-1ed">
         <name>.text:abort:abort</name>
         <load_address>0x200046e6</load_address>
         <run_address>0x200046e6</run_address>
         <size>0x4</size>
         <input_file_ref idref="fl-ee"/>
      </object_component>
      <object_component id="oc-578">
         <name>.cinit..vtable.load</name>
         <load_address>0x1fffe000</load_address>
         <run_address>0x1fffe000</run_address>
         <size>0x24</size>
      </object_component>
      <object_component id="oc-579">
         <name>.cinit..data.load</name>
         <load_address>0x1fffe024</load_address>
         <run_address>0x1fffe024</run_address>
         <size>0x15</size>
      </object_component>
      <object_component id="oc-576">
         <name>__TI_handler_table</name>
         <load_address>0x1fffe03c</load_address>
         <run_address>0x1fffe03c</run_address>
         <size>0xc</size>
      </object_component>
      <object_component id="oc-57a">
         <name>.cinit..bss.load</name>
         <load_address>0x1fffe048</load_address>
         <run_address>0x1fffe048</run_address>
         <size>0x8</size>
      </object_component>
      <object_component id="oc-577">
         <name>__TI_cinit_table</name>
         <load_address>0x1fffe050</load_address>
         <run_address>0x1fffe050</run_address>
         <size>0x18</size>
      </object_component>
      <object_component id="oc-42">
         <name>.stack</name>
         <uninitialized>true</uninitialized>
         <run_address>0x1fffc000</run_address>
         <size>0x4</size>
         <input_file_ref idref="fl-e9"/>
      </object_component>
      <object_component id="oc-57c">
         <name>.stack</name>
         <uninitialized>true</uninitialized>
         <run_address>0x1fffc000</run_address>
         <size>0x0</size>
      </object_component>
      <object_component id="oc-4e4">
         <name>.data</name>
         <load_address>0x2000da6c</load_address>
         <run_address>0x2000da6c</run_address>
         <size>0x4</size>
         <input_file_ref idref="fl-3"/>
      </object_component>
      <object_component id="oc-44a">
         <name>.data:g_xEthTxData</name>
         <load_address>0x2000da74</load_address>
         <run_address>0x2000da74</run_address>
         <size>0x4</size>
         <input_file_ref idref="fl-3"/>
      </object_component>
      <object_component id="oc-4ea">
         <name>.data:g_xEthRxData</name>
         <load_address>0x2000da70</load_address>
         <run_address>0x2000da70</run_address>
         <size>0x4</size>
         <input_file_ref idref="fl-3"/>
      </object_component>
      <object_component id="oc-4e7">
         <name>.data:g_ucRealPcMac</name>
         <load_address>0x2000da65</load_address>
         <run_address>0x2000da65</run_address>
         <size>0x6</size>
         <input_file_ref idref="fl-3"/>
      </object_component>
      <object_component id="oc-4e3">
         <name>.data:arpReply$1</name>
         <load_address>0x2000da20</load_address>
         <run_address>0x2000da20</run_address>
         <size>0x3c</size>
         <input_file_ref idref="fl-3"/>
      </object_component>
      <object_component id="oc-2da">
         <name>.data</name>
         <load_address>0x2000da5c</load_address>
         <run_address>0x2000da5c</run_address>
         <size>0x9</size>
         <input_file_ref idref="fl-5"/>
      </object_component>
      <object_component id="oc-a5">
         <name>.data</name>
         <load_address>0x2000d9c4</load_address>
         <run_address>0x2000d9c4</run_address>
         <size>0x5c</size>
         <input_file_ref idref="fl-10"/>
      </object_component>
      <object_component id="oc-502">
         <name>.bss:s_xTxPktDesc</name>
         <uninitialized>true</uninitialized>
         <run_address>0x2000d664</run_address>
         <size>0x130</size>
         <input_file_ref idref="fl-3"/>
      </object_component>
      <object_component id="oc-532">
         <name>.bss:s_ucAckBuf$2</name>
         <uninitialized>true</uninitialized>
         <run_address>0x2000d978</run_address>
         <size>0x3c</size>
         <input_file_ref idref="fl-3"/>
      </object_component>
      <object_component id="oc-2d7">
         <name>.bss:s_ucRxBuf</name>
         <uninitialized>true</uninitialized>
         <run_address>0x2000c000</run_address>
         <size>0x1200</size>
         <input_file_ref idref="fl-5"/>
      </object_component>
      <object_component id="oc-3a4">
         <name>.bss:s_xRxPktDesc</name>
         <uninitialized>true</uninitialized>
         <run_address>0x2000d894</run_address>
         <size>0xe4</size>
         <input_file_ref idref="fl-5"/>
      </object_component>
      <object_component id="oc-29e">
         <name>.common:g_ucTxBuf</name>
         <uninitialized>true</uninitialized>
         <run_address>0x2000d794</run_address>
         <size>0x100</size>
      </object_component>
      <object_component id="oc-1e8">
         <name>.common:xTimer</name>
         <uninitialized>true</uninitialized>
         <run_address>0x2000d9b4</run_address>
         <size>0xe</size>
      </object_component>
      <object_component id="oc-a2">
         <name>.common:Ethernet_device_struct</name>
         <uninitialized>true</uninitialized>
         <run_address>0x2000d200</run_address>
         <size>0x264</size>
      </object_component>
      <object_component id="oc-3e0">
         <name>.common:Ethernet_descArray</name>
         <uninitialized>true</uninitialized>
         <run_address>0x2000d464</run_address>
         <size>0x200</size>
      </object_component>
      <object_component id="oc-37d">
         <name>.const:IPC_Instance</name>
         <load_address>0x1fffc200</load_address>
         <run_address>0x1fffc200</run_address>
         <size>0x88</size>
         <input_file_ref idref="fl-16"/>
      </object_component>
      <object_component id="oc-471">
         <name>MSGRAM_CM_TO_CPU1</name>
         <uninitialized>true</uninitialized>
         <run_address>0x20082000</run_address>
         <size>0x110</size>
         <input_file_ref idref="fl-16"/>
      </object_component>
      <object_component id="oc-477">
         <name>MSGRAM_CM_TO_CPU2</name>
         <uninitialized>true</uninitialized>
         <run_address>0x20086000</run_address>
         <size>0x110</size>
         <input_file_ref idref="fl-16"/>
      </object_component>
      <object_component id="oc-474">
         <name>MSGRAM_CPU1_TO_CM</name>
         <uninitialized>true</uninitialized>
         <run_address>0x20080000</run_address>
         <size>0x110</size>
         <input_file_ref idref="fl-16"/>
      </object_component>
      <object_component id="oc-47a">
         <name>MSGRAM_CPU2_TO_CM</name>
         <uninitialized>true</uninitialized>
         <run_address>0x20084000</run_address>
         <size>0x110</size>
         <input_file_ref idref="fl-16"/>
      </object_component>
      <object_component id="oc-1ec">
         <name>.debug_info</name>
         <load_address>0x0</load_address>
         <run_address>0x0</run_address>
         <size>0x47d</size>
         <input_file_ref idref="fl-2"/>
      </object_component>
      <object_component id="oc-322">
         <name>.debug_info</name>
         <load_address>0x47d</load_address>
         <run_address>0x47d</run_address>
         <size>0x217</size>
         <input_file_ref idref="fl-2"/>
      </object_component>
      <object_component id="oc-1b9">
         <name>.debug_info</name>
         <load_address>0x694</load_address>
         <run_address>0x694</run_address>
         <size>0x250</size>
         <input_file_ref idref="fl-2"/>
      </object_component>
      <object_component id="oc-111">
         <name>.debug_info</name>
         <load_address>0x8e4</load_address>
         <run_address>0x8e4</run_address>
         <size>0x241</size>
         <input_file_ref idref="fl-2"/>
      </object_component>
      <object_component id="oc-1c6">
         <name>.debug_info</name>
         <load_address>0xb25</load_address>
         <run_address>0xb25</run_address>
         <size>0x14b</size>
         <input_file_ref idref="fl-2"/>
      </object_component>
      <object_component id="oc-1cb">
         <name>.debug_info</name>
         <load_address>0xc70</load_address>
         <run_address>0xc70</run_address>
         <size>0x12f</size>
         <input_file_ref idref="fl-2"/>
      </object_component>
      <object_component id="oc-1d1">
         <name>.debug_info</name>
         <load_address>0xd9f</load_address>
         <run_address>0xd9f</run_address>
         <size>0x131</size>
         <input_file_ref idref="fl-2"/>
      </object_component>
      <object_component id="oc-1d7">
         <name>.debug_info</name>
         <load_address>0xed0</load_address>
         <run_address>0xed0</run_address>
         <size>0x133</size>
         <input_file_ref idref="fl-2"/>
      </object_component>
      <object_component id="oc-1de">
         <name>.debug_info</name>
         <load_address>0x1003</load_address>
         <run_address>0x1003</run_address>
         <size>0x135</size>
         <input_file_ref idref="fl-2"/>
      </object_component>
      <object_component id="oc-126">
         <name>.debug_info</name>
         <load_address>0x1138</load_address>
         <run_address>0x1138</run_address>
         <size>0x224f</size>
         <input_file_ref idref="fl-2"/>
      </object_component>
      <object_component id="oc-36f">
         <name>.debug_info</name>
         <load_address>0x3387</load_address>
         <run_address>0x3387</run_address>
         <size>0x297</size>
         <input_file_ref idref="fl-2"/>
      </object_component>
      <object_component id="oc-12b">
         <name>.debug_info</name>
         <load_address>0x361e</load_address>
         <run_address>0x361e</run_address>
         <size>0x4e1</size>
         <input_file_ref idref="fl-2"/>
      </object_component>
      <object_component id="oc-343">
         <name>.debug_info</name>
         <load_address>0x3aff</load_address>
         <run_address>0x3aff</run_address>
         <size>0xc2</size>
         <input_file_ref idref="fl-2"/>
      </object_component>
      <object_component id="oc-135">
         <name>.debug_info</name>
         <load_address>0x3bc1</load_address>
         <run_address>0x3bc1</run_address>
         <size>0x26b</size>
         <input_file_ref idref="fl-2"/>
      </object_component>
      <object_component id="oc-508">
         <name>.debug_info</name>
         <load_address>0x3e2c</load_address>
         <run_address>0x3e2c</run_address>
         <size>0x72</size>
         <input_file_ref idref="fl-2"/>
      </object_component>
      <object_component id="oc-130">
         <name>.debug_info</name>
         <load_address>0x3e9e</load_address>
         <run_address>0x3e9e</run_address>
         <size>0x8b</size>
         <input_file_ref idref="fl-2"/>
      </object_component>
      <object_component id="oc-190">
         <name>.debug_info</name>
         <load_address>0x3f29</load_address>
         <run_address>0x3f29</run_address>
         <size>0x2a4</size>
         <input_file_ref idref="fl-2"/>
      </object_component>
      <object_component id="oc-e7">
         <name>.debug_info</name>
         <load_address>0x41cd</load_address>
         <run_address>0x41cd</run_address>
         <size>0xbb</size>
         <input_file_ref idref="fl-2"/>
      </object_component>
      <object_component id="oc-155">
         <name>.debug_info</name>
         <load_address>0x4288</load_address>
         <run_address>0x4288</run_address>
         <size>0x2c</size>
         <input_file_ref idref="fl-2"/>
      </object_component>
      <object_component id="oc-150">
         <name>.debug_info</name>
         <load_address>0x42b4</load_address>
         <run_address>0x42b4</run_address>
         <size>0x35</size>
         <input_file_ref idref="fl-2"/>
      </object_component>
      <object_component id="oc-44e">
         <name>.debug_info</name>
         <load_address>0x42e9</load_address>
         <run_address>0x42e9</run_address>
         <size>0x446</size>
         <input_file_ref idref="fl-3"/>
      </object_component>
      <object_component id="oc-503">
         <name>.debug_info</name>
         <load_address>0x472f</load_address>
         <run_address>0x472f</run_address>
         <size>0x117</size>
         <input_file_ref idref="fl-3"/>
      </object_component>
      <object_component id="oc-4e5">
         <name>.debug_info</name>
         <load_address>0x4846</load_address>
         <run_address>0x4846</run_address>
         <size>0x153</size>
         <input_file_ref idref="fl-3"/>
      </object_component>
      <object_component id="oc-44b">
         <name>.debug_info</name>
         <load_address>0x4999</load_address>
         <run_address>0x4999</run_address>
         <size>0x118</size>
         <input_file_ref idref="fl-3"/>
      </object_component>
      <object_component id="oc-4eb">
         <name>.debug_info</name>
         <load_address>0x4ab1</load_address>
         <run_address>0x4ab1</run_address>
         <size>0x118</size>
         <input_file_ref idref="fl-3"/>
      </object_component>
      <object_component id="oc-4e8">
         <name>.debug_info</name>
         <load_address>0x4bc9</load_address>
         <run_address>0x4bc9</run_address>
         <size>0x11a</size>
         <input_file_ref idref="fl-3"/>
      </object_component>
      <object_component id="oc-4f5">
         <name>.debug_info</name>
         <load_address>0x4ce3</load_address>
         <run_address>0x4ce3</run_address>
         <size>0x1d6</size>
         <input_file_ref idref="fl-3"/>
      </object_component>
      <object_component id="oc-42d">
         <name>.debug_info</name>
         <load_address>0x4eb9</load_address>
         <run_address>0x4eb9</run_address>
         <size>0x1eb</size>
         <input_file_ref idref="fl-3"/>
      </object_component>
      <object_component id="oc-433">
         <name>.debug_info</name>
         <load_address>0x50a4</load_address>
         <run_address>0x50a4</run_address>
         <size>0x192</size>
         <input_file_ref idref="fl-3"/>
      </object_component>
      <object_component id="oc-439">
         <name>.debug_info</name>
         <load_address>0x5236</load_address>
         <run_address>0x5236</run_address>
         <size>0x22a</size>
         <input_file_ref idref="fl-3"/>
      </object_component>
      <object_component id="oc-43f">
         <name>.debug_info</name>
         <load_address>0x5460</load_address>
         <run_address>0x5460</run_address>
         <size>0x20e</size>
         <input_file_ref idref="fl-3"/>
      </object_component>
      <object_component id="oc-445">
         <name>.debug_info</name>
         <load_address>0x566e</load_address>
         <run_address>0x566e</run_address>
         <size>0x24a</size>
         <input_file_ref idref="fl-3"/>
      </object_component>
      <object_component id="oc-336">
         <name>.debug_info</name>
         <load_address>0x58b8</load_address>
         <run_address>0x58b8</run_address>
         <size>0x237</size>
         <input_file_ref idref="fl-3"/>
      </object_component>
      <object_component id="oc-406">
         <name>.debug_info</name>
         <load_address>0x5aef</load_address>
         <run_address>0x5aef</run_address>
         <size>0x3d6</size>
         <input_file_ref idref="fl-3"/>
      </object_component>
      <object_component id="oc-4de">
         <name>.debug_info</name>
         <load_address>0x5ec5</load_address>
         <run_address>0x5ec5</run_address>
         <size>0x306</size>
         <input_file_ref idref="fl-3"/>
      </object_component>
      <object_component id="oc-39e">
         <name>.debug_info</name>
         <load_address>0x61cb</load_address>
         <run_address>0x61cb</run_address>
         <size>0x1cc</size>
         <input_file_ref idref="fl-4"/>
      </object_component>
      <object_component id="oc-29f">
         <name>.debug_info</name>
         <load_address>0x6397</load_address>
         <run_address>0x6397</run_address>
         <size>0x801</size>
         <input_file_ref idref="fl-5"/>
      </object_component>
      <object_component id="oc-2db">
         <name>.debug_info</name>
         <load_address>0x6b98</load_address>
         <run_address>0x6b98</run_address>
         <size>0x163</size>
         <input_file_ref idref="fl-5"/>
      </object_component>
      <object_component id="oc-2d8">
         <name>.debug_info</name>
         <load_address>0x6cfb</load_address>
         <run_address>0x6cfb</run_address>
         <size>0x111</size>
         <input_file_ref idref="fl-5"/>
      </object_component>
      <object_component id="oc-3a5">
         <name>.debug_info</name>
         <load_address>0x6e0c</load_address>
         <run_address>0x6e0c</run_address>
         <size>0x117</size>
         <input_file_ref idref="fl-5"/>
      </object_component>
      <object_component id="oc-4d7">
         <name>.debug_info</name>
         <load_address>0x6f23</load_address>
         <run_address>0x6f23</run_address>
         <size>0x21f</size>
         <input_file_ref idref="fl-5"/>
      </object_component>
      <object_component id="oc-4d0">
         <name>.debug_info</name>
         <load_address>0x7142</load_address>
         <run_address>0x7142</run_address>
         <size>0x223</size>
         <input_file_ref idref="fl-5"/>
      </object_component>
      <object_component id="oc-3f7">
         <name>.debug_info</name>
         <load_address>0x7365</load_address>
         <run_address>0x7365</run_address>
         <size>0x25c</size>
         <input_file_ref idref="fl-5"/>
      </object_component>
      <object_component id="oc-3fe">
         <name>.debug_info</name>
         <load_address>0x75c1</load_address>
         <run_address>0x75c1</run_address>
         <size>0x25c</size>
         <input_file_ref idref="fl-5"/>
      </object_component>
      <object_component id="oc-27b">
         <name>.debug_info</name>
         <load_address>0x781d</load_address>
         <run_address>0x781d</run_address>
         <size>0x16f</size>
         <input_file_ref idref="fl-5"/>
      </object_component>
      <object_component id="oc-2ba">
         <name>.debug_info</name>
         <load_address>0x798c</load_address>
         <run_address>0x798c</run_address>
         <size>0x19c</size>
         <input_file_ref idref="fl-5"/>
      </object_component>
      <object_component id="oc-2c0">
         <name>.debug_info</name>
         <load_address>0x7b28</load_address>
         <run_address>0x7b28</run_address>
         <size>0x19f</size>
         <input_file_ref idref="fl-5"/>
      </object_component>
      <object_component id="oc-1ad">
         <name>.debug_info</name>
         <load_address>0x7cc7</load_address>
         <run_address>0x7cc7</run_address>
         <size>0x517</size>
         <input_file_ref idref="fl-5"/>
      </object_component>
      <object_component id="oc-1e3">
         <name>.debug_info</name>
         <load_address>0x81de</load_address>
         <run_address>0x81de</run_address>
         <size>0x1b9</size>
         <input_file_ref idref="fl-5"/>
      </object_component>
      <object_component id="oc-2c6">
         <name>.debug_info</name>
         <load_address>0x8397</load_address>
         <run_address>0x8397</run_address>
         <size>0x189</size>
         <input_file_ref idref="fl-5"/>
      </object_component>
      <object_component id="oc-2cc">
         <name>.debug_info</name>
         <load_address>0x8520</load_address>
         <run_address>0x8520</run_address>
         <size>0x1f2</size>
         <input_file_ref idref="fl-5"/>
      </object_component>
      <object_component id="oc-2d2">
         <name>.debug_info</name>
         <load_address>0x8712</load_address>
         <run_address>0x8712</run_address>
         <size>0x1ad</size>
         <input_file_ref idref="fl-5"/>
      </object_component>
      <object_component id="oc-388">
         <name>.debug_info</name>
         <load_address>0x88bf</load_address>
         <run_address>0x88bf</run_address>
         <size>0x271</size>
         <input_file_ref idref="fl-6"/>
      </object_component>
      <object_component id="oc-26b">
         <name>.debug_info</name>
         <load_address>0x8b30</load_address>
         <run_address>0x8b30</run_address>
         <size>0x271</size>
         <input_file_ref idref="fl-6"/>
      </object_component>
      <object_component id="oc-32b">
         <name>.debug_info</name>
         <load_address>0x8da1</load_address>
         <run_address>0x8da1</run_address>
         <size>0x27b</size>
         <input_file_ref idref="fl-6"/>
      </object_component>
      <object_component id="oc-264">
         <name>.debug_info</name>
         <load_address>0x901c</load_address>
         <run_address>0x901c</run_address>
         <size>0x27b</size>
         <input_file_ref idref="fl-6"/>
      </object_component>
      <object_component id="oc-38d">
         <name>.debug_info</name>
         <load_address>0x9297</load_address>
         <run_address>0x9297</run_address>
         <size>0x26d</size>
         <input_file_ref idref="fl-6"/>
      </object_component>
      <object_component id="oc-393">
         <name>.debug_info</name>
         <load_address>0x9504</load_address>
         <run_address>0x9504</run_address>
         <size>0x26b</size>
         <input_file_ref idref="fl-6"/>
      </object_component>
      <object_component id="oc-270">
         <name>.debug_info</name>
         <load_address>0x976f</load_address>
         <run_address>0x976f</run_address>
         <size>0x2b6</size>
         <input_file_ref idref="fl-6"/>
      </object_component>
      <object_component id="oc-1a9">
         <name>.debug_info</name>
         <load_address>0x9a25</load_address>
         <run_address>0x9a25</run_address>
         <size>0x1a3</size>
         <input_file_ref idref="fl-6"/>
      </object_component>
      <object_component id="oc-276">
         <name>.debug_info</name>
         <load_address>0x9bc8</load_address>
         <run_address>0x9bc8</run_address>
         <size>0x1e5</size>
         <input_file_ref idref="fl-6"/>
      </object_component>
      <object_component id="oc-1c1">
         <name>.debug_info</name>
         <load_address>0x9dad</load_address>
         <run_address>0x9dad</run_address>
         <size>0x1ff</size>
         <input_file_ref idref="fl-6"/>
      </object_component>
      <object_component id="oc-1e9">
         <name>.debug_info</name>
         <load_address>0x9fac</load_address>
         <run_address>0x9fac</run_address>
         <size>0x448</size>
         <input_file_ref idref="fl-7"/>
      </object_component>
      <object_component id="oc-412">
         <name>.debug_info</name>
         <load_address>0xa3f4</load_address>
         <run_address>0xa3f4</run_address>
         <size>0x255</size>
         <input_file_ref idref="fl-7"/>
      </object_component>
      <object_component id="oc-421">
         <name>.debug_info</name>
         <load_address>0xa649</load_address>
         <run_address>0xa649</run_address>
         <size>0x288</size>
         <input_file_ref idref="fl-7"/>
      </object_component>
      <object_component id="oc-2fe">
         <name>.debug_info</name>
         <load_address>0xa8d1</load_address>
         <run_address>0xa8d1</run_address>
         <size>0x29e</size>
         <input_file_ref idref="fl-7"/>
      </object_component>
      <object_component id="oc-2f1">
         <name>.debug_info</name>
         <load_address>0xab6f</load_address>
         <run_address>0xab6f</run_address>
         <size>0x2a4</size>
         <input_file_ref idref="fl-7"/>
      </object_component>
      <object_component id="oc-2eb">
         <name>.debug_info</name>
         <load_address>0xae13</load_address>
         <run_address>0xae13</run_address>
         <size>0x292</size>
         <input_file_ref idref="fl-7"/>
      </object_component>
      <object_component id="oc-303">
         <name>.debug_info</name>
         <load_address>0xb0a5</load_address>
         <run_address>0xb0a5</run_address>
         <size>0x297</size>
         <input_file_ref idref="fl-7"/>
      </object_component>
      <object_component id="oc-2df">
         <name>.debug_info</name>
         <load_address>0xb33c</load_address>
         <run_address>0xb33c</run_address>
         <size>0x2ba</size>
         <input_file_ref idref="fl-7"/>
      </object_component>
      <object_component id="oc-2e6">
         <name>.debug_info</name>
         <load_address>0xb5f6</load_address>
         <run_address>0xb5f6</run_address>
         <size>0x2b8</size>
         <input_file_ref idref="fl-7"/>
      </object_component>
      <object_component id="oc-1b3">
         <name>.debug_info</name>
         <load_address>0xb8ae</load_address>
         <run_address>0xb8ae</run_address>
         <size>0x400</size>
         <input_file_ref idref="fl-7"/>
      </object_component>
      <object_component id="oc-30f">
         <name>.debug_info</name>
         <load_address>0xbcae</load_address>
         <run_address>0xbcae</run_address>
         <size>0x174</size>
         <input_file_ref idref="fl-7"/>
      </object_component>
      <object_component id="oc-315">
         <name>.debug_info</name>
         <load_address>0xbe22</load_address>
         <run_address>0xbe22</run_address>
         <size>0x174</size>
         <input_file_ref idref="fl-7"/>
      </object_component>
      <object_component id="oc-31b">
         <name>.debug_info</name>
         <load_address>0xbf96</load_address>
         <run_address>0xbf96</run_address>
         <size>0x174</size>
         <input_file_ref idref="fl-7"/>
      </object_component>
      <object_component id="oc-246">
         <name>.debug_info</name>
         <load_address>0xc10a</load_address>
         <run_address>0xc10a</run_address>
         <size>0x3b4</size>
         <input_file_ref idref="fl-8"/>
      </object_component>
      <object_component id="oc-257">
         <name>.debug_info</name>
         <load_address>0xc4be</load_address>
         <run_address>0xc4be</run_address>
         <size>0x26e</size>
         <input_file_ref idref="fl-8"/>
      </object_component>
      <object_component id="oc-24b">
         <name>.debug_info</name>
         <load_address>0xc72c</load_address>
         <run_address>0xc72c</run_address>
         <size>0x238</size>
         <input_file_ref idref="fl-8"/>
      </object_component>
      <object_component id="oc-1a3">
         <name>.debug_info</name>
         <load_address>0xc964</load_address>
         <run_address>0xc964</run_address>
         <size>0x1bc</size>
         <input_file_ref idref="fl-8"/>
      </object_component>
      <object_component id="oc-250">
         <name>.debug_info</name>
         <load_address>0xcb20</load_address>
         <run_address>0xcb20</run_address>
         <size>0x33e</size>
         <input_file_ref idref="fl-8"/>
      </object_component>
      <object_component id="oc-182">
         <name>.debug_info</name>
         <load_address>0xce5e</load_address>
         <run_address>0xce5e</run_address>
         <size>0x1b6</size>
         <input_file_ref idref="fl-8"/>
      </object_component>
      <object_component id="oc-94">
         <name>.debug_info</name>
         <load_address>0xd014</load_address>
         <run_address>0xd014</run_address>
         <size>0x36a</size>
         <input_file_ref idref="fl-9"/>
      </object_component>
      <object_component id="oc-28">
         <name>.debug_info</name>
         <load_address>0xd37e</load_address>
         <run_address>0xd37e</run_address>
         <size>0x128</size>
         <input_file_ref idref="fl-9"/>
      </object_component>
      <object_component id="oc-2b">
         <name>.debug_info</name>
         <load_address>0xd4a6</load_address>
         <run_address>0xd4a6</run_address>
         <size>0x175</size>
         <input_file_ref idref="fl-9"/>
      </object_component>
      <object_component id="oc-81">
         <name>.debug_info</name>
         <load_address>0xd61b</load_address>
         <run_address>0xd61b</run_address>
         <size>0x171</size>
         <input_file_ref idref="fl-9"/>
      </object_component>
      <object_component id="oc-87">
         <name>.debug_info</name>
         <load_address>0xd78c</load_address>
         <run_address>0xd78c</run_address>
         <size>0x16a</size>
         <input_file_ref idref="fl-9"/>
      </object_component>
      <object_component id="oc-8d">
         <name>.debug_info</name>
         <load_address>0xd8f6</load_address>
         <run_address>0xd8f6</run_address>
         <size>0x16e</size>
         <input_file_ref idref="fl-9"/>
      </object_component>
      <object_component id="oc-4b">
         <name>.debug_info</name>
         <load_address>0xda64</load_address>
         <run_address>0xda64</run_address>
         <size>0x84</size>
         <input_file_ref idref="fl-c"/>
      </object_component>
      <object_component id="oc-a3">
         <name>.debug_info</name>
         <load_address>0xdae8</load_address>
         <run_address>0xdae8</run_address>
         <size>0x446</size>
         <input_file_ref idref="fl-10"/>
      </object_component>
      <object_component id="oc-a6">
         <name>.debug_info</name>
         <load_address>0xdf2e</load_address>
         <run_address>0xdf2e</run_address>
         <size>0x7b7</size>
         <input_file_ref idref="fl-10"/>
      </object_component>
      <object_component id="oc-281">
         <name>.debug_info</name>
         <load_address>0xe6e5</load_address>
         <run_address>0xe6e5</run_address>
         <size>0x252</size>
         <input_file_ref idref="fl-10"/>
      </object_component>
      <object_component id="oc-287">
         <name>.debug_info</name>
         <load_address>0xe937</load_address>
         <run_address>0xe937</run_address>
         <size>0x1cf</size>
         <input_file_ref idref="fl-10"/>
      </object_component>
      <object_component id="oc-4fd">
         <name>.debug_info</name>
         <load_address>0xeb06</load_address>
         <run_address>0xeb06</run_address>
         <size>0x306</size>
         <input_file_ref idref="fl-10"/>
      </object_component>
      <object_component id="oc-31">
         <name>.debug_info</name>
         <load_address>0xee0c</load_address>
         <run_address>0xee0c</run_address>
         <size>0x23f</size>
         <input_file_ref idref="fl-10"/>
      </object_component>
      <object_component id="oc-37">
         <name>.debug_info</name>
         <load_address>0xf04b</load_address>
         <run_address>0xf04b</run_address>
         <size>0x23d</size>
         <input_file_ref idref="fl-10"/>
      </object_component>
      <object_component id="oc-3d">
         <name>.debug_info</name>
         <load_address>0xf288</load_address>
         <run_address>0xf288</run_address>
         <size>0x74c</size>
         <input_file_ref idref="fl-10"/>
      </object_component>
      <object_component id="oc-c9">
         <name>.debug_info</name>
         <load_address>0xf9d4</load_address>
         <run_address>0xf9d4</run_address>
         <size>0x1b4</size>
         <input_file_ref idref="fl-10"/>
      </object_component>
      <object_component id="oc-cf">
         <name>.debug_info</name>
         <load_address>0xfb88</load_address>
         <run_address>0xfb88</run_address>
         <size>0x1c4</size>
         <input_file_ref idref="fl-10"/>
      </object_component>
      <object_component id="oc-28d">
         <name>.debug_info</name>
         <load_address>0xfd4c</load_address>
         <run_address>0xfd4c</run_address>
         <size>0x479</size>
[...]
      </symbol>
      <symbol id="sm-3ab">
         <name>CM_init</name>
         <value>0x20004539</value>
         <object_component_ref idref="oc-1a0"/>
      </symbol>
      <symbol id="sm-3eb">
         <name>vectorTableRAM</name>
         <value>0x20000c00</value>
         <object_component_ref idref="oc-27"/>
      </symbol>
      <symbol id="sm-6dd">
         <name>Ethernet_device_struct</name>
         <value>0x2000d200</value>
      </symbol>
      <symbol id="sm-6de">
         <name>Ethernet_descArray</name>
         <value>0x2000d464</value>
      </symbol>
      <symbol id="sm-6df">
         <name>Ethernet_retrieveRxPacket</name>
         <value>0x200019e1</value>
         <object_component_ref idref="oc-162"/>
      </symbol>
      <symbol id="sm-6e0">
         <name>Ethernet_rxChan0BufUnavail</name>
         <value>0x2000da14</value>
         <object_component_ref idref="oc-a5"/>
      </symbol>
      <symbol id="sm-6e1">
         <name>Ethernet_rxChan1BufUnavail</name>
         <value>0x2000da1c</value>
         <object_component_ref idref="oc-a5"/>
      </symbol>
      <symbol id="sm-6e2">
         <name>Ethernet_numTxPktFreeCallback</name>
         <value>0x2000d9c4</value>
         <object_component_ref idref="oc-a5"/>
      </symbol>
      <symbol id="sm-6e3">
         <name>Ethernet_writeTxDMAControl</name>
         <value>0x2000293d</value>
         <object_component_ref idref="oc-490"/>
      </symbol>
      <symbol id="sm-6e4">
         <name>Ethernet_getPHYMode</name>
         <value>0x2000444d</value>
         <object_component_ref idref="oc-188"/>
      </symbol>
      <symbol id="sm-6e5">
         <name>Ethernet_writeTxDescTailPointer</name>
         <value>0x200044e3</value>
         <object_component_ref idref="oc-22d"/>
      </symbol>
      <symbol id="sm-6e6">
         <name>Ethernet_setMTLRxQueueOpMode</name>
         <value>0x200041ad</value>
         <object_component_ref idref="oc-4b5"/>
      </symbol>
      <symbol id="sm-6e7">
         <name>Ethernet_transmitISR</name>
         <value>0x20003b2d</value>
         <object_component_ref idref="oc-30"/>
      </symbol>
      <symbol id="sm-6e8">
         <name>Ethernet_setMTLOpmode</name>
         <value>0x2000446b</value>
         <object_component_ref idref="oc-3c2"/>
      </symbol>
      <symbol id="sm-6e9">
         <name>Ethernet_writeTxDescListAddress</name>
         <value>0x200044c5</value>
         <object_component_ref idref="oc-48a"/>
      </symbol>
      <symbol id="sm-6ea">
         <name>Ethernet_performPushOnPacketQueue</name>
         <value>0x20003e91</value>
         <object_component_ref idref="oc-175"/>
      </symbol>
      <symbol id="sm-6eb">
         <name>Ethernet_writePHYRegister</name>
         <value>0x2000351b</value>
         <object_component_ref idref="oc-e0"/>
      </symbol>
      <symbol id="sm-6ec">
         <name>Ethernet_removePacketsFromTxQueue</name>
         <value>0x20001db5</value>
         <object_component_ref idref="oc-96"/>
      </symbol>
      <symbol id="sm-6ed">
         <name>Ethernet_performPopOnPacketQueue</name>
         <value>0x200042e5</value>
         <object_component_ref idref="oc-140"/>
      </symbol>
      <symbol id="sm-6ee">
         <name>Ethernet_rwakeupPktReceivedCount</name>
         <value>0x2000da0c</value>
         <object_component_ref idref="oc-a5"/>
      </symbol>
      <symbol id="sm-6ef">
         <name>Ethernet_isTimestampIntActive</name>
         <value>0x20004155</value>
         <object_component_ref idref="oc-c8"/>
      </symbol>
      <symbol id="sm-6f0">
         <name>Ethernet_setMACConfiguration</name>
         <value>0x200045f3</value>
         <object_component_ref idref="oc-298"/>
      </symbol>
      <symbol id="sm-6f1">
         <name>Ethernet_genericRxCompletionInterruptCount</name>
         <value>0x2000d9e8</value>
         <object_component_ref idref="oc-a5"/>
      </symbol>
      <symbol id="sm-6f2">
         <name>Ethernet_numGetPacketBufferCallback</name>
         <value>0x2000d9cc</value>
         <object_component_ref idref="oc-a5"/>
      </symbol>
      <symbol id="sm-6f3">
         <name>Ethernet_initInterface</name>
         <value>0x200022d5</value>
         <object_component_ref idref="oc-280"/>
      </symbol>
      <symbol id="sm-6f4">
         <name>Ethernet_receiveISR</name>
         <value>0x20003abd</value>
         <object_component_ref idref="oc-36"/>
      </symbol>
      <symbol id="sm-6f5">
         <name>Ethernet_sendPacket</name>
         <value>0x20001f31</value>
         <object_component_ref idref="oc-4fc"/>
      </symbol>
      <symbol id="sm-6f6">
         <name>Ethernet_isTransmitTimestampStatusSet</name>
         <value>0x20004181</value>
         <object_component_ref idref="oc-ce"/>
      </symbol>
      <symbol id="sm-6f7">
         <name>Ethernet_rxReplacementFailedCount</name>
         <value>0x2000d9f0</value>
         <object_component_ref idref="oc-a5"/>
      </symbol>
      <symbol id="sm-6f8">
         <name>Ethernet_setTxDescRingLength</name>
         <value>0x20004331</value>
         <object_component_ref idref="oc-496"/>
      </symbol>
      <symbol id="sm-6f9">
         <name>Ethernet_readPHYRegister</name>
         <value>0x20003a49</value>
         <object_component_ref idref="oc-da"/>
      </symbol>
      <symbol id="sm-6fa">
         <name>Ethernet_initRxChannel</name>
         <value>0x20002075</value>
         <object_component_ref idref="oc-3bc"/>
      </symbol>
      <symbol id="sm-6fb">
         <name>Ethernet_setDMAMode</name>
         <value>0x200045dd</value>
         <object_component_ref idref="oc-3c8"/>
      </symbol>
      <symbol id="sm-6fc">
         <name>Ethernet_addPacketsIntoRxQueue</name>
         <value>0x200030ad</value>
         <object_component_ref idref="oc-b0"/>
      </symbol>
      <symbol id="sm-6fd">
         <name>Ethernet_HW_descQueueGetCount</name>
         <value>0x200045b1</value>
         <object_component_ref idref="oc-13a"/>
      </symbol>
      <symbol id="sm-6fe">
         <name>Ethernet_genericISR</name>
         <value>0x20000d41</value>
         <object_component_ref idref="oc-3c"/>
      </symbol>
      <symbol id="sm-6ff">
         <name>Ethernet_configureRevMIIAddress</name>
         <value>0x20004273</value>
         <object_component_ref idref="oc-3a8"/>
      </symbol>
      <symbol id="sm-700">
         <name>Ethernet_clearDMAChannelInterrupt</name>
         <value>0x2000442f</value>
         <object_component_ref idref="oc-9c"/>
      </symbol>
      <symbol id="sm-701">
         <name>Ethernet_genericInterruptCount</name>
         <value>0x2000d9dc</value>
         <object_component_ref idref="oc-a5"/>
      </symbol>
      <symbol id="sm-702">
         <name>Ethernet_eeeTxLPIEntryCount</name>
         <value>0x2000d9f4</value>
         <object_component_ref idref="oc-a5"/>
      </symbol>
      <symbol id="sm-703">
         <name>Ethernet_eeeRxLPIEntryCount</name>
         <value>0x2000d9fc</value>
         <object_component_ref idref="oc-a5"/>
      </symbol>
      <symbol id="sm-704">
         <name>Ethernet_getInitConfig</name>
         <value>0x20001551</value>
         <object_component_ref idref="oc-286"/>
      </symbol>
      <symbol id="sm-705">
         <name>Ethernet_setRxDescRingLength</name>
         <value>0x2000430b</value>
         <object_component_ref idref="oc-4af"/>
      </symbol>
      <symbol id="sm-706">
         <name>Ethernet_phyLinkStatusChangeInterruptCount</name>
         <value>0x2000d9ec</value>
         <object_component_ref idref="oc-a5"/>
      </symbol>
      <symbol id="sm-707">
         <name>Ethernet_rxInterruptCount</name>
         <value>0x2000d9d4</value>
         <object_component_ref idref="oc-a5"/>
      </symbol>
      <symbol id="sm-708">
         <name>Ethernet_resetModule</name>
         <value>0x20003fe1</value>
         <object_component_ref idref="oc-3ae"/>
      </symbol>
      <symbol id="sm-709">
         <name>Ethernet_removePacketsFromRxQueue</name>
         <value>0x200024d9</value>
         <object_component_ref idref="oc-a9"/>
      </symbol>
      <symbol id="sm-70a">
         <name>Ethernet_setMTLTxQueueOpMode</name>
         <value>0x20004125</value>
         <object_component_ref idref="oc-49c"/>
      </symbol>
      <symbol id="sm-70b">
         <name>Ethernet_configureEEEClockGatingControl</name>
         <value>0x20004065</value>
         <object_component_ref idref="oc-bc"/>
      </symbol>
      <symbol id="sm-70c">
         <name>Ethernet_addPacketsIntoTxQueue</name>
         <value>0x20001235</value>
         <object_component_ref idref="oc-146"/>
      </symbol>
      <symbol id="sm-70d">
         <name>Ethernet_enableDmaInterrupt</name>
         <value>0x20004357</value>
         <object_component_ref idref="oc-16e"/>
      </symbol>
      <symbol id="sm-70e">
         <name>Ethernet_txChan0BufUnavail</name>
         <value>0x2000da10</value>
         <object_component_ref idref="oc-a5"/>
      </symbol>
      <symbol id="sm-70f">
         <name>Ethernet_earlyTxInterruptCount</name>
         <value>0x2000d9e4</value>
         <object_component_ref idref="oc-a5"/>
      </symbol>
      <symbol id="sm-710">
         <name>Ethernet_txChan1BufUnavail</name>
         <value>0x2000da18</value>
         <object_component_ref idref="oc-a5"/>
      </symbol>
      <symbol id="sm-711">
         <name>Ethernet_magicPktReceivedCount</name>
         <value>0x2000da08</value>
         <object_component_ref idref="oc-a5"/>
      </symbol>
      <symbol id="sm-712">
         <name>Ethernet_configurePHYAddress</name>
         <value>0x2000451d</value>
         <object_component_ref idref="oc-3da"/>
      </symbol>
      <symbol id="sm-713">
         <name>Ethernet_rxContextTimeStamp</name>
         <value>0x2000d9d8</value>
         <object_component_ref idref="oc-a5"/>
      </symbol>
      <symbol id="sm-714">
         <name>Ethernet_writeRxDescListAddress</name>
         <value>0x20004489</value>
         <object_component_ref idref="oc-4a3"/>
      </symbol>
      <symbol id="sm-715">
         <name>Ethernet_getOneStepTransmitTimestampPTP</name>
         <value>0x2000375d</value>
         <object_component_ref idref="oc-d4"/>
      </symbol>
      <symbol id="sm-716">
         <name>Ethernet_numRxCallback</name>
         <value>0x2000d9c8</value>
         <object_component_ref idref="oc-a5"/>
      </symbol>
      <symbol id="sm-717">
         <name>Ethernet_setMACPacketFilter</name>
         <value>0x20004551</value>
         <object_component_ref idref="oc-3ce"/>
      </symbol>
      <symbol id="sm-718">
         <name>Ethernet_pmtInterruptCount</name>
         <value>0x2000da04</value>
         <object_component_ref idref="oc-a5"/>
      </symbol>
      <symbol id="sm-719">
         <name>Ethernet_getHandle</name>
         <value>0x20001bf9</value>
         <object_component_ref idref="oc-28c"/>
      </symbol>
      <symbol id="sm-71a">
         <name>Ethernet_getRxERICount</name>
         <value>0x200042bf</value>
         <object_component_ref idref="oc-23b"/>
      </symbol>
      <symbol id="sm-71b">
         <name>Ethernet_enableRxDMAReception</name>
         <value>0x20004299</value>
         <object_component_ref idref="oc-4c1"/>
      </symbol>
      <symbol id="sm-71c">
         <name>Ethernet_earlyRxInterruptCount</name>
         <value>0x2000d9e0</value>
         <object_component_ref idref="oc-a5"/>
      </symbol>
      <symbol id="sm-71d">
         <name>Ethernet_enableMACRxQ</name>
         <value>0x20004001</value>
         <object_component_ref idref="oc-4bb"/>
      </symbol>
      <symbol id="sm-71e">
         <name>Ethernet_nextDescAvailable</name>
         <value>0x20004095</value>
         <object_component_ref idref="oc-15c"/>
      </symbol>
      <symbol id="sm-71f">
         <name>Ethernet_configureMDIO</name>
         <value>0x2000424d</value>
         <object_component_ref idref="oc-3d4"/>
      </symbol>
      <symbol id="sm-720">
         <name>Ethernet_writeRxDescTailPointer</name>
         <value>0x200044a7</value>
         <object_component_ref idref="oc-b6"/>
      </symbol>
      <symbol id="sm-721">
         <name>Ethernet_writeRxDMAControl</name>
         <value>0x200035b1</value>
         <object_component_ref idref="oc-4a9"/>
      </symbol>
      <symbol id="sm-722">
         <name>Ethernet_eeeRxLPIExitCount</name>
         <value>0x2000da00</value>
         <object_component_ref idref="oc-a5"/>
      </symbol>
      <symbol id="sm-723">
         <name>Ethernet_setMACAddr</name>
         <value>0x20003ecd</value>
         <object_component_ref idref="oc-292"/>
      </symbol>
      <symbol id="sm-724">
         <name>Ethernet_txInterruptCount</name>
         <value>0x2000d9d0</value>
         <object_component_ref idref="oc-a5"/>
      </symbol>
      <symbol id="sm-725">
         <name>Ethernet_disableTxEEEMode</name>
         <value>0x200045c7</value>
         <object_component_ref idref="oc-c2"/>
      </symbol>
      <symbol id="sm-726">
         <name>Ethernet_submitRxPacket</name>
         <value>0x200037dd</value>
         <object_component_ref idref="oc-168"/>
      </symbol>
      <symbol id="sm-727">
         <name>Ethernet_eeeTxLPIExitCount</name>
         <value>0x2000d9f8</value>
         <object_component_ref idref="oc-a5"/>
      </symbol>
      <symbol id="sm-76a">
         <name>Interrupt_disable</name>
         <value>0x20003155</value>
         <object_component_ref idref="oc-3ef"/>
      </symbol>
      <symbol id="sm-76b">
         <name>Interrupt_enable</name>
         <value>0x200031fd</value>
         <object_component_ref idref="oc-308"/>
      </symbol>
      <symbol id="sm-76c">
         <name>Interrupt_registerHandler</name>
         <value>0x200032a5</value>
         <object_component_ref idref="oc-2f6"/>
      </symbol>
      <symbol id="sm-7b8">
         <name>IPC_sendCommand</name>
         <value>0x20002789</value>
         <object_component_ref idref="oc-32e"/>
      </symbol>
      <symbol id="sm-7b9">
         <name>IPC_CM_To_CPU2_PutBuffer</name>
         <value>0x20086000</value>
         <object_component_ref idref="oc-477"/>
      </symbol>
      <symbol id="sm-7ba">
         <name>IPC_registerInterrupt</name>
         <value>0x20003c75</value>
         <object_component_ref idref="oc-25b"/>
      </symbol>
      <symbol id="sm-7bb">
         <name>IPC_CM_To_CPU1_PutBuffer</name>
         <value>0x20082000</value>
         <object_component_ref idref="oc-471"/>
      </symbol>
      <symbol id="sm-7bc">
         <name>IPC_Instance</name>
         <value>0x1fffc200</value>
         <object_component_ref idref="oc-37d"/>
      </symbol>
      <symbol id="sm-7bd">
         <name>IPC_CM_To_CPU2_GetBuffer</name>
         <value>0x20084000</value>
         <object_component_ref idref="oc-47a"/>
      </symbol>
      <symbol id="sm-7be">
         <name>IPC_CM_To_CPU1_GetBuffer</name>
         <value>0x20080000</value>
         <object_component_ref idref="oc-474"/>
      </symbol>
      <symbol id="sm-7bf">
         <name>IPC_readCommand</name>
         <value>0x20002bb1</value>
         <object_component_ref idref="oc-397"/>
      </symbol>
      <symbol id="sm-7e4">
         <name>Platform_disableInterrupt</name>
         <value>0x2000468f</value>
         <object_component_ref idref="oc-2b3"/>
      </symbol>
      <symbol id="sm-7e5">
         <name>Platform_enableInterrupt</name>
         <value>0x2000469b</value>
         <object_component_ref idref="oc-2ad"/>
      </symbol>
      <symbol id="sm-7e6">
         <name>Platform_enablePeripheral</name>
         <value>0x2000464b</value>
         <object_component_ref idref="oc-2a1"/>
      </symbol>
      <symbol id="sm-7e7">
         <name>Platform_resetPeripheral</name>
         <value>0x20004659</value>
         <object_component_ref idref="oc-2a7"/>
      </symbol>
      <symbol id="sm-800">
         <name>SysCtl_enablePeripheral</name>
         <value>0x20003d3d</value>
         <object_component_ref idref="oc-375"/>
      </symbol>
      <symbol id="sm-801">
         <name>SysCtl_resetPeripheral</name>
         <value>0x20003b9d</value>
         <object_component_ref idref="oc-3e7"/>
      </symbol>
      <symbol id="sm-81c">
         <name>__aeabi_memset</name>
         <value>0x2000395b</value>
         <object_component_ref idref="oc-103"/>
      </symbol>
      <symbol id="sm-81d">
         <name>memset</name>
         <value>0x20003961</value>
         <object_component_ref idref="oc-103"/>
      </symbol>
      <symbol id="sm-81e">
         <name>__aeabi_memset8</name>
         <value>0x2000395b</value>
         <object_component_ref idref="oc-103"/>
      </symbol>
      <symbol id="sm-81f">
         <name>__aeabi_memset4</name>
         <value>0x2000395b</value>
         <object_component_ref idref="oc-103"/>
      </symbol>
      <symbol id="sm-820">
         <name>__aeabi_memclr8</name>
         <value>0x20003959</value>
         <object_component_ref idref="oc-103"/>
      </symbol>
      <symbol id="sm-821">
         <name>__aeabi_memclr4</name>
         <value>0x20003959</value>
         <object_component_ref idref="oc-103"/>
      </symbol>
      <symbol id="sm-822">
         <name>__aeabi_memclr</name>
         <value>0x20003959</value>
         <object_component_ref idref="oc-103"/>
      </symbol>
      <symbol id="sm-834">
         <name>__TI_zero_init</name>
         <value>0x200046a7</value>
         <object_component_ref idref="oc-62"/>
      </symbol>
      <symbol id="sm-84b">
         <name>__TI_decompress_none</name>
         <value>0x20004675</value>
         <object_component_ref idref="oc-1f"/>
      </symbol>
      <symbol id="sm-86e">
         <name>__TI_decompress_lzss</name>
         <value>0x20003c0d</value>
         <object_component_ref idref="oc-19"/>
      </symbol>
      <symbol id="sm-880">
         <name>__stack</name>
         <value>0x1fffc000</value>
         <object_component_ref idref="oc-42"/>
      </symbol>
      <symbol id="sm-881">
         <name>_c_int00_noargs</name>
         <value>0x200043c5</value>
         <object_component_ref idref="oc-6e"/>
      </symbol>
      <symbol id="sm-89c">
         <name>memcpy</name>
         <value>0x200033e3</value>
         <object_component_ref idref="oc-50"/>
      </symbol>
      <symbol id="sm-89d">
         <name>__aeabi_memcpy</name>
         <value>0x200033e3</value>
         <object_component_ref idref="oc-50"/>
      </symbol>
      <symbol id="sm-89e">
         <name>__aeabi_memcpy8</name>
         <value>0x200033e3</value>
         <object_component_ref idref="oc-50"/>
      </symbol>
      <symbol id="sm-89f">
         <name>__aeabi_memcpy4</name>
         <value>0x200033e3</value>
         <object_component_ref idref="oc-50"/>
      </symbol>
      <symbol id="sm-8c7">
         <name>__TI_auto_init_nobinit_nopinit</name>
         <value>0x20003d85</value>
         <object_component_ref idref="oc-1f9"/>
      </symbol>
      <symbol id="sm-8d1">
         <name>_system_pre_init</name>
         <value>0x200046e3</value>
         <object_component_ref idref="oc-109"/>
      </symbol>
      <symbol id="sm-8dd">
         <name>C$$EXIT</name>
         <value>0x200046e7</value>
         <object_component_ref idref="oc-1ed"/>
      </symbol>
      <symbol id="sm-8de">
         <name>abort</name>
         <value>0x200046e7</value>
         <object_component_ref idref="oc-1ed"/>
      </symbol>
      <symbol id="sm-8e1">
         <name>__TI_static_base__</name>
         <value>0x1fffe000</value>
      </symbol>
      <symbol id="sm-8e5">
         <name>__mpu_init</name>
         <value>0x0</value>
      </symbol>
      <symbol id="sm-8e6">
         <name>_system_post_cinit</name>
         <value>0x0</value>
      </symbol>
   </symbol_table>
   <title>Link successful</title>
</link_info>
