******************************************************************************
                  TI ARM Linker PC v20.2.7                     
******************************************************************************
>> Linked Fri May 29 19:50:46 2026

OUTPUT FILE NAME:   <TMDSCNCD28388D_T_CM.out>
ENTRY POINT SYMBOL: "_c_int00_noargs"  address: 002020c9


MEMORY CONFIGURATION

         name            origin    length      used     unused   attr    fill
----------------------  --------  ---------  --------  --------  ----  --------
  CMBANK0_RESETISR      00200000   00000008  00000006  00000002  RWIX
  CMBANK0_SECTOR0       00200008   00003ff8  0000236a  00001c8e  RWIX
  CMBANK0_SECTOR1       00204000   00004000  00000000  00004000  RWIX
  CMBANK0_SECTOR2       00208000   00004000  00000000  00004000  RWIX
  CMBANK0_SECTOR3       0020c000   00004000  00000000  00004000  RWIX
  CMBANK0_SECTOR4       00210000   00010000  00000000  00010000  RWIX
  CMBANK0_SECTOR5       00220000   00010000  00000000  00010000  RWIX
  CMBANK0_SECTOR6       00230000   00010000  00000000  00010000  RWIX
  CMBANK0_SECTOR7       00240000   00010000  00000000  00010000  RWIX
  CMBANK0_SECTOR8       00250000   00010000  00000000  00010000  RWIX
  CMBANK0_SECTOR9       00260000   00010000  00000000  00010000  RWIX
  CMBANK0_SECTOR10      00270000   00004000  00000000  00004000  RWIX
  CMBANK0_SECTOR11      00274000   00004000  00000000  00004000  RWIX
  CMBANK0_SECTOR12      00278000   00004000  00000000  00004000  RWIX
  CMBANK0_SECTOR13      0027c000   00004000  00000000  00004000  RWIX
  C1RAM                 1fffc000   00002000  00000200  00001e00  RWIX
  C0RAM                 1fffe000   00002000  00000000  00002000  RWIX
  BOOT_RSVD             20000000   00000800  00000000  00000800  RWIX
  S0RAM                 20000800   00003800  00000140  000036c0  RWIX
  S1RAM                 20004000   00004000  00000000  00004000  RWIX
  S2RAM                 20008000   00004000  00000000  00004000  RWIX
  S3RAM                 2000c000   00004000  000002cc  00003d34  RWIX
  E0RAM                 20010000   00004000  00000000  00004000  RWIX
  CPU1TOCMMSGRAM0       20080000   00000800  00000110  000006f0  RWIX
  CPU1TOCMMSGRAM1       20080800   00000800  00000000  00000800  RWIX
  CMTOCPU1MSGRAM0       20082000   00000800  00000110  000006f0  RWIX
  CMTOCPU1MSGRAM1       20082800   00000800  00000000  00000800  RWIX
  CPU2TOCMMSGRAM0       20084000   00000800  00000110  000006f0  RWIX
  CPU2TOCMMSGRAM1       20084800   00000800  00000000  00000800  RWIX
  CMTOCPU2MSGRAM0       20086000   00000800  00000110  000006f0  RWIX
  CMTOCPU2MSGRAM1       20086800   00000800  00000000  00000800  RWIX


SEGMENT ALLOCATION MAP

run origin  load origin   length   init length attrs members
----------  ----------- ---------- ----------- ----- -------
00200000    00200000    00000006   00000006    r-x
  00200000    00200000    00000006   00000006    r-x .resetisr
00200010    00200010    00002318   00002318    r-x
  00200010    00200010    0000228a   0000228a    r-x .text
  002022a0    002022a0    00000088   00000088    r-- .const
00202330    00202330    00000058   00000058    r--
  00202330    00202330    00000058   00000058    r-- .cinit
1fffc000    1fffc000    00000200   00000000    rw-
  1fffc000    1fffc000    00000200   00000000    rw- .stack
20000800    20000800    00000140   00000000    rw-
  20000800    20000800    00000140   00000000    rw- .vtable
2000c000    2000c000    000002cc   00000000    rw-
  2000c000    2000c000    00000270   00000000    rw- .bss
  2000c270    2000c270    0000005c   00000000    rw- .data
20080000    20080000    00000110   00000000    rw-
  20080000    20080000    00000110   00000000    rw- MSGRAM_CPU1_TO_CM
20082000    20082000    00000110   00000000    rw-
  20082000    20082000    00000110   00000000    rw- MSGRAM_CM_TO_CPU1
20084000    20084000    00000110   00000000    rw-
  20084000    20084000    00000110   00000000    rw- MSGRAM_CPU2_TO_CM
20086000    20086000    00000110   00000000    rw-
  20086000    20086000    00000110   00000000    rw- MSGRAM_CM_TO_CPU2


SECTION ALLOCATION MAP

 output                                  attributes/
section   page    origin      length       input sections
--------  ----  ----------  ----------   ----------------
.resetisr 
*          0    00200000    00000006     
                  00200000    00000006     startup_cm.obj (.resetisr:resetISR)

.cinit     0    00202330    00000058     
                  00202330    00000024     (.cinit..vtable.load) [load image, compression = lzss]
                  00202354    0000000c     (__TI_handler_table)
                  00202360    00000008     (.cinit..bss.load) [load image, compression = zero_init]
                  00202368    00000008     (.cinit..data.load) [load image, compression = lzss]
                  00202370    00000018     (__TI_cinit_table)

.TI.ramfunc 
*          0    1fffe000    00000000     UNINITIALIZED

.vtable    0    20000800    00000140     UNINITIALIZED
                  20000800    00000140     startup_cm.obj (.vtable:retain)

.stack     0    1fffc000    00000200     UNINITIALIZED
                  1fffc000    00000004     rtsv7M4_T_le_eabi.lib : boot_cortex_m.c.obj (.stack)
                  1fffc004    000001fc     --HOLE--

.bss       0    2000c000    00000270     UNINITIALIZED
                  2000c000    00000264     (.common:Ethernet_device_struct)
                  2000c264    0000000c     (.common:xTimer)

.data      0    2000c270    0000005c     UNINITIALIZED
                  2000c270    0000005c     ethernet.obj (.data)

MSGRAM_CPU1_TO_CM 
*          0    20080000    00000110     UNINITIALIZED
                  20080000    00000110     ipc.obj (MSGRAM_CPU1_TO_CM)

MSGRAM_CM_TO_CPU1 
*          0    20082000    00000110     UNINITIALIZED
                  20082000    00000110     ipc.obj (MSGRAM_CM_TO_CPU1)

MSGRAM_CPU2_TO_CM 
*          0    20084000    00000110     UNINITIALIZED
                  20084000    00000110     ipc.obj (MSGRAM_CPU2_TO_CM)

MSGRAM_CM_TO_CPU2 
*          0    20086000    00000110     UNINITIALIZED
                  20086000    00000110     ipc.obj (MSGRAM_CM_TO_CPU2)

__llvm_prf_cnts 
*          0    2000c000    00000000     UNINITIALIZED

.text      0    00200010    0000228a     
                  00200010    000004f4     ethernet.obj (.text:Ethernet_genericISR)
                  00200504    0000031c     ethernet.obj (.text:Ethernet_addPacketsIntoTxQueue)
                  00200820    00000218     ethernet.obj (.text:Ethernet_retrieveRxPacket)
                  00200a38    0000017c     ethernet.obj (.text:Ethernet_removePacketsFromTxQueue)
                  00200bb4    000000e8     ethernet.obj (.text:Ethernet_removePacketsFromRxQueue)
                  00200c9c    000000dc     ipc.obj (.text:IPC_sendCommand)
                  00200d78    000000d4     DevTimer.obj (.text:Initial_TIMER)
                  00200e4c    000000c0     ipc.obj (.text:IPC_readCommand)
                  00200f0c    000000be     DevTimer.obj (.text:CPUTimer_startTimer)
                  00200fca    00000002     main.obj (.text:Cycle_1000ms)
                  00200fcc    000000b6     DevTimer.obj (.text:CPUTimer_setPreScaler)
                  00201082    00000002     main.obj (.text:Cycle_100ms)
                  00201084    000000ae     DevTimer.obj (.text:CPUTimer_enableInterrupt)
                  00201132    00000002     main.obj (.text:Cycle_10ms)
                  00201134    000000ae     DevTimer.obj (.text:CPUTimer_reloadTimerCounter)
                  002011e2    00000002     DevEthernet.obj (.text:Initial_Ethernet)
                  002011e4    000000ae     DevTimer.obj (.text:CPUTimer_stopTimer)
                  00201292    00000002     startup_cm.obj (.text:defaultISR)
                  00201294    000000a8     ethernet.obj (.text:Ethernet_addPacketsIntoRxQueue)
                  0020133c    000000a8     interrupt.obj (.text:Interrupt_enable)
                  002013e4    000000a0     interrupt.obj (.text:Interrupt_registerHandler)
                  00201484    0000009e     DevTimer.obj (.text:CPUTimer_clearOverflowFlag)
                  00201522    0000009c     rtsv7M4_T_le_eabi.lib : memcpy_t2.asm.obj (.text)
                  002015be    00000002     startup_cm.obj (.text:faultISR)
                  002015c0    0000009a     DevTimer.obj (.text:CPUTimer_setPeriod)
                  0020165a    00000096     ethernet.obj (.text:Ethernet_writePHYRegister)
                  002016f0    00000080     ethernet.obj (.text:Ethernet_getOneStepTransmitTimestampPTP)
                  00201770    00000080     ethernet.obj (.text:Ethernet_submitRxPacket)
                  002017f0    00000080     startup_cm.obj (.text:nmiISR)
                  00201870    0000007c     CSU_Ethernet.obj (.text:sendEthernetLoopbackPacket)
                  002018ec    0000007a     rtsv7M4_T_le_eabi.lib : memset_t2.asm.obj (.text)
                  00201966    00000002     DevEthernet.obj (.text:updateEthernetTask)
                  00201968    00000078     main.obj (.text:main)
                  002019e0    00000076     cm.obj (.text:CM_enableAllPeripherals)
                  00201a56    00000072     ethernet.obj (.text:Ethernet_readPHYRegister)
                  00201ac8    00000070     ethernet.obj (.text:Ethernet_receiveISR)
                  00201b38    00000070     ethernet.obj (.text:Ethernet_transmitISR)
                  00201ba8    00000068     rtsv7M4_T_le_eabi.lib : copy_decompress_lzss.c.obj (.text:decompress:lzss:__TI_decompress_lzss)
                  00201c10    00000064     ipc.obj (.text:IPC_registerInterrupt)
                  00201c74    0000004c     CSU_Ethernet.obj (.text:processReceivedEthernetPacket)
                  00201cc0    00000048     sysctl.obj (.text:SysCtl_enablePeripheral)
                  00201d08    00000044     rtsv7M4_T_le_eabi.lib : autoinit.c.obj (.text:__TI_auto_init_nobinit_nopinit:__TI_auto_init_nobinit_nopinit)
                  00201d4c    00000040     DevTimer.obj (.text:isr_CpuTimer1)
                  00201d8c    0000003c     ethernet.obj (.text:Ethernet_performPushOnPacketQueue)
                  00201dc8    0000003c     DevIPC.obj (.text:isrIpcFromCPU1)
                  00201e04    00000036     CSU_IPC.obj (.text:recvIpcCpu1Message)
                  00201e3a    00000002     --HOLE-- [fill = 0]
                  00201e3c    00000034     DevTimer.obj (.text:CPUTimer_isBaseValid)
                  00201e70    00000034     DevIPC.obj (.text:IPC_isFlagBusyLtoR)
                  00201ea4    00000032     DevIPC.obj (.text:IPC_sync)
                  00201ed6    00000030     ethernet.obj (.text:Ethernet_configureEEEClockGatingControl)
                  00201f06    00000030     ethernet.obj (.text:Ethernet_nextDescAvailable)
                  00201f36    00000030     DevIPC.obj (.text:sendIpcMessageToCPU1)
                  00201f66    00000002     --HOLE-- [fill = 0]
                  00201f68    0000002c     ethernet.obj (.text:Ethernet_isTimestampIntActive)
                  00201f94    0000002c     ethernet.obj (.text:Ethernet_isTransmitTimestampStatusSet)
                  00201fc0    00000028     DevIPC.obj (.text:IPC_waitForAck)
                  00201fe8    00000028     DevIPC.obj (.text:IPC_waitForFlag)
                  00202010    00000026     ethernet.obj (.text:Ethernet_getRxERICount)
                  00202036    00000026     ethernet.obj (.text:Ethernet_performPopOnPacketQueue)
                  0020205c    00000024     ethernet.obj (.text:Ethernet_enableDmaInterrupt)
                  00202080    00000024     DevIPC.obj (.text:IPC_ackFlagRtoL)
                  002020a4    00000024     DevIPC.obj (.text:IPC_setFlagLtoR)
                  002020c8    00000024     rtsv7M4_T_le_eabi.lib : boot_cortex_m.c.obj (.text:_c_int00_noargs:_c_int00_noargs)
                  002020ec    00000024     DevTimer.obj (.text:isr_CpuTimer2)
                  00202110    0000001e     ethernet.obj (.text:Ethernet_clearDMAChannelInterrupt)
                  0020212e    0000001e     ethernet.obj (.text:Ethernet_getPHYMode)
                  0020214c    0000001e     ethernet.obj (.text:Ethernet_writeRxDescTailPointer)
                  0020216a    0000001e     ethernet.obj (.text:Ethernet_writeTxDescTailPointer)
                  00202188    0000001c     DevIPC.obj (.text:Initial_IPC)
                  002021a4    0000001c     rtsv7M4_T_le_eabi.lib : copy_zero_init.c.obj (.text:decompress:ZI:__TI_zero_init_nomemset:__TI_zero_init_nomemset)
                  002021c0    00000018     cm.obj (.text:CM_init)
                  002021d8    00000018     main.obj (.text:Interrupt_enableInProcessor)
                  002021f0    00000016     ethernet.obj (.text:Ethernet_HW_descQueueGetCount)
                  00202206    00000016     ethernet.obj (.text:Ethernet_disableTxEEEMode)
                  0020221c    00000014     cm.obj (.text:Interrupt_setVectorTableOffset)
                  00202230    00000010     main.obj (.text:Cycle_1ms)
                  00202240    00000010     cm.obj (.text:SysCtl_disableWatchdog)
                  00202250    00000010     DevTimer.obj (.text:isr_CpuTimer0)
                  00202260    0000000e     ethernet.obj (.text:Ethernet_returnTopOfPacketQueue)
                  0020226e    0000000e     cm.obj (.text:__error__)
                  0020227c    0000000e     rtsv7M4_T_le_eabi.lib : copy_decompress_none.c.obj (.text:decompress:none:__TI_decompress_none)
                  0020228a    00000008     main.obj (.text:CPU_clearPRIMASK)
                  00202292    00000004     rtsv7M4_T_le_eabi.lib : pre_init.c.obj (.text:_system_pre_init)
                  00202296    00000004                           : exit.c.obj (.text:abort:abort)

.const     0    002022a0    00000088     
                  002022a0    00000088     ipc.obj (.const:IPC_Instance)

MODULE SUMMARY

       Module                       code   ro data   rw data
       ------                       ----   -------   -------
    .\
       main.obj                     174    0         0      
    +--+----------------------------+------+---------+---------+
       Total:                       174    0         0      
                                                            
    .\CSU\
       CSU_Ethernet.obj             200    0         0      
       CSU_IPC.obj                  54     0         0      
    +--+----------------------------+------+---------+---------+
       Total:                       254    0         0      
                                                            
    .\Dev\
       DevTimer.obj                 1586   0         12     
       DevIPC.obj                   390    0         0      
       DevEthernet.obj              4      0         0      
    +--+----------------------------+------+---------+---------+
       Total:                       1980   0         12     
                                                            
    .\SDK\common\source\
       startup_cm.obj               138    0         320    
       cm.obj                       192    0         0      
    +--+----------------------------+------+---------+---------+
       Total:                       330    0         320    
                                                            
    .\SDK\driverlib_cm\
       ethernet.obj                 4658   0         704    
       ipc.obj                      512    136       1088   
       interrupt.obj                328    0         0      
       sysctl.obj                   72     0         0      
    +--+----------------------------+------+---------+---------+
       Total:                       5570   136       1792   
                                                            
    C:\ti\ti-cgt-arm_20.2.7.LTS\lib\rtsv7M4_T_le_eabi.lib
       memcpy_t2.asm.obj            156    0         0      
       memset_t2.asm.obj            122    0         0      
       copy_decompress_lzss.c.obj   104    0         0      
       autoinit.c.obj               68     0         0      
       boot_cortex_m.c.obj          36     0         0      
       copy_zero_init.c.obj         28     0         0      
       copy_decompress_none.c.obj   14     0         0      
       exit.c.obj                   4      0         0      
       pre_init.c.obj               4      0         0      
    +--+----------------------------+------+---------+---------+
       Total:                       536    0         0      
                                                            
       Stack:                       0      0         512    
       Linker Generated:            0      88        0      
    +--+----------------------------+------+---------+---------+
       Grand Total:                 8844   224       2636   


LINKER GENERATED COPY TABLES

__TI_cinit_table @ 00202370 records: 3, size/record: 8, table size: 24
	.vtable: load addr=00202330, load size=00000024 bytes, run addr=20000800, run size=00000140 bytes, compression=lzss
	.bss: load addr=00202360, load size=00000008 bytes, run addr=2000c000, run size=00000270 bytes, compression=zero_init
	.data: load addr=00202368, load size=00000008 bytes, run addr=2000c270, run size=0000005c bytes, compression=lzss


LINKER GENERATED HANDLER TABLE

__TI_handler_table @ 00202354 records: 3, size/record: 4, table size: 12
	index: 0, handler: __TI_decompress_lzss
	index: 1, handler: __TI_decompress_none
	index: 2, handler: __TI_zero_init


GLOBAL SYMBOLS: SORTED ALPHABETICALLY BY Name 

address   name                                      
-------   ----                                      
00202297  C$$EXIT                                   
002019e1  CM_enableAllPeripherals                   
002021c1  CM_init                                   
002021f1  Ethernet_HW_descQueueGetCount             
00201295  Ethernet_addPacketsIntoRxQueue            
00200505  Ethernet_addPacketsIntoTxQueue            
00202111  Ethernet_clearDMAChannelInterrupt         
00201ed7  Ethernet_configureEEEClockGatingControl   
2000c000  Ethernet_device_struct                    
00202207  Ethernet_disableTxEEEMode                 
2000c28c  Ethernet_earlyRxInterruptCount            
2000c290  Ethernet_earlyTxInterruptCount            
2000c2a8  Ethernet_eeeRxLPIEntryCount               
2000c2ac  Ethernet_eeeRxLPIExitCount                
2000c2a0  Ethernet_eeeTxLPIEntryCount               
2000c2a4  Ethernet_eeeTxLPIExitCount                
0020205d  Ethernet_enableDmaInterrupt               
00200011  Ethernet_genericISR                       
2000c288  Ethernet_genericInterruptCount            
2000c294  Ethernet_genericRxCompletionInterruptCount
002016f1  Ethernet_getOneStepTransmitTimestampPTP   
0020212f  Ethernet_getPHYMode                       
00202011  Ethernet_getRxERICount                    
00201f69  Ethernet_isTimestampIntActive             
00201f95  Ethernet_isTransmitTimestampStatusSet     
2000c2b4  Ethernet_magicPktReceivedCount            
00201f07  Ethernet_nextDescAvailable                
2000c278  Ethernet_numGetPacketBufferCallback       
2000c274  Ethernet_numRxCallback                    
2000c270  Ethernet_numTxPktFreeCallback             
00202037  Ethernet_performPopOnPacketQueue          
00201d8d  Ethernet_performPushOnPacketQueue         
2000c298  Ethernet_phyLinkStatusChangeInterruptCount
2000c2b0  Ethernet_pmtInterruptCount                
00201a57  Ethernet_readPHYRegister                  
00201ac9  Ethernet_receiveISR                       
00200bb5  Ethernet_removePacketsFromRxQueue         
00200a39  Ethernet_removePacketsFromTxQueue         
00200821  Ethernet_retrieveRxPacket                 
2000c2b8  Ethernet_rwakeupPktReceivedCount          
2000c2c0  Ethernet_rxChan0BufUnavail                
2000c2c8  Ethernet_rxChan1BufUnavail                
2000c284  Ethernet_rxContextTimeStamp               
2000c280  Ethernet_rxInterruptCount                 
2000c29c  Ethernet_rxReplacementFailedCount         
00201771  Ethernet_submitRxPacket                   
00201b39  Ethernet_transmitISR                      
2000c2bc  Ethernet_txChan0BufUnavail                
2000c2c4  Ethernet_txChan1BufUnavail                
2000c27c  Ethernet_txInterruptCount                 
0020165b  Ethernet_writePHYRegister                 
0020214d  Ethernet_writeRxDescTailPointer           
0020216b  Ethernet_writeTxDescTailPointer           
20080000  IPC_CM_To_CPU1_GetBuffer                  
20082000  IPC_CM_To_CPU1_PutBuffer                  
20084000  IPC_CM_To_CPU2_GetBuffer                  
20086000  IPC_CM_To_CPU2_PutBuffer                  
002022a0  IPC_Instance                              
00200e4d  IPC_readCommand                           
00201c11  IPC_registerInterrupt                     
00200c9d  IPC_sendCommand                           
002011e3  Initial_Ethernet                          
00202189  Initial_IPC                               
00200d79  Initial_TIMER                             
0020133d  Interrupt_enable                          
002013e5  Interrupt_registerHandler                 
1fffe000  RamfuncsLoadEnd                           
00000000  RamfuncsLoadSize                          
1fffe000  RamfuncsLoadStart                         
1fffe000  RamfuncsRunEnd                            
00000000  RamfuncsRunSize                           
1fffe000  RamfuncsRunStart                          
00201cc1  SysCtl_enablePeripheral                   
1fffc200  __STACK_END                               
00000200  __STACK_SIZE                              
00202370  __TI_CINIT_Base                           
00202388  __TI_CINIT_Limit                          
00202354  __TI_Handler_Table_Base                   
00202360  __TI_Handler_Table_Limit                  
00201d09  __TI_auto_init_nobinit_nopinit            
00201ba9  __TI_decompress_lzss                      
0020227d  __TI_decompress_none                      
ffffffff  __TI_pprof_out_hndl                       
ffffffff  __TI_prof_data_size                       
ffffffff  __TI_prof_data_start                      
00202330  __TI_static_base__                        
002021a5  __TI_zero_init_nomemset                   
002018ed  __aeabi_memclr                            
002018ed  __aeabi_memclr4                           
002018ed  __aeabi_memclr8                           
00201523  __aeabi_memcpy                            
00201523  __aeabi_memcpy4                           
00201523  __aeabi_memcpy8                           
002018ef  __aeabi_memset                            
002018ef  __aeabi_memset4                           
002018ef  __aeabi_memset8                           
ffffffff  __binit__                                 
ffffffff  __c_args__                                
0020226f  __error__                                 
UNDEFED   __mpu_init                                
1fffc000  __stack                                   
2000c000  __start___llvm_prf_cnts                   
2000c000  __stop___llvm_prf_cnts                    
002020c9  _c_int00_noargs                           
UNDEFED   _system_post_cinit                        
00202293  _system_pre_init                          
00202297  abort                                     
ffffffff  binit                                     
00202251  isr_CpuTimer0                             
00201d4d  isr_CpuTimer1                             
002020ed  isr_CpuTimer2                             
00201969  main                                      
00201523  memcpy                                    
002018f5  memset                                    
00201c75  processReceivedEthernetPacket             
00201e05  recvIpcCpu1Message                        
00201871  sendEthernetLoopbackPacket                
00201f37  sendIpcMessageToCPU1                      
00201967  updateEthernetTask                        
20000800  vectorTableRAM                            
2000c264  xTimer                                    


GLOBAL SYMBOLS: SORTED BY Symbol Address 

address   name                                      
-------   ----                                      
00000000  RamfuncsLoadSize                          
00000000  RamfuncsRunSize                           
00000200  __STACK_SIZE                              
00200011  Ethernet_genericISR                       
00200505  Ethernet_addPacketsIntoTxQueue            
00200821  Ethernet_retrieveRxPacket                 
00200a39  Ethernet_removePacketsFromTxQueue         
00200bb5  Ethernet_removePacketsFromRxQueue         
00200c9d  IPC_sendCommand                           
00200d79  Initial_TIMER                             
00200e4d  IPC_readCommand                           
002011e3  Initial_Ethernet                          
00201295  Ethernet_addPacketsIntoRxQueue            
0020133d  Interrupt_enable                          
002013e5  Interrupt_registerHandler                 
00201523  __aeabi_memcpy                            
00201523  __aeabi_memcpy4                           
00201523  __aeabi_memcpy8                           
00201523  memcpy                                    
0020165b  Ethernet_writePHYRegister                 
002016f1  Ethernet_getOneStepTransmitTimestampPTP   
00201771  Ethernet_submitRxPacket                   
00201871  sendEthernetLoopbackPacket                
002018ed  __aeabi_memclr                            
002018ed  __aeabi_memclr4                           
002018ed  __aeabi_memclr8                           
002018ef  __aeabi_memset                            
002018ef  __aeabi_memset4                           
002018ef  __aeabi_memset8                           
002018f5  memset                                    
00201967  updateEthernetTask                        
00201969  main                                      
002019e1  CM_enableAllPeripherals                   
00201a57  Ethernet_readPHYRegister                  
00201ac9  Ethernet_receiveISR                       
00201b39  Ethernet_transmitISR                      
00201ba9  __TI_decompress_lzss                      
00201c11  IPC_registerInterrupt                     
00201c75  processReceivedEthernetPacket             
00201cc1  SysCtl_enablePeripheral                   
00201d09  __TI_auto_init_nobinit_nopinit            
00201d4d  isr_CpuTimer1                             
00201d8d  Ethernet_performPushOnPacketQueue         
00201e05  recvIpcCpu1Message                        
00201ed7  Ethernet_configureEEEClockGatingControl   
00201f07  Ethernet_nextDescAvailable                
00201f37  sendIpcMessageToCPU1                      
00201f69  Ethernet_isTimestampIntActive             
00201f95  Ethernet_isTransmitTimestampStatusSet     
00202011  Ethernet_getRxERICount                    
00202037  Ethernet_performPopOnPacketQueue          
0020205d  Ethernet_enableDmaInterrupt               
002020c9  _c_int00_noargs                           
002020ed  isr_CpuTimer2                             
00202111  Ethernet_clearDMAChannelInterrupt         
0020212f  Ethernet_getPHYMode                       
0020214d  Ethernet_writeRxDescTailPointer           
0020216b  Ethernet_writeTxDescTailPointer           
00202189  Initial_IPC                               
002021a5  __TI_zero_init_nomemset                   
002021c1  CM_init                                   
002021f1  Ethernet_HW_descQueueGetCount             
00202207  Ethernet_disableTxEEEMode                 
00202251  isr_CpuTimer0                             
0020226f  __error__                                 
0020227d  __TI_decompress_none                      
00202293  _system_pre_init                          
00202297  C$$EXIT                                   
00202297  abort                                     
002022a0  IPC_Instance                              
00202330  __TI_static_base__                        
00202354  __TI_Handler_Table_Base                   
00202360  __TI_Handler_Table_Limit                  
00202370  __TI_CINIT_Base                           
00202388  __TI_CINIT_Limit                          
1fffc000  __stack                                   
1fffc200  __STACK_END                               
1fffe000  RamfuncsLoadEnd                           
1fffe000  RamfuncsLoadStart                         
1fffe000  RamfuncsRunEnd                            
1fffe000  RamfuncsRunStart                          
20000800  vectorTableRAM                            
2000c000  Ethernet_device_struct                    
2000c000  __start___llvm_prf_cnts                   
2000c000  __stop___llvm_prf_cnts                    
2000c264  xTimer                                    
2000c270  Ethernet_numTxPktFreeCallback             
2000c274  Ethernet_numRxCallback                    
2000c278  Ethernet_numGetPacketBufferCallback       
2000c27c  Ethernet_txInterruptCount                 
2000c280  Ethernet_rxInterruptCount                 
2000c284  Ethernet_rxContextTimeStamp               
2000c288  Ethernet_genericInterruptCount            
2000c28c  Ethernet_earlyRxInterruptCount            
2000c290  Ethernet_earlyTxInterruptCount            
2000c294  Ethernet_genericRxCompletionInterruptCount
2000c298  Ethernet_phyLinkStatusChangeInterruptCount
2000c29c  Ethernet_rxReplacementFailedCount         
2000c2a0  Ethernet_eeeTxLPIEntryCount               
2000c2a4  Ethernet_eeeTxLPIExitCount                
2000c2a8  Ethernet_eeeRxLPIEntryCount               
2000c2ac  Ethernet_eeeRxLPIExitCount                
2000c2b0  Ethernet_pmtInterruptCount                
2000c2b4  Ethernet_magicPktReceivedCount            
2000c2b8  Ethernet_rwakeupPktReceivedCount          
2000c2bc  Ethernet_txChan0BufUnavail                
2000c2c0  Ethernet_rxChan0BufUnavail                
2000c2c4  Ethernet_txChan1BufUnavail                
2000c2c8  Ethernet_rxChan1BufUnavail                
20080000  IPC_CM_To_CPU1_GetBuffer                  
20082000  IPC_CM_To_CPU1_PutBuffer                  
20084000  IPC_CM_To_CPU2_GetBuffer                  
20086000  IPC_CM_To_CPU2_PutBuffer                  
ffffffff  __TI_pprof_out_hndl                       
ffffffff  __TI_prof_data_size                       
ffffffff  __TI_prof_data_start                      
ffffffff  __binit__                                 
ffffffff  __c_args__                                
ffffffff  binit                                     
UNDEFED   __mpu_init                                
UNDEFED   _system_post_cinit                        

[121 symbols]
