<?xml version="1.0" encoding="ISO-8859-1" ?>
<link_info>
   <banner>TI ARM Linker PC v20.2.7.LTS</banner>
   <copyright>Copyright (c) 1996-2018 Texas Instruments Incorporated</copyright>
   <link_time>0x6a34fec1</link_time>
   <link_errors>0x0</link_errors>
   <output_file>TMDSCNCD28388D_T_CM.out</output_file>
   <entry_point>
      <name>_c_int00_noargs</name>
      <address>0x200034f1</address>
   </entry_point>
   <input_file_list>
      <input_file id="fl-2">
         <path>.\</path>
         <kind>object</kind>
         <file>main_cm.obj</file>
         <name>main_cm.obj</name>
      </input_file>
      <input_file id="fl-3">
         <path>.\CSU\</path>
         <kind>object</kind>
         <file>CSU_Ethernet.obj</file>
         <name>CSU_Ethernet.obj</name>
      </input_file>
      <input_file id="fl-4">
         <path>.\CSU\</path>
         <kind>object</kind>
         <file>csu_Ipc_cm.obj</file>
         <name>csu_Ipc_cm.obj</name>
      </input_file>
      <input_file id="fl-5">
         <path>.\HAL\</path>
         <kind>object</kind>
         <file>hal_Ethernet.obj</file>
         <name>hal_Ethernet.obj</name>
      </input_file>
      <input_file id="fl-6">
         <path>.\HAL\</path>
         <kind>object</kind>
         <file>hal_Ipc_cm.obj</file>
         <name>hal_Ipc_cm.obj</name>
      </input_file>
      <input_file id="fl-7">
         <path>.\HAL\</path>
         <kind>object</kind>
         <file>hal_Timer.obj</file>
         <name>hal_Timer.obj</name>
      </input_file>
      <input_file id="fl-8">
         <path>.\SDK\common\source\</path>
         <kind>object</kind>
         <file>cm.obj</file>
         <name>cm.obj</name>
      </input_file>
      <input_file id="fl-9">
         <path>.\SDK\common\source\</path>
         <kind>object</kind>
         <file>startup_cm.obj</file>
         <name>startup_cm.obj</name>
      </input_file>
      <input_file id="fl-a">
         <path>.\SDK\driverlib_cm\</path>
         <kind>object</kind>
         <file>aes.obj</file>
         <name>aes.obj</name>
      </input_file>
      <input_file id="fl-b">
         <path>.\SDK\driverlib_cm\</path>
         <kind>object</kind>
         <file>can.obj</file>
         <name>can.obj</name>
      </input_file>
      <input_file id="fl-c">
         <path>.\SDK\driverlib_cm\</path>
         <kind>object</kind>
         <file>cmmpu.obj</file>
         <name>cmmpu.obj</name>
      </input_file>
      <input_file id="fl-d">
         <path>.\SDK\driverlib_cm\</path>
         <kind>object</kind>
         <file>cputimer.obj</file>
         <name>cputimer.obj</name>
      </input_file>
      <input_file id="fl-e">
         <path>.\SDK\driverlib_cm\</path>
         <kind>object</kind>
         <file>dcsm.obj</file>
         <name>dcsm.obj</name>
      </input_file>
      <input_file id="fl-f">
         <path>.\SDK\driverlib_cm\</path>
         <kind>object</kind>
         <file>escss.obj</file>
         <name>escss.obj</name>
      </input_file>
      <input_file id="fl-10">
         <path>.\SDK\driverlib_cm\</path>
         <kind>object</kind>
         <file>ethernet.obj</file>
         <name>ethernet.obj</name>
      </input_file>
      <input_file id="fl-11">
         <path>.\SDK\driverlib_cm\</path>
         <kind>object</kind>
         <file>flash.obj</file>
         <name>flash.obj</name>
      </input_file>
      <input_file id="fl-12">
         <path>.\SDK\driverlib_cm\</path>
         <kind>object</kind>
         <file>gcrc.obj</file>
         <name>gcrc.obj</name>
      </input_file>
      <input_file id="fl-13">
         <path>.\SDK\driverlib_cm\</path>
         <kind>object</kind>
         <file>gpio.obj</file>
         <name>gpio.obj</name>
      </input_file>
      <input_file id="fl-14">
         <path>.\SDK\driverlib_cm\</path>
         <kind>object</kind>
         <file>i2c.obj</file>
         <name>i2c.obj</name>
      </input_file>
      <input_file id="fl-15">
         <path>.\SDK\driverlib_cm\</path>
         <kind>object</kind>
         <file>interrupt.obj</file>
         <name>interrupt.obj</name>
      </input_file>
      <input_file id="fl-16">
         <path>.\SDK\driverlib_cm\</path>
         <kind>object</kind>
         <file>ipc.obj</file>
         <name>ipc.obj</name>
      </input_file>
      <input_file id="fl-17">
         <path>.\SDK\driverlib_cm\</path>
         <kind>object</kind>
         <file>mcan.obj</file>
         <name>mcan.obj</name>
      </input_file>
      <input_file id="fl-18">
         <path>.\SDK\driverlib_cm\</path>
         <kind>object</kind>
         <file>memcfg.obj</file>
         <name>memcfg.obj</name>
      </input_file>
      <input_file id="fl-19">
         <path>.\SDK\driverlib_cm\</path>
         <kind>object</kind>
         <file>mpu.obj</file>
         <name>mpu.obj</name>
      </input_file>
      <input_file id="fl-1a">
         <path>.\SDK\driverlib_cm\</path>
         <kind>object</kind>
         <file>platform_port.obj</file>
         <name>platform_port.obj</name>
      </input_file>
      <input_file id="fl-1b">
         <path>.\SDK\driverlib_cm\</path>
         <kind>object</kind>
         <file>ssi.obj</file>
         <name>ssi.obj</name>
      </input_file>
      <input_file id="fl-1c">
         <path>.\SDK\driverlib_cm\</path>
         <kind>object</kind>
         <file>sysctl.obj</file>
         <name>sysctl.obj</name>
      </input_file>
      <input_file id="fl-1d">
         <path>.\SDK\driverlib_cm\</path>
         <kind>object</kind>
         <file>systick.obj</file>
         <name>systick.obj</name>
      </input_file>
      <input_file id="fl-1e">
         <path>.\SDK\driverlib_cm\</path>
         <kind>object</kind>
         <file>uart.obj</file>
         <name>uart.obj</name>
      </input_file>
      <input_file id="fl-1f">
         <path>.\SDK\driverlib_cm\</path>
         <kind>object</kind>
         <file>udma.obj</file>
         <name>udma.obj</name>
      </input_file>
      <input_file id="fl-20">
         <path>.\SDK\driverlib_cm\</path>
         <kind>object</kind>
         <file>usb.obj</file>
         <name>usb.obj</name>
      </input_file>
      <input_file id="fl-27">
         <kind>object</kind>
         <file>&lt;internal&gt;</file>
         <name>&lt;internal&gt;</name>
      </input_file>
      <input_file id="fl-dd">
         <path>C:\ti\ti-cgt-arm_20.2.7.LTS\lib\</path>
         <kind>archive</kind>
         <file>rtsv7M4_T_le_eabi.lib</file>
         <name>fs_add_t2.asm.obj</name>
      </input_file>
      <input_file id="fl-de">
         <path>C:\ti\ti-cgt-arm_20.2.7.LTS\lib\</path>
         <kind>archive</kind>
         <file>rtsv7M4_T_le_eabi.lib</file>
         <name>fs_cmp_t2.asm.obj</name>
      </input_file>
      <input_file id="fl-df">
         <path>C:\ti\ti-cgt-arm_20.2.7.LTS\lib\</path>
         <kind>archive</kind>
         <file>rtsv7M4_T_le_eabi.lib</file>
         <name>fs_mul_t2.asm.obj</name>
      </input_file>
      <input_file id="fl-e0">
         <path>C:\ti\ti-cgt-arm_20.2.7.LTS\lib\</path>
         <kind>archive</kind>
         <file>rtsv7M4_T_le_eabi.lib</file>
         <name>fs_toi_t2.asm.obj</name>
      </input_file>
      <input_file id="fl-e1">
         <path>C:\ti\ti-cgt-arm_20.2.7.LTS\lib\</path>
         <kind>archive</kind>
         <file>rtsv7M4_T_le_eabi.lib</file>
         <name>fs_tou_t2.asm.obj</name>
      </input_file>
      <input_file id="fl-e2">
         <path>C:\ti\ti-cgt-arm_20.2.7.LTS\lib\</path>
         <kind>archive</kind>
         <file>rtsv7M4_T_le_eabi.lib</file>
         <name>i_tofs_t2.asm.obj</name>
      </input_file>
      <input_file id="fl-e3">
         <path>C:\ti\ti-cgt-arm_20.2.7.LTS\lib\</path>
         <kind>archive</kind>
         <file>rtsv7M4_T_le_eabi.lib</file>
         <name>u_tofs_t2.asm.obj</name>
      </input_file>
      <input_file id="fl-e4">
         <path>C:\ti\ti-cgt-arm_20.2.7.LTS\lib\</path>
         <kind>archive</kind>
         <file>rtsv7M4_T_le_eabi.lib</file>
         <name>memset_t2.asm.obj</name>
      </input_file>
      <input_file id="fl-e5">
         <path>C:\ti\ti-cgt-arm_20.2.7.LTS\lib\</path>
         <kind>archive</kind>
         <file>rtsv7M4_T_le_eabi.lib</file>
         <name>copy_zero_init.c.obj</name>
      </input_file>
      <input_file id="fl-e6">
         <path>C:\ti\ti-cgt-arm_20.2.7.LTS\lib\</path>
         <kind>archive</kind>
         <file>rtsv7M4_T_le_eabi.lib</file>
         <name>copy_decompress_none.c.obj</name>
      </input_file>
      <input_file id="fl-e7">
         <path>C:\ti\ti-cgt-arm_20.2.7.LTS\lib\</path>
         <kind>archive</kind>
         <file>rtsv7M4_T_le_eabi.lib</file>
         <name>copy_decompress_lzss.c.obj</name>
      </input_file>
      <input_file id="fl-e8">
         <path>C:\ti\ti-cgt-arm_20.2.7.LTS\lib\</path>
         <kind>archive</kind>
         <file>rtsv7M4_T_le_eabi.lib</file>
         <name>boot_cortex_m.c.obj</name>
      </input_file>
      <input_file id="fl-e9">
         <path>C:\ti\ti-cgt-arm_20.2.7.LTS\lib\</path>
         <kind>archive</kind>
         <file>rtsv7M4_T_le_eabi.lib</file>
         <name>memcpy_t2.asm.obj</name>
      </input_file>
      <input_file id="fl-ea">
         <path>C:\ti\ti-cgt-arm_20.2.7.LTS\lib\</path>
         <kind>archive</kind>
         <file>rtsv7M4_T_le_eabi.lib</file>
         <name>autoinit.c.obj</name>
      </input_file>
      <input_file id="fl-eb">
         <path>C:\ti\ti-cgt-arm_20.2.7.LTS\lib\</path>
         <kind>archive</kind>
         <file>rtsv7M4_T_le_eabi.lib</file>
         <name>pre_init.c.obj</name>
      </input_file>
      <input_file id="fl-ec">
         <path>C:\ti\ti-cgt-arm_20.2.7.LTS\lib\</path>
         <kind>archive</kind>
         <file>rtsv7M4_T_le_eabi.lib</file>
         <name>cpy_tbl.c.obj</name>
      </input_file>
      <input_file id="fl-ed">
         <path>C:\ti\ti-cgt-arm_20.2.7.LTS\lib\</path>
         <kind>archive</kind>
         <file>rtsv7M4_T_le_eabi.lib</file>
         <name>exit.c.obj</name>
      </input_file>
      <input_file id="fl-ee">
         <path>C:\ti\ti-cgt-arm_20.2.7.LTS\lib\</path>
         <kind>archive</kind>
         <file>rtsv7M4_T_le_eabi.lib</file>
         <name>_lock.c.obj</name>
      </input_file>
      <input_file id="fl-ef">
         <path>C:\ti\ti-cgt-arm_20.2.7.LTS\lib\</path>
         <kind>archive</kind>
         <file>rtsv7M4_T_le_eabi.lib</file>
         <name>args_main.c.obj</name>
      </input_file>
   </input_file_list>
   <object_component_list>
      <object_component id="oc-2a">
         <name>.resetisr:resetISR</name>
         <load_address>0x20000800</load_address>
         <run_address>0x20000800</run_address>
         <size>0x6</size>
         <input_file_ref idref="fl-9"/>
      </object_component>
      <object_component id="oc-27">
         <name>.vtable:retain</name>
         <load_address>0x20000c00</load_address>
         <run_address>0x20000c00</run_address>
         <size>0x140</size>
         <input_file_ref idref="fl-9"/>
      </object_component>
      <object_component id="oc-1b2">
         <name>.text:Initial_TIMER</name>
         <load_address>0x20000808</load_address>
         <run_address>0x20000808</run_address>
         <size>0x2d6</size>
         <input_file_ref idref="fl-7"/>
      </object_component>
      <object_component id="oc-10f">
         <name>.text:main</name>
         <load_address>0x20000ae0</load_address>
         <run_address>0x20000ae0</run_address>
         <size>0x106</size>
         <input_file_ref idref="fl-2"/>
      </object_component>
      <object_component id="oc-440">
         <name>.text:Ethernet_setMTLRxQueueOpMode</name>
         <load_address>0x20000be8</load_address>
         <run_address>0x20000be8</run_address>
         <size>0x16</size>
         <input_file_ref idref="fl-10"/>
      </object_component>
      <object_component id="oc-3c">
         <name>.text:Ethernet_genericISR</name>
         <load_address>0x20000d40</load_address>
         <run_address>0x20000d40</run_address>
         <size>0x43e</size>
         <input_file_ref idref="fl-10"/>
      </object_component>
      <object_component id="oc-152">
         <name>.text:Ethernet_addPacketsIntoTxQueue</name>
         <load_address>0x20001180</load_address>
         <run_address>0x20001180</run_address>
         <size>0x2b8</size>
         <input_file_ref idref="fl-10"/>
      </object_component>
      <object_component id="oc-1ac">
         <name>.text:Initial_Ethernet</name>
         <load_address>0x20001438</load_address>
         <run_address>0x20001438</run_address>
         <size>0x220</size>
         <input_file_ref idref="fl-5"/>
      </object_component>
      <object_component id="oc-35e">
         <name>.text:processReceivedEthernetPacket</name>
         <load_address>0x20001658</load_address>
         <run_address>0x20001658</run_address>
         <size>0x206</size>
         <input_file_ref idref="fl-3"/>
      </object_component>
      <object_component id="oc-162">
         <name>.text:Ethernet_retrieveRxPacket</name>
         <load_address>0x20001860</load_address>
         <run_address>0x20001860</run_address>
         <size>0x1b3</size>
         <input_file_ref idref="fl-10"/>
      </object_component>
      <object_component id="oc-109">
         <name>.text:_system_pre_init</name>
         <load_address>0x20001a14</load_address>
         <run_address>0x20001a14</run_address>
         <size>0x4</size>
         <input_file_ref idref="fl-eb"/>
      </object_component>
      <object_component id="oc-28f">
         <name>.text:Ethernet_getHandle</name>
         <load_address>0x20001a18</load_address>
         <run_address>0x20001a18</run_address>
         <size>0x164</size>
         <input_file_ref idref="fl-10"/>
      </object_component>
      <object_component id="oc-1cf">
         <name>.text:abort:abort</name>
         <load_address>0x20001b7c</load_address>
         <run_address>0x20001b7c</run_address>
         <size>0x4</size>
         <input_file_ref idref="fl-ed"/>
      </object_component>
      <object_component id="oc-99">
         <name>.text:Ethernet_removePacketsFromTxQueue</name>
         <load_address>0x20001b80</load_address>
         <run_address>0x20001b80</run_address>
         <size>0x142</size>
         <input_file_ref idref="fl-10"/>
      </object_component>
      <object_component id="oc-3d9">
         <name>.text</name>
         <load_address>0x20001cc2</load_address>
         <run_address>0x20001cc2</run_address>
         <size>0xfa</size>
         <input_file_ref idref="fl-dd"/>
      </object_component>
      <object_component id="oc-369">
         <name>.text:Ethernet_initTxChannel</name>
         <load_address>0x20001dc0</load_address>
         <run_address>0x20001dc0</run_address>
         <size>0xf6</size>
         <input_file_ref idref="fl-10"/>
      </object_component>
      <object_component id="oc-496">
         <name>.text:Ethernet_sendPacket</name>
         <load_address>0x20001eb8</load_address>
         <run_address>0x20001eb8</run_address>
         <size>0xf3</size>
         <input_file_ref idref="fl-10"/>
      </object_component>
      <object_component id="oc-406">
         <name>.text:buildAndSendUdpPacket</name>
         <load_address>0x20001fb0</load_address>
         <run_address>0x20001fb0</run_address>
         <size>0xe8</size>
         <input_file_ref idref="fl-3"/>
      </object_component>
      <object_component id="oc-274">
         <name>.text:Ethernet_getInitConfig</name>
         <load_address>0x20002098</load_address>
         <run_address>0x20002098</run_address>
         <size>0xe4</size>
         <input_file_ref idref="fl-10"/>
      </object_component>
      <object_component id="oc-36f">
         <name>.text:Ethernet_initRxChannel</name>
         <load_address>0x20002180</load_address>
         <run_address>0x20002180</run_address>
         <size>0xe2</size>
         <input_file_ref idref="fl-10"/>
      </object_component>
      <object_component id="oc-2bb">
         <name>.text:CPUTimer_startTimer</name>
         <load_address>0x20002268</load_address>
         <run_address>0x20002268</run_address>
         <size>0xce</size>
         <input_file_ref idref="fl-7"/>
      </object_component>
      <object_component id="oc-26e">
         <name>.text:Ethernet_initInterface</name>
         <load_address>0x20002338</load_address>
         <run_address>0x20002338</run_address>
         <size>0xc6</size>
         <input_file_ref idref="fl-10"/>
      </object_component>
      <object_component id="oc-a9">
         <name>.text:Ethernet_removePacketsFromRxQueue</name>
         <load_address>0x20002400</load_address>
         <run_address>0x20002400</run_address>
         <size>0xc2</size>
         <input_file_ref idref="fl-10"/>
      </object_component>
      <object_component id="oc-40d">
         <name>.text:sendEthernetFrame</name>
         <load_address>0x200024c8</load_address>
         <run_address>0x200024c8</run_address>
         <size>0xb0</size>
         <input_file_ref idref="fl-3"/>
      </object_component>
      <object_component id="oc-25c">
         <name>.text:Interrupt_disable</name>
         <load_address>0x20002578</load_address>
         <run_address>0x20002578</run_address>
         <size>0xac</size>
         <input_file_ref idref="fl-15"/>
      </object_component>
      <object_component id="oc-256">
         <name>.text:Interrupt_enable</name>
         <load_address>0x20002628</load_address>
         <run_address>0x20002628</run_address>
         <size>0xac</size>
         <input_file_ref idref="fl-15"/>
      </object_component>
      <object_component id="oc-50">
         <name>.text</name>
         <load_address>0x200026d4</load_address>
         <run_address>0x200026d4</run_address>
         <size>0x9c</size>
         <input_file_ref idref="fl-e9"/>
      </object_component>
      <object_component id="oc-41b">
         <name>.text:Ethernet_writeTxDMAControl</name>
         <load_address>0x20002770</load_address>
         <run_address>0x20002770</run_address>
         <size>0x92</size>
         <input_file_ref idref="fl-10"/>
      </object_component>
      <object_component id="oc-400">
         <name>.text:sendAckResponse</name>
         <load_address>0x20002808</load_address>
         <run_address>0x20002808</run_address>
         <size>0x92</size>
         <input_file_ref idref="fl-3"/>
      </object_component>
      <object_component id="oc-da">
         <name>.text:Ethernet_addPacketsIntoRxQueue</name>
         <load_address>0x200028a0</load_address>
         <run_address>0x200028a0</run_address>
         <size>0x8c</size>
         <input_file_ref idref="fl-10"/>
      </object_component>
      <object_component id="oc-2a7">
         <name>.text:Interrupt_registerHandler</name>
         <load_address>0x20002930</load_address>
         <run_address>0x20002930</run_address>
         <size>0x88</size>
         <input_file_ref idref="fl-15"/>
      </object_component>
      <object_component id="oc-3d4">
         <name>.text</name>
         <load_address>0x200029b8</load_address>
         <run_address>0x200029b8</run_address>
         <size>0x7a</size>
         <input_file_ref idref="fl-df"/>
      </object_component>
      <object_component id="oc-103">
         <name>.text</name>
         <load_address>0x20002a32</load_address>
         <run_address>0x20002a32</run_address>
         <size>0x7a</size>
         <input_file_ref idref="fl-e4"/>
      </object_component>
      <object_component id="oc-22a">
         <name>.text:CM_enableAllPeripherals</name>
         <load_address>0x20002ab0</load_address>
         <run_address>0x20002ab0</run_address>
         <size>0x76</size>
         <input_file_ref idref="fl-8"/>
      </object_component>
      <object_component id="oc-bc">
         <name>.text:Ethernet_writePHYRegister</name>
         <load_address>0x20002b28</load_address>
         <run_address>0x20002b28</run_address>
         <size>0x72</size>
         <input_file_ref idref="fl-10"/>
      </object_component>
      <object_component id="oc-c8">
         <name>.text:Ethernet_getOneStepTransmitTimestampPTP</name>
         <load_address>0x20002ba0</load_address>
         <run_address>0x20002ba0</run_address>
         <size>0x6f</size>
         <input_file_ref idref="fl-10"/>
      </object_component>
      <object_component id="oc-80">
         <name>.text:nmiISR</name>
         <load_address>0x20002c10</load_address>
         <run_address>0x20002c10</run_address>
         <size>0x6c</size>
         <input_file_ref idref="fl-9"/>
      </object_component>
      <object_component id="oc-19">
         <name>.text:decompress:lzss:__TI_decompress_lzss</name>
         <load_address>0x20002c7c</load_address>
         <run_address>0x20002c7c</run_address>
         <size>0x68</size>
         <input_file_ref idref="fl-e7"/>
      </object_component>
      <object_component id="oc-36">
         <name>.text:Ethernet_receiveISR</name>
         <load_address>0x20002ce8</load_address>
         <run_address>0x20002ce8</run_address>
         <size>0x62</size>
         <input_file_ref idref="fl-10"/>
      </object_component>
      <object_component id="oc-30">
         <name>.text:Ethernet_transmitISR</name>
         <load_address>0x20002d50</load_address>
         <run_address>0x20002d50</run_address>
         <size>0x62</size>
         <input_file_ref idref="fl-10"/>
      </object_component>
      <object_component id="oc-434">
         <name>.text:Ethernet_writeRxDMAControl</name>
         <load_address>0x20002db8</load_address>
         <run_address>0x20002db8</run_address>
         <size>0x62</size>
         <input_file_ref idref="fl-10"/>
      </object_component>
      <object_component id="oc-168">
         <name>.text:Ethernet_submitRxPacket</name>
         <load_address>0x20002e20</load_address>
         <run_address>0x20002e20</run_address>
         <size>0x5a</size>
         <input_file_ref idref="fl-10"/>
      </object_component>
      <object_component id="oc-2ce">
         <name>.text:IPC_sendCommand</name>
         <load_address>0x20002e80</load_address>
         <run_address>0x20002e80</run_address>
         <size>0x5a</size>
         <input_file_ref idref="fl-16"/>
      </object_component>
      <object_component id="oc-b6">
         <name>.text:Ethernet_readPHYRegister</name>
         <load_address>0x20002ee0</load_address>
         <run_address>0x20002ee0</run_address>
         <size>0x58</size>
         <input_file_ref idref="fl-10"/>
      </object_component>
      <object_component id="oc-485">
         <name>.text:buildIPHeader</name>
         <load_address>0x20002f38</load_address>
         <run_address>0x20002f38</run_address>
         <size>0x56</size>
         <input_file_ref idref="fl-3"/>
      </object_component>
      <object_component id="oc-27a">
         <name>.text:App_ethGetPacketBuffer</name>
         <load_address>0x20002f90</load_address>
         <run_address>0x20002f90</run_address>
         <size>0x52</size>
         <input_file_ref idref="fl-5"/>
      </object_component>
      <object_component id="oc-237">
         <name>.text:IPC_registerInterrupt</name>
         <load_address>0x20002fe8</load_address>
         <run_address>0x20002fe8</run_address>
         <size>0x52</size>
         <input_file_ref idref="fl-16"/>
      </object_component>
      <object_component id="oc-316">
         <name>.text:IPC_readCommand</name>
         <load_address>0x20003040</load_address>
         <run_address>0x20003040</run_address>
         <size>0x50</size>
         <input_file_ref idref="fl-16"/>
      </object_component>
      <object_component id="oc-1a6">
         <name>.text:Initial_IPC</name>
         <load_address>0x20003090</load_address>
         <run_address>0x20003090</run_address>
         <size>0x4a</size>
         <input_file_ref idref="fl-6"/>
      </object_component>
      <object_component id="oc-31c">
         <name>.text:recvIpcCpu1Message</name>
         <load_address>0x200030e0</load_address>
         <run_address>0x200030e0</run_address>
         <size>0x46</size>
         <input_file_ref idref="fl-4"/>
      </object_component>
      <object_component id="oc-1db">
         <name>.text:__TI_auto_init_nobinit_nopinit:__TI_auto_init_nobinit_nopinit</name>
         <load_address>0x20003128</load_address>
         <run_address>0x20003128</run_address>
         <size>0x44</size>
         <input_file_ref idref="fl-ea"/>
      </object_component>
      <object_component id="oc-48b">
         <name>.text:buildUDPHeader</name>
         <load_address>0x20003170</load_address>
         <run_address>0x20003170</run_address>
         <size>0x42</size>
         <input_file_ref idref="fl-3"/>
      </object_component>
      <object_component id="oc-241">
         <name>.text:initRxDescriptors</name>
         <load_address>0x200031b8</load_address>
         <run_address>0x200031b8</run_address>
         <size>0x42</size>
         <input_file_ref idref="fl-5"/>
      </object_component>
      <object_component id="oc-47f">
         <name>.text:buildEthernetHeader</name>
         <load_address>0x20003200</load_address>
         <run_address>0x20003200</run_address>
         <size>0x40</size>
         <input_file_ref idref="fl-3"/>
      </object_component>
      <object_component id="oc-4af">
         <name>.text:calcIPChecksum</name>
         <load_address>0x20003240</load_address>
         <run_address>0x20003240</run_address>
         <size>0x3e</size>
         <input_file_ref idref="fl-3"/>
      </object_component>
      <object_component id="oc-231">
         <name>.text:isrIpcFromCPU1</name>
         <load_address>0x20003280</load_address>
         <run_address>0x20003280</run_address>
         <size>0x38</size>
         <input_file_ref idref="fl-6"/>
      </object_component>
      <object_component id="oc-3de">
         <name>.text</name>
         <load_address>0x200032b8</load_address>
         <run_address>0x200032b8</run_address>
         <size>0x38</size>
         <input_file_ref idref="fl-e0"/>
      </object_component>
      <object_component id="oc-33e">
         <name>.text:SysCtl_resetPeripheral</name>
         <load_address>0x200032f0</load_address>
         <run_address>0x200032f0</run_address>
         <size>0x36</size>
         <input_file_ref idref="fl-1c"/>
      </object_component>
      <object_component id="oc-2c1">
         <name>.text:isr_CpuTimer1</name>
         <load_address>0x20003328</load_address>
         <run_address>0x20003328</run_address>
         <size>0x34</size>
         <input_file_ref idref="fl-7"/>
      </object_component>
      <object_component id="oc-1c1">
         <name>.text:Cycle_1ms</name>
         <load_address>0x20003360</load_address>
         <run_address>0x20003360</run_address>
         <size>0x32</size>
         <input_file_ref idref="fl-2"/>
      </object_component>
      <object_component id="oc-2af">
         <name>.text:CPUTimer_isBaseValid</name>
         <load_address>0x20003398</load_address>
         <run_address>0x20003398</run_address>
         <size>0x2c</size>
         <input_file_ref idref="fl-7"/>
      </object_component>
      <object_component id="oc-30f">
         <name>.text:SysCtl_enablePeripheral</name>
         <load_address>0x200033c8</load_address>
         <run_address>0x200033c8</run_address>
         <size>0x2a</size>
         <input_file_ref idref="fl-1c"/>
      </object_component>
      <object_component id="oc-1b8">
         <name>.text:sendIpcMessageToCPU1</name>
         <load_address>0x200033f8</load_address>
         <run_address>0x200033f8</run_address>
         <size>0x2a</size>
         <input_file_ref idref="fl-6"/>
      </object_component>
      <object_component id="oc-1a0">
         <name>.text:CM_init</name>
         <load_address>0x20003428</load_address>
         <run_address>0x20003428</run_address>
         <size>0x28</size>
         <input_file_ref idref="fl-8"/>
      </object_component>
      <object_component id="oc-1c7">
         <name>.text:Cycle_100ms</name>
         <load_address>0x20003450</load_address>
         <run_address>0x20003450</run_address>
         <size>0x28</size>
         <input_file_ref idref="fl-2"/>
      </object_component>
      <object_component id="oc-3fa">
         <name>.text:calcUdpMsgChecksum</name>
         <load_address>0x20003478</load_address>
         <run_address>0x20003478</run_address>
         <size>0x28</size>
         <input_file_ref idref="fl-3"/>
      </object_component>
      <object_component id="oc-ce">
         <name>.text:Ethernet_configureEEEClockGatingControl</name>
         <load_address>0x200034a0</load_address>
         <run_address>0x200034a0</run_address>
         <size>0x26</size>
         <input_file_ref idref="fl-10"/>
      </object_component>
      <object_component id="oc-446">
         <name>.text:Ethernet_enableMACRxQ</name>
         <load_address>0x200034c8</load_address>
         <run_address>0x200034c8</run_address>
         <size>0x26</size>
         <input_file_ref idref="fl-10"/>
      </object_component>
      <object_component id="oc-6e">
         <name>.text:_c_int00_noargs:_c_int00_noargs</name>
         <load_address>0x200034f0</load_address>
         <run_address>0x200034f0</run_address>
         <size>0x24</size>
         <input_file_ref idref="fl-e8"/>
      </object_component>
      <object_component id="oc-2a1">
         <name>.text:isr_EmacRx0</name>
         <load_address>0x20003518</load_address>
         <run_address>0x20003518</run_address>
         <size>0x24</size>
         <input_file_ref idref="fl-5"/>
      </object_component>
      <object_component id="oc-2c7">
         <name>.text:isr_CpuTimer2</name>
         <load_address>0x20003540</load_address>
         <run_address>0x20003540</run_address>
         <size>0x22</size>
         <input_file_ref idref="fl-7"/>
      </object_component>
      <object_component id="oc-396">
         <name>.text:updateEthernetTask</name>
         <load_address>0x20003568</load_address>
         <run_address>0x20003568</run_address>
         <size>0x22</size>
         <input_file_ref idref="fl-5"/>
      </object_component>
      <object_component id="oc-352">
         <name>.text:Ethernet_resetModule</name>
         <load_address>0x20003590</load_address>
         <run_address>0x20003590</run_address>
         <size>0x20</size>
         <input_file_ref idref="fl-10"/>
      </object_component>
      <object_component id="oc-2b5">
         <name>.text:isr_CpuTimer0</name>
         <load_address>0x200035b0</load_address>
         <run_address>0x200035b0</run_address>
         <size>0x20</size>
         <input_file_ref idref="fl-7"/>
      </object_component>
      <object_component id="oc-4b9">
         <name>.text:Ethernet_performPushPacketQueueChain</name>
         <load_address>0x200035d0</load_address>
         <run_address>0x200035d0</run_address>
         <size>0x1e</size>
         <input_file_ref idref="fl-10"/>
      </object_component>
      <object_component id="oc-188">
         <name>.text:Ethernet_performPushOnPacketQueue</name>
         <load_address>0x200035f0</load_address>
         <run_address>0x200035f0</run_address>
         <size>0x1c</size>
         <input_file_ref idref="fl-10"/>
      </object_component>
      <object_component id="oc-295">
         <name>.text:Ethernet_setMACAddr</name>
         <load_address>0x20003610</load_address>
         <run_address>0x20003610</run_address>
         <size>0x1c</size>
         <input_file_ref idref="fl-10"/>
      </object_component>
      <object_component id="oc-427">
         <name>.text:Ethernet_setMTLTxQueueOpMode</name>
         <load_address>0x20003630</load_address>
         <run_address>0x20003630</run_address>
         <size>0x1c</size>
         <input_file_ref idref="fl-10"/>
      </object_component>
      <object_component id="oc-b0">
         <name>.text:Ethernet_isTimestampIntActive</name>
         <load_address>0x20003650</load_address>
         <run_address>0x20003650</run_address>
         <size>0x1a</size>
         <input_file_ref idref="fl-10"/>
      </object_component>
      <object_component id="oc-c2">
         <name>.text:Ethernet_isTransmitTimestampStatusSet</name>
         <load_address>0x20003670</load_address>
         <run_address>0x20003670</run_address>
         <size>0x1a</size>
         <input_file_ref idref="fl-10"/>
      </object_component>
      <object_component id="oc-280">
         <name>.text:App_ethRxCallback</name>
         <load_address>0x20003690</load_address>
         <run_address>0x20003690</run_address>
         <size>0x14</size>
         <input_file_ref idref="fl-5"/>
      </object_component>
      <object_component id="oc-15c">
         <name>.text:Ethernet_nextDescAvailable</name>
         <load_address>0x200036a8</load_address>
         <run_address>0x200036a8</run_address>
         <size>0x14</size>
         <input_file_ref idref="fl-10"/>
      </object_component>
      <object_component id="oc-44c">
         <name>.text:Ethernet_enableRxDMAReception</name>
         <load_address>0x200036c0</load_address>
         <run_address>0x200036c0</run_address>
         <size>0x12</size>
         <input_file_ref idref="fl-10"/>
      </object_component>
      <object_component id="oc-21d">
         <name>.text:Ethernet_getRxERICount</name>
         <load_address>0x200036d8</load_address>
         <run_address>0x200036d8</run_address>
         <size>0x12</size>
         <input_file_ref idref="fl-10"/>
      </object_component>
      <object_component id="oc-14c">
         <name>.text:Ethernet_performPopOnPacketQueue</name>
         <load_address>0x200036f0</load_address>
         <run_address>0x200036f0</run_address>
         <size>0x12</size>
         <input_file_ref idref="fl-10"/>
      </object_component>
      <object_component id="oc-43a">
         <name>.text:Ethernet_setRxDescRingLength</name>
         <load_address>0x20003708</load_address>
         <run_address>0x20003708</run_address>
         <size>0x12</size>
         <input_file_ref idref="fl-10"/>
      </object_component>
      <object_component id="oc-421">
         <name>.text:Ethernet_setTxDescRingLength</name>
         <load_address>0x20003720</load_address>
         <run_address>0x20003720</run_address>
         <size>0x12</size>
         <input_file_ref idref="fl-10"/>
      </object_component>
      <object_component id="oc-387">
         <name>.text:Ethernet_configureMDIO</name>
         <load_address>0x20003738</load_address>
         <run_address>0x20003738</run_address>
         <size>0x10</size>
         <input_file_ref idref="fl-10"/>
      </object_component>
      <object_component id="oc-16e">
         <name>.text:Ethernet_enableDmaInterrupt</name>
         <load_address>0x20003748</load_address>
         <run_address>0x20003748</run_address>
         <size>0x10</size>
         <input_file_ref idref="fl-10"/>
      </object_component>
      <object_component id="oc-d4">
         <name>.text:Ethernet_disableTxEEEMode</name>
         <load_address>0x20003758</load_address>
         <run_address>0x20003758</run_address>
         <size>0xe</size>
         <input_file_ref idref="fl-10"/>
      </object_component>
      <object_component id="oc-1f">
         <name>.text:decompress:none:__TI_decompress_none</name>
         <load_address>0x20003766</load_address>
         <run_address>0x20003766</run_address>
         <size>0xe</size>
         <input_file_ref idref="fl-e6"/>
      </object_component>
      <object_component id="oc-9f">
         <name>.text:Ethernet_clearDMAChannelInterrupt</name>
         <load_address>0x20003778</load_address>
         <run_address>0x20003778</run_address>
         <size>0xc</size>
         <input_file_ref idref="fl-10"/>
      </object_component>
      <object_component id="oc-34c">
         <name>.text:Ethernet_configureRevMIIAddress</name>
         <load_address>0x20003788</load_address>
         <run_address>0x20003788</run_address>
         <size>0xc</size>
         <input_file_ref idref="fl-10"/>
      </object_component>
      <object_component id="oc-375">
         <name>.text:Ethernet_setMTLOpmode</name>
         <load_address>0x20003798</load_address>
         <run_address>0x20003798</run_address>
         <size>0xc</size>
         <input_file_ref idref="fl-10"/>
      </object_component>
      <object_component id="oc-42e">
         <name>.text:Ethernet_writeRxDescListAddress</name>
         <load_address>0x200037a8</load_address>
         <run_address>0x200037a8</run_address>
         <size>0xc</size>
         <input_file_ref idref="fl-10"/>
      </object_component>
      <object_component id="oc-e0">
         <name>.text:Ethernet_writeRxDescTailPointer</name>
         <load_address>0x200037b8</load_address>
         <run_address>0x200037b8</run_address>
         <size>0xc</size>
         <input_file_ref idref="fl-10"/>
      </object_component>
      <object_component id="oc-415">
         <name>.text:Ethernet_writeTxDescListAddress</name>
         <load_address>0x200037c8</load_address>
         <run_address>0x200037c8</run_address>
         <size>0xc</size>
         <input_file_ref idref="fl-10"/>
      </object_component>
      <object_component id="oc-20f">
         <name>.text:Ethernet_writeTxDescTailPointer</name>
         <load_address>0x200037d8</load_address>
         <run_address>0x200037d8</run_address>
         <size>0xc</size>
         <input_file_ref idref="fl-10"/>
      </object_component>
      <object_component id="oc-62">
         <name>.text:decompress:ZI:__TI_zero_init</name>
         <load_address>0x200037e4</load_address>
         <run_address>0x200037e4</run_address>
         <size>0xc</size>
         <input_file_ref idref="fl-e5"/>
      </object_component>
      <object_component id="oc-176">
         <name>.text:Ethernet_getPHYMode</name>
         <load_address>0x200037f0</load_address>
         <run_address>0x200037f0</run_address>
         <size>0xa</size>
         <input_file_ref idref="fl-10"/>
      </object_component>
      <object_component id="oc-38d">
         <name>.text:Ethernet_configurePHYAddress</name>
         <load_address>0x20003800</load_address>
         <run_address>0x20003800</run_address>
         <size>0x8</size>
         <input_file_ref idref="fl-10"/>
      </object_component>
      <object_component id="oc-37b">
         <name>.text:Ethernet_setDMAMode</name>
         <load_address>0x20003808</load_address>
         <run_address>0x20003808</run_address>
         <size>0x8</size>
         <input_file_ref idref="fl-10"/>
      </object_component>
      <object_component id="oc-29b">
         <name>.text:Ethernet_setMACConfiguration</name>
         <load_address>0x20003810</load_address>
         <run_address>0x20003810</run_address>
         <size>0x8</size>
         <input_file_ref idref="fl-10"/>
      </object_component>
      <object_component id="oc-381">
         <name>.text:Ethernet_setMACPacketFilter</name>
         <load_address>0x20003818</load_address>
         <run_address>0x20003818</run_address>
         <size>0x8</size>
         <input_file_ref idref="fl-10"/>
      </object_component>
      <object_component id="oc-250">
         <name>.text:Platform_enablePeripheral</name>
         <load_address>0x20003820</load_address>
         <run_address>0x20003820</run_address>
         <size>0x6</size>
         <input_file_ref idref="fl-1a"/>
      </object_component>
      <object_component id="oc-24a">
         <name>.text:Platform_resetPeripheral</name>
         <load_address>0x20003828</load_address>
         <run_address>0x20003828</run_address>
         <size>0x6</size>
         <input_file_ref idref="fl-1a"/>
      </object_component>
      <object_component id="oc-146">
         <name>.text:Ethernet_HW_descQueueGetCount</name>
         <load_address>0x20003830</load_address>
         <run_address>0x20003830</run_address>
         <size>0x4</size>
         <input_file_ref idref="fl-10"/>
      </object_component>
      <object_component id="oc-217">
         <name>.text:Ethernet_returnTopOfPacketQueue</name>
         <load_address>0x20003838</load_address>
         <run_address>0x20003838</run_address>
         <size>0x4</size>
         <input_file_ref idref="fl-10"/>
      </object_component>
      <object_component id="oc-268">
         <name>.text:Platform_disableCoreInterrupt</name>
         <load_address>0x20003840</load_address>
         <run_address>0x20003840</run_address>
         <size>0x4</size>
         <input_file_ref idref="fl-5"/>
      </object_component>
      <object_component id="oc-262">
         <name>.text:Platform_enableCoreInterrupt</name>
         <load_address>0x20003848</load_address>
         <run_address>0x20003848</run_address>
         <size>0x4</size>
         <input_file_ref idref="fl-5"/>
      </object_component>
      <object_component id="oc-17f">
         <name>.text:__error__</name>
         <load_address>0x20003850</load_address>
         <run_address>0x20003850</run_address>
         <size>0x4</size>
         <input_file_ref idref="fl-8"/>
      </object_component>
      <object_component id="oc-286">
         <name>.text:App_ethTxCallback</name>
         <load_address>0x20003858</load_address>
         <run_address>0x20003858</run_address>
         <size>0x2</size>
         <input_file_ref idref="fl-5"/>
      </object_component>
      <object_component id="oc-8c">
         <name>.text:defaultISR</name>
         <load_address>0x20003860</load_address>
         <run_address>0x20003860</run_address>
         <size>0x2</size>
         <input_file_ref idref="fl-9"/>
      </object_component>
      <object_component id="oc-86">
         <name>.text:faultISR</name>
         <load_address>0x20003868</load_address>
         <run_address>0x20003868</run_address>
         <size>0x2</size>
         <input_file_ref idref="fl-9"/>
      </object_component>
      <object_component id="oc-4f5">
         <name>.cinit..vtable.load</name>
         <load_address>0x1fffe000</load_address>
         <run_address>0x1fffe000</run_address>
         <size>0x24</size>
      </object_component>
      <object_component id="oc-4f6">
         <name>.cinit..data.load</name>
         <load_address>0x1fffe024</load_address>
         <run_address>0x1fffe024</run_address>
         <size>0x1c</size>
      </object_component>
      <object_component id="oc-4f3">
         <name>__TI_handler_table</name>
         <load_address>0x1fffe040</load_address>
         <run_address>0x1fffe040</run_address>
         <size>0xc</size>
      </object_component>
      <object_component id="oc-4f7">
         <name>.cinit..bss.load</name>
         <load_address>0x1fffe050</load_address>
         <run_address>0x1fffe050</run_address>
         <size>0x8</size>
      </object_component>
      <object_component id="oc-4f4">
         <name>__TI_cinit_table</name>
         <load_address>0x1fffe058</load_address>
         <run_address>0x1fffe058</run_address>
         <size>0x18</size>
      </object_component>
      <object_component id="oc-42">
         <name>.stack</name>
         <uninitialized>true</uninitialized>
         <run_address>0x1fffc000</run_address>
         <size>0x4</size>
         <input_file_ref idref="fl-e8"/>
      </object_component>
      <object_component id="oc-4f9">
         <name>.stack</name>
         <uninitialized>true</uninitialized>
         <run_address>0x1fffc000</run_address>
         <size>0x0</size>
      </object_component>
      <object_component id="oc-2e1">
         <name>.data</name>
         <load_address>0x2000da88</load_address>
         <run_address>0x2000da88</run_address>
         <size>0x2</size>
         <input_file_ref idref="fl-2"/>
      </object_component>
      <object_component id="oc-2dd">
         <name>.data</name>
         <load_address>0x2000da84</load_address>
         <run_address>0x2000da84</run_address>
         <size>0x4</size>
         <input_file_ref idref="fl-3"/>
      </object_component>
      <object_component id="oc-3d1">
         <name>.data:xEthApp</name>
         <load_address>0x2000da64</load_address>
         <run_address>0x2000da64</run_address>
         <size>0x18</size>
         <input_file_ref idref="fl-3"/>
      </object_component>
      <object_component id="oc-40c">
         <name>.data:arpReply$1</name>
         <load_address>0x2000da28</load_address>
         <run_address>0x2000da28</run_address>
         <size>0x3c</size>
         <input_file_ref idref="fl-3"/>
      </object_component>
      <object_component id="oc-3ce">
         <name>.data</name>
         <load_address>0x2000da7c</load_address>
         <run_address>0x2000da7c</run_address>
         <size>0x8</size>
         <input_file_ref idref="fl-4"/>
      </object_component>
      <object_component id="oc-247">
         <name>.data:xEthDriver</name>
         <load_address>0x2000d8c4</load_address>
         <run_address>0x2000d8c4</run_address>
         <size>0x108</size>
         <input_file_ref idref="fl-5"/>
      </object_component>
      <object_component id="oc-35a">
         <name>.data</name>
         <load_address>0x2000da8a</load_address>
         <run_address>0x2000da8a</run_address>
         <size>0x1</size>
         <input_file_ref idref="fl-5"/>
      </object_component>
      <object_component id="oc-a5">
         <name>.data</name>
         <load_address>0x2000d9cc</load_address>
         <run_address>0x2000d9cc</run_address>
         <size>0x5c</size>
         <input_file_ref idref="fl-10"/>
      </object_component>
      <object_component id="oc-493">
         <name>.bss:s_xTxPktDesc</name>
         <uninitialized>true</uninitialized>
         <run_address>0x2000d664</run_address>
         <size>0x130</size>
         <input_file_ref idref="fl-3"/>
      </object_component>
      <object_component id="oc-47e">
         <name>.bss:s_ucAckBuf$2</name>
         <uninitialized>true</uninitialized>
         <run_address>0x2000d878</run_address>
         <size>0x3c</size>
         <input_file_ref idref="fl-3"/>
      </object_component>
      <object_component id="oc-28c">
         <name>.bss:s_ucRxBuf</name>
         <uninitialized>true</uninitialized>
         <run_address>0x2000c000</run_address>
         <size>0x1200</size>
         <input_file_ref idref="fl-5"/>
      </object_component>
      <object_component id="oc-333">
         <name>.bss:s_xRxPktDesc</name>
         <uninitialized>true</uninitialized>
         <run_address>0x2000d794</run_address>
         <size>0xe4</size>
         <input_file_ref idref="fl-5"/>
      </object_component>
      <object_component id="oc-1be">
         <name>.common:xTimer</name>
         <uninitialized>true</uninitialized>
         <run_address>0x2000d8b4</run_address>
         <size>0xe</size>
      </object_component>
      <object_component id="oc-96">
         <name>.common:Ethernet_device_struct</name>
         <uninitialized>true</uninitialized>
         <run_address>0x2000d200</run_address>
         <size>0x264</size>
      </object_component>
      <object_component id="oc-368">
         <name>.common:Ethernet_descArray</name>
         <uninitialized>true</uninitialized>
         <run_address>0x2000d464</run_address>
         <size>0x200</size>
      </object_component>
      <object_component id="oc-23d">
         <name>.const:IPC_Instance</name>
         <load_address>0x1fffc200</load_address>
         <run_address>0x1fffc200</run_address>
         <size>0x88</size>
         <input_file_ref idref="fl-16"/>
      </object_component>
      <object_component id="oc-325">
         <name>MSGRAM_CM_TO_CPU1</name>
         <uninitialized>true</uninitialized>
         <run_address>0x20082000</run_address>
         <size>0x110</size>
         <input_file_ref idref="fl-16"/>
      </object_component>
      <object_component id="oc-32b">
         <name>MSGRAM_CM_TO_CPU2</name>
         <uninitialized>true</uninitialized>
         <run_address>0x20086000</run_address>
         <size>0x110</size>
         <input_file_ref idref="fl-16"/>
      </object_component>
      <object_component id="oc-328">
         <name>MSGRAM_CPU1_TO_CM</name>
         <uninitialized>true</uninitialized>
         <run_address>0x20080000</run_address>
         <size>0x110</size>
         <input_file_ref idref="fl-16"/>
      </object_component>
      <object_component id="oc-32e">
         <name>MSGRAM_CPU2_TO_CM</name>
         <uninitialized>true</uninitialized>
         <run_address>0x20084000</run_address>
         <size>0x110</size>
         <input_file_ref idref="fl-16"/>
      </object_component>
      <object_component id="oc-1ce">
         <name>.debug_info</name>
         <load_address>0x0</load_address>
         <run_address>0x0</run_address>
         <size>0x4bb</size>
         <input_file_ref idref="fl-2"/>
      </object_component>
      <object_component id="oc-1c3">
         <name>.debug_info</name>
         <load_address>0x4bb</load_address>
         <run_address>0x4bb</run_address>
         <size>0x157</size>
         <input_file_ref idref="fl-2"/>
      </object_component>
      <object_component id="oc-1c8">
         <name>.debug_info</name>
         <load_address>0x612</load_address>
         <run_address>0x612</run_address>
         <size>0x17a</size>
         <input_file_ref idref="fl-2"/>
      </object_component>
      <object_component id="oc-111">
         <name>.debug_info</name>
         <load_address>0x78c</load_address>
         <run_address>0x78c</run_address>
         <size>0x1cd</size>
         <input_file_ref idref="fl-2"/>
      </object_component>
      <object_component id="oc-126">
         <name>.debug_info</name>
         <load_address>0x959</load_address>
         <run_address>0x959</run_address>
         <size>0x224f</size>
         <input_file_ref idref="fl-2"/>
      </object_component>
      <object_component id="oc-30a">
         <name>.debug_info</name>
         <load_address>0x2ba8</load_address>
         <run_address>0x2ba8</run_address>
         <size>0x297</size>
         <input_file_ref idref="fl-2"/>
      </object_component>
      <object_component id="oc-12b">
         <name>.debug_info</name>
         <load_address>0x2e3f</load_address>
         <run_address>0x2e3f</run_address>
         <size>0x4e1</size>
         <input_file_ref idref="fl-2"/>
      </object_component>
      <object_component id="oc-2d8">
         <name>.debug_info</name>
         <load_address>0x3320</load_address>
         <run_address>0x3320</run_address>
         <size>0xc2</size>
         <input_file_ref idref="fl-2"/>
      </object_component>
      <object_component id="oc-135">
         <name>.debug_info</name>
         <load_address>0x33e2</load_address>
         <run_address>0x33e2</run_address>
         <size>0x26b</size>
         <input_file_ref idref="fl-2"/>
      </object_component>
      <object_component id="oc-339">
         <name>.debug_info</name>
         <load_address>0x364d</load_address>
         <run_address>0x364d</run_address>
         <size>0x74</size>
         <input_file_ref idref="fl-2"/>
      </object_component>
      <object_component id="oc-478">
         <name>.debug_info</name>
         <load_address>0x36c1</load_address>
         <run_address>0x36c1</run_address>
         <size>0x152</size>
         <input_file_ref idref="fl-2"/>
      </object_component>
      <object_component id="oc-46e">
         <name>.debug_info</name>
         <load_address>0x3813</load_address>
         <run_address>0x3813</run_address>
         <size>0xed</size>
         <input_file_ref idref="fl-2"/>
      </object_component>
      <object_component id="oc-130">
         <name>.debug_info</name>
         <load_address>0x3900</load_address>
         <run_address>0x3900</run_address>
         <size>0x8b</size>
         <input_file_ref idref="fl-2"/>
      </object_component>
      <object_component id="oc-190">
         <name>.debug_info</name>
         <load_address>0x398b</load_address>
         <run_address>0x398b</run_address>
         <size>0x2a4</size>
         <input_file_ref idref="fl-2"/>
      </object_component>
      <object_component id="oc-e7">
         <name>.debug_info</name>
         <load_address>0x3c2f</load_address>
         <run_address>0x3c2f</run_address>
         <size>0xbb</size>
         <input_file_ref idref="fl-2"/>
      </object_component>
      <object_component id="oc-141">
         <name>.debug_info</name>
         <load_address>0x3cea</load_address>
         <run_address>0x3cea</run_address>
         <size>0x2c</size>
         <input_file_ref idref="fl-2"/>
      </object_component>
      <object_component id="oc-4a9">
         <name>.debug_info</name>
         <load_address>0x3d16</load_address>
         <run_address>0x3d16</run_address>
         <size>0x2c</size>
         <input_file_ref idref="fl-2"/>
      </object_component>
      <object_component id="oc-13c">
         <name>.debug_info</name>
         <load_address>0x3d42</load_address>
         <run_address>0x3d42</run_address>
         <size>0x35</size>
         <input_file_ref idref="fl-2"/>
      </object_component>
      <object_component id="oc-414">
         <name>.debug_info</name>
         <load_address>0x3d77</load_address>
         <run_address>0x3d77</run_address>
         <size>0x47c</size>
         <input_file_ref idref="fl-3"/>
      </object_component>
      <object_component id="oc-494">
         <name>.debug_info</name>
         <load_address>0x41f3</load_address>
         <run_address>0x41f3</run_address>
         <size>0x117</size>
         <input_file_ref idref="fl-3"/>
      </object_component>
      <object_component id="oc-2de">
         <name>.debug_info</name>
         <load_address>0x430a</load_address>
         <run_address>0x430a</run_address>
         <size>0x150</size>
         <input_file_ref idref="fl-3"/>
      </object_component>
      <object_component id="oc-3d2">
         <name>.debug_info</name>
         <load_address>0x445a</load_address>
         <run_address>0x445a</run_address>
         <size>0x10e</size>
         <input_file_ref idref="fl-3"/>
      </object_component>
      <object_component id="oc-3fc">
         <name>.debug_info</name>
         <load_address>0x4568</load_address>
         <run_address>0x4568</run_address>
         <size>0x1d3</size>
         <input_file_ref idref="fl-3"/>
      </object_component>
      <object_component id="oc-481">
         <name>.debug_info</name>
         <load_address>0x473b</load_address>
         <run_address>0x473b</run_address>
         <size>0x191</size>
         <input_file_ref idref="fl-3"/>
      </object_component>
      <object_component id="oc-4b1">
         <name>.debug_info</name>
         <load_address>0x48cc</load_address>
         <run_address>0x48cc</run_address>
         <size>0x1a9</size>
         <input_file_ref idref="fl-3"/>
      </object_component>
      <object_component id="oc-486">
         <name>.debug_info</name>
         <load_address>0x4a75</load_address>
         <run_address>0x4a75</run_address>
         <size>0x1fa</size>
         <input_file_ref idref="fl-3"/>
      </object_component>
      <object_component id="oc-48d">
         <name>.debug_info</name>
         <load_address>0x4c6f</load_address>
         <run_address>0x4c6f</run_address>
         <size>0x20b</size>
         <input_file_ref idref="fl-3"/>
      </object_component>
      <object_component id="oc-40e">
         <name>.debug_info</name>
         <load_address>0x4e7a</load_address>
         <run_address>0x4e7a</run_address>
         <size>0x225</size>
         <input_file_ref idref="fl-3"/>
      </object_component>
      <object_component id="oc-401">
         <name>.debug_info</name>
         <load_address>0x509f</load_address>
         <run_address>0x509f</run_address>
         <size>0x2e7</size>
         <input_file_ref idref="fl-3"/>
      </object_component>
      <object_component id="oc-407">
         <name>.debug_info</name>
         <load_address>0x5386</load_address>
         <run_address>0x5386</run_address>
         <size>0x273</size>
         <input_file_ref idref="fl-3"/>
      </object_component>
      <object_component id="oc-35f">
         <name>.debug_info</name>
         <load_address>0x55f9</load_address>
         <run_address>0x55f9</run_address>
         <size>0x331</size>
         <input_file_ref idref="fl-3"/>
      </object_component>
      <object_component id="oc-3e4">
         <name>.debug_info</name>
         <load_address>0x592a</load_address>
         <run_address>0x592a</run_address>
         <size>0x388</size>
         <input_file_ref idref="fl-4"/>
      </object_component>
      <object_component id="oc-3cf">
         <name>.debug_info</name>
         <load_address>0x5cb2</load_address>
         <run_address>0x5cb2</run_address>
         <size>0x143</size>
         <input_file_ref idref="fl-4"/>
      </object_component>
      <object_component id="oc-31e">
         <name>.debug_info</name>
         <load_address>0x5df5</load_address>
         <run_address>0x5df5</run_address>
         <size>0x1e9</size>
         <input_file_ref idref="fl-4"/>
      </object_component>
      <object_component id="oc-2ae">
         <name>.debug_info</name>
         <load_address>0x5fde</load_address>
         <run_address>0x5fde</run_address>
         <size>0x8ff</size>
         <input_file_ref idref="fl-5"/>
      </object_component>
      <object_component id="oc-248">
         <name>.debug_info</name>
         <load_address>0x68dd</load_address>
         <run_address>0x68dd</run_address>
         <size>0x114</size>
         <input_file_ref idref="fl-5"/>
      </object_component>
      <object_component id="oc-28d">
         <name>.debug_info</name>
         <load_address>0x69f1</load_address>
         <run_address>0x69f1</run_address>
         <size>0x111</size>
         <input_file_ref idref="fl-5"/>
      </object_component>
      <object_component id="oc-334">
         <name>.debug_info</name>
         <load_address>0x6b02</load_address>
         <run_address>0x6b02</run_address>
         <size>0x117</size>
         <input_file_ref idref="fl-5"/>
      </object_component>
      <object_component id="oc-35b">
         <name>.debug_info</name>
         <load_address>0x6c19</load_address>
         <run_address>0x6c19</run_address>
         <size>0x117</size>
         <input_file_ref idref="fl-5"/>
      </object_component>
      <object_component id="oc-397">
         <name>.debug_info</name>
         <load_address>0x6d30</load_address>
         <run_address>0x6d30</run_address>
         <size>0x1b9</size>
         <input_file_ref idref="fl-5"/>
      </object_component>
      <object_component id="oc-2a2">
         <name>.debug_info</name>
         <load_address>0x6ee9</load_address>
         <run_address>0x6ee9</run_address>
         <size>0x19b</size>
         <input_file_ref idref="fl-5"/>
      </object_component>
      <object_component id="oc-263">
         <name>.debug_info</name>
         <load_address>0x7084</load_address>
         <run_address>0x7084</run_address>
         <size>0x17a</size>
         <input_file_ref idref="fl-5"/>
      </object_component>
      <object_component id="oc-269">
         <name>.debug_info</name>
         <load_address>0x71fe</load_address>
         <run_address>0x71fe</run_address>
         <size>0x17c</size>
         <input_file_ref idref="fl-5"/>
      </object_component>
      <object_component id="oc-242">
         <name>.debug_info</name>
         <load_address>0x737a</load_address>
         <run_address>0x737a</run_address>
         <size>0x16e</size>
         <input_file_ref idref="fl-5"/>
      </object_component>
      <object_component id="oc-1ad">
         <name>.debug_info</name>
         <load_address>0x74e8</load_address>
         <run_address>0x74e8</run_address>
         <size>0x4cc</size>
         <input_file_ref idref="fl-5"/>
      </object_component>
      <object_component id="oc-287">
         <name>.debug_info</name>
         <load_address>0x79b4</load_address>
         <run_address>0x79b4</run_address>
         <size>0x189</size>
         <input_file_ref idref="fl-5"/>
      </object_component>
      <object_component id="oc-27b">
         <name>.debug_info</name>
         <load_address>0x7b3d</load_address>
         <run_address>0x7b3d</run_address>
         <size>0x188</size>
         <input_file_ref idref="fl-5"/>
      </object_component>
      <object_component id="oc-281">
         <name>.debug_info</name>
         <load_address>0x7cc5</load_address>
         <run_address>0x7cc5</run_address>
         <size>0x1df</size>
         <input_file_ref idref="fl-5"/>
      </object_component>
      <object_component id="oc-2d5">
         <name>.debug_info</name>
         <load_address>0x7ea4</load_address>
         <run_address>0x7ea4</run_address>
         <size>0x4c4</size>
         <input_file_ref idref="fl-6"/>
      </object_component>
      <object_component id="oc-1b9">
         <name>.debug_info</name>
         <load_address>0x8368</load_address>
         <run_address>0x8368</run_address>
         <size>0x1ec</size>
         <input_file_ref idref="fl-6"/>
      </object_component>
      <object_component id="oc-232">
         <name>.debug_info</name>
         <load_address>0x8554</load_address>
         <run_address>0x8554</run_address>
         <size>0x1c2</size>
         <input_file_ref idref="fl-6"/>
      </object_component>
      <object_component id="oc-1a7">
         <name>.debug_info</name>
         <load_address>0x8716</load_address>
         <run_address>0x8716</run_address>
         <size>0x16e</size>
         <input_file_ref idref="fl-6"/>
      </object_component>
      <object_component id="oc-1bf">
         <name>.debug_info</name>
         <load_address>0x8884</load_address>
         <run_address>0x8884</run_address>
         <size>0x461</size>
         <input_file_ref idref="fl-7"/>
      </object_component>
      <object_component id="oc-2b1">
         <name>.debug_info</name>
         <load_address>0x8ce5</load_address>
         <run_address>0x8ce5</run_address>
         <size>0x254</size>
         <input_file_ref idref="fl-7"/>
      </object_component>
      <object_component id="oc-2ca">
         <name>.debug_info</name>
         <load_address>0x8f39</load_address>
         <run_address>0x8f39</run_address>
         <size>0x153</size>
         <input_file_ref idref="fl-7"/>
      </object_component>
      <object_component id="oc-2c4">
         <name>.debug_info</name>
         <load_address>0x908c</load_address>
         <run_address>0x908c</run_address>
         <size>0x153</size>
         <input_file_ref idref="fl-7"/>
      </object_component>
      <object_component id="oc-2b7">
         <name>.debug_info</name>
         <load_address>0x91df</load_address>
         <run_address>0x91df</run_address>
         <size>0x153</size>
         <input_file_ref idref="fl-7"/>
      </object_component>
      <object_component id="oc-2bd">
         <name>.debug_info</name>
         <load_address>0x9332</load_address>
         <run_address>0x9332</run_address>
         <size>0x27a</size>
         <input_file_ref idref="fl-7"/>
      </object_component>
      <object_component id="oc-1b4">
         <name>.debug_info</name>
         <load_address>0x95ac</load_address>
         <run_address>0x95ac</run_address>
         <size>0x537</size>
         <input_file_ref idref="fl-7"/>
      </object_component>
      <object_component id="oc-228">
         <name>.debug_info</name>
         <load_address>0x9ae3</load_address>
         <run_address>0x9ae3</run_address>
         <size>0x3b4</size>
         <input_file_ref idref="fl-8"/>
      </object_component>
      <object_component id="oc-180">
         <name>.debug_info</name>
         <load_address>0x9e97</load_address>
         <run_address>0x9e97</run_address>
         <size>0x18a</size>
         <input_file_ref idref="fl-8"/>
      </object_component>
      <object_component id="oc-22d">
         <name>.debug_info</name>
         <load_address>0xa021</load_address>
         <run_address>0xa021</run_address>
         <size>0x33e</size>
         <input_file_ref idref="fl-8"/>
      </object_component>
      <object_component id="oc-1a3">
         <name>.debug_info</name>
         <load_address>0xa35f</load_address>
         <run_address>0xa35f</run_address>
         <size>0x17a</size>
         <input_file_ref idref="fl-8"/>
      </object_component>
      <object_component id="oc-94">
         <name>.debug_info</name>
         <load_address>0xa4d9</load_address>
         <run_address>0xa4d9</run_address>
         <size>0x36a</size>
         <input_file_ref idref="fl-9"/>
      </object_component>
      <object_component id="oc-28">
         <name>.debug_info</name>
         <load_address>0xa843</load_address>
         <run_address>0xa843</run_address>
         <size>0x128</size>
         <input_file_ref idref="fl-9"/>
      </object_component>
      <object_component id="oc-2b">
         <name>.debug_info</name>
         <load_address>0xa96b</load_address>
         <run_address>0xa96b</run_address>
         <size>0x175</size>
         <input_file_ref idref="fl-9"/>
      </object_component>
      <object_component id="oc-81">
         <name>.debug_info</name>
         <load_address>0xaae0</load_address>
         <run_address>0xaae0</run_address>
         <size>0x171</size>
         <input_file_ref idref="fl-9"/>
      </object_component>
      <object_component id="oc-87">
         <name>.debug_info</name>
         <load_address>0xac51</load_address>
         <run_address>0xac51</run_address>
         <size>0x16a</size>
         <input_file_ref idref="fl-9"/>
      </object_component>
      <object_component id="oc-8d">
         <name>.debug_info</name>
         <load_address>0xadbb</load_address>
         <run_address>0xadbb</run_address>
         <size>0x16e</size>
         <input_file_ref idref="fl-9"/>
      </object_component>
      <object_component id="oc-4b">
         <name>.debug_info</name>
         <load_address>0xaf29</load_address>
         <run_address>0xaf29</run_address>
         <size>0x84</size>
         <input_file_ref idref="fl-c"/>
      </object_component>
      <object_component id="oc-97">
         <name>.debug_info</name>
         <load_address>0xafad</load_address>
         <run_address>0xafad</run_address>
         <size>0x4a9</size>
         <input_file_ref idref="fl-10"/>
      </object_component>
      <object_component id="oc-a6">
         <name>.debug_info</name>
         <load_address>0xb456</load_address>
         <run_address>0xb456</run_address>
         <size>0x7b7</size>
         <input_file_ref idref="fl-10"/>
      </object_component>
      <object_component id="oc-210">
         <name>.debug_info</name>
         <load_address>0xbc0d</load_address>
         <run_address>0xbc0d</run_address>
         <size>0x234</size>
         <input_file_ref idref="fl-10"/>
      </object_component>
      <object_component id="oc-416">
         <name>.debug_info</name>
         <load_address>0xbe41</load_address>
         <run_address>0xbe41</run_address>
         <size>0x234</size>
         <input_file_ref idref="fl-10"/>
      </object_component>
      <object_component id="oc-41c">
         <name>.debug_info</name>
         <load_address>0xc075</load_address>
         <run_address>0xc075</run_address>
         <size>0x2d8</size>
         <input_file_ref idref="fl-10"/>
      </object_component>
      <object_component id="oc-e1">
         <name>.debug_info</name>
         <load_address>0xc34d</load_address>
         <run_address>0xc34d</run_address>
         <size>0x234</size>
         <input_file_ref idref="fl-10"/>
      </object_component>
      <object_component id="oc-42f">
         <name>.debug_info</name>
         <load_address>0xc581</load_address>
         <run_address>0xc581</run_address>
         <size>0x234</size>
         <input_file_ref idref="fl-10"/>
      </object_component>
      <object_component id="oc-435">
         <name>.debug_info</name>
         <load_address>0xc7b5</load_address>
         <run_address>0xc7b5</run_address>
         <size>0x2b8</size>
         <input_file_ref idref="fl-10"/>
      </object_component>
      <object_component id="oc-177">
         <name>.debug_info</name>
         <load_address>0xca6d</load_address>
         <run_address>0xca6d</run_address>
         <size>0x1ac</size>
         <input_file_ref idref="fl-10"/>
      </object_component>
      <object_component id="oc-bd">
         <name>.debug_info</name>
         <load_address>0xcc19</load_address>
         <run_address>0xcc19</run_address>
         <size>0x23e</size>
         <input_file_ref idref="fl-10"/>
      </object_component>
      <object_component id="oc-147">
         <name>.debug_info</name>
         <load_address>0xce57</load_address>
         <run_address>0xce57</run_address>
         <size>0x1e8</size>
         <input_file_ref idref="fl-10"/>
      </object_component>
      <object_component id="oc-14d">
         <name>.debug_info</name>
         <load_address>0xd03f</load_address>
         <run_address>0xd03f</run_address>
         <size>0x205</size>
         <input_file_ref idref="fl-10"/>
      </object_component>
      <object_component id="oc-189">
         <name>.debug_info</name>
         <load_address>0xd244</load_address>
         <run_address>0xd244</run_address>
         <size>0x226</size>
         <input_file_ref idref="fl-10"/>
      </object_component>
      <object_component id="oc-153">
         <name>.debug_info</name>
         <load_address>0xd46a</load_address>
         <run_address>0xd46a</run_address>
         <size>0x2b4</size>
         <input_file_ref idref="fl-10"/>
      </object_component>
      <object_component id="oc-9a">
         <name>.debug_info</name>
         <load_address>0xd71e</load_address>
         <run_address>0xd71e</run_address>
         <size>0x35a</size>
         <input_file_ref idref="fl-10"/>
      </object_component>
      <object_component id="oc-a0">
         <name>.debug_info</name>
         <load_address>0xda78</load_address>
         <run_address>0xda78</run_address>
         <size>0x224</size>
         <input_file_ref idref="fl-10"/>
      </object_component>
      <object_component id="oc-31">
         <name>.debug_info</name>
         <load_address>0xdc9c</load_address>
         <run_address>0xdc9c</run_address>
         <size>0x229</size>
         <input_file_ref idref="fl-10"/>
      </object_component>
      <object_component id="oc-169">
         <name>.debug_info</name>
         <load_address>0xdec5</load_address>
         <run_address>0xdec5</run_address>
         <size>0x26d</size>
         <input_file_ref idref="fl-10"/>
      </object_component>
      <object_component id="oc-422">
         <name>.debug_info</name>
         <load_address>0xe132</load_address>
         <run_address>0xe132</run_address>
         <size>0x22e</size>
         <input_file_ref idref="fl-10"/>
      </object_component>
      <object_component id="oc-43b">
         <name>.debug_info</name>
         <load_address>0xe360</load_address>
         <run_address>0xe360</run_address>
         <size>0x22e</size>
         <input_file_ref idref="fl-10"/>
      </object_component>
      <object_component id="oc-428">
         <name>.debug_info</name>
         <load_address>0xe58e</load_address>
         <run_address>0xe58e</run_address>
         <size>0x28e</size>
         <input_file_ref idref="fl-10"/>
      </object_component>
      <object_component id="oc-441">
         <name>.debug_info</name>
         <load_address>0xe81c</load_address>
         <run_address>0xe81c</run_address>
         <size>0x28e</size>
         <input_file_ref idref="fl-10"/>
      </object_component>
      <object_component id="oc-376">
         <name>.debug_info</name>
         <load_address>0xeaaa</load_address>
         <run_address>0xeaaa</run_address>
         <size>0x278</size>
         <input_file_ref idref="fl-10"/>
      </object_component>
      <object_component id="oc-382">
         <name>.debug_info</name>
         <load_address>0xed22</load_address>
         <run_address>0xed22</run_address>
         <size>0x1de</size>
         <input_file_ref idref="fl-10"/>
      </object_component>
      <object_component id="oc-29c">
         <name>.debug_info</name>
         <load_address>0xef00</load_address>
         <run_address>0xef00</run_address>
         <size>0x1e0</size>
         <input_file_ref idref="fl-10"/>
      </object_component>
      <object_component id="oc-296">
         <name>.debug_info</name>
         <load_address>0xf0e0</load_address>
         <run_address>0xf0e0</run_address>
         <size>0x282</size>
         <input_file_ref idref="fl-10"/>
      </object_component>
      <object_component id="oc-37c">
         <name>.debug_info</name>
         <load_address>0xf362</load_address>
         <run_address>0xf362</run_address>
         <size>0x1d6</size>
         <input_file_ref idref="fl-10"/>
      </object_component>
      <object_component id="oc-d5">
         <name>.debug_info</name>
         <load_address>0xf538</load_address>
         <run_address>0xf538</run_address>
         <size>0x1b4</size>
         <input_file_ref idref="fl-10"/>
      </object_component>
      <object_component id="oc-cf">
         <name>.debug_info</name>
         <load_address>0xf6ec</load_address>
         <run_address>0xf6ec</run_address>
         <size>0x216</size>
         <input_file_ref idref="fl-10"/>
      </object_component>
      <object_component id="oc-4ba">
         <name>.debug_info</name>
         <load_address>0xf902</load_address>
         <run_address>0xf902</run_address>
         <size>0x29b</size>
         <input_file_ref idref="fl-10"/>
      </object_component>
      <object_component id="oc-497">
         <name>.debug_info</name>
         <load_address>0xfb9d</load_address>
         <run_address>0xfb9d</run_address>
         <size>0x2d5</size>
         <input_file_ref idref="fl-10"/>
      </object_component>
      <object_component id="oc-218">
         <name>.debug_info</name>
         <load_address>0xfe72</load_address>
         <run_address>0xfe72</run_address>
         <size>0x1df</size>
         <input_file_ref idref="fl-10"/>
      </object_component>
      <object_component id="oc-21e">
         <name>.debug_info</name>
         <load_address>0x10051</load_address>
         <run_address>0x10051</run_address>
         <size>0x21b</size>
         <input_file_ref idref="fl-10"/>
      </object_component>
      <object_component id="oc-163">
         <name>.debug_info</name>
         <load_address>0x1026c</load_address>
         <run_address>0x1026c</run_address>
         <size>0x32a</size>
         <input_file_ref idref="fl-10"/>
      </object_component>
      <object_component id="oc-353">
         <name>.debug_info</name>
         <load_address>0x10596</load_address>
         <run_address>0x10596</run_address>
         <size>0x1aa</size>
         <input_file_ref idref="fl-10"/>
      </object_component>
      <object_component id="oc-15d">
         <name>.debug_info</name>
         <load_address>0x10740</load_address>
         <run_address>0x10740</run_address>
         <size>0x1f7</size>
         <input_file_ref idref="fl-10"/>
      </object_component>
      <object_component id="oc-16f">
         <name>.debug_info</name>
         <load_address>0x10937</load_address>
         <run_address>0x10937</run_address>
         <size>0x218</size>
         <input_file_ref idref="fl-10"/>
      </object_component>
      <object_component id="oc-aa">
         <name>.debug_info</name>
         <load_address>0x10b4f</load_address>
         <run_address>0x10b4f</run_address>
         <size>0x3a8</size>
         <input_file_ref idref="fl-10"/>
      </object_component>
      <object_component id="oc-37">
         <name>.debug_info</name>
         <load_address>0x10ef7</load_address>
         <run_address>0x10ef7</run_address>
         <size>0x227</size>
         <input_file_ref idref="fl-10"/>
      </object_component>
      <object_component id="oc-b7">
         <name>.debug_info</name>
         <load_address>0x1111e</load_address>
         <run_address>0x1111e</run_address>
         <size>0x20a</size>
         <input_file_ref idref="fl-10"/>
      </object_component>
      <object_component id="oc-c3">
         <name>.debug_info</name>
         <load_address>0x11328</load_address>
         <run_address>0x11328</run_address>
         <size>0x1c3</size>
         <input_file_ref idref="fl-10"/>
      </object_component>
      <object_component id="oc-b1">
         <name>.debug_info</name>
         <load_address>0x114eb</load_address>
         <run_address>0x114eb</run_address>
         <size>0x1b3</size>
         <input_file_ref idref="fl-10"/>
      </object_component>
      <object_component id="oc-db">
         <name>.debug_info</name>
         <load_address>0x1169e</load_address>
         <run_address>0x1169e</run_address>
         <size>0x25d</size>
         <input_file_ref idref="fl-10"/>
      </object_component>
      <object_component id="oc-447">
         <name>.debug_info</name>
         <load_address>0x118fb</load_address>
         <run_address>0x118fb</run_address>
         <size>0x1ea</size>
         <input_file_ref idref="fl-10"/>
      </object_component>
      <object_component id="oc-44d">
         <name>.debug_info</name>
         <load_address>0x11ae5</load_address>
         <run_address>0x11ae5</run_address>
         <size>0x1f6</size>
         <input_file_ref idref="fl-10"/>
      </object_component>
      <object_component id="oc-370">
         <name>.debug_info</name>
         <load_address>0x11cdb</load_address>
         <run_address>0x11cdb</run_address>
         <size>0x329</size>
         <input_file_ref idref="fl-10"/>
      </object_component>
      <object_component id="oc-34d">
         <name>.debug_info</name>
         <load_address>0x12004</load_address>
         <run_address>0x12004</run_address>
         <size>0x284</size>
         <input_file_ref idref="fl-10"/>
      </object_component>
      <object_component id="oc-26f">
         <name>.debug_info</name>
         <load_address>0x12288</load_address>
         <run_address>0x12288</run_address>
         <size>0x21f</size>
         <input_file_ref idref="fl-10"/>
      </object_component>
      <object_component id="oc-c9">
         <name>.debug_info</name>
         <load_address>0x124a7</load_address>
         <run_address>0x124a7</run_address>
         <size>0x270</size>
         <input_file_ref idref="fl-10"/>
      </object_component>
      <object_component id="oc-275">
         <name>.debug_info</name>
         <load_address>0x12717</load_address>
         <run_address>0x12717</run_address>
         <size>0x1cd</size>
         <input_file_ref idref="fl-10"/>
      </object_component>
      <object_component id="oc-36a">
         <name>.debug_info</name>
         <load_address>0x128e4</load_address>
         <run_address>0x128e4</run_address>
         <size>0x2a0</size>
         <input_file_ref idref="fl-10"/>
      </object_component>
      <object_component id="oc-388">
         <name>.debug_info</name>
         <load_address>0x12b84</load_address>
         <run_address>0x12b84</run_address>
         <size>0x268</size>
         <input_file_ref idref="fl-10"/>
      </object_component>
      <object_component id="oc-38e">
         <name>.debug_info</name>
         <load_address>0x12dec</load_address>
         <run_address>0x12dec</run_address>
         <size>0x1e8</size>
         <input_file_ref idref="fl-10"/>
      </object_component>
      <object_component id="oc-290">
         <name>.debug_info</name>
[...]
         <value>0x2000d464</value>
      </symbol>
      <symbol id="sm-4f1">
         <name>Ethernet_retrieveRxPacket</name>
         <value>0x20001861</value>
         <object_component_ref idref="oc-162"/>
      </symbol>
      <symbol id="sm-4f2">
         <name>Ethernet_rxChan0BufUnavail</name>
         <value>0x2000da1c</value>
         <object_component_ref idref="oc-a5"/>
      </symbol>
      <symbol id="sm-4f3">
         <name>Ethernet_rxChan1BufUnavail</name>
         <value>0x2000da24</value>
         <object_component_ref idref="oc-a5"/>
      </symbol>
      <symbol id="sm-4f4">
         <name>Ethernet_numTxPktFreeCallback</name>
         <value>0x2000d9cc</value>
         <object_component_ref idref="oc-a5"/>
      </symbol>
      <symbol id="sm-4f5">
         <name>Ethernet_writeTxDMAControl</name>
         <value>0x20002771</value>
         <object_component_ref idref="oc-41b"/>
      </symbol>
      <symbol id="sm-4f6">
         <name>Ethernet_getPHYMode</name>
         <value>0x200037f1</value>
         <object_component_ref idref="oc-176"/>
      </symbol>
      <symbol id="sm-4f7">
         <name>Ethernet_writeTxDescTailPointer</name>
         <value>0x200037d9</value>
         <object_component_ref idref="oc-20f"/>
      </symbol>
      <symbol id="sm-4f8">
         <name>Ethernet_setMTLRxQueueOpMode</name>
         <value>0x20000be9</value>
         <object_component_ref idref="oc-440"/>
      </symbol>
      <symbol id="sm-4f9">
         <name>Ethernet_transmitISR</name>
         <value>0x20002d51</value>
         <object_component_ref idref="oc-30"/>
      </symbol>
      <symbol id="sm-4fa">
         <name>Ethernet_setMTLOpmode</name>
         <value>0x20003799</value>
         <object_component_ref idref="oc-375"/>
      </symbol>
      <symbol id="sm-4fb">
         <name>Ethernet_writeTxDescListAddress</name>
         <value>0x200037c9</value>
         <object_component_ref idref="oc-415"/>
      </symbol>
      <symbol id="sm-4fc">
         <name>Ethernet_performPushOnPacketQueue</name>
         <value>0x200035f1</value>
         <object_component_ref idref="oc-188"/>
      </symbol>
      <symbol id="sm-4fd">
         <name>Ethernet_writePHYRegister</name>
         <value>0x20002b29</value>
         <object_component_ref idref="oc-bc"/>
      </symbol>
      <symbol id="sm-4fe">
         <name>Ethernet_removePacketsFromTxQueue</name>
         <value>0x20001b81</value>
         <object_component_ref idref="oc-99"/>
      </symbol>
      <symbol id="sm-4ff">
         <name>Ethernet_performPopOnPacketQueue</name>
         <value>0x200036f1</value>
         <object_component_ref idref="oc-14c"/>
      </symbol>
      <symbol id="sm-500">
         <name>Ethernet_rwakeupPktReceivedCount</name>
         <value>0x2000da14</value>
         <object_component_ref idref="oc-a5"/>
      </symbol>
      <symbol id="sm-501">
         <name>Ethernet_isTimestampIntActive</name>
         <value>0x20003651</value>
         <object_component_ref idref="oc-b0"/>
      </symbol>
      <symbol id="sm-502">
         <name>Ethernet_setMACConfiguration</name>
         <value>0x20003811</value>
         <object_component_ref idref="oc-29b"/>
      </symbol>
      <symbol id="sm-503">
         <name>Ethernet_genericRxCompletionInterruptCount</name>
         <value>0x2000d9f0</value>
         <object_component_ref idref="oc-a5"/>
      </symbol>
      <symbol id="sm-504">
         <name>Ethernet_numGetPacketBufferCallback</name>
         <value>0x2000d9d4</value>
         <object_component_ref idref="oc-a5"/>
      </symbol>
      <symbol id="sm-505">
         <name>Ethernet_initInterface</name>
         <value>0x20002339</value>
         <object_component_ref idref="oc-26e"/>
      </symbol>
      <symbol id="sm-506">
         <name>Ethernet_receiveISR</name>
         <value>0x20002ce9</value>
         <object_component_ref idref="oc-36"/>
      </symbol>
      <symbol id="sm-507">
         <name>Ethernet_sendPacket</name>
         <value>0x20001eb9</value>
         <object_component_ref idref="oc-496"/>
      </symbol>
      <symbol id="sm-508">
         <name>Ethernet_isTransmitTimestampStatusSet</name>
         <value>0x20003671</value>
         <object_component_ref idref="oc-c2"/>
      </symbol>
      <symbol id="sm-509">
         <name>Ethernet_rxReplacementFailedCount</name>
         <value>0x2000d9f8</value>
         <object_component_ref idref="oc-a5"/>
      </symbol>
      <symbol id="sm-50a">
         <name>Ethernet_setTxDescRingLength</name>
         <value>0x20003721</value>
         <object_component_ref idref="oc-421"/>
      </symbol>
      <symbol id="sm-50b">
         <name>Ethernet_readPHYRegister</name>
         <value>0x20002ee1</value>
         <object_component_ref idref="oc-b6"/>
      </symbol>
      <symbol id="sm-50c">
         <name>Ethernet_initRxChannel</name>
         <value>0x20002181</value>
         <object_component_ref idref="oc-36f"/>
      </symbol>
      <symbol id="sm-50d">
         <name>Ethernet_setDMAMode</name>
         <value>0x20003809</value>
         <object_component_ref idref="oc-37b"/>
      </symbol>
      <symbol id="sm-50e">
         <name>Ethernet_addPacketsIntoRxQueue</name>
         <value>0x200028a1</value>
         <object_component_ref idref="oc-da"/>
      </symbol>
      <symbol id="sm-50f">
         <name>Ethernet_HW_descQueueGetCount</name>
         <value>0x20003831</value>
         <object_component_ref idref="oc-146"/>
      </symbol>
      <symbol id="sm-510">
         <name>Ethernet_genericISR</name>
         <value>0x20000d41</value>
         <object_component_ref idref="oc-3c"/>
      </symbol>
      <symbol id="sm-511">
         <name>Ethernet_configureRevMIIAddress</name>
         <value>0x20003789</value>
         <object_component_ref idref="oc-34c"/>
      </symbol>
      <symbol id="sm-512">
         <name>Ethernet_clearDMAChannelInterrupt</name>
         <value>0x20003779</value>
         <object_component_ref idref="oc-9f"/>
      </symbol>
      <symbol id="sm-513">
         <name>Ethernet_genericInterruptCount</name>
         <value>0x2000d9e4</value>
         <object_component_ref idref="oc-a5"/>
      </symbol>
      <symbol id="sm-514">
         <name>Ethernet_eeeTxLPIEntryCount</name>
         <value>0x2000d9fc</value>
         <object_component_ref idref="oc-a5"/>
      </symbol>
      <symbol id="sm-515">
         <name>Ethernet_eeeRxLPIEntryCount</name>
         <value>0x2000da04</value>
         <object_component_ref idref="oc-a5"/>
      </symbol>
      <symbol id="sm-516">
         <name>Ethernet_getInitConfig</name>
         <value>0x20002099</value>
         <object_component_ref idref="oc-274"/>
      </symbol>
      <symbol id="sm-517">
         <name>Ethernet_setRxDescRingLength</name>
         <value>0x20003709</value>
         <object_component_ref idref="oc-43a"/>
      </symbol>
      <symbol id="sm-518">
         <name>Ethernet_phyLinkStatusChangeInterruptCount</name>
         <value>0x2000d9f4</value>
         <object_component_ref idref="oc-a5"/>
      </symbol>
      <symbol id="sm-519">
         <name>Ethernet_rxInterruptCount</name>
         <value>0x2000d9dc</value>
         <object_component_ref idref="oc-a5"/>
      </symbol>
      <symbol id="sm-51a">
         <name>Ethernet_resetModule</name>
         <value>0x20003591</value>
         <object_component_ref idref="oc-352"/>
      </symbol>
      <symbol id="sm-51b">
         <name>Ethernet_removePacketsFromRxQueue</name>
         <value>0x20002401</value>
         <object_component_ref idref="oc-a9"/>
      </symbol>
      <symbol id="sm-51c">
         <name>Ethernet_setMTLTxQueueOpMode</name>
         <value>0x20003631</value>
         <object_component_ref idref="oc-427"/>
      </symbol>
      <symbol id="sm-51d">
         <name>Ethernet_configureEEEClockGatingControl</name>
         <value>0x200034a1</value>
         <object_component_ref idref="oc-ce"/>
      </symbol>
      <symbol id="sm-51e">
         <name>Ethernet_addPacketsIntoTxQueue</name>
         <value>0x20001181</value>
         <object_component_ref idref="oc-152"/>
      </symbol>
      <symbol id="sm-51f">
         <name>Ethernet_enableDmaInterrupt</name>
         <value>0x20003749</value>
         <object_component_ref idref="oc-16e"/>
      </symbol>
      <symbol id="sm-520">
         <name>Ethernet_txChan0BufUnavail</name>
         <value>0x2000da18</value>
         <object_component_ref idref="oc-a5"/>
      </symbol>
      <symbol id="sm-521">
         <name>Ethernet_earlyTxInterruptCount</name>
         <value>0x2000d9ec</value>
         <object_component_ref idref="oc-a5"/>
      </symbol>
      <symbol id="sm-522">
         <name>Ethernet_txChan1BufUnavail</name>
         <value>0x2000da20</value>
         <object_component_ref idref="oc-a5"/>
      </symbol>
      <symbol id="sm-523">
         <name>Ethernet_magicPktReceivedCount</name>
         <value>0x2000da10</value>
         <object_component_ref idref="oc-a5"/>
      </symbol>
      <symbol id="sm-524">
         <name>Ethernet_configurePHYAddress</name>
         <value>0x20003801</value>
         <object_component_ref idref="oc-38d"/>
      </symbol>
      <symbol id="sm-525">
         <name>Ethernet_rxContextTimeStamp</name>
         <value>0x2000d9e0</value>
         <object_component_ref idref="oc-a5"/>
      </symbol>
      <symbol id="sm-526">
         <name>Ethernet_writeRxDescListAddress</name>
         <value>0x200037a9</value>
         <object_component_ref idref="oc-42e"/>
      </symbol>
      <symbol id="sm-527">
         <name>Ethernet_getOneStepTransmitTimestampPTP</name>
         <value>0x20002ba1</value>
         <object_component_ref idref="oc-c8"/>
      </symbol>
      <symbol id="sm-528">
         <name>Ethernet_numRxCallback</name>
         <value>0x2000d9d0</value>
         <object_component_ref idref="oc-a5"/>
      </symbol>
      <symbol id="sm-529">
         <name>Ethernet_setMACPacketFilter</name>
         <value>0x20003819</value>
         <object_component_ref idref="oc-381"/>
      </symbol>
      <symbol id="sm-52a">
         <name>Ethernet_pmtInterruptCount</name>
         <value>0x2000da0c</value>
         <object_component_ref idref="oc-a5"/>
      </symbol>
      <symbol id="sm-52b">
         <name>Ethernet_getHandle</name>
         <value>0x20001a19</value>
         <object_component_ref idref="oc-28f"/>
      </symbol>
      <symbol id="sm-52c">
         <name>Ethernet_getRxERICount</name>
         <value>0x200036d9</value>
         <object_component_ref idref="oc-21d"/>
      </symbol>
      <symbol id="sm-52d">
         <name>Ethernet_enableRxDMAReception</name>
         <value>0x200036c1</value>
         <object_component_ref idref="oc-44c"/>
      </symbol>
      <symbol id="sm-52e">
         <name>Ethernet_earlyRxInterruptCount</name>
         <value>0x2000d9e8</value>
         <object_component_ref idref="oc-a5"/>
      </symbol>
      <symbol id="sm-52f">
         <name>Ethernet_enableMACRxQ</name>
         <value>0x200034c9</value>
         <object_component_ref idref="oc-446"/>
      </symbol>
      <symbol id="sm-530">
         <name>Ethernet_nextDescAvailable</name>
         <value>0x200036a9</value>
         <object_component_ref idref="oc-15c"/>
      </symbol>
      <symbol id="sm-531">
         <name>Ethernet_configureMDIO</name>
         <value>0x20003739</value>
         <object_component_ref idref="oc-387"/>
      </symbol>
      <symbol id="sm-532">
         <name>Ethernet_writeRxDescTailPointer</name>
         <value>0x200037b9</value>
         <object_component_ref idref="oc-e0"/>
      </symbol>
      <symbol id="sm-533">
         <name>Ethernet_writeRxDMAControl</name>
         <value>0x20002db9</value>
         <object_component_ref idref="oc-434"/>
      </symbol>
      <symbol id="sm-534">
         <name>Ethernet_eeeRxLPIExitCount</name>
         <value>0x2000da08</value>
         <object_component_ref idref="oc-a5"/>
      </symbol>
      <symbol id="sm-535">
         <name>Ethernet_setMACAddr</name>
         <value>0x20003611</value>
         <object_component_ref idref="oc-295"/>
      </symbol>
      <symbol id="sm-536">
         <name>Ethernet_txInterruptCount</name>
         <value>0x2000d9d8</value>
         <object_component_ref idref="oc-a5"/>
      </symbol>
      <symbol id="sm-537">
         <name>Ethernet_disableTxEEEMode</name>
         <value>0x20003759</value>
         <object_component_ref idref="oc-d4"/>
      </symbol>
      <symbol id="sm-538">
         <name>Ethernet_submitRxPacket</name>
         <value>0x20002e21</value>
         <object_component_ref idref="oc-168"/>
      </symbol>
      <symbol id="sm-539">
         <name>Ethernet_eeeTxLPIExitCount</name>
         <value>0x2000da00</value>
         <object_component_ref idref="oc-a5"/>
      </symbol>
      <symbol id="sm-570">
         <name>Interrupt_disable</name>
         <value>0x20002579</value>
         <object_component_ref idref="oc-25c"/>
      </symbol>
      <symbol id="sm-571">
         <name>Interrupt_enable</name>
         <value>0x20002629</value>
         <object_component_ref idref="oc-256"/>
      </symbol>
      <symbol id="sm-572">
         <name>Interrupt_registerHandler</name>
         <value>0x20002931</value>
         <object_component_ref idref="oc-2a7"/>
      </symbol>
      <symbol id="sm-5b4">
         <name>IPC_sendCommand</name>
         <value>0x20002e81</value>
         <object_component_ref idref="oc-2ce"/>
      </symbol>
      <symbol id="sm-5b5">
         <name>IPC_CM_To_CPU2_PutBuffer</name>
         <value>0x20086000</value>
         <object_component_ref idref="oc-32b"/>
      </symbol>
      <symbol id="sm-5b6">
         <name>IPC_registerInterrupt</name>
         <value>0x20002fe9</value>
         <object_component_ref idref="oc-237"/>
      </symbol>
      <symbol id="sm-5b7">
         <name>IPC_CM_To_CPU1_PutBuffer</name>
         <value>0x20082000</value>
         <object_component_ref idref="oc-325"/>
      </symbol>
      <symbol id="sm-5b8">
         <name>IPC_Instance</name>
         <value>0x1fffc200</value>
         <object_component_ref idref="oc-23d"/>
      </symbol>
      <symbol id="sm-5b9">
         <name>IPC_CM_To_CPU2_GetBuffer</name>
         <value>0x20084000</value>
         <object_component_ref idref="oc-32e"/>
      </symbol>
      <symbol id="sm-5ba">
         <name>IPC_CM_To_CPU1_GetBuffer</name>
         <value>0x20080000</value>
         <object_component_ref idref="oc-328"/>
      </symbol>
      <symbol id="sm-5bb">
         <name>IPC_readCommand</name>
         <value>0x20003041</value>
         <object_component_ref idref="oc-316"/>
      </symbol>
      <symbol id="sm-5d3">
         <name>Platform_enablePeripheral</name>
         <value>0x20003821</value>
         <object_component_ref idref="oc-250"/>
      </symbol>
      <symbol id="sm-5d4">
         <name>Platform_resetPeripheral</name>
         <value>0x20003829</value>
         <object_component_ref idref="oc-24a"/>
      </symbol>
      <symbol id="sm-5ea">
         <name>SysCtl_enablePeripheral</name>
         <value>0x200033c9</value>
         <object_component_ref idref="oc-30f"/>
      </symbol>
      <symbol id="sm-5eb">
         <name>SysCtl_resetPeripheral</name>
         <value>0x200032f1</value>
         <object_component_ref idref="oc-33e"/>
      </symbol>
      <symbol id="sm-600">
         <name>__aeabi_fadd</name>
         <value>0x20001cc7</value>
         <object_component_ref idref="oc-3d9"/>
      </symbol>
      <symbol id="sm-601">
         <name>__aeabi_fsub</name>
         <value>0x20001cc3</value>
         <object_component_ref idref="oc-3d9"/>
      </symbol>
      <symbol id="sm-60c">
         <name>__aeabi_fmul</name>
         <value>0x200029b9</value>
         <object_component_ref idref="oc-3d4"/>
      </symbol>
      <symbol id="sm-616">
         <name>__aeabi_f2iz</name>
         <value>0x200032b9</value>
         <object_component_ref idref="oc-3de"/>
      </symbol>
      <symbol id="sm-628">
         <name>__aeabi_memset</name>
         <value>0x20002a35</value>
         <object_component_ref idref="oc-103"/>
      </symbol>
      <symbol id="sm-629">
         <name>memset</name>
         <value>0x20002a3b</value>
         <object_component_ref idref="oc-103"/>
      </symbol>
      <symbol id="sm-62a">
         <name>__aeabi_memset8</name>
         <value>0x20002a35</value>
         <object_component_ref idref="oc-103"/>
      </symbol>
      <symbol id="sm-62b">
         <name>__aeabi_memset4</name>
         <value>0x20002a35</value>
         <object_component_ref idref="oc-103"/>
      </symbol>
      <symbol id="sm-62c">
         <name>__aeabi_memclr8</name>
         <value>0x20002a33</value>
         <object_component_ref idref="oc-103"/>
      </symbol>
      <symbol id="sm-62d">
         <name>__aeabi_memclr4</name>
         <value>0x20002a33</value>
         <object_component_ref idref="oc-103"/>
      </symbol>
      <symbol id="sm-62e">
         <name>__aeabi_memclr</name>
         <value>0x20002a33</value>
         <object_component_ref idref="oc-103"/>
      </symbol>
      <symbol id="sm-640">
         <name>__TI_zero_init</name>
         <value>0x200037e5</value>
         <object_component_ref idref="oc-62"/>
      </symbol>
      <symbol id="sm-657">
         <name>__TI_decompress_none</name>
         <value>0x20003767</value>
         <object_component_ref idref="oc-1f"/>
      </symbol>
      <symbol id="sm-67a">
         <name>__TI_decompress_lzss</name>
         <value>0x20002c7d</value>
         <object_component_ref idref="oc-19"/>
      </symbol>
      <symbol id="sm-68c">
         <name>__stack</name>
         <value>0x1fffc000</value>
         <object_component_ref idref="oc-42"/>
      </symbol>
      <symbol id="sm-68d">
         <name>_c_int00_noargs</name>
         <value>0x200034f1</value>
         <object_component_ref idref="oc-6e"/>
      </symbol>
      <symbol id="sm-6a8">
         <name>memcpy</name>
         <value>0x200026d5</value>
         <object_component_ref idref="oc-50"/>
      </symbol>
      <symbol id="sm-6a9">
         <name>__aeabi_memcpy</name>
         <value>0x200026d5</value>
         <object_component_ref idref="oc-50"/>
      </symbol>
      <symbol id="sm-6aa">
         <name>__aeabi_memcpy8</name>
         <value>0x200026d5</value>
         <object_component_ref idref="oc-50"/>
      </symbol>
      <symbol id="sm-6ab">
         <name>__aeabi_memcpy4</name>
         <value>0x200026d5</value>
         <object_component_ref idref="oc-50"/>
      </symbol>
      <symbol id="sm-6d3">
         <name>__TI_auto_init_nobinit_nopinit</name>
         <value>0x20003129</value>
         <object_component_ref idref="oc-1db"/>
      </symbol>
      <symbol id="sm-6dd">
         <name>_system_pre_init</name>
         <value>0x20001a15</value>
         <object_component_ref idref="oc-109"/>
      </symbol>
      <symbol id="sm-6e9">
         <name>C$$EXIT</name>
         <value>0x20001b7d</value>
         <object_component_ref idref="oc-1cf"/>
      </symbol>
      <symbol id="sm-6ea">
         <name>abort</name>
         <value>0x20001b7d</value>
         <object_component_ref idref="oc-1cf"/>
      </symbol>
      <symbol id="sm-6ed">
         <name>__TI_static_base__</name>
         <value>0x1fffe000</value>
      </symbol>
      <symbol id="sm-6f1">
         <name>__mpu_init</name>
         <value>0x0</value>
      </symbol>
      <symbol id="sm-6f2">
         <name>_system_post_cinit</name>
         <value>0x0</value>
      </symbol>
      <symbol id="sm-6f3">
         <name>Platform_enableInterrupt</name>
         <value>0x20002629</value>
      </symbol>
      <symbol id="sm-6f4">
         <name>Platform_disableInterrupt</name>
         <value>0x20002579</value>
      </symbol>
   </symbol_table>
   <title>Link successful</title>
</link_info>
