******************************************************************************
                  TI ARM Linker PC v20.2.7                     
******************************************************************************
>> Linked Mon Jun 22 13:13:53 2026

OUTPUT FILE NAME:   <TMDSCNCD28388D_T_CM.out>
ENTRY POINT SYMBOL: "_c_int00_noargs"  address: 200034f1


MEMORY CONFIGURATION

         name            origin    length      used     unused   attr    fill
----------------------  --------  ---------  --------  --------  ----  --------
  CMBANK0_SECTOR0       00200000   00004000  00000000  00004000  RWIX
  CMBANK0_SECTOR1       00204000   00004000  00000000  00004000  RWIX
  CMBANK0_SECTOR2       00208000   00004000  00000000  00004000  RWIX
  CMBANK0_SECTOR3       0020c000   00004000  00000000  00004000  RWIX
  CMBANK0_SECTOR4       00210000   00010000  00000000  00010000  RWIX
  CMBANK0_SECTOR5       00220000   00010000  00000000  00010000  RWIX
  CMBANK0_SECTOR6       00230000   00010000  00000000  00010000  RWIX
  CMBANK0_SECTOR7       00240000   00010000  00000000  00010000  RWIX
  CMBANK0_SECTOR8       00250000   00010000  00000000  00010000  RWIX
  CMBANK0_SECTOR9       00260000   00010000  00000000  00010000  RWIX
  CMBANK0_SECTOR10      00270000   00004000  00000000  00004000  RWIX
  CMBANK0_SECTOR11      00274000   00004000  00000000  00004000  RWIX
  CMBANK0_SECTOR12      00278000   00004000  00000000  00004000  RWIX
  CMBANK0_SECTOR13      0027c000   00004000  00000000  00004000  RWIX
  C1RAM                 1fffc000   00002000  00000288  00001d78  RWIX
  C0RAM                 1fffe000   00002000  00000070  00001f90  RWIX
  BOOT_RSVD             20000000   00000800  00000000  00000800  RWIX
  S0RAM_RESETISR        20000800   00000008  00000006  00000002  RWIX
  S0RAM                 20000808   000037f8  00003060  00000798  RWIX
  S1RAM                 20004000   00004000  00000000  00004000  RWIX
  S2RAM                 20008000   00004000  00000000  00004000  RWIX
  S3RAM                 2000c000   00004000  00001a89  00002577  RWIX
  E0RAM                 20010000   00004000  00000000  00004000  RWIX
  CPU1TOCMMSGRAM0       20080000   00000800  00000110  000006f0  RWIX
  CPU1TOCMMSGRAM1       20080800   00000800  00000000  00000800  RWIX
  CMTOCPU1MSGRAM0       20082000   00000800  00000110  000006f0  RWIX
  CMTOCPU1MSGRAM1       20082800   00000800  00000000  00000800  RWIX
  CPU2TOCMMSGRAM0       20084000   00000800  00000110  000006f0  RWIX
  CPU2TOCMMSGRAM1       20084800   00000800  00000000  00000800  RWIX
  CMTOCPU2MSGRAM0       20086000   00000800  00000110  000006f0  RWIX
  CMTOCPU2MSGRAM1       20086800   00000800  00000000  00000800  RWIX


SEGMENT ALLOCATION MAP

run origin  load origin   length   init length attrs members
----------  ----------- ---------- ----------- ----- -------
1fffc000    1fffc000    00000200   00000000    rw-
  1fffc000    1fffc000    00000200   00000000    rw- .stack
1fffc200    1fffc200    00000088   00000088    r--
  1fffc200    1fffc200    00000088   00000088    r-- .const
1fffe000    1fffe000    00000070   00000070    r--
  1fffe000    1fffe000    00000070   00000070    r-- .cinit
20000800    20000800    000003fe   000003fe    r-x
  20000800    20000800    00000006   00000006    r-x .resetisr
  20000808    20000808    000003f6   000003f6    r-x .text.1
20000c00    20000c00    00000140   00000000    rw-
  20000c00    20000c00    00000140   00000000    rw- .vtable
20000d40    20000d40    00002b2a   00002b2a    r-x
  20000d40    20000d40    00002b2a   00002b2a    r-x .text.2
2000c000    2000c000    00001a8b   00000000    rw-
  2000c000    2000c000    000018c2   00000000    rw- .bss
  2000d8c4    2000d8c4    000001c7   00000000    rw- .data
20080000    20080000    00000110   00000000    rw-
  20080000    20080000    00000110   00000000    rw- MSGRAM_CPU1_TO_CM
20082000    20082000    00000110   00000000    rw-
  20082000    20082000    00000110   00000000    rw- MSGRAM_CM_TO_CPU1
20084000    20084000    00000110   00000000    rw-
  20084000    20084000    00000110   00000000    rw- MSGRAM_CPU2_TO_CM
20086000    20086000    00000110   00000000    rw-
  20086000    20086000    00000110   00000000    rw- MSGRAM_CM_TO_CPU2


SECTION ALLOCATION MAP

 output                                  attributes/
section   page    origin      length       input sections
--------  ----  ----------  ----------   ----------------
.const     0    1fffc200    00000088     
                  1fffc200    00000088     ipc.obj (.const:IPC_Instance)

.resetisr 
*          0    20000800    00000006     
                  20000800    00000006     startup_cm.obj (.resetisr:resetISR)

.vtable    0    20000c00    00000140     UNINITIALIZED
                  20000c00    00000140     startup_cm.obj (.vtable:retain)

.cinit     0    1fffe000    00000070     
                  1fffe000    00000023     (.cinit..vtable.load) [load image, compression = lzss]
                  1fffe023    0000001c     (.cinit..data.load) [load image, compression = lzss]
                  1fffe03f    00000001     --HOLE-- [fill = 0]
                  1fffe040    0000000c     (__TI_handler_table)
                  1fffe04c    00000004     --HOLE-- [fill = 0]
                  1fffe050    00000008     (.cinit..bss.load) [load image, compression = zero_init]
                  1fffe058    00000018     (__TI_cinit_table)

.stack     0    1fffc000    00000200     UNINITIALIZED
                  1fffc000    00000004     rtsv7M4_T_le_eabi.lib : boot_cortex_m.c.obj (.stack)
                  1fffc004    000001fc     --HOLE--

.bss       0    2000c000    000018c2     UNINITIALIZED
                  2000c000    00001200     hal_Ethernet.obj (.bss:s_ucRxBuf)
                  2000d200    00000264     (.common:Ethernet_device_struct)
                  2000d464    00000200     (.common:Ethernet_descArray)
                  2000d664    00000130     CSU_Ethernet.obj (.bss:s_xTxPktDesc)
                  2000d794    000000e4     hal_Ethernet.obj (.bss:s_xRxPktDesc)
                  2000d878    0000003c     CSU_Ethernet.obj (.bss:s_ucAckBuf$2)
                  2000d8b4    0000000e     (.common:xTimer)

.data      0    2000d8c4    000001c7     UNINITIALIZED
                  2000d8c4    00000108     hal_Ethernet.obj (.data:xEthDriver)
                  2000d9cc    0000005c     ethernet.obj (.data)
                  2000da28    0000003c     CSU_Ethernet.obj (.data:arpReply$1)
                  2000da64    00000018     CSU_Ethernet.obj (.data:xEthApp)
                  2000da7c    00000008     csu_Ipc_cm.obj (.data)
                  2000da84    00000004     CSU_Ethernet.obj (.data)
                  2000da88    00000002     main_cm.obj (.data)
                  2000da8a    00000001     hal_Ethernet.obj (.data)

MSGRAM_CPU1_TO_CM 
*          0    20080000    00000110     UNINITIALIZED
                  20080000    00000110     ipc.obj (MSGRAM_CPU1_TO_CM)

MSGRAM_CM_TO_CPU1 
*          0    20082000    00000110     UNINITIALIZED
                  20082000    00000110     ipc.obj (MSGRAM_CM_TO_CPU1)

MSGRAM_CPU2_TO_CM 
*          0    20084000    00000110     UNINITIALIZED
                  20084000    00000110     ipc.obj (MSGRAM_CPU2_TO_CM)

MSGRAM_CM_TO_CPU2 
*          0    20086000    00000110     UNINITIALIZED
                  20086000    00000110     ipc.obj (MSGRAM_CM_TO_CPU2)

__llvm_prf_cnts 
*          0    2000c000    00000000     UNINITIALIZED

.text.1    0    20000808    000003f6     
                  20000808    000002d6     hal_Timer.obj (.text:Initial_TIMER)
                  20000ade    00000002     --HOLE-- [fill = 0]
                  20000ae0    00000106     main_cm.obj (.text:main)
                  20000be6    00000002     --HOLE-- [fill = 0]
                  20000be8    00000016     ethernet.obj (.text:Ethernet_setMTLRxQueueOpMode)

.text.2    0    20000d40    00002b2a     
                  20000d40    0000043e     ethernet.obj (.text:Ethernet_genericISR)
                  2000117e    00000002     --HOLE-- [fill = 0]
                  20001180    000002b8     ethernet.obj (.text:Ethernet_addPacketsIntoTxQueue)
                  20001438    00000220     hal_Ethernet.obj (.text:Initial_Ethernet)
                  20001658    0000021e     CSU_Ethernet.obj (.text:processReceivedEthernetPacket)
                  20001876    00000002     --HOLE-- [fill = 0]
                  20001878    000001b3     ethernet.obj (.text:Ethernet_retrieveRxPacket)
                  20001a2b    00000001     --HOLE-- [fill = 0]
                  20001a2c    00000004     rtsv7M4_T_le_eabi.lib : pre_init.c.obj (.text:_system_pre_init)
                  20001a30    00000164     ethernet.obj (.text:Ethernet_getHandle)
                  20001b94    00000004     rtsv7M4_T_le_eabi.lib : exit.c.obj (.text:abort:abort)
                  20001b98    00000142     ethernet.obj (.text:Ethernet_removePacketsFromTxQueue)
                  20001cda    00000006     --HOLE-- [fill = 0]
                  20001ce0    00000124     CSU_Ethernet.obj (.text:buildAndSendUdpPacket)
                  20001e04    000000fa     rtsv7M4_T_le_eabi.lib : fs_add_t2.asm.obj (.text)
                  20001efe    00000002     --HOLE-- [fill = 0]
                  20001f00    000000f6     ethernet.obj (.text:Ethernet_initTxChannel)
                  20001ff6    00000002     --HOLE-- [fill = 0]
                  20001ff8    000000f3     ethernet.obj (.text:Ethernet_sendPacket)
                  200020eb    00000005     --HOLE-- [fill = 0]
                  200020f0    000000e4     ethernet.obj (.text:Ethernet_getInitConfig)
                  200021d4    00000004     --HOLE-- [fill = 0]
                  200021d8    000000e2     ethernet.obj (.text:Ethernet_initRxChannel)
                  200022ba    00000006     --HOLE-- [fill = 0]
                  200022c0    000000ce     hal_Timer.obj (.text:CPUTimer_startTimer)
                  2000238e    00000002     --HOLE-- [fill = 0]
                  20002390    000000c6     ethernet.obj (.text:Ethernet_initInterface)
                  20002456    00000002     --HOLE-- [fill = 0]
                  20002458    000000c2     ethernet.obj (.text:Ethernet_removePacketsFromRxQueue)
                  2000251a    00000006     --HOLE-- [fill = 0]
                  20002520    000000b0     CSU_Ethernet.obj (.text:sendEthernetFrame)
                  200025d0    000000ac     interrupt.obj (.text:Interrupt_disable)
                  2000267c    00000004     --HOLE-- [fill = 0]
                  20002680    000000ac     interrupt.obj (.text:Interrupt_enable)
                  2000272c    0000009c     rtsv7M4_T_le_eabi.lib : memcpy_t2.asm.obj (.text)
                  200027c8    00000092     ethernet.obj (.text:Ethernet_writeTxDMAControl)
                  2000285a    00000006     --HOLE-- [fill = 0]
                  20002860    00000092     CSU_Ethernet.obj (.text:sendAckResponse)
                  200028f2    00000006     --HOLE-- [fill = 0]
                  200028f8    0000008c     ethernet.obj (.text:Ethernet_addPacketsIntoRxQueue)
                  20002984    00000004     --HOLE-- [fill = 0]
                  20002988    00000088     interrupt.obj (.text:Interrupt_registerHandler)
                  20002a10    0000007a     rtsv7M4_T_le_eabi.lib : fs_mul_t2.asm.obj (.text)
                  20002a8a    0000007a                           : memset_t2.asm.obj (.text)
                  20002b04    00000004     --HOLE-- [fill = 0]
                  20002b08    00000076     cm.obj (.text:CM_enableAllPeripherals)
                  20002b7e    00000002     --HOLE-- [fill = 0]
                  20002b80    00000072     ethernet.obj (.text:Ethernet_writePHYRegister)
                  20002bf2    00000006     --HOLE-- [fill = 0]
                  20002bf8    0000006f     ethernet.obj (.text:Ethernet_getOneStepTransmitTimestampPTP)
                  20002c67    00000001     --HOLE-- [fill = 0]
                  20002c68    0000006c     startup_cm.obj (.text:nmiISR)
                  20002cd4    00000068     rtsv7M4_T_le_eabi.lib : copy_decompress_lzss.c.obj (.text:decompress:lzss:__TI_decompress_lzss)
                  20002d3c    00000004     --HOLE-- [fill = 0]
                  20002d40    00000062     ethernet.obj (.text:Ethernet_receiveISR)
                  20002da2    00000006     --HOLE-- [fill = 0]
                  20002da8    00000062     ethernet.obj (.text:Ethernet_transmitISR)
                  20002e0a    00000006     --HOLE-- [fill = 0]
                  20002e10    00000062     ethernet.obj (.text:Ethernet_writeRxDMAControl)
                  20002e72    00000006     --HOLE-- [fill = 0]
                  20002e78    0000005a     ethernet.obj (.text:Ethernet_submitRxPacket)
                  20002ed2    00000006     --HOLE-- [fill = 0]
                  20002ed8    0000005a     ipc.obj (.text:IPC_sendCommand)
                  20002f32    00000006     --HOLE-- [fill = 0]
                  20002f38    00000058     ethernet.obj (.text:Ethernet_readPHYRegister)
                  20002f90    00000056     CSU_Ethernet.obj (.text:buildIPHeader)
                  20002fe6    00000002     --HOLE-- [fill = 0]
                  20002fe8    00000052     hal_Ethernet.obj (.text:App_ethGetPacketBuffer)
                  2000303a    00000006     --HOLE-- [fill = 0]
                  20003040    00000052     ipc.obj (.text:IPC_registerInterrupt)
                  20003092    00000006     --HOLE-- [fill = 0]
                  20003098    00000050     ipc.obj (.text:IPC_readCommand)
                  200030e8    0000004a     hal_Ipc_cm.obj (.text:Initial_IPC)
                  20003132    00000002     --HOLE-- [fill = 0]
                  20003134    00000044     rtsv7M4_T_le_eabi.lib : autoinit.c.obj (.text:__TI_auto_init_nobinit_nopinit:__TI_auto_init_nobinit_nopinit)
                  20003178    00000042     CSU_Ethernet.obj (.text:buildUDPHeader)
                  200031ba    00000006     --HOLE-- [fill = 0]
                  200031c0    00000042     hal_Ethernet.obj (.text:initRxDescriptors)
                  20003202    00000006     --HOLE-- [fill = 0]
                  20003208    00000040     CSU_Ethernet.obj (.text:buildEthernetHeader)
                  20003248    0000003e     CSU_Ethernet.obj (.text:calcIPChecksum)
                  20003286    00000038     rtsv7M4_T_le_eabi.lib : fs_toi_t2.asm.obj (.text)
                  200032be    00000002     --HOLE-- [fill = 0]
                  200032c0    00000036     sysctl.obj (.text:SysCtl_resetPeripheral)
                  200032f6    00000002     --HOLE-- [fill = 0]
                  200032f8    00000034     hal_Timer.obj (.text:isr_CpuTimer1)
                  2000332c    00000004     --HOLE-- [fill = 0]
                  20003330    00000032     main_cm.obj (.text:Cycle_1ms)
                  20003362    00000006     --HOLE-- [fill = 0]
                  20003368    0000002e     hal_Ipc_cm.obj (.text:isrIpcFromCPU1)
                  20003396    00000002     --HOLE-- [fill = 0]
                  20003398    0000002c     hal_Timer.obj (.text:CPUTimer_isBaseValid)
                  200033c4    00000004     --HOLE-- [fill = 0]
                  200033c8    0000002a     sysctl.obj (.text:SysCtl_enablePeripheral)
                  200033f2    00000006     --HOLE-- [fill = 0]
                  200033f8    0000002a     hal_Ipc_cm.obj (.text:sendIpcMessageToCPU1)
                  20003422    00000006     --HOLE-- [fill = 0]
                  20003428    00000028     cm.obj (.text:CM_init)
                  20003450    00000028     main_cm.obj (.text:Cycle_100ms)
                  20003478    00000028     CSU_Ethernet.obj (.text:calcUdpMsgChecksum)
                  200034a0    00000026     ethernet.obj (.text:Ethernet_configureEEEClockGatingControl)
                  200034c6    00000002     --HOLE-- [fill = 0]
                  200034c8    00000026     ethernet.obj (.text:Ethernet_enableMACRxQ)
                  200034ee    00000002     --HOLE-- [fill = 0]
                  200034f0    00000024     rtsv7M4_T_le_eabi.lib : boot_cortex_m.c.obj (.text:_c_int00_noargs:_c_int00_noargs)
                  20003514    00000004     --HOLE-- [fill = 0]
                  20003518    00000024     hal_Ethernet.obj (.text:isr_EmacRx0)
                  2000353c    00000004     --HOLE-- [fill = 0]
                  20003540    00000022     hal_Timer.obj (.text:isr_CpuTimer2)
                  20003562    00000006     --HOLE-- [fill = 0]
                  20003568    00000022     hal_Ethernet.obj (.text:updateEthernetTask)
                  2000358a    00000006     --HOLE-- [fill = 0]
                  20003590    00000020     ethernet.obj (.text:Ethernet_resetModule)
                  200035b0    00000020     hal_Timer.obj (.text:isr_CpuTimer0)
                  200035d0    0000001e     ethernet.obj (.text:Ethernet_performPushPacketQueueChain)
                  200035ee    00000002     --HOLE-- [fill = 0]
                  200035f0    0000001c     ethernet.obj (.text:Ethernet_performPushOnPacketQueue)
                  2000360c    00000004     --HOLE-- [fill = 0]
                  20003610    0000001c     ethernet.obj (.text:Ethernet_setMACAddr)
                  2000362c    00000004     --HOLE-- [fill = 0]
                  20003630    0000001c     ethernet.obj (.text:Ethernet_setMTLTxQueueOpMode)
                  2000364c    00000004     --HOLE-- [fill = 0]
                  20003650    0000001a     ethernet.obj (.text:Ethernet_isTimestampIntActive)
                  2000366a    00000006     --HOLE-- [fill = 0]
                  20003670    0000001a     ethernet.obj (.text:Ethernet_isTransmitTimestampStatusSet)
                  2000368a    00000006     --HOLE-- [fill = 0]
                  20003690    00000014     hal_Ethernet.obj (.text:App_ethRxCallback)
                  200036a4    00000004     --HOLE-- [fill = 0]
                  200036a8    00000014     ethernet.obj (.text:Ethernet_nextDescAvailable)
                  200036bc    00000004     --HOLE-- [fill = 0]
                  200036c0    00000012     ethernet.obj (.text:Ethernet_enableRxDMAReception)
                  200036d2    00000006     --HOLE-- [fill = 0]
                  200036d8    00000012     ethernet.obj (.text:Ethernet_getRxERICount)
                  200036ea    00000006     --HOLE-- [fill = 0]
                  200036f0    00000012     ethernet.obj (.text:Ethernet_performPopOnPacketQueue)
                  20003702    00000006     --HOLE-- [fill = 0]
                  20003708    00000012     ethernet.obj (.text:Ethernet_setRxDescRingLength)
                  2000371a    00000006     --HOLE-- [fill = 0]
                  20003720    00000012     ethernet.obj (.text:Ethernet_setTxDescRingLength)
                  20003732    00000006     --HOLE-- [fill = 0]
                  20003738    00000010     ethernet.obj (.text:Ethernet_configureMDIO)
                  20003748    00000010     ethernet.obj (.text:Ethernet_enableDmaInterrupt)
                  20003758    0000000e     ethernet.obj (.text:Ethernet_disableTxEEEMode)
                  20003766    0000000e     rtsv7M4_T_le_eabi.lib : copy_decompress_none.c.obj (.text:decompress:none:__TI_decompress_none)
                  20003774    00000004     --HOLE-- [fill = 0]
                  20003778    0000000c     ethernet.obj (.text:Ethernet_clearDMAChannelInterrupt)
                  20003784    00000004     --HOLE-- [fill = 0]
                  20003788    0000000c     ethernet.obj (.text:Ethernet_configureRevMIIAddress)
                  20003794    00000004     --HOLE-- [fill = 0]
                  20003798    0000000c     ethernet.obj (.text:Ethernet_setMTLOpmode)
                  200037a4    00000004     --HOLE-- [fill = 0]
                  200037a8    0000000c     ethernet.obj (.text:Ethernet_writeRxDescListAddress)
                  200037b4    00000004     --HOLE-- [fill = 0]
                  200037b8    0000000c     ethernet.obj (.text:Ethernet_writeRxDescTailPointer)
                  200037c4    00000004     --HOLE-- [fill = 0]
                  200037c8    0000000c     ethernet.obj (.text:Ethernet_writeTxDescListAddress)
                  200037d4    00000004     --HOLE-- [fill = 0]
                  200037d8    0000000c     ethernet.obj (.text:Ethernet_writeTxDescTailPointer)
                  200037e4    0000000c     rtsv7M4_T_le_eabi.lib : copy_zero_init.c.obj (.text:decompress:ZI:__TI_zero_init)
                  200037f0    0000000a     ethernet.obj (.text:Ethernet_getPHYMode)
                  200037fa    00000006     --HOLE-- [fill = 0]
                  20003800    00000008     ethernet.obj (.text:Ethernet_configurePHYAddress)
                  20003808    00000008     ethernet.obj (.text:Ethernet_setDMAMode)
                  20003810    00000008     ethernet.obj (.text:Ethernet_setMACConfiguration)
                  20003818    00000008     ethernet.obj (.text:Ethernet_setMACPacketFilter)
                  20003820    00000006     platform_port.obj (.text:Platform_enablePeripheral)
                  20003826    00000002     --HOLE-- [fill = 0]
                  20003828    00000006     platform_port.obj (.text:Platform_resetPeripheral)
                  2000382e    00000002     --HOLE-- [fill = 0]
                  20003830    00000004     ethernet.obj (.text:Ethernet_HW_descQueueGetCount)
                  20003834    00000004     --HOLE-- [fill = 0]
                  20003838    00000004     ethernet.obj (.text:Ethernet_returnTopOfPacketQueue)
                  2000383c    00000004     --HOLE-- [fill = 0]
                  20003840    00000004     hal_Ethernet.obj (.text:Platform_disableCoreInterrupt)
                  20003844    00000004     --HOLE-- [fill = 0]
                  20003848    00000004     hal_Ethernet.obj (.text:Platform_enableCoreInterrupt)
                  2000384c    00000004     --HOLE-- [fill = 0]
                  20003850    00000004     cm.obj (.text:__error__)
                  20003854    00000004     --HOLE-- [fill = 0]
                  20003858    00000002     hal_Ethernet.obj (.text:App_ethTxCallback)
                  2000385a    00000006     --HOLE-- [fill = 0]
                  20003860    00000002     startup_cm.obj (.text:defaultISR)
                  20003862    00000006     --HOLE-- [fill = 0]
                  20003868    00000002     startup_cm.obj (.text:faultISR)

MODULE SUMMARY

       Module                       code    ro data   rw data
       ------                       ----    -------   -------
    .\
       main_cm.obj                  352     0         2      
    +--+----------------------------+-------+---------+---------+
       Total:                       352     0         2      
                                                             
    .\CSU\
       CSU_Ethernet.obj             1474    0         452    
       csu_Ipc_cm.obj               0       0         8      
    +--+----------------------------+-------+---------+---------+
       Total:                       1474    0         460    
                                                             
    .\HAL\
       hal_Ethernet.obj             792     0         5101   
       hal_Timer.obj                1094    0         14     
       hal_Ipc_cm.obj               162     0         0      
    +--+----------------------------+-------+---------+---------+
       Total:                       2048    0         5115   
                                                             
    .\SDK\common\source\
       startup_cm.obj               118     0         320    
       cm.obj                       162     0         0      
    +--+----------------------------+-------+---------+---------+
       Total:                       280     0         320    
                                                             
    .\SDK\driverlib_cm\
       ethernet.obj                 5799    0         1216   
       ipc.obj                      252     136       1088   
       interrupt.obj                480     0         0      
       sysctl.obj                   96      0         0      
       platform_port.obj            12      0         0      
    +--+----------------------------+-------+---------+---------+
       Total:                       6639    136       2304   
                                                             
    C:\ti\ti-cgt-arm_20.2.7.LTS\lib\rtsv7M4_T_le_eabi.lib
       fs_add_t2.asm.obj            250     0         0      
       memcpy_t2.asm.obj            156     0         0      
       fs_mul_t2.asm.obj            122     0         0      
       memset_t2.asm.obj            122     0         0      
       copy_decompress_lzss.c.obj   104     0         0      
       autoinit.c.obj               68      0         0      
       fs_toi_t2.asm.obj            56      0         0      
       boot_cortex_m.c.obj          36      0         0      
       copy_decompress_none.c.obj   14      0         0      
       copy_zero_init.c.obj         12      0         0      
       exit.c.obj                   4       0         0      
       pre_init.c.obj               4       0         0      
    +--+----------------------------+-------+---------+---------+
       Total:                       948     0         0      
                                                             
       Stack:                       0       0         512    
       Linker Generated:            0       107       0      
    +--+----------------------------+-------+---------+---------+
       Grand Total:                 11741   243       8713   


LINKER GENERATED COPY TABLES

__TI_cinit_table @ 1fffe058 records: 3, size/record: 8, table size: 24
	.vtable: load addr=1fffe000, load size=00000023 bytes, run addr=20000c00, run size=00000140 bytes, compression=lzss
	.data: load addr=1fffe023, load size=0000001c bytes, run addr=2000d8c4, run size=000001c7 bytes, compression=lzss
	.bss: load addr=1fffe050, load size=00000008 bytes, run addr=2000c000, run size=000018c2 bytes, compression=zero_init


LINKER GENERATED HANDLER TABLE

__TI_handler_table @ 1fffe040 records: 3, size/record: 4, table size: 12
	index: 0, handler: __TI_decompress_lzss
	index: 1, handler: __TI_decompress_none
	index: 2, handler: __TI_zero_init


GLOBAL SYMBOLS: SORTED ALPHABETICALLY BY Name 

address   name                                      
-------   ----                                      
20002fe9  App_ethGetPacketBuffer                    
20003691  App_ethRxCallback                         
20003859  App_ethTxCallback                         
20001b95  C$$EXIT                                   
20002b09  CM_enableAllPeripherals                   
20003429  CM_init                                   
20003831  Ethernet_HW_descQueueGetCount             
200028f9  Ethernet_addPacketsIntoRxQueue            
20001181  Ethernet_addPacketsIntoTxQueue            
20003779  Ethernet_clearDMAChannelInterrupt         
200034a1  Ethernet_configureEEEClockGatingControl   
20003739  Ethernet_configureMDIO                    
20003801  Ethernet_configurePHYAddress              
20003789  Ethernet_configureRevMIIAddress           
2000d464  Ethernet_descArray                        
2000d200  Ethernet_device_struct                    
20003759  Ethernet_disableTxEEEMode                 
2000d9e8  Ethernet_earlyRxInterruptCount            
2000d9ec  Ethernet_earlyTxInterruptCount            
2000da04  Ethernet_eeeRxLPIEntryCount               
2000da08  Ethernet_eeeRxLPIExitCount                
2000d9fc  Ethernet_eeeTxLPIEntryCount               
2000da00  Ethernet_eeeTxLPIExitCount                
20003749  Ethernet_enableDmaInterrupt               
200034c9  Ethernet_enableMACRxQ                     
200036c1  Ethernet_enableRxDMAReception             
20000d41  Ethernet_genericISR                       
2000d9e4  Ethernet_genericInterruptCount            
2000d9f0  Ethernet_genericRxCompletionInterruptCount
20001a31  Ethernet_getHandle                        
200020f1  Ethernet_getInitConfig                    
20002bf9  Ethernet_getOneStepTransmitTimestampPTP   
200037f1  Ethernet_getPHYMode                       
200036d9  Ethernet_getRxERICount                    
20002391  Ethernet_initInterface                    
200021d9  Ethernet_initRxChannel                    
20003651  Ethernet_isTimestampIntActive             
20003671  Ethernet_isTransmitTimestampStatusSet     
2000da10  Ethernet_magicPktReceivedCount            
200036a9  Ethernet_nextDescAvailable                
2000d9d4  Ethernet_numGetPacketBufferCallback       
2000d9d0  Ethernet_numRxCallback                    
2000d9cc  Ethernet_numTxPktFreeCallback             
200036f1  Ethernet_performPopOnPacketQueue          
200035f1  Ethernet_performPushOnPacketQueue         
2000d9f4  Ethernet_phyLinkStatusChangeInterruptCount
2000da0c  Ethernet_pmtInterruptCount                
20002f39  Ethernet_readPHYRegister                  
20002d41  Ethernet_receiveISR                       
20002459  Ethernet_removePacketsFromRxQueue         
20001b99  Ethernet_removePacketsFromTxQueue         
20003591  Ethernet_resetModule                      
20001879  Ethernet_retrieveRxPacket                 
2000da14  Ethernet_rwakeupPktReceivedCount          
2000da1c  Ethernet_rxChan0BufUnavail                
2000da24  Ethernet_rxChan1BufUnavail                
2000d9e0  Ethernet_rxContextTimeStamp               
2000d9dc  Ethernet_rxInterruptCount                 
2000d9f8  Ethernet_rxReplacementFailedCount         
20001ff9  Ethernet_sendPacket                       
20003809  Ethernet_setDMAMode                       
20003611  Ethernet_setMACAddr                       
20003811  Ethernet_setMACConfiguration              
20003819  Ethernet_setMACPacketFilter               
20003799  Ethernet_setMTLOpmode                     
20000be9  Ethernet_setMTLRxQueueOpMode              
20003631  Ethernet_setMTLTxQueueOpMode              
20003709  Ethernet_setRxDescRingLength              
20003721  Ethernet_setTxDescRingLength              
20002e79  Ethernet_submitRxPacket                   
20002da9  Ethernet_transmitISR                      
2000da18  Ethernet_txChan0BufUnavail                
2000da20  Ethernet_txChan1BufUnavail                
2000d9d8  Ethernet_txInterruptCount                 
20002b81  Ethernet_writePHYRegister                 
20002e11  Ethernet_writeRxDMAControl                
200037a9  Ethernet_writeRxDescListAddress           
200037b9  Ethernet_writeRxDescTailPointer           
200027c9  Ethernet_writeTxDMAControl                
200037c9  Ethernet_writeTxDescListAddress           
200037d9  Ethernet_writeTxDescTailPointer           
20080000  IPC_CM_To_CPU1_GetBuffer                  
20082000  IPC_CM_To_CPU1_PutBuffer                  
20084000  IPC_CM_To_CPU2_GetBuffer                  
20086000  IPC_CM_To_CPU2_PutBuffer                  
1fffc200  IPC_Instance                              
20003099  IPC_readCommand                           
20003041  IPC_registerInterrupt                     
20002ed9  IPC_sendCommand                           
20001439  Initial_Ethernet                          
200030e9  Initial_IPC                               
20000809  Initial_TIMER                             
200025d1  Interrupt_disable                         
20002681  Interrupt_enable                          
20002989  Interrupt_registerHandler                 
20003841  Platform_disableCoreInterrupt             
200025d1  Platform_disableInterrupt                 
20003849  Platform_enableCoreInterrupt              
20002681  Platform_enableInterrupt                  
20003821  Platform_enablePeripheral                 
20003829  Platform_resetPeripheral                  
200033c9  SysCtl_enablePeripheral                   
200032c1  SysCtl_resetPeripheral                    
1fffc200  __STACK_END                               
00000200  __STACK_SIZE                              
1fffe058  __TI_CINIT_Base                           
1fffe070  __TI_CINIT_Limit                          
1fffe040  __TI_Handler_Table_Base                   
1fffe04c  __TI_Handler_Table_Limit                  
20003135  __TI_auto_init_nobinit_nopinit            
20002cd5  __TI_decompress_lzss                      
20003767  __TI_decompress_none                      
ffffffff  __TI_pprof_out_hndl                       
ffffffff  __TI_prof_data_size                       
ffffffff  __TI_prof_data_start                      
1fffe000  __TI_static_base__                        
200037e5  __TI_zero_init                            
20003287  __aeabi_f2iz                              
20001e09  __aeabi_fadd                              
20002a11  __aeabi_fmul                              
20001e05  __aeabi_fsub                              
20002a8b  __aeabi_memclr                            
20002a8b  __aeabi_memclr4                           
20002a8b  __aeabi_memclr8                           
2000272d  __aeabi_memcpy                            
2000272d  __aeabi_memcpy4                           
2000272d  __aeabi_memcpy8                           
20002a8d  __aeabi_memset                            
20002a8d  __aeabi_memset4                           
20002a8d  __aeabi_memset8                           
ffffffff  __binit__                                 
ffffffff  __c_args__                                
20003851  __error__                                 
UNDEFED   __mpu_init                                
1fffc000  __stack                                   
2000c000  __start___llvm_prf_cnts                   
2000c000  __stop___llvm_prf_cnts                    
200034f1  _c_int00_noargs                           
UNDEFED   _system_post_cinit                        
20001a2d  _system_pre_init                          
20001b95  abort                                     
ffffffff  binit                                     
20001ce1  buildAndSendUdpPacket                     
2000da86  ethActivityTimer                          
200035b1  isr_CpuTimer0                             
200032f9  isr_CpuTimer1                             
20003541  isr_CpuTimer2                             
20000ae1  main                                      
2000272d  memcpy                                    
20002a93  memset                                    
20001659  processReceivedEthernetPacket             
2000da80  pxDataCmToCpu1                            
2000da7c  pxDataCpu1ToCm                            
20002861  sendAckResponse                           
200033f9  sendIpcMessageToCPU1                      
20003569  updateEthernetTask                        
20000c00  vectorTableRAM                            
2000da64  xEthApp                                   
2000d8c4  xEthDriver                                
2000d8b4  xTimer                                    


GLOBAL SYMBOLS: SORTED BY Symbol Address 

address   name                                      
-------   ----                                      
00000200  __STACK_SIZE                              
1fffc000  __stack                                   
1fffc200  IPC_Instance                              
1fffc200  __STACK_END                               
1fffe000  __TI_static_base__                        
1fffe040  __TI_Handler_Table_Base                   
1fffe04c  __TI_Handler_Table_Limit                  
1fffe058  __TI_CINIT_Base                           
1fffe070  __TI_CINIT_Limit                          
20000809  Initial_TIMER                             
20000ae1  main                                      
20000be9  Ethernet_setMTLRxQueueOpMode              
20000c00  vectorTableRAM                            
20000d41  Ethernet_genericISR                       
20001181  Ethernet_addPacketsIntoTxQueue            
20001439  Initial_Ethernet                          
20001659  processReceivedEthernetPacket             
20001879  Ethernet_retrieveRxPacket                 
20001a2d  _system_pre_init                          
20001a31  Ethernet_getHandle                        
20001b95  C$$EXIT                                   
20001b95  abort                                     
20001b99  Ethernet_removePacketsFromTxQueue         
20001ce1  buildAndSendUdpPacket                     
20001e05  __aeabi_fsub                              
20001e09  __aeabi_fadd                              
20001ff9  Ethernet_sendPacket                       
200020f1  Ethernet_getInitConfig                    
200021d9  Ethernet_initRxChannel                    
20002391  Ethernet_initInterface                    
20002459  Ethernet_removePacketsFromRxQueue         
200025d1  Interrupt_disable                         
200025d1  Platform_disableInterrupt                 
20002681  Interrupt_enable                          
20002681  Platform_enableInterrupt                  
2000272d  __aeabi_memcpy                            
2000272d  __aeabi_memcpy4                           
2000272d  __aeabi_memcpy8                           
2000272d  memcpy                                    
200027c9  Ethernet_writeTxDMAControl                
20002861  sendAckResponse                           
200028f9  Ethernet_addPacketsIntoRxQueue            
20002989  Interrupt_registerHandler                 
20002a11  __aeabi_fmul                              
20002a8b  __aeabi_memclr                            
20002a8b  __aeabi_memclr4                           
20002a8b  __aeabi_memclr8                           
20002a8d  __aeabi_memset                            
20002a8d  __aeabi_memset4                           
20002a8d  __aeabi_memset8                           
20002a93  memset                                    
20002b09  CM_enableAllPeripherals                   
20002b81  Ethernet_writePHYRegister                 
20002bf9  Ethernet_getOneStepTransmitTimestampPTP   
20002cd5  __TI_decompress_lzss                      
20002d41  Ethernet_receiveISR                       
20002da9  Ethernet_transmitISR                      
20002e11  Ethernet_writeRxDMAControl                
20002e79  Ethernet_submitRxPacket                   
20002ed9  IPC_sendCommand                           
20002f39  Ethernet_readPHYRegister                  
20002fe9  App_ethGetPacketBuffer                    
20003041  IPC_registerInterrupt                     
20003099  IPC_readCommand                           
200030e9  Initial_IPC                               
20003135  __TI_auto_init_nobinit_nopinit            
20003287  __aeabi_f2iz                              
200032c1  SysCtl_resetPeripheral                    
200032f9  isr_CpuTimer1                             
200033c9  SysCtl_enablePeripheral                   
200033f9  sendIpcMessageToCPU1                      
20003429  CM_init                                   
200034a1  Ethernet_configureEEEClockGatingControl   
200034c9  Ethernet_enableMACRxQ                     
200034f1  _c_int00_noargs                           
20003541  isr_CpuTimer2                             
20003569  updateEthernetTask                        
20003591  Ethernet_resetModule                      
200035b1  isr_CpuTimer0                             
200035f1  Ethernet_performPushOnPacketQueue         
20003611  Ethernet_setMACAddr                       
20003631  Ethernet_setMTLTxQueueOpMode              
20003651  Ethernet_isTimestampIntActive             
20003671  Ethernet_isTransmitTimestampStatusSet     
20003691  App_ethRxCallback                         
200036a9  Ethernet_nextDescAvailable                
200036c1  Ethernet_enableRxDMAReception             
200036d9  Ethernet_getRxERICount                    
200036f1  Ethernet_performPopOnPacketQueue          
20003709  Ethernet_setRxDescRingLength              
20003721  Ethernet_setTxDescRingLength              
20003739  Ethernet_configureMDIO                    
20003749  Ethernet_enableDmaInterrupt               
20003759  Ethernet_disableTxEEEMode                 
20003767  __TI_decompress_none                      
20003779  Ethernet_clearDMAChannelInterrupt         
20003789  Ethernet_configureRevMIIAddress           
20003799  Ethernet_setMTLOpmode                     
200037a9  Ethernet_writeRxDescListAddress           
200037b9  Ethernet_writeRxDescTailPointer           
200037c9  Ethernet_writeTxDescListAddress           
200037d9  Ethernet_writeTxDescTailPointer           
200037e5  __TI_zero_init                            
200037f1  Ethernet_getPHYMode                       
20003801  Ethernet_configurePHYAddress              
20003809  Ethernet_setDMAMode                       
20003811  Ethernet_setMACConfiguration              
20003819  Ethernet_setMACPacketFilter               
20003821  Platform_enablePeripheral                 
20003829  Platform_resetPeripheral                  
20003831  Ethernet_HW_descQueueGetCount             
20003841  Platform_disableCoreInterrupt             
20003849  Platform_enableCoreInterrupt              
20003851  __error__                                 
20003859  App_ethTxCallback                         
2000c000  __start___llvm_prf_cnts                   
2000c000  __stop___llvm_prf_cnts                    
2000d200  Ethernet_device_struct                    
2000d464  Ethernet_descArray                        
2000d8b4  xTimer                                    
2000d8c4  xEthDriver                                
2000d9cc  Ethernet_numTxPktFreeCallback             
2000d9d0  Ethernet_numRxCallback                    
2000d9d4  Ethernet_numGetPacketBufferCallback       
2000d9d8  Ethernet_txInterruptCount                 
2000d9dc  Ethernet_rxInterruptCount                 
2000d9e0  Ethernet_rxContextTimeStamp               
2000d9e4  Ethernet_genericInterruptCount            
2000d9e8  Ethernet_earlyRxInterruptCount            
2000d9ec  Ethernet_earlyTxInterruptCount            
2000d9f0  Ethernet_genericRxCompletionInterruptCount
2000d9f4  Ethernet_phyLinkStatusChangeInterruptCount
2000d9f8  Ethernet_rxReplacementFailedCount         
2000d9fc  Ethernet_eeeTxLPIEntryCount               
2000da00  Ethernet_eeeTxLPIExitCount                
2000da04  Ethernet_eeeRxLPIEntryCount               
2000da08  Ethernet_eeeRxLPIExitCount                
2000da0c  Ethernet_pmtInterruptCount                
2000da10  Ethernet_magicPktReceivedCount            
2000da14  Ethernet_rwakeupPktReceivedCount          
2000da18  Ethernet_txChan0BufUnavail                
2000da1c  Ethernet_rxChan0BufUnavail                
2000da20  Ethernet_txChan1BufUnavail                
2000da24  Ethernet_rxChan1BufUnavail                
2000da64  xEthApp                                   
2000da7c  pxDataCpu1ToCm                            
2000da80  pxDataCmToCpu1                            
2000da86  ethActivityTimer                          
20080000  IPC_CM_To_CPU1_GetBuffer                  
20082000  IPC_CM_To_CPU1_PutBuffer                  
20084000  IPC_CM_To_CPU2_GetBuffer                  
20086000  IPC_CM_To_CPU2_PutBuffer                  
ffffffff  __TI_pprof_out_hndl                       
ffffffff  __TI_prof_data_size                       
ffffffff  __TI_prof_data_start                      
ffffffff  __binit__                                 
ffffffff  __c_args__                                
ffffffff  binit                                     
UNDEFED   __mpu_init                                
UNDEFED   _system_post_cinit                        

[160 symbols]
